2026-02-24 17:03:27,866 [INFO] Starting RL Training
2026-02-24 17:03:27,866 [INFO] Using device: cuda
2026-02-24 17:03:27,879 [INFO] GPU name: NVIDIA GeForce RTX 4080
2026-02-24 17:03:27,880 [INFO] TensorBoard logging enabled (tensorboard/)
2026-02-24 17:03:28,863 [INFO] Resumed training from checkpoint: checkpoints/ppo_ep_00885.pt | episode = 885, global_step = 763703
2026-02-24 17:03:33,358 [INFO] Step 0: reward=-0.213, dist=2.14
2026-02-24 17:03:39,982 [INFO] Step 200: reward=-0.160, dist=2.62
2026-02-24 17:03:45,882 [INFO] Episode 885 COMPLETE | Reward 176.51 | Steps 371 | Terminated True | Truncated False
2026-02-24 17:03:45,914 [INFO] Checkpoint saved: checkpoints/ppo_ep_00885.pt
2026-02-24 17:03:45,933 [INFO] New BEST model saved! Reward = 176.51 (episode 885)
2026-02-24 17:03:47,977 [INFO] Step 0: reward=-0.305, dist=2.81
2026-02-24 17:03:51,770 [INFO] Step 200: reward=-0.338, dist=3.82
2026-02-24 17:04:00,130 [INFO] Step 400: reward=5.621, dist=2.97
2026-02-24 17:04:04,838 [INFO] Episode 886 COMPLETE | Reward 504.36 | Steps 584 | Terminated True | Truncated False
2026-02-24 17:04:04,874 [INFO] New BEST model saved! Reward = 504.36 (episode 886)
2026-02-24 17:04:30,152 [INFO] Step 0: reward=-100.000, dist=3588.81
2026-02-24 17:04:30,153 [INFO] Episode 887 COMPLETE | Reward -100.00 | Steps 1 | Terminated False | Truncated True
2026-02-24 17:04:33,258 [INFO] Step 0: reward=-0.218, dist=2.73
2026-02-24 17:04:40,093 [INFO] Step 200: reward=-2.327, dist=3.75
2026-02-24 17:04:45,246 [INFO] Step 400: reward=-1.907, dist=4.74
2026-02-24 17:04:52,631 [INFO] Step 600: reward=6.015, dist=3.49
2026-02-24 17:04:58,154 [INFO] Step 800: reward=0.730, dist=1.13
2026-02-24 17:04:58,551 [INFO] Episode 888 COMPLETE | Reward 1057.94 | Steps 831 | Terminated True | Truncated False
2026-02-24 17:04:58,587 [INFO] New BEST model saved! Reward = 1057.94 (episode 888)
2026-02-24 17:05:01,683 [INFO] Step 0: reward=-0.205, dist=3.95
2026-02-24 17:05:07,728 [INFO] Step 200: reward=-0.202, dist=5.76
2026-02-24 17:05:14,919 [INFO] Step 400: reward=-4.339, dist=5.40
2026-02-24 17:05:16,699 [INFO] Performing PPO update at global step 765952
2026-02-24 17:05:17,337 [INFO] PPO losses — policy: 0.0053, value: 1302.6994, entropy: 4.2242
2026-02-24 17:05:17,342 [INFO] PPO update completed. Buffer cleared.
2026-02-24 17:05:21,778 [INFO] Step 600: reward=0.598, dist=3.46
2026-02-24 17:05:27,013 [INFO] Step 800: reward=5.775, dist=1.33
2026-02-24 17:05:27,836 [INFO] Episode 889 COMPLETE | Reward 1164.33 | Steps 844 | Terminated True | Truncated False
2026-02-24 17:05:27,871 [INFO] New BEST model saved! Reward = 1164.33 (episode 889)
2026-02-24 17:05:31,071 [INFO] Step 0: reward=-0.214, dist=3.80
2026-02-24 17:05:37,146 [INFO] Step 200: reward=-0.251, dist=3.90
2026-02-24 17:05:44,142 [INFO] Episode 890 COMPLETE | Reward 722.60 | Steps 364 | Terminated True | Truncated False
2026-02-24 17:05:44,160 [INFO] Checkpoint saved: checkpoints/ppo_ep_00890.pt
2026-02-24 17:05:48,141 [INFO] Step 0: reward=-0.205, dist=3.46
2026-02-24 17:05:54,305 [INFO] Episode 891 COMPLETE | Reward 600.42 | Steps 142 | Terminated True | Truncated False
2026-02-24 17:06:05,852 [INFO] Step 0: reward=0.076, dist=4.24
2026-02-24 17:06:11,581 [INFO] Step 200: reward=-0.191, dist=2.63
2026-02-24 17:06:16,243 [INFO] Step 400: reward=-2.206, dist=2.89
2026-02-24 17:06:21,761 [INFO] Step 600: reward=-1.194, dist=4.41
2026-02-24 17:06:27,846 [INFO] Step 800: reward=0.208, dist=4.27
2026-02-24 17:06:33,204 [INFO] Episode 892 COMPLETE | Reward -898.08 | Steps 1000 | Terminated False | Truncated True
2026-02-24 17:06:36,212 [INFO] Step 0: reward=-0.215, dist=3.16
2026-02-24 17:06:41,659 [INFO] Performing PPO update at global step 768000
2026-02-24 17:06:41,937 [INFO] PPO losses — policy: 0.0092, value: 1385.6475, entropy: 4.2242
2026-02-24 17:06:41,943 [INFO] PPO update completed. Buffer cleared.
2026-02-24 17:06:43,388 [INFO] Step 200: reward=5.764, dist=1.60
2026-02-24 17:06:44,928 [INFO] Episode 893 COMPLETE | Reward 556.85 | Steps 272 | Terminated True | Truncated False
2026-02-24 17:06:48,050 [INFO] Step 0: reward=-0.305, dist=3.46
2026-02-24 17:06:54,939 [INFO] Step 200: reward=-1.840, dist=3.63
2026-02-24 17:06:59,524 [INFO] Step 400: reward=6.293, dist=2.47
2026-02-24 17:07:03,169 [INFO] Episode 894 COMPLETE | Reward 1107.41 | Steps 586 | Terminated True | Truncated False
2026-02-24 17:07:06,202 [INFO] Step 0: reward=-0.205, dist=3.51
2026-02-24 17:07:12,185 [INFO] Step 200: reward=-0.214, dist=4.97
2026-02-24 17:07:18,682 [INFO] Step 400: reward=0.209, dist=4.81
2026-02-24 17:07:26,583 [INFO] Step 600: reward=5.787, dist=1.67
2026-02-24 17:07:28,040 [INFO] Episode 895 COMPLETE | Reward 1038.34 | Steps 636 | Terminated True | Truncated False
2026-02-24 17:07:28,063 [INFO] Checkpoint saved: checkpoints/ppo_ep_00895.pt
2026-02-24 17:07:32,245 [INFO] Step 0: reward=-1.983, dist=3.53
2026-02-24 17:07:38,954 [INFO] Episode 896 COMPLETE | Reward 684.08 | Steps 196 | Terminated True | Truncated False
2026-02-24 17:07:43,376 [INFO] Step 0: reward=-0.205, dist=3.60
2026-02-24 17:07:49,211 [INFO] Step 200: reward=-0.205, dist=4.00
2026-02-24 17:07:56,395 [INFO] Step 400: reward=6.300, dist=1.71
2026-02-24 17:07:58,186 [INFO] Episode 897 COMPLETE | Reward 620.70 | Steps 462 | Terminated True | Truncated False
2026-02-24 17:08:01,335 [INFO] Step 0: reward=-0.205, dist=3.42
2026-02-24 17:08:01,531 [INFO] Policy action (normalized): v = +1.000, w = +0.998 | Cmd_vel (scaled): v = +1.000 m/s, w = +0.998 rad/s
2026-02-24 17:08:03,648 [INFO] Performing PPO update at global step 770048
2026-02-24 17:08:03,924 [INFO] PPO losses — policy: 0.0950, value: 1706.6426, entropy: 4.2242
2026-02-24 17:08:03,929 [INFO] PPO update completed. Buffer cleared.
2026-02-24 17:08:09,416 [INFO] Step 200: reward=6.111, dist=1.77
2026-02-24 17:08:11,157 [INFO] Episode 898 COMPLETE | Reward 455.47 | Steps 230 | Terminated True | Truncated False
2026-02-24 17:08:14,124 [INFO] Step 0: reward=-0.205, dist=2.65
2026-02-24 17:08:20,646 [INFO] Step 200: reward=-1.887, dist=3.87
2026-02-24 17:08:26,623 [INFO] Step 400: reward=-0.323, dist=4.33
2026-02-24 17:08:33,745 [INFO] Step 600: reward=0.093, dist=4.19
2026-02-24 17:08:39,603 [INFO] Step 800: reward=6.287, dist=2.60
2026-02-24 17:08:43,349 [INFO] Episode 899 COMPLETE | Reward 476.58 | Steps 932 | Terminated True | Truncated False
2026-02-24 17:08:47,397 [INFO] Step 0: reward=-0.213, dist=2.67
2026-02-24 17:08:54,606 [INFO] Step 200: reward=-0.369, dist=3.75
2026-02-24 17:09:00,702 [INFO] Step 400: reward=-1.905, dist=4.32
2026-02-24 17:09:08,205 [INFO] Step 600: reward=-2.878, dist=3.72
2026-02-24 17:09:16,166 [INFO] Step 800: reward=0.726, dist=1.14
2026-02-24 17:09:16,506 [INFO] Episode 900 COMPLETE | Reward 481.20 | Steps 810 | Terminated True | Truncated False
2026-02-24 17:09:16,527 [INFO] Checkpoint saved: checkpoints/ppo_ep_00900.pt
2026-02-24 17:09:19,731 [INFO] Step 0: reward=-1.630, dist=3.52
2026-02-24 17:09:25,288 [INFO] Performing PPO update at global step 772096
2026-02-24 17:09:25,558 [INFO] PPO losses — policy: 0.2346, value: 1209.7258, entropy: 4.2242
2026-02-24 17:09:25,562 [INFO] PPO update completed. Buffer cleared.
2026-02-24 17:09:27,747 [INFO] Step 200: reward=0.570, dist=2.50
2026-02-24 17:09:31,596 [INFO] Episode 901 COMPLETE | Reward 577.90 | Steps 370 | Terminated True | Truncated False
2026-02-24 17:09:34,844 [INFO] Step 0: reward=-1.292, dist=3.47
2026-02-24 17:09:40,315 [INFO] Step 200: reward=-2.205, dist=3.25
2026-02-24 17:09:45,533 [INFO] Step 400: reward=-1.588, dist=2.96
2026-02-24 17:09:50,877 [INFO] Episode 902 COMPLETE | Reward -61.66 | Steps 550 | Terminated True | Truncated False
2026-02-24 17:09:54,957 [INFO] Step 0: reward=-0.209, dist=2.24
2026-02-24 17:10:01,247 [INFO] Step 200: reward=-2.305, dist=3.35
2026-02-24 17:10:06,368 [INFO] Step 400: reward=-2.206, dist=3.63
2026-02-24 17:10:13,405 [INFO] Step 600: reward=-0.137, dist=3.15
2026-02-24 17:10:20,028 [INFO] Episode 903 COMPLETE | Reward -298.26 | Steps 785 | Terminated True | Truncated False
2026-02-24 17:10:24,327 [INFO] Step 0: reward=-0.262, dist=3.17
2026-02-24 17:10:29,677 [INFO] Episode 904 COMPLETE | Reward 707.30 | Steps 142 | Terminated True | Truncated False
2026-02-24 17:10:33,503 [INFO] Step 0: reward=-0.206, dist=3.51
2026-02-24 17:10:40,928 [INFO] Episode 905 COMPLETE | Reward 449.27 | Steps 188 | Terminated True | Truncated False
2026-02-24 17:10:40,950 [INFO] Checkpoint saved: checkpoints/ppo_ep_00905.pt
2026-02-24 17:10:43,749 [INFO] Step 0: reward=-0.206, dist=2.05
2026-02-24 17:10:48,679 [INFO] Performing PPO update at global step 774144
2026-02-24 17:10:48,967 [INFO] PPO losses — policy: 0.0174, value: 1579.4259, entropy: 4.2242
2026-02-24 17:10:48,972 [INFO] PPO update completed. Buffer cleared.
2026-02-24 17:10:50,703 [INFO] Step 200: reward=-0.254, dist=3.26
2026-02-24 17:10:56,202 [INFO] Step 400: reward=-0.254, dist=3.24
2026-02-24 17:11:00,654 [INFO] Step 600: reward=0.448, dist=2.62
2026-02-24 17:11:04,912 [INFO] Episode 906 COMPLETE | Reward -267.99 | Steps 709 | Terminated True | Truncated False
2026-02-24 17:11:09,088 [INFO] Step 0: reward=-0.217, dist=3.46
2026-02-24 17:11:16,686 [INFO] Step 200: reward=-0.530, dist=4.18
2026-02-24 17:11:22,430 [INFO] Step 400: reward=0.095, dist=5.03
2026-02-24 17:11:29,824 [INFO] Step 600: reward=0.161, dist=5.20
2026-02-24 17:11:35,885 [INFO] Step 800: reward=5.851, dist=3.97
2026-02-24 17:11:42,733 [INFO] Episode 907 COMPLETE | Reward 362.23 | Steps 1000 | Terminated False | Truncated True
2026-02-24 17:11:46,062 [INFO] Step 0: reward=-0.205, dist=2.99
2026-02-24 17:11:53,227 [INFO] Step 200: reward=6.307, dist=1.96
2026-02-24 17:11:55,497 [INFO] Episode 908 COMPLETE | Reward 303.85 | Steps 273 | Terminated True | Truncated False
2026-02-24 17:12:00,343 [INFO] Step 0: reward=-1.777, dist=2.95
2026-02-24 17:12:08,026 [INFO] Step 200: reward=-1.726, dist=2.23
2026-02-24 17:12:08,109 [INFO] Performing PPO update at global step 776192
2026-02-24 17:12:08,394 [INFO] PPO losses — policy: -0.0038, value: 1260.4323, entropy: 4.2242
2026-02-24 17:12:08,398 [INFO] PPO update completed. Buffer cleared.
2026-02-24 17:12:11,909 [INFO] Episode 909 COMPLETE | Reward 71.62 | Steps 312 | Terminated True | Truncated False
2026-02-24 17:12:15,457 [INFO] Step 0: reward=-0.219, dist=2.38
2026-02-24 17:12:21,916 [INFO] Step 200: reward=0.612, dist=1.49
2026-02-24 17:12:23,174 [INFO] Episode 910 COMPLETE | Reward 185.95 | Steps 235 | Terminated True | Truncated False
2026-02-24 17:12:23,195 [INFO] Checkpoint saved: checkpoints/ppo_ep_00910.pt
2026-02-24 17:12:27,276 [INFO] Step 0: reward=-0.205, dist=3.86
2026-02-24 17:12:33,554 [INFO] Step 200: reward=5.958, dist=1.77
2026-02-24 17:12:35,365 [INFO] Episode 911 COMPLETE | Reward 970.99 | Steps 252 | Terminated True | Truncated False
2026-02-24 17:12:39,501 [INFO] Step 0: reward=-0.206, dist=2.85
2026-02-24 17:12:46,267 [INFO] Step 200: reward=-0.020, dist=4.48
2026-02-24 17:12:53,340 [INFO] Step 400: reward=0.259, dist=4.34
2026-02-24 17:12:58,569 [INFO] Step 600: reward=6.157, dist=2.79
2026-02-24 17:13:02,781 [INFO] Episode 912 COMPLETE | Reward 865.12 | Steps 739 | Terminated True | Truncated False
2026-02-24 17:13:06,278 [INFO] Step 0: reward=0.095, dist=20.59
2026-02-24 17:13:11,532 [INFO] Step 200: reward=-1.265, dist=58.80
2026-02-24 17:13:16,039 [INFO] Step 400: reward=-3.698, dist=62.05
2026-02-24 17:13:22,986 [INFO] Step 600: reward=-1.904, dist=62.01
2026-02-24 17:13:27,991 [INFO] Performing PPO update at global step 778240
2026-02-24 17:13:28,267 [INFO] PPO losses — policy: 0.0057, value: 1144.9694, entropy: 4.2242
2026-02-24 17:13:28,271 [INFO] PPO update completed. Buffer cleared.
2026-02-24 17:13:31,337 [INFO] Step 800: reward=-1.910, dist=62.00
2026-02-24 17:13:36,753 [INFO] Episode 913 COMPLETE | Reward -2068.55 | Steps 1000 | Terminated False | Truncated True
2026-02-24 17:13:39,360 [INFO] Step 0: reward=0.095, dist=4.05
2026-02-24 17:13:44,484 [INFO] Step 200: reward=-0.205, dist=3.80
2026-02-24 17:13:49,070 [INFO] Step 400: reward=-0.133, dist=2.74
2026-02-24 17:13:54,363 [INFO] Step 600: reward=-2.320, dist=2.24
2026-02-24 17:14:00,631 [INFO] Step 800: reward=-0.245, dist=3.79
2026-02-24 17:14:06,450 [INFO] Episode 914 COMPLETE | Reward -991.69 | Steps 1000 | Terminated False | Truncated True
2026-02-24 17:14:09,180 [INFO] Step 0: reward=-0.305, dist=3.85
2026-02-24 17:14:17,256 [INFO] Step 200: reward=-0.250, dist=3.82
2026-02-24 17:14:24,768 [INFO] Step 400: reward=0.095, dist=4.96
2026-02-24 17:14:26,700 [INFO] Policy action (normalized): v = +0.998, w = +0.998 | Cmd_vel (scaled): v = +0.998 m/s, w = +0.998 rad/s
2026-02-24 17:14:30,049 [INFO] Step 600: reward=-1.907, dist=4.34
2026-02-24 17:14:34,976 [INFO] Performing PPO update at global step 780288
2026-02-24 17:14:35,247 [INFO] PPO losses — policy: 0.0577, value: 228.8822, entropy: 4.2242
2026-02-24 17:14:35,252 [INFO] PPO update completed. Buffer cleared.
2026-02-24 17:14:36,773 [INFO] Step 800: reward=-0.171, dist=3.55
2026-02-24 17:14:42,924 [INFO] Episode 915 COMPLETE | Reward -1038.69 | Steps 1000 | Terminated False | Truncated True
2026-02-24 17:14:42,950 [INFO] Checkpoint saved: checkpoints/ppo_ep_00915.pt
2026-02-24 17:15:08,226 [INFO] Step 0: reward=-100.000, dist=1500.91
2026-02-24 17:15:08,227 [INFO] Episode 916 COMPLETE | Reward -100.00 | Steps 1 | Terminated False | Truncated True
2026-02-24 17:15:12,265 [INFO] Step 0: reward=-0.223, dist=2.02
2026-02-24 17:15:17,685 [INFO] Step 200: reward=-0.406, dist=1.82
2026-02-24 17:15:23,940 [INFO] Step 400: reward=-2.212, dist=3.48
2026-02-24 17:15:29,388 [INFO] Step 600: reward=-1.809, dist=3.36
2026-02-24 17:15:38,405 [INFO] Step 800: reward=-0.357, dist=1.74
2026-02-24 17:15:44,515 [INFO] Episode 917 COMPLETE | Reward -896.28 | Steps 1000 | Terminated False | Truncated True
2026-02-24 17:15:48,685 [INFO] Step 0: reward=-0.206, dist=3.13
2026-02-24 17:15:56,116 [INFO] Step 200: reward=-0.208, dist=3.86
2026-02-24 17:16:03,702 [INFO] Step 400: reward=-0.205, dist=3.12
2026-02-24 17:16:10,482 [INFO] Step 600: reward=-0.244, dist=2.62
2026-02-24 17:16:17,582 [INFO] Step 800: reward=-0.497, dist=3.42
2026-02-24 17:16:17,689 [INFO] Performing PPO update at global step 782336
2026-02-24 17:16:17,996 [INFO] PPO losses — policy: 0.0001, value: 194.7406, entropy: 4.2242
2026-02-24 17:16:18,002 [INFO] PPO update completed. Buffer cleared.
2026-02-24 17:16:26,763 [INFO] Episode 918 COMPLETE | Reward -1153.94 | Steps 1000 | Terminated False | Truncated True
2026-02-24 17:16:30,276 [INFO] Step 0: reward=-0.206, dist=3.21
2026-02-24 17:16:38,840 [INFO] Step 200: reward=-0.206, dist=2.33
2026-02-24 17:16:45,896 [INFO] Step 400: reward=-0.260, dist=3.48
2026-02-24 17:16:54,463 [INFO] Step 600: reward=-0.124, dist=3.01
2026-02-24 17:16:59,729 [INFO] Step 800: reward=-2.225, dist=2.40
2026-02-24 17:17:07,628 [INFO] Episode 919 COMPLETE | Reward -1048.80 | Steps 1000 | Terminated False | Truncated True
2026-02-24 17:17:11,773 [INFO] Step 0: reward=-0.205, dist=2.86
2026-02-24 17:17:19,791 [INFO] Step 200: reward=-2.207, dist=1.99
2026-02-24 17:17:26,423 [INFO] Step 400: reward=-0.316, dist=3.11
2026-02-24 17:17:33,886 [INFO] Step 600: reward=-2.155, dist=2.84
2026-02-24 17:17:40,281 [INFO] Step 800: reward=-2.206, dist=1.94
2026-02-24 17:17:42,162 [INFO] Performing PPO update at global step 784384
2026-02-24 17:17:42,451 [INFO] PPO losses — policy: 0.0421, value: 183.8197, entropy: 4.2242
2026-02-24 17:17:42,458 [INFO] PPO update completed. Buffer cleared.
2026-02-24 17:17:45,510 [INFO] Episode 920 COMPLETE | Reward -1077.43 | Steps 1000 | Terminated False | Truncated True
2026-02-24 17:17:45,535 [INFO] Checkpoint saved: checkpoints/ppo_ep_00920.pt
2026-02-24 17:17:57,237 [INFO] Step 0: reward=0.095, dist=4.46
2026-02-24 17:18:03,391 [INFO] Step 200: reward=-2.212, dist=3.65
2026-02-24 17:18:09,727 [INFO] Step 400: reward=-0.610, dist=3.56
2026-02-24 17:18:17,216 [INFO] Step 600: reward=-1.905, dist=4.54
2026-02-24 17:18:23,889 [INFO] Step 800: reward=-2.174, dist=1.92
2026-02-24 17:18:31,466 [INFO] Episode 921 COMPLETE | Reward -1056.49 | Steps 1000 | Terminated False | Truncated True
2026-02-24 17:18:35,846 [INFO] Step 0: reward=0.095, dist=4.03
2026-02-24 17:18:40,598 [INFO] Step 200: reward=-0.421, dist=3.69
2026-02-24 17:18:47,520 [INFO] Step 400: reward=-1.929, dist=4.80
2026-02-24 17:18:52,781 [INFO] Step 600: reward=0.163, dist=4.77
2026-02-24 17:18:59,406 [INFO] Step 800: reward=-2.222, dist=3.64
2026-02-24 17:19:02,634 [INFO] Performing PPO update at global step 786432
2026-02-24 17:19:02,937 [INFO] PPO losses — policy: 0.0259, value: 169.5118, entropy: 4.2242
2026-02-24 17:19:02,942 [INFO] PPO update completed. Buffer cleared.
2026-02-24 17:19:05,943 [INFO] Episode 922 COMPLETE | Reward -1037.99 | Steps 1000 | Terminated False | Truncated True
2026-02-24 17:19:09,565 [INFO] Step 0: reward=-0.205, dist=3.03
2026-02-24 17:19:14,912 [INFO] Step 200: reward=-2.205, dist=2.65
2026-02-24 17:19:22,882 [INFO] Step 400: reward=-0.339, dist=1.83
2026-02-24 17:19:29,792 [INFO] Step 600: reward=-2.250, dist=2.70
2026-02-24 17:19:38,029 [INFO] Step 800: reward=-0.104, dist=2.41
2026-02-24 17:19:43,211 [INFO] Episode 923 COMPLETE | Reward -1088.50 | Steps 1000 | Terminated False | Truncated True
2026-02-24 17:19:48,350 [INFO] Step 0: reward=-0.205, dist=3.09
2026-02-24 17:19:53,447 [INFO] Step 200: reward=-2.206, dist=3.65
2026-02-24 17:20:00,379 [INFO] Step 400: reward=-0.225, dist=2.76
2026-02-24 17:20:07,697 [INFO] Step 600: reward=-0.205, dist=2.83
2026-02-24 17:20:11,785 [INFO] Step 800: reward=-3.846, dist=3.38
2026-02-24 17:20:17,420 [INFO] Performing PPO update at global step 788480
2026-02-24 17:20:17,712 [INFO] PPO losses — policy: 0.0159, value: 211.7233, entropy: 4.2242
2026-02-24 17:20:17,718 [INFO] PPO update completed. Buffer cleared.
2026-02-24 17:20:18,417 [INFO] Episode 924 COMPLETE | Reward -1165.51 | Steps 1000 | Terminated False | Truncated True
2026-02-24 17:20:21,330 [INFO] Step 0: reward=-0.207, dist=2.64
2026-02-24 17:20:27,662 [INFO] Step 200: reward=-2.217, dist=3.09
2026-02-24 17:20:35,823 [INFO] Step 400: reward=-0.214, dist=2.28
2026-02-24 17:20:42,063 [INFO] Step 600: reward=-0.463, dist=2.17
2026-02-24 17:20:48,685 [INFO] Step 800: reward=-4.204, dist=3.00
2026-02-24 17:20:56,469 [INFO] Episode 925 COMPLETE | Reward -1085.80 | Steps 1000 | Terminated False | Truncated True
2026-02-24 17:20:56,490 [INFO] Checkpoint saved: checkpoints/ppo_ep_00925.pt
2026-02-24 17:21:00,748 [INFO] Step 0: reward=0.086, dist=4.04
2026-02-24 17:21:06,477 [INFO] Step 200: reward=-0.155, dist=3.12
2026-02-24 17:21:13,769 [INFO] Step 400: reward=-0.305, dist=2.93
2026-02-24 17:21:16,632 [INFO] Policy action (normalized): v = -0.287, w = -0.843 | Cmd_vel (scaled): v = -0.287 m/s, w = -0.843 rad/s
2026-02-24 17:21:18,953 [INFO] Step 600: reward=-2.290, dist=3.85
2026-02-24 17:21:24,971 [INFO] Step 800: reward=-2.217, dist=3.96
2026-02-24 17:21:31,307 [INFO] Episode 926 COMPLETE | Reward -1070.20 | Steps 1000 | Terminated False | Truncated True
2026-02-24 17:21:34,506 [INFO] Step 0: reward=-0.258, dist=2.65
2026-02-24 17:21:34,846 [INFO] Performing PPO update at global step 790528
2026-02-24 17:21:35,127 [INFO] PPO losses — policy: 0.0186, value: 226.1433, entropy: 4.2242
2026-02-24 17:21:35,131 [INFO] PPO update completed. Buffer cleared.
2026-02-24 17:21:39,490 [INFO] Step 200: reward=-2.235, dist=3.09
2026-02-24 17:21:46,314 [INFO] Step 400: reward=-2.230, dist=2.48
2026-02-24 17:21:52,792 [INFO] Step 600: reward=-0.290, dist=1.95
2026-02-24 17:22:01,066 [INFO] Step 800: reward=-0.228, dist=3.03
2026-02-24 17:22:06,646 [INFO] Episode 927 COMPLETE | Reward -1164.94 | Steps 1000 | Terminated False | Truncated True
2026-02-24 17:22:09,389 [INFO] Step 0: reward=-0.207, dist=2.30
2026-02-24 17:22:15,468 [INFO] Step 200: reward=-2.207, dist=1.87
2026-02-24 17:22:21,680 [INFO] Step 400: reward=-0.364, dist=1.61
2026-02-24 17:22:28,913 [INFO] Step 600: reward=-0.206, dist=2.73
2026-02-24 17:22:36,068 [INFO] Step 800: reward=-0.168, dist=2.12
2026-02-24 17:22:40,554 [INFO] Episode 928 COMPLETE | Reward -1219.59 | Steps 1000 | Terminated False | Truncated True
2026-02-24 17:22:45,363 [INFO] Step 0: reward=-1.696, dist=3.33
2026-02-24 17:22:48,237 [INFO] Performing PPO update at global step 792576
2026-02-24 17:22:48,506 [INFO] PPO losses — policy: 0.0237, value: 234.7801, entropy: 4.2242
2026-02-24 17:22:48,511 [INFO] PPO update completed. Buffer cleared.
2026-02-24 17:22:51,936 [INFO] Step 200: reward=-2.132, dist=2.26
2026-02-24 17:22:57,421 [INFO] Step 400: reward=-2.276, dist=2.43
2026-02-24 17:23:04,021 [INFO] Step 600: reward=-2.205, dist=3.30
2026-02-24 17:23:11,052 [INFO] Step 800: reward=-2.175, dist=2.29
2026-02-24 17:23:16,123 [INFO] Episode 929 COMPLETE | Reward -1033.04 | Steps 1000 | Terminated False | Truncated True
2026-02-24 17:23:18,228 [INFO] Step 0: reward=-0.205, dist=2.31
2026-02-24 17:23:26,033 [INFO] Step 200: reward=-0.347, dist=1.75
2026-02-24 17:23:30,428 [INFO] Step 400: reward=-0.555, dist=2.53
2026-02-24 17:23:36,473 [INFO] Step 600: reward=-0.239, dist=2.42
2026-02-24 17:23:43,190 [INFO] Step 800: reward=-0.305, dist=1.56
2026-02-24 17:23:49,082 [INFO] Episode 930 COMPLETE | Reward -865.52 | Steps 1000 | Terminated False | Truncated True
2026-02-24 17:23:49,103 [INFO] Checkpoint saved: checkpoints/ppo_ep_00930.pt
2026-02-24 17:23:51,224 [INFO] Step 0: reward=-0.212, dist=3.91
2026-02-24 17:23:54,723 [INFO] Performing PPO update at global step 794624
2026-02-24 17:23:55,026 [INFO] PPO losses — policy: 0.0299, value: 157.1104, entropy: 4.2242
2026-02-24 17:23:55,034 [INFO] PPO update completed. Buffer cleared.
2026-02-24 17:23:57,919 [INFO] Step 200: reward=-2.314, dist=3.66
2026-02-24 17:24:03,406 [INFO] Step 400: reward=-1.949, dist=4.54
2026-02-24 17:24:09,652 [INFO] Step 600: reward=0.160, dist=4.35
2026-02-24 17:24:15,144 [INFO] Step 800: reward=-0.211, dist=3.44
2026-02-24 17:24:19,907 [INFO] Episode 931 COMPLETE | Reward -1094.70 | Steps 1000 | Terminated False | Truncated True
2026-02-24 17:24:31,721 [INFO] Step 0: reward=0.095, dist=4.49
2026-02-24 17:24:37,980 [INFO] Step 200: reward=-2.207, dist=3.63
2026-02-24 17:24:43,699 [INFO] Step 400: reward=-2.205, dist=3.45
2026-02-24 17:24:49,960 [INFO] Step 600: reward=-0.039, dist=4.43
2026-02-24 17:24:58,015 [INFO] Step 800: reward=-0.226, dist=2.84
2026-02-24 17:25:05,375 [INFO] Episode 932 COMPLETE | Reward -991.12 | Steps 1000 | Terminated False | Truncated True
2026-02-24 17:25:09,550 [INFO] Step 0: reward=-0.206, dist=2.15
2026-02-24 17:25:15,006 [INFO] Performing PPO update at global step 796672
2026-02-24 17:25:15,287 [INFO] PPO losses — policy: 0.0050, value: 216.2226, entropy: 4.2242
2026-02-24 17:25:15,291 [INFO] PPO update completed. Buffer cleared.
2026-02-24 17:25:17,147 [INFO] Step 200: reward=-0.127, dist=1.71
2026-02-24 17:25:21,820 [INFO] Step 400: reward=-2.205, dist=1.06
2026-02-24 17:25:27,914 [INFO] Step 600: reward=-0.537, dist=1.46
2026-02-24 17:25:34,459 [INFO] Step 800: reward=-0.228, dist=2.28
2026-02-24 17:25:40,863 [INFO] Episode 933 COMPLETE | Reward -1055.27 | Steps 1000 | Terminated False | Truncated True
2026-02-24 17:25:45,317 [INFO] Step 0: reward=-0.005, dist=4.26
