2026-03-02 14:34:18,135 [INFO] Starting RL Training
2026-03-02 14:34:18,135 [INFO] Using device: cuda
2026-03-02 14:34:18,147 [INFO] GPU name: NVIDIA GeForce RTX 4080
2026-03-02 14:34:18,148 [INFO] TensorBoard logging enabled (tensorboard/)
2026-03-02 14:34:18,834 [INFO] Resumed training from checkpoint: checkpoints/ppo_ep_02050.pt | episode = 2050, global_step = 1646329
2026-03-02 14:34:21,730 [INFO] Step 0: reward=-1.851, dist=3.93
2026-03-02 14:34:27,630 [INFO] Step 200: reward=-2.286, dist=3.33
2026-03-02 14:34:33,864 [INFO] Step 400: reward=-1.982, dist=5.17
2026-03-02 14:34:40,228 [INFO] Step 600: reward=0.059, dist=7.06
2026-03-02 14:34:46,184 [INFO] Step 800: reward=-0.134, dist=8.46
2026-03-02 14:34:51,768 [INFO] Episode 2050 COMPLETE | Reward -565.23 | Steps 1000 | Terminated False | Truncated True
2026-03-02 14:34:51,807 [INFO] Checkpoint saved: checkpoints/ppo_ep_02050.pt
2026-03-02 14:34:55,971 [INFO] Step 0: reward=-0.205, dist=2.25
2026-03-02 14:35:04,060 [INFO] Step 200: reward=-0.223, dist=2.54
2026-03-02 14:35:08,935 [INFO] Step 400: reward=-1.358, dist=2.90
2026-03-02 14:35:14,864 [INFO] Step 600: reward=-0.249, dist=3.17
2026-03-02 14:35:20,478 [INFO] Step 800: reward=-0.326, dist=3.78
2026-03-02 14:35:25,854 [INFO] Episode 2051 COMPLETE | Reward -800.54 | Steps 1000 | Terminated False | Truncated True
2026-03-02 14:35:30,916 [INFO] Step 0: reward=-0.206, dist=2.60
2026-03-02 14:35:34,471 [INFO] Step 200: reward=-4.242, dist=2.86
2026-03-02 14:35:37,526 [INFO] Performing PPO update at global step 1648640
2026-03-02 14:35:38,037 [INFO] PPO losses — policy: 0.0220, value: 107.9735, entropy: 4.2242
2026-03-02 14:35:38,042 [INFO] PPO update completed. Buffer cleared.
2026-03-02 14:35:40,610 [INFO] Step 400: reward=-0.148, dist=5.02
2026-03-02 14:35:46,336 [INFO] Step 600: reward=-2.315, dist=6.83
2026-03-02 14:35:51,813 [INFO] Step 800: reward=-1.734, dist=8.12
2026-03-02 14:35:57,229 [INFO] Episode 2052 COMPLETE | Reward -814.78 | Steps 1000 | Terminated False | Truncated True
2026-03-02 14:36:00,437 [INFO] Step 0: reward=-0.234, dist=2.69
2026-03-02 14:36:05,014 [INFO] Step 200: reward=-0.377, dist=3.72
2026-03-02 14:36:12,149 [INFO] Step 400: reward=0.080, dist=5.35
2026-03-02 14:36:17,458 [INFO] Step 600: reward=0.076, dist=6.54
2026-03-02 14:36:18,900 [INFO] Policy action (normalized): v = -0.569, w = +0.597 | Cmd_vel (scaled): v = -0.569 m/s, w = +0.597 rad/s
2026-03-02 14:36:22,607 [INFO] Step 800: reward=-0.007, dist=8.04
2026-03-02 14:36:27,352 [INFO] Episode 2053 COMPLETE | Reward -669.25 | Steps 1000 | Terminated False | Truncated True
2026-03-02 14:36:31,449 [INFO] Step 0: reward=-0.223, dist=2.83
2026-03-02 14:36:38,626 [INFO] Step 200: reward=-0.228, dist=5.05
2026-03-02 14:36:42,337 [INFO] Performing PPO update at global step 1650688
2026-03-02 14:36:42,606 [INFO] PPO losses — policy: 0.0836, value: 87.7409, entropy: 4.2242
2026-03-02 14:36:42,611 [INFO] PPO update completed. Buffer cleared.
2026-03-02 14:36:44,398 [INFO] Step 400: reward=-0.957, dist=6.90
2026-03-02 14:36:50,247 [INFO] Step 600: reward=-0.012, dist=8.94
2026-03-02 14:36:58,004 [INFO] Step 800: reward=-1.600, dist=9.81
2026-03-02 14:37:04,639 [INFO] Episode 2054 COMPLETE | Reward -389.57 | Steps 1000 | Terminated False | Truncated True
2026-03-02 14:37:09,666 [INFO] Step 0: reward=-0.211, dist=2.34
2026-03-02 14:37:12,948 [INFO] Episode 2055 COMPLETE | Reward 329.92 | Steps 121 | Terminated True | Truncated False
2026-03-02 14:37:12,973 [INFO] Checkpoint saved: checkpoints/ppo_ep_02055.pt
2026-03-02 14:37:12,998 [INFO] New BEST model saved! Reward = 329.92 (episode 2055)
2026-03-02 14:37:15,876 [INFO] Step 0: reward=-0.216, dist=3.90
2026-03-02 14:37:19,256 [INFO] Step 200: reward=-2.005, dist=4.84
2026-03-02 14:37:24,856 [INFO] Step 400: reward=-0.191, dist=6.60
2026-03-02 14:37:31,144 [INFO] Step 600: reward=-3.595, dist=8.63
2026-03-02 14:37:34,900 [INFO] Step 800: reward=-0.056, dist=9.87
2026-03-02 14:37:39,988 [INFO] Episode 2056 COMPLETE | Reward -729.57 | Steps 1000 | Terminated False | Truncated True
2026-03-02 14:37:44,209 [INFO] Step 0: reward=-0.214, dist=3.48
2026-03-02 14:37:46,774 [INFO] Step 200: reward=-3.989, dist=3.65
2026-03-02 14:37:49,694 [INFO] Performing PPO update at global step 1652736
2026-03-02 14:37:49,965 [INFO] PPO losses — policy: 0.0379, value: 274.1604, entropy: 4.2242
2026-03-02 14:37:49,970 [INFO] PPO update completed. Buffer cleared.
2026-03-02 14:37:53,178 [INFO] Step 400: reward=-0.432, dist=5.27
2026-03-02 14:37:59,203 [INFO] Step 600: reward=0.000, dist=6.89
2026-03-02 14:38:04,571 [INFO] Step 800: reward=-1.954, dist=7.65
2026-03-02 14:38:11,332 [INFO] Episode 2057 COMPLETE | Reward -696.77 | Steps 1000 | Terminated False | Truncated True
2026-03-02 14:38:15,442 [INFO] Step 0: reward=-0.205, dist=2.08
2026-03-02 14:38:20,953 [INFO] Step 200: reward=-2.346, dist=3.92
2026-03-02 14:38:27,478 [INFO] Step 400: reward=0.022, dist=5.44
2026-03-02 14:38:34,041 [INFO] Step 600: reward=0.309, dist=5.49
2026-03-02 14:38:40,552 [INFO] Step 800: reward=-2.176, dist=3.82
2026-03-02 14:38:46,458 [INFO] Episode 2058 COMPLETE | Reward -352.62 | Steps 1000 | Terminated False | Truncated True
2026-03-02 14:38:49,610 [INFO] Step 0: reward=-0.212, dist=3.26
2026-03-02 14:38:57,265 [INFO] Step 200: reward=-0.074, dist=5.45
2026-03-02 14:39:00,436 [INFO] Performing PPO update at global step 1654784
2026-03-02 14:39:00,712 [INFO] PPO losses — policy: -0.0234, value: 611.5956, entropy: 4.2242
2026-03-02 14:39:00,718 [INFO] PPO update completed. Buffer cleared.
2026-03-02 14:39:02,864 [INFO] Step 400: reward=0.061, dist=6.47
2026-03-02 14:39:08,132 [INFO] Step 600: reward=-1.950, dist=5.87
2026-03-02 14:39:16,320 [INFO] Step 800: reward=0.487, dist=2.80
2026-03-02 14:39:20,434 [INFO] Episode 2059 COMPLETE | Reward -77.41 | Steps 925 | Terminated True | Truncated False
2026-03-02 14:39:24,519 [INFO] Step 0: reward=-0.206, dist=3.59
2026-03-02 14:39:30,947 [INFO] Step 200: reward=-1.914, dist=4.60
2026-03-02 14:39:36,788 [INFO] Step 400: reward=-2.208, dist=3.94
2026-03-02 14:39:41,547 [INFO] Step 600: reward=-3.165, dist=2.73
2026-03-02 14:39:46,466 [INFO] Episode 2060 COMPLETE | Reward -161.68 | Steps 736 | Terminated True | Truncated False
2026-03-02 14:39:46,488 [INFO] Checkpoint saved: checkpoints/ppo_ep_02060.pt
2026-03-02 14:39:48,695 [INFO] Step 0: reward=-0.207, dist=3.40
2026-03-02 14:39:53,400 [INFO] Step 200: reward=-0.246, dist=4.98
2026-03-02 14:40:01,669 [INFO] Step 400: reward=0.004, dist=7.20
2026-03-02 14:40:09,797 [INFO] Step 600: reward=0.593, dist=5.78
2026-03-02 14:40:13,683 [INFO] Performing PPO update at global step 1656832
2026-03-02 14:40:13,961 [INFO] PPO losses — policy: 0.0586, value: 844.8501, entropy: 4.2242
2026-03-02 14:40:13,967 [INFO] PPO update completed. Buffer cleared.
2026-03-02 14:40:16,261 [INFO] Step 800: reward=0.575, dist=3.24
2026-03-02 14:40:21,299 [INFO] Episode 2061 COMPLETE | Reward -50.04 | Steps 1000 | Terminated False | Truncated True
2026-03-02 14:40:24,898 [INFO] Step 0: reward=-0.208, dist=3.12
2026-03-02 14:40:30,231 [INFO] Step 200: reward=-0.309, dist=2.73
2026-03-02 14:40:37,582 [INFO] Step 400: reward=0.109, dist=5.14
2026-03-02 14:40:44,829 [INFO] Step 600: reward=0.086, dist=6.34
2026-03-02 14:40:51,695 [INFO] Step 800: reward=0.094, dist=5.29
2026-03-02 14:40:59,110 [INFO] Episode 2062 COMPLETE | Reward -307.33 | Steps 1000 | Terminated False | Truncated True
2026-03-02 14:41:03,264 [INFO] Step 0: reward=-0.208, dist=2.86
2026-03-02 14:41:09,934 [INFO] Step 200: reward=0.050, dist=4.82
2026-03-02 14:41:15,353 [INFO] Step 400: reward=-0.005, dist=5.56
2026-03-02 14:41:21,014 [INFO] Step 600: reward=-1.750, dist=4.78
2026-03-02 14:41:26,954 [INFO] Performing PPO update at global step 1658880
2026-03-02 14:41:27,231 [INFO] PPO losses — policy: -0.0368, value: 1011.8294, entropy: 4.2242
2026-03-02 14:41:27,239 [INFO] PPO update completed. Buffer cleared.
2026-03-02 14:41:28,475 [INFO] Step 800: reward=0.482, dist=1.53
2026-03-02 14:41:29,797 [INFO] Episode 2063 COMPLETE | Reward -44.52 | Steps 841 | Terminated True | Truncated False
2026-03-02 14:41:33,971 [INFO] Step 0: reward=-0.305, dist=3.04
2026-03-02 14:41:40,324 [INFO] Step 200: reward=0.095, dist=5.22
2026-03-02 14:41:47,829 [INFO] Step 400: reward=0.043, dist=6.38
2026-03-02 14:41:55,043 [INFO] Step 600: reward=-1.032, dist=6.04
2026-03-02 14:42:02,715 [INFO] Step 800: reward=0.670, dist=3.22
2026-03-02 14:42:07,934 [INFO] Episode 2064 COMPLETE | Reward -15.35 | Steps 970 | Terminated True | Truncated False
2026-03-02 14:42:12,651 [INFO] Step 0: reward=-0.208, dist=2.19
2026-03-02 14:42:13,529 [INFO] Policy action (normalized): v = +0.582, w = +0.460 | Cmd_vel (scaled): v = +0.582 m/s, w = +0.460 rad/s
2026-03-02 14:42:17,721 [INFO] Step 200: reward=-0.388, dist=2.85
2026-03-02 14:42:25,937 [INFO] Step 400: reward=-0.152, dist=2.71
2026-03-02 14:42:31,257 [INFO] Step 600: reward=-0.126, dist=1.80
2026-03-02 14:42:34,747 [INFO] Episode 2065 COMPLETE | Reward -346.14 | Steps 695 | Terminated True | Truncated False
2026-03-02 14:42:34,773 [INFO] Checkpoint saved: checkpoints/ppo_ep_02065.pt
2026-03-02 14:42:39,815 [INFO] Step 0: reward=-0.207, dist=2.89
2026-03-02 14:42:45,841 [INFO] Step 200: reward=0.045, dist=1.84
2026-03-02 14:42:49,229 [INFO] Episode 2066 COMPLETE | Reward 50.15 | Steps 273 | Terminated True | Truncated False
2026-03-02 14:42:52,413 [INFO] Step 0: reward=-0.210, dist=2.92
2026-03-02 14:42:54,260 [INFO] Performing PPO update at global step 1660928
2026-03-02 14:42:54,548 [INFO] PPO losses — policy: 0.0086, value: 1044.8096, entropy: 4.2242
2026-03-02 14:42:54,553 [INFO] PPO update completed. Buffer cleared.
2026-03-02 14:43:00,101 [INFO] Step 200: reward=-0.229, dist=4.48
2026-03-02 14:43:07,434 [INFO] Step 400: reward=0.038, dist=6.35
2026-03-02 14:43:15,737 [INFO] Step 600: reward=0.001, dist=6.12
2026-03-02 14:43:23,115 [INFO] Step 800: reward=0.639, dist=3.77
2026-03-02 14:43:29,238 [INFO] Episode 2067 COMPLETE | Reward 41.78 | Steps 958 | Terminated True | Truncated False
2026-03-02 14:43:33,865 [INFO] Step 0: reward=-0.209, dist=3.41
2026-03-02 14:43:39,442 [INFO] Step 200: reward=0.093, dist=5.04
2026-03-02 14:43:44,769 [INFO] Step 400: reward=0.059, dist=6.15
2026-03-02 14:43:50,777 [INFO] Step 600: reward=-1.933, dist=5.85
2026-03-02 14:43:56,410 [INFO] Step 800: reward=0.089, dist=4.83
2026-03-02 14:44:01,751 [INFO] Episode 2068 COMPLETE | Reward -512.97 | Steps 1000 | Terminated False | Truncated True
2026-03-02 14:44:05,955 [INFO] Step 0: reward=-0.305, dist=2.77
2026-03-02 14:44:09,911 [INFO] Performing PPO update at global step 1662976
2026-03-02 14:44:10,199 [INFO] PPO losses — policy: -0.0079, value: 408.8744, entropy: 4.2242
2026-03-02 14:44:10,204 [INFO] PPO update completed. Buffer cleared.
2026-03-02 14:44:11,874 [INFO] Step 200: reward=0.549, dist=1.96
2026-03-02 14:44:15,221 [INFO] Episode 2069 COMPLETE | Reward 56.34 | Steps 330 | Terminated True | Truncated False
2026-03-02 14:44:18,432 [INFO] Step 0: reward=-0.205, dist=2.21
2026-03-02 14:44:24,622 [INFO] Step 200: reward=-2.205, dist=1.61
2026-03-02 14:44:27,630 [INFO] Episode 2070 COMPLETE | Reward 46.85 | Steps 278 | Terminated True | Truncated False
2026-03-02 14:44:27,648 [INFO] Checkpoint saved: checkpoints/ppo_ep_02070.pt
2026-03-02 14:44:39,032 [INFO] Step 0: reward=0.051, dist=4.24
2026-03-02 14:44:46,486 [INFO] Step 200: reward=-0.088, dist=2.37
2026-03-02 14:44:50,618 [INFO] Step 400: reward=0.003, dist=1.33
2026-03-02 14:44:56,090 [INFO] Step 600: reward=-0.399, dist=1.90
2026-03-02 14:45:00,498 [INFO] Step 800: reward=0.060, dist=4.24
2026-03-02 14:45:08,105 [INFO] Episode 2071 COMPLETE | Reward -639.32 | Steps 986 | Terminated True | Truncated False
2026-03-02 14:45:11,239 [INFO] Step 0: reward=-0.218, dist=2.11
2026-03-02 14:45:17,410 [INFO] Step 200: reward=-0.220, dist=1.71
2026-03-02 14:45:22,822 [INFO] Step 400: reward=-0.296, dist=1.34
2026-03-02 14:45:28,450 [INFO] Performing PPO update at global step 1665024
2026-03-02 14:45:28,827 [INFO] PPO losses — policy: 0.0037, value: 1085.1869, entropy: 4.2242
2026-03-02 14:45:28,836 [INFO] PPO update completed. Buffer cleared.
2026-03-02 14:45:29,624 [INFO] Step 600: reward=-0.227, dist=1.80
2026-03-02 14:45:34,227 [INFO] Step 800: reward=-0.232, dist=2.09
2026-03-02 14:45:41,115 [INFO] Episode 2072 COMPLETE | Reward -880.15 | Steps 1000 | Terminated False | Truncated True
2026-03-02 14:45:44,229 [INFO] Step 0: reward=-0.213, dist=2.91
2026-03-02 14:45:49,852 [INFO] Episode 2073 COMPLETE | Reward 233.30 | Steps 196 | Terminated True | Truncated False
2026-03-02 14:45:53,949 [INFO] Step 0: reward=-0.205, dist=3.64
2026-03-02 14:45:58,217 [INFO] Step 200: reward=-2.234, dist=3.47
2026-03-02 14:46:03,328 [INFO] Step 400: reward=-0.005, dist=2.73
2026-03-02 14:46:08,111 [INFO] Episode 2074 COMPLETE | Reward -216.81 | Steps 524 | Terminated True | Truncated False
2026-03-02 14:46:12,359 [INFO] Step 0: reward=-0.209, dist=3.39
2026-03-02 14:46:19,609 [INFO] Step 200: reward=-2.174, dist=5.84
2026-03-02 14:46:26,892 [INFO] Step 400: reward=-1.742, dist=6.18
2026-03-02 14:46:32,427 [INFO] Step 600: reward=-1.464, dist=4.74
2026-03-02 14:46:36,893 [INFO] Step 800: reward=-1.414, dist=2.79
2026-03-02 14:46:39,393 [INFO] Performing PPO update at global step 1667072
2026-03-02 14:46:39,672 [INFO] PPO losses — policy: 0.0050, value: 729.0696, entropy: 4.2242
2026-03-02 14:46:39,677 [INFO] PPO update completed. Buffer cleared.
2026-03-02 14:46:41,039 [INFO] Episode 2075 COMPLETE | Reward 291.20 | Steps 972 | Terminated True | Truncated False
2026-03-02 14:46:41,060 [INFO] Checkpoint saved: checkpoints/ppo_ep_02075.pt
2026-03-02 14:46:45,149 [INFO] Step 0: reward=5.995, dist=2.39
2026-03-02 14:46:48,366 [INFO] Episode 2076 COMPLETE | Reward 508.62 | Steps 134 | Terminated True | Truncated False
2026-03-02 14:46:48,412 [INFO] New BEST model saved! Reward = 508.62 (episode 2076)
2026-03-02 14:46:52,588 [INFO] Step 0: reward=-0.207, dist=3.60
2026-03-02 14:46:58,822 [INFO] Step 200: reward=-1.913, dist=4.49
2026-03-02 14:47:04,765 [INFO] Step 400: reward=0.661, dist=3.09
2026-03-02 14:47:09,218 [INFO] Step 600: reward=0.487, dist=1.59
2026-03-02 14:47:10,535 [INFO] Episode 2077 COMPLETE | Reward -5.23 | Steps 642 | Terminated True | Truncated False
2026-03-02 14:47:14,658 [INFO] Step 0: reward=-0.207, dist=2.23
2026-03-02 14:47:19,502 [INFO] Step 200: reward=-0.379, dist=3.31
2026-03-02 14:47:26,107 [INFO] Step 400: reward=-0.177, dist=3.85
2026-03-02 14:47:30,962 [INFO] Step 600: reward=-0.175, dist=3.61
2026-03-02 14:47:35,856 [INFO] Step 800: reward=0.446, dist=2.63
2026-03-02 14:47:39,926 [INFO] Episode 2078 COMPLETE | Reward -485.44 | Steps 956 | Terminated True | Truncated False
2026-03-02 14:47:42,990 [INFO] Step 0: reward=-0.205, dist=3.07
2026-03-02 14:47:49,171 [INFO] Step 200: reward=0.086, dist=4.20
2026-03-02 14:47:50,066 [INFO] Performing PPO update at global step 1669120
2026-03-02 14:47:50,341 [INFO] PPO losses — policy: 0.0121, value: 636.8307, entropy: 4.2242
2026-03-02 14:47:50,347 [INFO] PPO update completed. Buffer cleared.
2026-03-02 14:47:54,508 [INFO] Step 400: reward=-0.212, dist=3.85
2026-03-02 14:48:01,365 [INFO] Step 600: reward=0.541, dist=2.25
2026-03-02 14:48:05,919 [INFO] Episode 2079 COMPLETE | Reward -287.48 | Steps 778 | Terminated True | Truncated False
2026-03-02 14:48:09,736 [INFO] Step 0: reward=5.995, dist=2.48
2026-03-02 14:48:13,298 [INFO] Episode 2080 COMPLETE | Reward 299.76 | Steps 163 | Terminated True | Truncated False
2026-03-02 14:48:13,319 [INFO] Checkpoint saved: checkpoints/ppo_ep_02080.pt
2026-03-02 14:48:15,907 [INFO] Step 0: reward=-9.104, dist=2.88
2026-03-02 14:48:20,080 [INFO] Episode 2081 COMPLETE | Reward 450.98 | Steps 145 | Terminated True | Truncated False
2026-03-02 14:48:24,267 [INFO] Step 0: reward=-0.238, dist=3.85
2026-03-02 14:48:25,251 [INFO] Policy action (normalized): v = +0.935, w = -0.978 | Cmd_vel (scaled): v = +0.935 m/s, w = -0.978 rad/s
2026-03-02 14:48:30,582 [INFO] Step 200: reward=-0.121, dist=5.04
2026-03-02 14:48:37,085 [INFO] Step 400: reward=-0.305, dist=7.55
2026-03-02 14:48:43,169 [INFO] Step 600: reward=0.095, dist=8.61
2026-03-02 14:48:48,532 [INFO] Step 800: reward=0.090, dist=8.14
2026-03-02 14:48:56,388 [INFO] Episode 2082 COMPLETE | Reward -174.63 | Steps 1000 | Terminated False | Truncated True
2026-03-02 14:49:00,466 [INFO] Step 0: reward=-1.067, dist=2.69
2026-03-02 14:49:04,390 [INFO] Step 200: reward=-2.643, dist=3.59
2026-03-02 14:49:04,821 [INFO] Performing PPO update at global step 1671168
2026-03-02 14:49:05,219 [INFO] PPO losses — policy: 0.0111, value: 747.3339, entropy: 4.2242
2026-03-02 14:49:05,225 [INFO] PPO update completed. Buffer cleared.
2026-03-02 14:49:10,252 [INFO] Step 400: reward=-1.908, dist=4.41
2026-03-02 14:49:15,872 [INFO] Step 600: reward=0.042, dist=4.60
2026-03-02 14:49:20,762 [INFO] Step 800: reward=0.136, dist=4.68
2026-03-02 14:49:25,453 [INFO] Episode 2083 COMPLETE | Reward -658.29 | Steps 1000 | Terminated False | Truncated True
2026-03-02 14:49:27,717 [INFO] Step 0: reward=-0.206, dist=3.93
2026-03-02 14:49:33,366 [INFO] Step 200: reward=-1.546, dist=4.57
2026-03-02 14:49:40,515 [INFO] Step 400: reward=0.108, dist=4.73
2026-03-02 14:49:46,299 [INFO] Step 600: reward=0.054, dist=4.16
2026-03-02 14:49:50,828 [INFO] Step 800: reward=-2.205, dist=3.53
2026-03-02 14:49:57,373 [INFO] Episode 2084 COMPLETE | Reward -570.05 | Steps 1000 | Terminated False | Truncated True
2026-03-02 14:50:08,820 [INFO] Step 0: reward=0.080, dist=4.24
2026-03-02 14:50:13,434 [INFO] Step 200: reward=-0.219, dist=2.86
2026-03-02 14:50:15,179 [INFO] Performing PPO update at global step 1673216
2026-03-02 14:50:15,459 [INFO] PPO losses — policy: 0.0802, value: 77.3599, entropy: 4.2242
2026-03-02 14:50:15,463 [INFO] PPO update completed. Buffer cleared.
2026-03-02 14:50:19,786 [INFO] Step 400: reward=-0.221, dist=1.53
2026-03-02 14:50:24,724 [INFO] Step 600: reward=-2.205, dist=2.52
2026-03-02 14:50:31,654 [INFO] Step 800: reward=0.001, dist=4.02
2026-03-02 14:50:35,479 [INFO] Episode 2085 COMPLETE | Reward -477.89 | Steps 1000 | Terminated False | Truncated True
2026-03-02 14:50:35,499 [INFO] Checkpoint saved: checkpoints/ppo_ep_02085.pt
2026-03-02 14:50:39,761 [INFO] Step 0: reward=-0.224, dist=2.80
2026-03-02 14:50:46,292 [INFO] Step 200: reward=-0.583, dist=3.36
2026-03-02 14:50:51,686 [INFO] Step 400: reward=0.043, dist=5.01
2026-03-02 14:50:56,953 [INFO] Step 600: reward=0.088, dist=5.79
2026-03-02 14:51:02,146 [INFO] Step 800: reward=0.069, dist=5.76
2026-03-02 14:51:08,058 [INFO] Episode 2086 COMPLETE | Reward -712.35 | Steps 1000 | Terminated False | Truncated True
2026-03-02 14:51:12,276 [INFO] Step 0: reward=-0.205, dist=3.73
2026-03-02 14:51:19,323 [INFO] Step 200: reward=-0.005, dist=4.19
2026-03-02 14:51:24,087 [INFO] Performing PPO update at global step 1675264
2026-03-02 14:51:24,367 [INFO] PPO losses — policy: 0.0463, value: 609.1082, entropy: 4.2242
2026-03-02 14:51:24,373 [INFO] PPO update completed. Buffer cleared.
2026-03-02 14:51:26,024 [INFO] Step 400: reward=4.314, dist=2.49
2026-03-02 14:51:29,214 [INFO] Episode 2087 COMPLETE | Reward 718.93 | Steps 553 | Terminated True | Truncated False
2026-03-02 14:51:29,258 [INFO] New BEST model saved! Reward = 718.93 (episode 2087)
2026-03-02 14:51:40,840 [INFO] Step 0: reward=0.095, dist=4.24
2026-03-02 14:51:45,513 [INFO] Step 200: reward=-2.201, dist=2.99
2026-03-02 14:51:52,969 [INFO] Step 400: reward=-0.222, dist=1.40
2026-03-02 14:51:59,247 [INFO] Step 600: reward=-2.415, dist=3.60
2026-03-02 14:52:05,504 [INFO] Step 800: reward=-4.027, dist=2.96
2026-03-02 14:52:09,077 [INFO] Episode 2088 COMPLETE | Reward -903.40 | Steps 1000 | Terminated False | Truncated True
2026-03-02 14:52:12,274 [INFO] Step 0: reward=-0.305, dist=2.34
2026-03-02 14:52:17,806 [INFO] Step 200: reward=-0.157, dist=2.16
2026-03-02 14:52:22,534 [INFO] Step 400: reward=-0.205, dist=1.50
2026-03-02 14:52:26,384 [INFO] Episode 2089 COMPLETE | Reward -244.72 | Steps 556 | Terminated True | Truncated False
2026-03-02 14:52:29,509 [INFO] Step 0: reward=-2.003, dist=2.92
2026-03-02 14:52:36,569 [INFO] Step 200: reward=0.089, dist=2.18
2026-03-02 14:52:37,528 [INFO] Performing PPO update at global step 1677312
2026-03-02 14:52:37,823 [INFO] PPO losses — policy: 0.1419, value: 672.9225, entropy: 4.2242
2026-03-02 14:52:37,829 [INFO] PPO update completed. Buffer cleared.
2026-03-02 14:52:42,472 [INFO] Episode 2090 COMPLETE | Reward 64.22 | Steps 344 | Terminated True | Truncated False
2026-03-02 14:52:42,490 [INFO] Checkpoint saved: checkpoints/ppo_ep_02090.pt
2026-03-02 14:52:46,643 [INFO] Step 0: reward=-0.207, dist=3.10
2026-03-02 14:52:51,343 [INFO] Step 200: reward=0.938, dist=1.27
2026-03-02 14:52:51,955 [INFO] Episode 2091 COMPLETE | Reward 495.11 | Steps 212 | Terminated True | Truncated False
2026-03-02 14:52:54,403 [INFO] Step 0: reward=-0.206, dist=3.54
2026-03-02 14:53:02,073 [INFO] Step 200: reward=-0.069, dist=5.03
2026-03-02 14:53:07,787 [INFO] Step 400: reward=-0.022, dist=5.81
2026-03-02 14:53:12,822 [INFO] Step 600: reward=0.095, dist=5.95
2026-03-02 14:53:18,935 [INFO] Step 800: reward=-2.738, dist=5.69
2026-03-02 14:53:23,121 [INFO] Episode 2092 COMPLETE | Reward -551.72 | Steps 1000 | Terminated False | Truncated True
2026-03-02 14:53:27,812 [INFO] Step 0: reward=-0.205, dist=2.66
2026-03-02 14:53:33,819 [INFO] Step 200: reward=-0.550, dist=3.80
2026-03-02 14:53:39,993 [INFO] Step 400: reward=0.093, dist=5.48
2026-03-02 14:53:44,376 [INFO] Step 600: reward=-0.614, dist=6.81
2026-03-02 14:53:47,297 [INFO] Performing PPO update at global step 1679360
2026-03-02 14:53:47,573 [INFO] PPO losses — policy: 0.0948, value: 853.4994, entropy: 4.2242
2026-03-02 14:53:47,578 [INFO] PPO update completed. Buffer cleared.
2026-03-02 14:53:49,285 [INFO] Step 800: reward=-2.049, dist=7.64
2026-03-02 14:53:52,957 [INFO] Episode 2093 COMPLETE | Reward -801.40 | Steps 1000 | Terminated False | Truncated True
2026-03-02 14:53:57,714 [INFO] Step 0: reward=-0.206, dist=2.37
2026-03-02 14:54:03,977 [INFO] Step 200: reward=-0.253, dist=3.88
2026-03-02 14:54:08,671 [INFO] Policy action (normalized): v = +0.979, w = -0.999 | Cmd_vel (scaled): v = +0.979 m/s, w = -0.999 rad/s
2026-03-02 14:54:09,265 [INFO] Step 400: reward=0.057, dist=4.64
2026-03-02 14:54:14,484 [INFO] Step 600: reward=-2.944, dist=3.70
2026-03-02 14:54:20,741 [INFO] Episode 2094 COMPLETE | Reward 106.39 | Steps 754 | Terminated True | Truncated False
2026-03-02 14:54:24,685 [INFO] Step 0: reward=5.876, dist=3.24
2026-03-02 14:54:29,375 [INFO] Episode 2095 COMPLETE | Reward 932.82 | Steps 141 | Terminated True | Truncated False
2026-03-02 14:54:29,395 [INFO] Checkpoint saved: checkpoints/ppo_ep_02095.pt
2026-03-02 14:54:29,415 [INFO] New BEST model saved! Reward = 932.82 (episode 2095)
2026-03-02 14:54:33,654 [INFO] Step 0: reward=-0.208, dist=3.87
2026-03-02 14:54:37,993 [INFO] Step 200: reward=-0.106, dist=4.65
2026-03-02 14:54:43,641 [INFO] Step 400: reward=0.095, dist=5.15
2026-03-02 14:54:48,825 [INFO] Step 600: reward=-1.327, dist=4.89
2026-03-02 14:54:54,522 [INFO] Step 800: reward=0.092, dist=4.22
2026-03-02 14:54:56,605 [INFO] Performing PPO update at global step 1681408
2026-03-02 14:54:56,887 [INFO] PPO losses — policy: 0.1248, value: 832.5846, entropy: 4.2242
2026-03-02 14:54:56,892 [INFO] PPO update completed. Buffer cleared.
2026-03-02 14:55:00,459 [INFO] Episode 2096 COMPLETE | Reward 23.37 | Steps 1000 | Terminated False | Truncated True
2026-03-02 14:55:03,652 [INFO] Step 0: reward=-0.305, dist=3.20
2026-03-02 14:55:09,366 [INFO] Step 200: reward=-0.103, dist=2.63
2026-03-02 14:55:14,946 [INFO] Episode 2097 COMPLETE | Reward 67.94 | Steps 355 | Terminated True | Truncated False
2026-03-02 14:55:18,729 [INFO] Step 0: reward=-1.395, dist=2.29
2026-03-02 14:55:23,047 [INFO] Step 200: reward=-2.205, dist=3.43
2026-03-02 14:55:29,206 [INFO] Step 400: reward=-0.004, dist=4.59
2026-03-02 14:55:34,775 [INFO] Step 600: reward=0.017, dist=5.09
2026-03-02 14:55:40,520 [INFO] Step 800: reward=0.118, dist=4.84
2026-03-02 14:55:43,646 [INFO] Episode 2098 COMPLETE | Reward -776.71 | Steps 1000 | Terminated False | Truncated True
2026-03-02 14:55:55,112 [INFO] Step 0: reward=-0.005, dist=4.24
2026-03-02 14:55:59,266 [INFO] Step 200: reward=-0.097, dist=3.08
2026-03-02 14:56:04,043 [INFO] Step 400: reward=-0.152, dist=1.73
2026-03-02 14:56:06,584 [INFO] Episode 2099 COMPLETE | Reward -304.36 | Steps 515 | Terminated True | Truncated False
2026-03-02 14:56:19,128 [INFO] Step 0: reward=-0.206, dist=3.05
2026-03-02 14:56:20,896 [INFO] Performing PPO update at global step 1683456
2026-03-02 14:56:21,293 [INFO] PPO losses — policy: 0.0481, value: 784.4416, entropy: 4.2242
2026-03-02 14:56:21,300 [INFO] PPO update completed. Buffer cleared.
2026-03-02 14:56:25,848 [INFO] Step 200: reward=-0.237, dist=5.04
2026-03-02 14:56:31,896 [INFO] Step 400: reward=-0.452, dist=6.67
2026-03-02 14:56:37,438 [INFO] Step 600: reward=0.058, dist=7.05
2026-03-02 14:56:42,281 [INFO] Step 800: reward=-1.905, dist=6.70
2026-03-02 14:56:47,715 [INFO] Episode 2100 COMPLETE | Reward -467.41 | Steps 1000 | Terminated False | Truncated True
2026-03-02 14:56:47,734 [INFO] Checkpoint saved: checkpoints/ppo_ep_02100.pt
2026-03-02 14:56:51,878 [INFO] Step 0: reward=-0.255, dist=3.42
2026-03-02 14:56:57,535 [INFO] Episode 2101 COMPLETE | Reward 607.01 | Steps 180 | Terminated True | Truncated False
2026-03-02 14:57:01,588 [INFO] Step 0: reward=-0.218, dist=3.49
2026-03-02 14:57:07,035 [INFO] Step 200: reward=-0.121, dist=2.92
2026-03-02 14:57:12,344 [INFO] Episode 2102 COMPLETE | Reward 126.48 | Steps 375 | Terminated True | Truncated False
2026-03-02 14:57:15,523 [INFO] Step 0: reward=-0.205, dist=3.94
2026-03-02 14:57:21,178 [INFO] Step 200: reward=-1.616, dist=5.54
2026-03-02 14:57:27,161 [INFO] Step 400: reward=0.086, dist=5.93
2026-03-02 14:57:30,613 [INFO] Performing PPO update at global step 1685504
2026-03-02 14:57:30,901 [INFO] PPO losses — policy: 0.1039, value: 594.6796, entropy: 4.2242
2026-03-02 14:57:30,907 [INFO] PPO update completed. Buffer cleared.
2026-03-02 14:57:31,225 [INFO] Step 600: reward=-1.631, dist=5.34
2026-03-02 14:57:38,601 [INFO] Step 800: reward=5.792, dist=2.06
2026-03-02 14:57:40,870 [INFO] Episode 2103 COMPLETE | Reward 700.97 | Steps 866 | Terminated True | Truncated False
2026-03-02 14:57:43,950 [INFO] Step 0: reward=-0.205, dist=2.82
2026-03-02 14:57:48,794 [INFO] Step 200: reward=-0.206, dist=2.42
2026-03-02 14:57:54,127 [INFO] Step 400: reward=-0.305, dist=3.67
2026-03-02 14:57:59,056 [INFO] Step 600: reward=-0.117, dist=4.86
2026-03-02 14:58:04,609 [INFO] Step 800: reward=-0.122, dist=6.23
2026-03-02 14:58:09,074 [INFO] Episode 2104 COMPLETE | Reward -1066.92 | Steps 1000 | Terminated False | Truncated True
2026-03-02 14:58:13,437 [INFO] Step 0: reward=-0.305, dist=3.42
2026-03-02 14:58:20,331 [INFO] Step 200: reward=-0.087, dist=2.77
2026-03-02 14:58:27,266 [INFO] Step 400: reward=-0.131, dist=4.66
2026-03-02 14:58:32,650 [INFO] Step 600: reward=-0.115, dist=6.25
2026-03-02 14:58:37,326 [INFO] Performing PPO update at global step 1687552
2026-03-02 14:58:37,732 [INFO] PPO losses — policy: 0.0393, value: 591.9451, entropy: 4.2242
2026-03-02 14:58:37,739 [INFO] PPO update completed. Buffer cleared.
2026-03-02 14:58:39,287 [INFO] Step 800: reward=-0.040, dist=7.27
2026-03-02 14:58:45,745 [INFO] Episode 2105 COMPLETE | Reward -627.14 | Steps 1000 | Terminated False | Truncated True
2026-03-02 14:58:45,765 [INFO] Checkpoint saved: checkpoints/ppo_ep_02105.pt
2026-03-02 14:58:49,871 [INFO] Step 0: reward=-0.305, dist=2.16
2026-03-02 14:58:54,730 [INFO] Step 200: reward=-0.275, dist=3.01
2026-03-02 14:59:01,446 [INFO] Step 400: reward=-0.205, dist=2.98
2026-03-02 14:59:05,464 [INFO] Step 600: reward=-0.215, dist=2.48
2026-03-02 14:59:10,734 [INFO] Step 800: reward=-0.146, dist=1.61
2026-03-02 14:59:15,547 [INFO] Episode 2106 COMPLETE | Reward -823.17 | Steps 1000 | Terminated False | Truncated True
2026-03-02 14:59:18,492 [INFO] Step 0: reward=-0.205, dist=3.88
2026-03-02 14:59:22,301 [INFO] Step 200: reward=-1.908, dist=4.17
2026-03-02 14:59:27,693 [INFO] Step 400: reward=-0.513, dist=5.82
2026-03-02 14:59:33,617 [INFO] Step 600: reward=0.005, dist=7.55
2026-03-02 14:59:37,383 [INFO] Performing PPO update at global step 1689600
2026-03-02 14:59:37,652 [INFO] PPO losses — policy: 0.0602, value: 96.6253, entropy: 4.2242
2026-03-02 14:59:37,659 [INFO] PPO update completed. Buffer cleared.
2026-03-02 14:59:37,765 [INFO] Step 800: reward=0.188, dist=7.66
2026-03-02 14:59:44,443 [INFO] Episode 2107 COMPLETE | Reward -484.05 | Steps 1000 | Terminated False | Truncated True
2026-03-02 14:59:47,663 [INFO] Step 0: reward=-8.176, dist=3.42
2026-03-02 14:59:52,183 [INFO] Policy action (normalized): v = +1.000, w = -0.998 | Cmd_vel (scaled): v = +1.000 m/s, w = -0.998 rad/s
2026-03-02 14:59:52,292 [INFO] Step 200: reward=0.499, dist=1.35
2026-03-02 14:59:54,570 [INFO] Episode 2108 COMPLETE | Reward 856.14 | Steps 298 | Terminated True | Truncated False
2026-03-02 14:59:57,741 [INFO] Step 0: reward=-0.205, dist=2.27
2026-03-02 15:00:02,605 [INFO] Step 200: reward=-0.179, dist=2.07
2026-03-02 15:00:08,643 [INFO] Step 400: reward=-0.225, dist=1.90
2026-03-02 15:00:14,534 [INFO] Step 600: reward=-0.218, dist=2.29
2026-03-02 15:00:20,736 [INFO] Step 800: reward=-0.255, dist=2.52
2026-03-02 15:00:26,909 [INFO] Episode 2109 COMPLETE | Reward -692.91 | Steps 1000 | Terminated False | Truncated True
2026-03-02 15:00:30,739 [INFO] Step 0: reward=-0.256, dist=2.54
2026-03-02 15:00:36,030 [INFO] Step 200: reward=-1.905, dist=4.28
2026-03-02 15:00:41,330 [INFO] Step 400: reward=0.112, dist=4.88
2026-03-02 15:00:45,659 [INFO] Performing PPO update at global step 1691648
2026-03-02 15:00:45,932 [INFO] PPO losses — policy: 0.0728, value: 312.9481, entropy: 4.2242
2026-03-02 15:00:45,939 [INFO] PPO update completed. Buffer cleared.
2026-03-02 15:00:46,962 [INFO] Step 600: reward=-0.115, dist=3.77
2026-03-02 15:00:53,302 [INFO] Step 800: reward=5.788, dist=2.05
2026-03-02 15:00:55,520 [INFO] Episode 2110 COMPLETE | Reward -21.22 | Steps 869 | Terminated True | Truncated False
2026-03-02 15:00:55,539 [INFO] Checkpoint saved: checkpoints/ppo_ep_02110.pt
2026-03-02 15:00:57,966 [INFO] Step 0: reward=-0.472, dist=3.71
2026-03-02 15:01:04,124 [INFO] Step 200: reward=-0.206, dist=2.89
2026-03-02 15:01:10,135 [INFO] Step 400: reward=-0.239, dist=1.49
2026-03-02 15:01:13,017 [INFO] Episode 2111 COMPLETE | Reward -130.60 | Steps 491 | Terminated True | Truncated False
2026-03-02 15:01:16,160 [INFO] Step 0: reward=-0.305, dist=3.77
2026-03-02 15:01:20,619 [INFO] Step 200: reward=0.023, dist=4.71
2026-03-02 15:01:26,661 [INFO] Step 400: reward=0.094, dist=5.79
2026-03-02 15:01:30,217 [INFO] Step 600: reward=0.095, dist=5.82
2026-03-02 15:01:36,106 [INFO] Step 800: reward=0.658, dist=4.59
2026-03-02 15:01:40,583 [INFO] Episode 2112 COMPLETE | Reward 620.42 | Steps 1000 | Terminated False | Truncated True
2026-03-02 15:01:45,794 [INFO] Step 0: reward=-0.305, dist=3.55
2026-03-02 15:01:51,813 [INFO] Step 200: reward=-0.040, dist=5.54
2026-03-02 15:01:52,454 [INFO] Performing PPO update at global step 1693696
2026-03-02 15:01:52,720 [INFO] PPO losses — policy: 0.0188, value: 1188.4775, entropy: 4.2242
2026-03-02 15:01:52,725 [INFO] PPO update completed. Buffer cleared.
2026-03-02 15:01:57,673 [INFO] Step 400: reward=0.028, dist=6.69
2026-03-02 15:02:03,529 [INFO] Step 600: reward=0.094, dist=6.87
2026-03-02 15:02:09,853 [INFO] Step 800: reward=-1.923, dist=6.20
2026-03-02 15:02:14,216 [INFO] Episode 2113 COMPLETE | Reward -650.52 | Steps 1000 | Terminated False | Truncated True
2026-03-02 15:02:17,342 [INFO] Step 0: reward=-0.305, dist=3.02
2026-03-02 15:02:24,429 [INFO] Step 200: reward=0.047, dist=1.20
2026-03-02 15:02:25,764 [INFO] Episode 2114 COMPLETE | Reward 156.76 | Steps 241 | Terminated True | Truncated False
2026-03-02 15:02:29,085 [INFO] Step 0: reward=-0.206, dist=2.90
2026-03-02 15:02:35,129 [INFO] Step 200: reward=-0.005, dist=4.63
2026-03-02 15:02:41,414 [INFO] Step 400: reward=0.061, dist=5.83
2026-03-02 15:02:47,884 [INFO] Step 600: reward=-1.158, dist=5.73
2026-03-02 15:02:51,793 [INFO] Step 800: reward=-1.266, dist=4.82
2026-03-02 15:02:56,421 [INFO] Episode 2115 COMPLETE | Reward -335.25 | Steps 1000 | Terminated False | Truncated True
2026-03-02 15:02:56,438 [INFO] Checkpoint saved: checkpoints/ppo_ep_02115.pt
2026-03-02 15:03:00,792 [INFO] Step 0: reward=-0.211, dist=3.00
2026-03-02 15:03:01,907 [INFO] Performing PPO update at global step 1695744
2026-03-02 15:03:02,193 [INFO] PPO losses — policy: 0.0057, value: 963.2492, entropy: 4.2242
2026-03-02 15:03:02,198 [INFO] PPO update completed. Buffer cleared.
2026-03-02 15:03:08,147 [INFO] Step 200: reward=-1.906, dist=5.38
2026-03-02 15:03:12,662 [INFO] Step 400: reward=0.088, dist=5.63
2026-03-02 15:03:18,098 [INFO] Step 600: reward=0.149, dist=5.13
2026-03-02 15:03:23,605 [INFO] Step 800: reward=0.269, dist=4.03
2026-03-02 15:03:28,732 [INFO] Episode 2116 COMPLETE | Reward 161.70 | Steps 1000 | Terminated False | Truncated True
2026-03-02 15:03:31,843 [INFO] Step 0: reward=-2.194, dist=2.97
2026-03-02 15:03:37,868 [INFO] Step 200: reward=-0.235, dist=2.66
2026-03-02 15:03:44,293 [INFO] Step 400: reward=-0.172, dist=2.32
2026-03-02 15:03:47,975 [INFO] Step 600: reward=-0.185, dist=1.95
2026-03-02 15:03:55,271 [INFO] Step 800: reward=-2.305, dist=1.65
2026-03-02 15:03:59,826 [INFO] Episode 2117 COMPLETE | Reward -941.65 | Steps 1000 | Terminated False | Truncated True
2026-03-02 15:04:02,832 [INFO] Step 0: reward=-0.305, dist=3.15
2026-03-02 15:04:05,978 [INFO] Performing PPO update at global step 1697792
2026-03-02 15:04:06,238 [INFO] PPO losses — policy: 0.0298, value: 1092.5414, entropy: 4.2242
2026-03-02 15:04:06,243 [INFO] PPO update completed. Buffer cleared.
2026-03-02 15:04:09,413 [INFO] Step 200: reward=-1.428, dist=1.67
2026-03-02 15:04:15,694 [INFO] Step 400: reward=-0.372, dist=1.66
2026-03-02 15:04:21,617 [INFO] Step 600: reward=-0.503, dist=3.19
2026-03-02 15:04:27,254 [INFO] Step 800: reward=0.044, dist=4.51
2026-03-02 15:04:33,981 [INFO] Episode 2118 COMPLETE | Reward -772.18 | Steps 1000 | Terminated False | Truncated True
2026-03-02 15:04:37,248 [INFO] Step 0: reward=-1.577, dist=3.71
2026-03-02 15:04:43,063 [INFO] Step 200: reward=0.800, dist=1.63
2026-03-02 15:04:50,228 [INFO] Step 400: reward=0.601, dist=1.57
2026-03-02 15:04:55,670 [INFO] Step 600: reward=-4.159, dist=1.53
2026-03-02 15:05:00,874 [INFO] Step 800: reward=-1.438, dist=1.43
2026-03-02 15:05:06,979 [INFO] Episode 2119 COMPLETE | Reward -2280.57 | Steps 1000 | Terminated False | Truncated True
2026-03-02 15:05:09,748 [INFO] Step 0: reward=-1.644, dist=3.72
2026-03-02 15:05:14,827 [INFO] Performing PPO update at global step 1699840
2026-03-02 15:05:15,113 [INFO] PPO losses — policy: -0.0009, value: 5906.0675, entropy: 4.2242
2026-03-02 15:05:15,119 [INFO] PPO update completed. Buffer cleared.
2026-03-02 15:05:15,679 [INFO] Step 200: reward=4.244, dist=1.66
2026-03-02 15:05:19,165 [INFO] Policy action (normalized): v = +0.753, w = -0.330 | Cmd_vel (scaled): v = +0.753 m/s, w = -0.330 rad/s
2026-03-02 15:05:21,642 [INFO] Step 400: reward=0.497, dist=1.77
2026-03-02 15:05:26,457 [INFO] Step 600: reward=-0.208, dist=1.42
2026-03-02 15:05:30,063 [INFO] Step 800: reward=-0.394, dist=1.68
2026-03-02 15:05:36,031 [INFO] Episode 2120 COMPLETE | Reward -495.14 | Steps 1000 | Terminated False | Truncated True
2026-03-02 15:05:36,052 [INFO] Checkpoint saved: checkpoints/ppo_ep_02120.pt
2026-03-02 15:05:40,143 [INFO] Step 0: reward=-0.205, dist=2.88
2026-03-02 15:05:44,669 [INFO] Step 200: reward=-2.345, dist=2.68
2026-03-02 15:05:51,232 [INFO] Step 400: reward=-0.013, dist=4.62
2026-03-02 15:05:57,738 [INFO] Step 600: reward=0.125, dist=5.73
2026-03-02 15:06:03,484 [INFO] Step 800: reward=0.171, dist=5.01
2026-03-02 15:06:10,263 [INFO] Episode 2121 COMPLETE | Reward -238.95 | Steps 1000 | Terminated False | Truncated True
2026-03-02 15:06:12,797 [INFO] Step 0: reward=-0.205, dist=2.26
2026-03-02 15:06:17,997 [INFO] Performing PPO update at global step 1701888
2026-03-02 15:06:18,398 [INFO] PPO losses — policy: 0.0794, value: 2662.3289, entropy: 4.2242
2026-03-02 15:06:18,406 [INFO] PPO update completed. Buffer cleared.
2026-03-02 15:06:18,808 [INFO] Step 200: reward=-0.217, dist=3.87
2026-03-02 15:06:22,521 [INFO] Step 400: reward=-1.910, dist=5.11
2026-03-02 15:06:28,213 [INFO] Step 600: reward=-0.644, dist=6.73
2026-03-02 15:06:34,536 [INFO] Step 800: reward=0.089, dist=8.01
2026-03-02 15:06:39,846 [INFO] Episode 2122 COMPLETE | Reward -705.12 | Steps 1000 | Terminated False | Truncated True
2026-03-02 15:06:43,975 [INFO] Step 0: reward=-0.206, dist=2.26
2026-03-02 15:06:49,706 [INFO] Step 200: reward=0.558, dist=1.82
2026-03-02 15:06:56,915 [INFO] Step 400: reward=-10.855, dist=1.53
2026-03-02 15:07:02,468 [INFO] Step 600: reward=0.448, dist=1.71
2026-03-02 15:07:09,064 [INFO] Step 800: reward=-9.285, dist=1.47
2026-03-02 15:07:14,354 [INFO] Episode 2123 COMPLETE | Reward -2475.61 | Steps 1000 | Terminated False | Truncated True
2026-03-02 15:07:18,662 [INFO] Step 0: reward=-0.005, dist=87.39
2026-03-02 15:07:19,186 [INFO] Episode 2124 COMPLETE | Reward -313.89 | Steps 32 | Terminated False | Truncated True
2026-03-02 15:07:21,498 [INFO] Step 0: reward=-0.205, dist=3.90
2026-03-02 15:07:26,408 [INFO] Step 200: reward=-0.207, dist=3.11
2026-03-02 15:07:26,486 [INFO] Performing PPO update at global step 1703936
2026-03-02 15:07:26,785 [INFO] PPO losses — policy: 0.0370, value: 4437.0724, entropy: 4.2242
2026-03-02 15:07:26,791 [INFO] PPO update completed. Buffer cleared.
2026-03-02 15:07:31,646 [INFO] Step 400: reward=-0.237, dist=2.20
2026-03-02 15:07:35,292 [INFO] Step 600: reward=-2.045, dist=1.55
2026-03-02 15:07:37,762 [INFO] Episode 2125 COMPLETE | Reward -518.39 | Steps 723 | Terminated True | Truncated False
2026-03-02 15:07:37,788 [INFO] Checkpoint saved: checkpoints/ppo_ep_02125.pt
2026-03-02 15:07:41,001 [INFO] Step 0: reward=-0.244, dist=2.37
2026-03-02 15:07:45,874 [INFO] Step 200: reward=-0.213, dist=1.70
2026-03-02 15:07:52,214 [INFO] Step 400: reward=-0.305, dist=2.28
2026-03-02 15:07:56,861 [INFO] Step 600: reward=-2.299, dist=2.86
2026-03-02 15:08:01,549 [INFO] Step 800: reward=-2.205, dist=2.88
2026-03-02 15:08:06,912 [INFO] Episode 2126 COMPLETE | Reward -1412.40 | Steps 1000 | Terminated False | Truncated True
2026-03-02 15:08:10,875 [INFO] Step 0: reward=-0.305, dist=3.60
2026-03-02 15:08:16,710 [INFO] Step 200: reward=0.019, dist=4.68
2026-03-02 15:08:22,513 [INFO] Step 400: reward=0.006, dist=4.71
2026-03-02 15:08:25,287 [INFO] Performing PPO update at global step 1705984
2026-03-02 15:08:25,582 [INFO] PPO losses — policy: 0.0005, value: 522.8397, entropy: 4.2242
2026-03-02 15:08:25,587 [INFO] PPO update completed. Buffer cleared.
2026-03-02 15:08:27,678 [INFO] Step 600: reward=-1.868, dist=4.08
2026-03-02 15:08:33,679 [INFO] Step 800: reward=-0.336, dist=3.61
2026-03-02 15:08:38,456 [INFO] Episode 2127 COMPLETE | Reward -1014.99 | Steps 1000 | Terminated False | Truncated True
2026-03-02 15:08:42,737 [INFO] Step 0: reward=-0.215, dist=3.14
2026-03-02 15:08:50,228 [INFO] Step 200: reward=-0.385, dist=3.15
2026-03-02 15:08:54,302 [INFO] Step 400: reward=-2.206, dist=3.61
2026-03-02 15:08:59,757 [INFO] Step 600: reward=-0.007, dist=4.10
2026-03-02 15:09:06,810 [INFO] Step 800: reward=-0.226, dist=3.13
2026-03-02 15:09:13,168 [INFO] Episode 2128 COMPLETE | Reward -1052.30 | Steps 1000 | Terminated False | Truncated True
2026-03-02 15:09:17,287 [INFO] Step 0: reward=-0.305, dist=2.39
2026-03-02 15:09:21,749 [INFO] Step 200: reward=-2.298, dist=3.33
2026-03-02 15:09:28,134 [INFO] Step 400: reward=-0.224, dist=3.01
2026-03-02 15:09:33,334 [INFO] Performing PPO update at global step 1708032
2026-03-02 15:09:33,629 [INFO] PPO losses — policy: 0.0045, value: 188.4226, entropy: 4.2242
2026-03-02 15:09:33,637 [INFO] PPO update completed. Buffer cleared.
2026-03-02 15:09:34,737 [INFO] Step 600: reward=-0.287, dist=2.16
2026-03-02 15:09:41,136 [INFO] Step 800: reward=-0.265, dist=3.43
2026-03-02 15:09:48,029 [INFO] Episode 2129 COMPLETE | Reward -732.17 | Steps 1000 | Terminated False | Truncated True
2026-03-02 15:09:51,948 [INFO] Step 0: reward=0.053, dist=4.02
2026-03-02 15:09:58,807 [INFO] Step 200: reward=-0.589, dist=3.45
2026-03-02 15:10:05,442 [INFO] Step 400: reward=0.104, dist=4.42
2026-03-02 15:10:11,142 [INFO] Step 600: reward=-0.207, dist=3.42
2026-03-02 15:10:16,317 [INFO] Step 800: reward=-2.324, dist=3.31
2026-03-02 15:10:21,305 [INFO] Episode 2130 COMPLETE | Reward -789.83 | Steps 1000 | Terminated False | Truncated True
2026-03-02 15:10:21,326 [INFO] Checkpoint saved: checkpoints/ppo_ep_02130.pt
2026-03-02 15:10:23,619 [INFO] Step 0: reward=-0.264, dist=3.10
2026-03-02 15:10:29,510 [INFO] Step 200: reward=-0.284, dist=3.97
