2026-03-03 12:56:32,224 [INFO] Starting RL Training
2026-03-03 12:56:32,224 [INFO] Using device: cuda
2026-03-03 12:56:32,237 [INFO] GPU name: NVIDIA GeForce RTX 4080
2026-03-03 12:56:32,238 [INFO] TensorBoard logging enabled (tensorboard/)
2026-03-03 12:56:32,908 [INFO] Resumed training from checkpoint: checkpoints/ppo_ep_02220.pt | episode = 2220, global_step = 1777701
2026-03-03 12:56:38,153 [INFO] Step 0: reward=0.068, dist=7.59
2026-03-03 12:56:47,898 [INFO] Step 200: reward=0.225, dist=8.39
2026-03-03 12:56:56,307 [INFO] Step 400: reward=0.885, dist=6.21
2026-03-03 12:57:03,501 [INFO] Step 600: reward=6.333, dist=3.07
2026-03-03 12:57:08,279 [INFO] Episode 2220 COMPLETE | Reward 2011.30 | Steps 737 | Terminated True | Truncated False
2026-03-03 12:57:08,314 [INFO] Checkpoint saved: checkpoints/ppo_ep_02220.pt
2026-03-03 12:57:08,342 [INFO] New BEST model saved! Reward = 2011.30 (episode 2220)
2026-03-03 12:57:10,874 [INFO] Step 0: reward=-0.005, dist=4.62
2026-03-03 12:57:16,838 [INFO] Step 200: reward=-0.021, dist=5.10
2026-03-03 12:57:22,958 [INFO] Step 400: reward=0.087, dist=6.53
2026-03-03 12:57:31,228 [INFO] Step 600: reward=0.095, dist=8.62
2026-03-03 12:57:38,312 [INFO] Step 800: reward=-1.710, dist=9.05
2026-03-03 12:57:44,940 [INFO] Episode 2221 COMPLETE | Reward -625.09 | Steps 1000 | Terminated False | Truncated True
2026-03-03 12:57:49,214 [INFO] Step 0: reward=0.065, dist=7.77
2026-03-03 12:57:56,373 [INFO] Step 200: reward=0.088, dist=9.54
2026-03-03 12:57:58,568 [INFO] Performing PPO update at global step 1779712
2026-03-03 12:57:59,036 [INFO] PPO losses — policy: 0.0048, value: 980.3124, entropy: 4.2242
2026-03-03 12:57:59,042 [INFO] PPO update completed. Buffer cleared.
2026-03-03 12:58:01,909 [INFO] Step 400: reward=-1.329, dist=10.83
2026-03-03 12:58:08,587 [INFO] Policy action (normalized): v = -0.106, w = +0.180 | Cmd_vel (scaled): v = -0.106 m/s, w = +0.180 rad/s
2026-03-03 12:58:10,695 [INFO] Step 600: reward=-0.877, dist=11.40
2026-03-03 12:58:15,865 [INFO] Step 800: reward=-1.487, dist=10.53
2026-03-03 12:58:25,923 [INFO] Episode 2222 COMPLETE | Reward -367.34 | Steps 1000 | Terminated False | Truncated True
2026-03-03 12:58:29,962 [INFO] Step 0: reward=0.065, dist=4.95
2026-03-03 12:58:37,045 [INFO] Step 200: reward=-1.910, dist=6.61
2026-03-03 12:58:43,997 [INFO] Step 400: reward=6.327, dist=5.38
2026-03-03 12:58:51,897 [INFO] Step 600: reward=0.931, dist=1.86
2026-03-03 12:58:53,687 [INFO] Episode 2223 COMPLETE | Reward 1398.87 | Steps 637 | Terminated True | Truncated False
2026-03-03 12:58:55,948 [INFO] Step 0: reward=-0.208, dist=3.44
2026-03-03 12:59:03,702 [INFO] Step 200: reward=-1.435, dist=5.03
2026-03-03 12:59:09,724 [INFO] Step 400: reward=-2.005, dist=6.54
2026-03-03 12:59:17,334 [INFO] Step 600: reward=-0.830, dist=7.12
2026-03-03 12:59:19,954 [INFO] Performing PPO update at global step 1781760
2026-03-03 12:59:20,229 [INFO] PPO losses — policy: 0.0061, value: 839.6398, entropy: 4.2242
2026-03-03 12:59:20,236 [INFO] PPO update completed. Buffer cleared.
2026-03-03 12:59:23,048 [INFO] Step 800: reward=-4.185, dist=5.38
2026-03-03 12:59:30,058 [INFO] Episode 2224 COMPLETE | Reward 1272.24 | Steps 1000 | Terminated False | Truncated True
2026-03-03 12:59:33,347 [INFO] Step 0: reward=-0.205, dist=3.05
2026-03-03 12:59:42,672 [INFO] Step 200: reward=-0.199, dist=3.74
2026-03-03 12:59:51,558 [INFO] Episode 2225 COMPLETE | Reward 233.35 | Steps 399 | Terminated True | Truncated False
2026-03-03 12:59:53,686 [INFO] Step 0: reward=-1.081, dist=3.26
2026-03-03 13:00:02,885 [INFO] Step 200: reward=0.040, dist=3.20
2026-03-03 13:00:08,792 [INFO] Episode 2226 COMPLETE | Reward 409.25 | Steps 340 | Terminated True | Truncated False
2026-03-03 13:00:13,841 [INFO] Step 0: reward=0.088, dist=4.91
2026-03-03 13:00:22,016 [INFO] Step 200: reward=-1.255, dist=4.99
2026-03-03 13:00:29,571 [INFO] Step 400: reward=0.011, dist=7.18
2026-03-03 13:00:35,204 [INFO] Step 600: reward=-1.902, dist=7.70
2026-03-03 13:00:42,091 [INFO] Step 800: reward=0.208, dist=6.52
2026-03-03 13:00:48,537 [INFO] Performing PPO update at global step 1783808
2026-03-03 13:00:48,819 [INFO] PPO losses — policy: 0.0909, value: 2116.1156, entropy: 4.2242
2026-03-03 13:00:48,823 [INFO] PPO update completed. Buffer cleared.
2026-03-03 13:00:48,961 [INFO] Episode 2227 COMPLETE | Reward 475.02 | Steps 1000 | Terminated False | Truncated True
2026-03-03 13:00:53,075 [INFO] Step 0: reward=-0.206, dist=3.22
2026-03-03 13:00:59,668 [INFO] Step 200: reward=-0.389, dist=4.49
2026-03-03 13:01:07,594 [INFO] Step 400: reward=0.094, dist=6.69
2026-03-03 13:01:15,285 [INFO] Step 600: reward=0.263, dist=6.56
2026-03-03 13:01:20,736 [INFO] Step 800: reward=3.142, dist=5.09
2026-03-03 13:01:28,207 [INFO] Episode 2228 COMPLETE | Reward 991.40 | Steps 1000 | Terminated False | Truncated True
2026-03-03 13:01:32,129 [INFO] Step 0: reward=5.959, dist=5.39
2026-03-03 13:01:38,173 [INFO] Step 200: reward=6.341, dist=3.00
2026-03-03 13:01:42,748 [INFO] Episode 2229 COMPLETE | Reward 1758.26 | Steps 315 | Terminated True | Truncated False
2026-03-03 13:01:54,111 [INFO] Step 0: reward=0.094, dist=4.24
2026-03-03 13:01:59,881 [INFO] Step 200: reward=-0.083, dist=2.53
2026-03-03 13:02:04,972 [INFO] Episode 2230 COMPLETE | Reward 91.78 | Steps 293 | Terminated True | Truncated False
2026-03-03 13:02:04,993 [INFO] Checkpoint saved: checkpoints/ppo_ep_02230.pt
2026-03-03 13:02:17,798 [INFO] Step 0: reward=0.093, dist=5.72
2026-03-03 13:02:24,402 [INFO] Step 200: reward=-2.100, dist=3.15
2026-03-03 13:02:30,260 [INFO] Episode 2231 COMPLETE | Reward 571.99 | Steps 383 | Terminated True | Truncated False
2026-03-03 13:02:41,771 [INFO] Step 0: reward=0.091, dist=4.24
2026-03-03 13:02:42,826 [INFO] Performing PPO update at global step 1785856
2026-03-03 13:02:43,137 [INFO] PPO losses — policy: 0.0205, value: 2371.1223, entropy: 4.2242
2026-03-03 13:02:43,143 [INFO] PPO update completed. Buffer cleared.
2026-03-03 13:02:48,444 [INFO] Step 200: reward=-0.407, dist=2.49
2026-03-03 13:02:57,116 [INFO] Step 400: reward=-0.205, dist=2.81
2026-03-03 13:03:03,477 [INFO] Step 600: reward=-1.951, dist=4.24
2026-03-03 13:03:08,808 [INFO] Step 800: reward=-0.239, dist=6.96
2026-03-03 13:03:14,593 [INFO] Episode 2232 COMPLETE | Reward -788.28 | Steps 1000 | Terminated False | Truncated True
2026-03-03 13:03:26,116 [INFO] Step 0: reward=0.095, dist=4.24
2026-03-03 13:03:36,105 [INFO] Step 200: reward=-0.171, dist=1.82
2026-03-03 13:03:44,203 [INFO] Step 400: reward=-2.385, dist=3.73
2026-03-03 13:03:53,169 [INFO] Step 600: reward=0.100, dist=6.90
2026-03-03 13:04:00,786 [INFO] Step 800: reward=0.443, dist=5.84
2026-03-03 13:04:10,650 [INFO] Episode 2233 COMPLETE | Reward 404.05 | Steps 1000 | Terminated False | Truncated True
2026-03-03 13:04:14,235 [INFO] Step 0: reward=5.864, dist=6.00
2026-03-03 13:04:18,097 [INFO] Performing PPO update at global step 1787904
2026-03-03 13:04:18,376 [INFO] PPO losses — policy: 0.0246, value: 958.0918, entropy: 4.2242
2026-03-03 13:04:18,382 [INFO] PPO update completed. Buffer cleared.
2026-03-03 13:04:21,993 [INFO] Step 200: reward=6.020, dist=3.41
2026-03-03 13:04:27,476 [INFO] Step 400: reward=0.856, dist=1.14
2026-03-03 13:04:27,821 [INFO] Episode 2234 COMPLETE | Reward 2211.25 | Steps 405 | Terminated True | Truncated False
2026-03-03 13:04:27,855 [INFO] New BEST model saved! Reward = 2211.25 (episode 2234)
2026-03-03 13:04:32,133 [INFO] Step 0: reward=-0.247, dist=3.61
2026-03-03 13:04:39,807 [INFO] Step 200: reward=0.266, dist=4.86
2026-03-03 13:04:48,107 [INFO] Step 400: reward=-1.919, dist=6.05
2026-03-03 13:04:54,950 [INFO] Step 600: reward=5.182, dist=5.02
2026-03-03 13:05:02,688 [INFO] Step 800: reward=6.810, dist=2.20
2026-03-03 13:05:05,349 [INFO] Episode 2235 COMPLETE | Reward 1004.89 | Steps 855 | Terminated True | Truncated False
2026-03-03 13:05:08,848 [INFO] Step 0: reward=0.089, dist=7.63
2026-03-03 13:05:15,052 [INFO] Step 200: reward=5.493, dist=6.17
2026-03-03 13:05:25,059 [INFO] Step 400: reward=6.486, dist=3.04
2026-03-03 13:05:29,796 [INFO] Episode 2236 COMPLETE | Reward 1807.47 | Steps 502 | Terminated True | Truncated False
2026-03-03 13:05:35,049 [INFO] Step 0: reward=5.994, dist=6.69
2026-03-03 13:05:41,660 [INFO] Step 200: reward=6.286, dist=4.30
2026-03-03 13:05:48,652 [INFO] Performing PPO update at global step 1789952
2026-03-03 13:05:48,987 [INFO] PPO losses — policy: 0.0938, value: 2357.1940, entropy: 4.2242
2026-03-03 13:05:48,995 [INFO] PPO update completed. Buffer cleared.
2026-03-03 13:05:49,614 [INFO] Step 400: reward=6.491, dist=1.10
2026-03-03 13:05:49,942 [INFO] Episode 2237 COMPLETE | Reward 2054.88 | Steps 409 | Terminated True | Truncated False
2026-03-03 13:05:53,019 [INFO] Step 0: reward=-0.211, dist=2.48
2026-03-03 13:05:54,112 [INFO] Policy action (normalized): v = +0.208, w = +0.993 | Cmd_vel (scaled): v = +0.208 m/s, w = +0.993 rad/s
2026-03-03 13:06:04,366 [INFO] Step 200: reward=-0.027, dist=5.07
2026-03-03 13:06:10,661 [INFO] Step 400: reward=0.092, dist=5.35
2026-03-03 13:06:16,151 [INFO] Step 600: reward=-2.005, dist=4.66
2026-03-03 13:06:23,593 [INFO] Step 800: reward=6.345, dist=1.69
2026-03-03 13:06:25,145 [INFO] Episode 2238 COMPLETE | Reward 1080.55 | Steps 844 | Terminated True | Truncated False
2026-03-03 13:06:28,982 [INFO] Step 0: reward=5.982, dist=4.89
2026-03-03 13:06:36,164 [INFO] Step 200: reward=5.390, dist=2.49
2026-03-03 13:06:39,718 [INFO] Episode 2239 COMPLETE | Reward 1748.94 | Steps 310 | Terminated True | Truncated False
2026-03-03 13:06:43,875 [INFO] Step 0: reward=-1.912, dist=5.30
2026-03-03 13:06:52,095 [INFO] Step 200: reward=0.064, dist=6.18
2026-03-03 13:07:00,215 [INFO] Step 400: reward=-1.906, dist=7.82
2026-03-03 13:07:07,490 [INFO] Step 600: reward=0.040, dist=8.33
2026-03-03 13:07:14,370 [INFO] Step 800: reward=5.798, dist=7.20
2026-03-03 13:07:17,241 [INFO] Performing PPO update at global step 1792000
2026-03-03 13:07:17,536 [INFO] PPO losses — policy: 0.0058, value: 1356.6951, entropy: 4.2242
2026-03-03 13:07:17,540 [INFO] PPO update completed. Buffer cleared.
2026-03-03 13:07:24,083 [INFO] Episode 2240 COMPLETE | Reward 474.35 | Steps 1000 | Terminated False | Truncated True
2026-03-03 13:07:24,102 [INFO] Checkpoint saved: checkpoints/ppo_ep_02240.pt
2026-03-03 13:07:37,592 [INFO] Step 0: reward=0.092, dist=4.24
2026-03-03 13:07:43,837 [INFO] Step 200: reward=-2.206, dist=2.69
2026-03-03 13:07:51,743 [INFO] Step 400: reward=-0.324, dist=1.24
2026-03-03 13:07:59,958 [INFO] Step 600: reward=-2.944, dist=8.26
2026-03-03 13:08:09,563 [INFO] Step 800: reward=0.013, dist=9.74
2026-03-03 13:08:17,458 [INFO] Episode 2241 COMPLETE | Reward -769.54 | Steps 1000 | Terminated False | Truncated True
2026-03-03 13:08:20,129 [INFO] Step 0: reward=-0.230, dist=2.49
2026-03-03 13:08:27,033 [INFO] Step 200: reward=0.095, dist=4.16
2026-03-03 13:08:36,233 [INFO] Step 400: reward=0.149, dist=5.18
2026-03-03 13:08:43,783 [INFO] Step 600: reward=6.185, dist=2.94
2026-03-03 13:08:48,697 [INFO] Episode 2242 COMPLETE | Reward 1158.12 | Steps 738 | Terminated True | Truncated False
2026-03-03 13:08:52,636 [INFO] Step 0: reward=-0.205, dist=2.64
2026-03-03 13:09:01,521 [INFO] Performing PPO update at global step 1794048
2026-03-03 13:09:01,793 [INFO] PPO losses — policy: 0.0027, value: 1414.8090, entropy: 4.2242
2026-03-03 13:09:01,799 [INFO] PPO update completed. Buffer cleared.
2026-03-03 13:09:03,189 [INFO] Step 200: reward=-0.240, dist=3.71
2026-03-03 13:09:13,215 [INFO] Step 400: reward=-1.905, dist=4.98
2026-03-03 13:09:21,740 [INFO] Step 600: reward=0.103, dist=4.36
2026-03-03 13:09:29,931 [INFO] Step 800: reward=6.324, dist=1.90
2026-03-03 13:09:32,072 [INFO] Episode 2243 COMPLETE | Reward 777.22 | Steps 863 | Terminated True | Truncated False
2026-03-03 13:09:43,950 [INFO] Step 0: reward=0.093, dist=4.24
2026-03-03 13:09:50,407 [INFO] Step 200: reward=-0.085, dist=2.86
2026-03-03 13:10:00,329 [INFO] Step 400: reward=-0.335, dist=1.75
2026-03-03 13:10:09,207 [INFO] Step 600: reward=-1.838, dist=5.21
2026-03-03 13:10:18,724 [INFO] Step 800: reward=6.506, dist=2.40
2026-03-03 13:10:22,271 [INFO] Episode 2244 COMPLETE | Reward 618.14 | Steps 881 | Terminated True | Truncated False
2026-03-03 13:10:25,454 [INFO] Step 0: reward=0.093, dist=7.77
2026-03-03 13:10:30,525 [INFO] Step 200: reward=0.775, dist=6.95
2026-03-03 13:10:39,829 [INFO] Step 400: reward=6.405, dist=3.50
2026-03-03 13:10:44,473 [INFO] Performing PPO update at global step 1796096
2026-03-03 13:10:44,892 [INFO] PPO losses — policy: 0.0070, value: 1993.8139, entropy: 4.2242
2026-03-03 13:10:44,898 [INFO] PPO update completed. Buffer cleared.
2026-03-03 13:10:45,617 [INFO] Episode 2245 COMPLETE | Reward 1802.43 | Steps 520 | Terminated True | Truncated False
2026-03-03 13:10:57,300 [INFO] Step 0: reward=0.094, dist=4.24
2026-03-03 13:11:03,992 [INFO] Step 200: reward=0.006, dist=2.43
2026-03-03 13:11:11,153 [INFO] Step 400: reward=-1.195, dist=1.41
2026-03-03 13:11:20,098 [INFO] Step 600: reward=-1.325, dist=4.11
2026-03-03 13:11:27,201 [INFO] Step 800: reward=-0.108, dist=6.65
2026-03-03 13:11:35,093 [INFO] Episode 2246 COMPLETE | Reward -723.68 | Steps 1000 | Terminated False | Truncated True
2026-03-03 13:11:38,008 [INFO] Step 0: reward=0.087, dist=7.11
2026-03-03 13:11:46,656 [INFO] Step 200: reward=-0.114, dist=9.15
2026-03-03 13:11:55,211 [INFO] Step 400: reward=-2.005, dist=9.90
2026-03-03 13:12:03,669 [INFO] Step 600: reward=0.636, dist=8.06
2026-03-03 13:12:09,617 [INFO] Step 800: reward=0.095, dist=7.12
2026-03-03 13:12:16,620 [INFO] Episode 2247 COMPLETE | Reward -357.69 | Steps 1000 | Terminated False | Truncated True
2026-03-03 13:12:19,920 [INFO] Step 0: reward=-100.000, dist=132.93
2026-03-03 13:12:19,929 [INFO] Episode 2248 COMPLETE | Reward -100.00 | Steps 1 | Terminated False | Truncated True
2026-03-03 13:12:23,308 [INFO] Step 0: reward=0.095, dist=6.90
2026-03-03 13:12:23,625 [INFO] Performing PPO update at global step 1798144
2026-03-03 13:12:23,914 [INFO] PPO losses — policy: 0.0005, value: 191.1695, entropy: 4.2242
2026-03-03 13:12:23,920 [INFO] PPO update completed. Buffer cleared.
2026-03-03 13:12:32,471 [INFO] Step 200: reward=6.150, dist=4.56
2026-03-03 13:12:40,301 [INFO] Step 400: reward=5.701, dist=1.56
2026-03-03 13:12:41,615 [INFO] Episode 2249 COMPLETE | Reward 1787.26 | Steps 424 | Terminated True | Truncated False
2026-03-03 13:12:44,837 [INFO] Step 0: reward=0.086, dist=5.34
2026-03-03 13:12:52,575 [INFO] Step 200: reward=5.609, dist=3.93
2026-03-03 13:12:59,894 [INFO] Episode 2250 COMPLETE | Reward 1130.76 | Steps 368 | Terminated True | Truncated False
2026-03-03 13:12:59,920 [INFO] Checkpoint saved: checkpoints/ppo_ep_02250.pt
2026-03-03 13:13:11,599 [INFO] Step 0: reward=0.075, dist=4.24
2026-03-03 13:13:19,412 [INFO] Step 200: reward=-2.260, dist=2.32
2026-03-03 13:13:27,974 [INFO] Step 400: reward=-0.704, dist=3.25
2026-03-03 13:13:33,095 [INFO] Episode 2251 COMPLETE | Reward -1722.26 | Steps 508 | Terminated False | Truncated True
2026-03-03 13:13:37,929 [INFO] Step 0: reward=-0.232, dist=3.50
2026-03-03 13:13:44,011 [INFO] Step 200: reward=0.024, dist=5.21
2026-03-03 13:13:52,869 [INFO] Step 400: reward=0.053, dist=6.82
2026-03-03 13:13:59,837 [INFO] Policy action (normalized): v = -0.272, w = +1.000 | Cmd_vel (scaled): v = -0.272 m/s, w = +1.000 rad/s
2026-03-03 13:14:00,758 [INFO] Step 600: reward=4.110, dist=5.65
2026-03-03 13:14:08,346 [INFO] Performing PPO update at global step 1800192
2026-03-03 13:14:08,631 [INFO] PPO losses — policy: -0.0019, value: 5728.4176, entropy: 4.2242
2026-03-03 13:14:08,636 [INFO] PPO update completed. Buffer cleared.
2026-03-03 13:14:09,860 [INFO] Step 800: reward=2.644, dist=2.65
2026-03-03 13:14:14,717 [INFO] Episode 2252 COMPLETE | Reward 1612.97 | Steps 917 | Terminated True | Truncated False
2026-03-03 13:14:16,745 [INFO] Step 0: reward=-0.205, dist=2.57
2026-03-03 13:14:21,911 [INFO] Episode 2253 COMPLETE | Reward 478.85 | Steps 109 | Terminated True | Truncated False
2026-03-03 13:14:25,320 [INFO] Step 0: reward=-0.208, dist=2.55
2026-03-03 13:14:32,755 [INFO] Step 200: reward=0.094, dist=4.59
2026-03-03 13:14:40,168 [INFO] Step 400: reward=0.310, dist=4.14
2026-03-03 13:14:46,647 [INFO] Step 600: reward=4.555, dist=1.57
2026-03-03 13:14:48,019 [INFO] Episode 2254 COMPLETE | Reward 1290.37 | Steps 650 | Terminated True | Truncated False
2026-03-03 13:14:53,347 [INFO] Step 0: reward=0.095, dist=6.91
2026-03-03 13:15:00,026 [INFO] Step 200: reward=0.094, dist=7.20
2026-03-03 13:15:07,971 [INFO] Step 400: reward=0.096, dist=8.93
2026-03-03 13:15:17,720 [INFO] Step 600: reward=5.928, dist=6.70
2026-03-03 13:15:27,270 [INFO] Step 800: reward=6.156, dist=3.03
2026-03-03 13:15:32,246 [INFO] Episode 2255 COMPLETE | Reward 1605.32 | Steps 904 | Terminated True | Truncated False
2026-03-03 13:15:43,651 [INFO] Step 0: reward=-1.786, dist=4.24
2026-03-03 13:15:52,487 [INFO] Step 200: reward=0.329, dist=1.65
2026-03-03 13:15:53,416 [INFO] Performing PPO update at global step 1802240
2026-03-03 13:15:53,706 [INFO] PPO losses — policy: 0.1350, value: 1863.1852, entropy: 4.2242
2026-03-03 13:15:53,712 [INFO] PPO update completed. Buffer cleared.
2026-03-03 13:16:00,982 [INFO] Step 400: reward=-0.209, dist=3.07
2026-03-03 13:16:06,976 [INFO] Step 600: reward=-0.731, dist=4.22
2026-03-03 13:16:14,307 [INFO] Episode 2256 COMPLETE | Reward 38.17 | Steps 714 | Terminated True | Truncated False
2026-03-03 13:16:16,791 [INFO] Step 0: reward=-0.205, dist=2.50
2026-03-03 13:16:23,409 [INFO] Step 200: reward=-0.205, dist=3.14
2026-03-03 13:16:31,177 [INFO] Step 400: reward=6.645, dist=1.71
2026-03-03 13:16:33,421 [INFO] Episode 2257 COMPLETE | Reward 112.61 | Steps 442 | Terminated True | Truncated False
2026-03-03 13:16:36,746 [INFO] Step 0: reward=0.095, dist=7.93
2026-03-03 13:16:44,232 [INFO] Step 200: reward=0.095, dist=9.61
2026-03-03 13:16:54,586 [INFO] Step 400: reward=0.581, dist=7.96
2026-03-03 13:17:02,181 [INFO] Step 600: reward=-0.414, dist=7.95
2026-03-03 13:17:10,817 [INFO] Step 800: reward=-0.005, dist=9.25
2026-03-03 13:17:19,784 [INFO] Episode 2258 COMPLETE | Reward 133.68 | Steps 1000 | Terminated False | Truncated True
2026-03-03 13:17:22,771 [INFO] Step 0: reward=-0.208, dist=3.95
2026-03-03 13:17:28,202 [INFO] Performing PPO update at global step 1804288
2026-03-03 13:17:28,495 [INFO] PPO losses — policy: 0.0222, value: 869.0460, entropy: 4.2242
2026-03-03 13:17:28,502 [INFO] PPO update completed. Buffer cleared.
2026-03-03 13:17:31,739 [INFO] Step 200: reward=6.311, dist=2.61
2026-03-03 13:17:35,996 [INFO] Episode 2259 COMPLETE | Reward 622.48 | Steps 294 | Terminated True | Truncated False
2026-03-03 13:17:40,114 [INFO] Step 0: reward=-1.628, dist=7.33
2026-03-03 13:17:47,179 [INFO] Step 200: reward=-0.322, dist=7.87
2026-03-03 13:17:55,107 [INFO] Step 400: reward=-0.009, dist=9.65
2026-03-03 13:18:04,539 [INFO] Step 600: reward=6.029, dist=8.26
2026-03-03 13:18:11,597 [INFO] Step 800: reward=-0.143, dist=7.62
2026-03-03 13:18:19,958 [INFO] Episode 2260 COMPLETE | Reward -135.82 | Steps 1000 | Terminated False | Truncated True
2026-03-03 13:18:19,986 [INFO] Checkpoint saved: checkpoints/ppo_ep_02260.pt
2026-03-03 13:18:22,295 [INFO] Step 0: reward=-0.240, dist=2.27
2026-03-03 13:18:31,529 [INFO] Step 200: reward=-0.208, dist=3.73
2026-03-03 13:18:37,460 [INFO] Step 400: reward=0.094, dist=4.25
2026-03-03 13:18:43,578 [INFO] Step 600: reward=6.167, dist=2.53
2026-03-03 13:18:48,997 [INFO] Episode 2261 COMPLETE | Reward 711.04 | Steps 747 | Terminated True | Truncated False
2026-03-03 13:18:52,142 [INFO] Step 0: reward=-0.005, dist=7.07
2026-03-03 13:18:57,088 [INFO] Performing PPO update at global step 1806336
2026-03-03 13:18:57,495 [INFO] PPO losses — policy: 0.0184, value: 1101.5902, entropy: 4.2242
2026-03-03 13:18:57,502 [INFO] PPO update completed. Buffer cleared.
2026-03-03 13:18:59,960 [INFO] Step 200: reward=1.131, dist=4.00
2026-03-03 13:19:07,506 [INFO] Episode 2262 COMPLETE | Reward 1413.94 | Steps 380 | Terminated True | Truncated False
2026-03-03 13:19:11,217 [INFO] Step 0: reward=5.932, dist=6.89
2026-03-03 13:19:20,123 [INFO] Step 200: reward=6.216, dist=3.18
2026-03-03 13:19:27,163 [INFO] Episode 2263 COMPLETE | Reward 1683.53 | Steps 370 | Terminated True | Truncated False
2026-03-03 13:19:31,911 [INFO] Step 0: reward=0.051, dist=5.92
2026-03-03 13:19:40,141 [INFO] Step 200: reward=0.062, dist=7.52
2026-03-03 13:19:45,437 [INFO] Step 400: reward=0.476, dist=6.77
2026-03-03 13:19:49,790 [INFO] Step 600: reward=6.294, dist=5.15
2026-03-03 13:19:57,354 [INFO] Step 800: reward=6.615, dist=2.28
2026-03-03 13:20:00,635 [INFO] Episode 2264 COMPLETE | Reward 2142.12 | Steps 875 | Terminated True | Truncated False
2026-03-03 13:20:05,384 [INFO] Step 0: reward=0.095, dist=5.84
2026-03-03 13:20:13,638 [INFO] Step 200: reward=6.168, dist=2.66
2026-03-03 13:20:17,688 [INFO] Episode 2265 COMPLETE | Reward 1393.42 | Steps 262 | Terminated True | Truncated False
2026-03-03 13:20:20,981 [INFO] Step 0: reward=0.095, dist=6.56
2026-03-03 13:20:27,637 [INFO] Step 200: reward=6.321, dist=4.05
2026-03-03 13:20:30,332 [INFO] Performing PPO update at global step 1808384
2026-03-03 13:20:30,612 [INFO] PPO losses — policy: 0.0285, value: 2936.3637, entropy: 4.2242
2026-03-03 13:20:30,618 [INFO] PPO update completed. Buffer cleared.
2026-03-03 13:20:35,791 [INFO] Step 400: reward=-9.092, dist=1.33
2026-03-03 13:20:36,669 [INFO] Episode 2266 COMPLETE | Reward 1710.07 | Steps 424 | Terminated True | Truncated False
2026-03-03 13:20:40,725 [INFO] Step 0: reward=-0.600, dist=7.51
2026-03-03 13:20:47,491 [INFO] Step 200: reward=0.048, dist=7.98
2026-03-03 13:20:55,308 [INFO] Step 400: reward=5.776, dist=5.49
2026-03-03 13:21:02,934 [INFO] Step 600: reward=5.780, dist=2.61
2026-03-03 13:21:07,608 [INFO] Episode 2267 COMPLETE | Reward 1825.45 | Steps 724 | Terminated True | Truncated False
2026-03-03 13:21:19,251 [INFO] Step 0: reward=0.095, dist=4.24
2026-03-03 13:21:25,540 [INFO] Step 200: reward=-2.205, dist=2.37
2026-03-03 13:21:32,957 [INFO] Step 400: reward=-0.205, dist=3.60
2026-03-03 13:21:39,048 [INFO] Step 600: reward=0.094, dist=4.36
2026-03-03 13:21:42,807 [INFO] Policy action (normalized): v = +0.999, w = +0.531 | Cmd_vel (scaled): v = +0.999 m/s, w = +0.531 rad/s
2026-03-03 13:21:44,486 [INFO] Step 800: reward=-0.081, dist=8.11
2026-03-03 13:21:53,617 [INFO] Episode 2268 COMPLETE | Reward -717.55 | Steps 1000 | Terminated False | Truncated True
2026-03-03 13:21:57,729 [INFO] Step 0: reward=-0.223, dist=2.79
2026-03-03 13:22:06,024 [INFO] Episode 2269 COMPLETE | Reward 348.93 | Steps 183 | Terminated True | Truncated False
2026-03-03 13:22:10,112 [INFO] Step 0: reward=0.094, dist=4.95
2026-03-03 13:22:10,134 [INFO] Performing PPO update at global step 1810432
2026-03-03 13:22:10,421 [INFO] PPO losses — policy: 0.0224, value: 1266.2406, entropy: 4.2242
2026-03-03 13:22:10,426 [INFO] PPO update completed. Buffer cleared.
2026-03-03 13:22:17,125 [INFO] Step 200: reward=0.095, dist=7.15
2026-03-03 13:22:26,318 [INFO] Step 400: reward=0.599, dist=6.94
2026-03-03 13:22:32,905 [INFO] Step 600: reward=6.262, dist=4.21
2026-03-03 13:22:40,857 [INFO] Step 800: reward=2.599, dist=1.39
2026-03-03 13:22:43,402 [INFO] Episode 2270 COMPLETE | Reward 2057.66 | Steps 853 | Terminated True | Truncated False
2026-03-03 13:22:43,425 [INFO] Checkpoint saved: checkpoints/ppo_ep_02270.pt
2026-03-03 13:22:47,659 [INFO] Step 0: reward=-0.211, dist=3.72
2026-03-03 13:22:54,827 [INFO] Step 200: reward=0.108, dist=5.00
2026-03-03 13:23:00,997 [INFO] Step 400: reward=6.284, dist=3.30
2026-03-03 13:23:07,178 [INFO] Step 600: reward=-4.128, dist=1.21
2026-03-03 13:23:08,114 [INFO] Episode 2271 COMPLETE | Reward 1290.48 | Steps 651 | Terminated True | Truncated False
2026-03-03 13:23:12,389 [INFO] Step 0: reward=0.093, dist=4.77
2026-03-03 13:23:19,649 [INFO] Step 200: reward=-3.306, dist=4.97
2026-03-03 13:23:27,415 [INFO] Step 400: reward=6.321, dist=2.05
2026-03-03 13:23:31,462 [INFO] Episode 2272 COMPLETE | Reward 921.90 | Steps 490 | Terminated True | Truncated False
2026-03-03 13:23:35,694 [INFO] Step 0: reward=-1.243, dist=2.56
2026-03-03 13:23:39,030 [INFO] Performing PPO update at global step 1812480
2026-03-03 13:23:39,302 [INFO] PPO losses — policy: 0.0127, value: 1829.7226, entropy: 4.2242
2026-03-03 13:23:39,310 [INFO] PPO update completed. Buffer cleared.
2026-03-03 13:23:44,790 [INFO] Step 200: reward=-1.425, dist=1.05
2026-03-03 13:23:45,128 [INFO] Episode 2273 COMPLETE | Reward 188.84 | Steps 215 | Terminated True | Truncated False
2026-03-03 13:23:48,138 [INFO] Step 0: reward=0.093, dist=4.86
2026-03-03 13:23:54,752 [INFO] Step 200: reward=0.094, dist=5.28
2026-03-03 13:24:00,247 [INFO] Step 400: reward=-0.035, dist=6.75
2026-03-03 13:24:08,438 [INFO] Step 600: reward=0.486, dist=6.10
2026-03-03 13:24:15,837 [INFO] Step 800: reward=6.132, dist=3.25
2026-03-03 13:24:22,414 [INFO] Episode 2274 COMPLETE | Reward 1776.49 | Steps 999 | Terminated True | Truncated False
2026-03-03 13:24:25,976 [INFO] Step 0: reward=0.046, dist=7.48
2026-03-03 13:24:35,468 [INFO] Step 200: reward=6.430, dist=5.26
2026-03-03 13:24:44,844 [INFO] Step 400: reward=6.191, dist=2.16
2026-03-03 13:24:48,516 [INFO] Episode 2275 COMPLETE | Reward 1663.05 | Steps 519 | Terminated True | Truncated False
2026-03-03 13:25:00,120 [INFO] Step 0: reward=0.094, dist=4.24
2026-03-03 13:25:07,553 [INFO] Step 200: reward=-0.133, dist=2.17
2026-03-03 13:25:12,690 [INFO] Performing PPO update at global step 1814528
2026-03-03 13:25:13,104 [INFO] PPO losses — policy: 0.0891, value: 1439.4638, entropy: 4.2242
2026-03-03 13:25:13,111 [INFO] PPO update completed. Buffer cleared.
2026-03-03 13:25:14,425 [INFO] Step 400: reward=-0.408, dist=3.32
2026-03-03 13:25:20,449 [INFO] Step 600: reward=-2.018, dist=4.59
2026-03-03 13:25:25,801 [INFO] Step 800: reward=-0.082, dist=4.11
2026-03-03 13:25:29,803 [INFO] Episode 2276 COMPLETE | Reward -732.79 | Steps 1000 | Terminated False | Truncated True
2026-03-03 13:25:34,857 [INFO] Step 0: reward=-0.222, dist=2.10
2026-03-03 13:25:39,049 [INFO] Episode 2277 COMPLETE | Reward 228.85 | Steps 114 | Terminated True | Truncated False
2026-03-03 13:25:44,013 [INFO] Step 0: reward=0.095, dist=6.72
2026-03-03 13:25:51,917 [INFO] Step 200: reward=-1.874, dist=8.99
2026-03-03 13:25:59,044 [INFO] Step 400: reward=6.176, dist=7.85
2026-03-03 13:26:06,085 [INFO] Step 600: reward=5.320, dist=5.24
2026-03-03 13:26:14,472 [INFO] Step 800: reward=6.298, dist=1.76
2026-03-03 13:26:22,363 [INFO] Episode 2278 COMPLETE | Reward 1455.98 | Steps 981 | Terminated True | Truncated False
2026-03-03 13:26:26,044 [INFO] Step 0: reward=0.089, dist=5.80
2026-03-03 13:26:35,489 [INFO] Step 200: reward=-1.193, dist=6.83
2026-03-03 13:26:40,535 [INFO] Performing PPO update at global step 1816576
2026-03-03 13:26:40,820 [INFO] PPO losses — policy: 0.0150, value: 1607.8558, entropy: 4.2242
2026-03-03 13:26:40,825 [INFO] PPO update completed. Buffer cleared.
2026-03-03 13:26:43,359 [INFO] Step 400: reward=0.023, dist=7.76
2026-03-03 13:26:53,173 [INFO] Step 600: reward=6.269, dist=4.41
2026-03-03 13:27:00,673 [INFO] Step 800: reward=4.113, dist=1.56
2026-03-03 13:27:05,207 [INFO] Episode 2279 COMPLETE | Reward 1650.29 | Steps 916 | Terminated True | Truncated False
2026-03-03 13:27:09,530 [INFO] Step 0: reward=-1.845, dist=5.89
2026-03-03 13:27:17,092 [INFO] Step 200: reward=5.954, dist=4.08
2026-03-03 13:27:21,808 [INFO] Step 400: reward=6.163, dist=2.17
2026-03-03 13:27:29,336 [INFO] Step 600: reward=-8.594, dist=1.57
2026-03-03 13:27:35,455 [INFO] Step 800: reward=-7.251, dist=1.35
2026-03-03 13:27:38,152 [INFO] Episode 2280 COMPLETE | Reward 1523.23 | Steps 857 | Terminated True | Truncated False
2026-03-03 13:27:38,174 [INFO] Checkpoint saved: checkpoints/ppo_ep_02280.pt
2026-03-03 13:27:42,438 [INFO] Step 0: reward=5.671, dist=7.33
2026-03-03 13:27:50,451 [INFO] Step 200: reward=6.496, dist=3.98
2026-03-03 13:27:57,018 [INFO] Step 400: reward=5.959, dist=1.49
2026-03-03 13:28:02,501 [INFO] Episode 2281 COMPLETE | Reward 1805.34 | Steps 573 | Terminated True | Truncated False
2026-03-03 13:28:06,652 [INFO] Step 0: reward=-0.238, dist=3.77
2026-03-03 13:28:07,596 [INFO] Performing PPO update at global step 1818624
2026-03-03 13:28:07,894 [INFO] PPO losses — policy: 0.0403, value: 3363.3637, entropy: 4.2242
2026-03-03 13:28:07,899 [INFO] PPO update completed. Buffer cleared.
2026-03-03 13:28:14,093 [INFO] Step 200: reward=-0.081, dist=5.70
2026-03-03 13:28:22,169 [INFO] Step 400: reward=0.087, dist=7.29
2026-03-03 13:28:29,115 [INFO] Step 600: reward=6.263, dist=5.27
2026-03-03 13:28:37,480 [INFO] Step 800: reward=6.342, dist=1.67
2026-03-03 13:28:40,549 [INFO] Episode 2282 COMPLETE | Reward 1892.33 | Steps 888 | Terminated True | Truncated False
2026-03-03 13:28:43,640 [INFO] Step 0: reward=-0.206, dist=2.06
2026-03-03 13:28:47,689 [INFO] Episode 2283 COMPLETE | Reward 212.86 | Steps 127 | Terminated True | Truncated False
2026-03-03 13:28:52,002 [INFO] Step 0: reward=0.095, dist=4.64
2026-03-03 13:28:57,656 [INFO] Step 200: reward=3.607, dist=2.68
2026-03-03 13:29:02,801 [INFO] Episode 2284 COMPLETE | Reward 1412.70 | Steps 356 | Terminated True | Truncated False
2026-03-03 13:29:07,079 [INFO] Step 0: reward=-0.005, dist=5.01
2026-03-03 13:29:07,684 [INFO] Policy action (normalized): v = +0.968, w = +0.918 | Cmd_vel (scaled): v = +0.968 m/s, w = +0.918 rad/s
2026-03-03 13:29:15,729 [INFO] Step 200: reward=-0.162, dist=3.58
2026-03-03 13:29:22,869 [INFO] Step 400: reward=-6.964, dist=1.27
2026-03-03 13:29:23,952 [INFO] Episode 2285 COMPLETE | Reward 914.15 | Steps 426 | Terminated True | Truncated False
2026-03-03 13:29:28,138 [INFO] Step 0: reward=5.981, dist=3.51
2026-03-03 13:29:34,031 [INFO] Step 200: reward=-9.999, dist=1.53
2026-03-03 13:29:36,164 [INFO] Episode 2286 COMPLETE | Reward 1229.30 | Steps 248 | Terminated True | Truncated False
2026-03-03 13:29:40,489 [INFO] Step 0: reward=-0.236, dist=3.98
2026-03-03 13:29:41,070 [INFO] Performing PPO update at global step 1820672
2026-03-03 13:29:41,347 [INFO] PPO losses — policy: 0.0299, value: 1801.0220, entropy: 4.2242
2026-03-03 13:29:41,352 [INFO] PPO update completed. Buffer cleared.
2026-03-03 13:29:47,978 [INFO] Step 200: reward=0.431, dist=4.34
2026-03-03 13:29:56,263 [INFO] Step 400: reward=6.167, dist=1.55
2026-03-03 13:29:58,732 [INFO] Episode 2287 COMPLETE | Reward 730.47 | Steps 487 | Terminated True | Truncated False
2026-03-03 13:30:02,781 [INFO] Step 0: reward=-0.005, dist=4.69
2026-03-03 13:30:10,879 [INFO] Step 200: reward=6.486, dist=1.74
2026-03-03 13:30:13,451 [INFO] Episode 2288 COMPLETE | Reward 1342.08 | Steps 243 | Terminated True | Truncated False
2026-03-03 13:30:17,631 [INFO] Step 0: reward=0.092, dist=5.62
2026-03-03 13:30:25,863 [INFO] Step 200: reward=6.196, dist=2.32
2026-03-03 13:30:31,868 [INFO] Episode 2289 COMPLETE | Reward 1715.96 | Steps 363 | Terminated True | Truncated False
2026-03-03 13:30:36,012 [INFO] Step 0: reward=0.058, dist=5.27
2026-03-03 13:30:42,630 [INFO] Step 200: reward=-2.005, dist=6.90
2026-03-03 13:30:51,820 [INFO] Step 400: reward=0.179, dist=8.11
2026-03-03 13:30:58,246 [INFO] Step 600: reward=5.716, dist=6.01
2026-03-03 13:31:04,428 [INFO] Step 800: reward=6.067, dist=3.72
2026-03-03 13:31:11,668 [INFO] Performing PPO update at global step 1822720
2026-03-03 13:31:11,959 [INFO] PPO losses — policy: 0.0304, value: 2177.2920, entropy: 4.2242
2026-03-03 13:31:11,969 [INFO] PPO update completed. Buffer cleared.
2026-03-03 13:31:12,114 [INFO] Episode 2290 COMPLETE | Reward 2357.66 | Steps 992 | Terminated True | Truncated False
2026-03-03 13:31:12,135 [INFO] Checkpoint saved: checkpoints/ppo_ep_02290.pt
2026-03-03 13:31:12,172 [INFO] New BEST model saved! Reward = 2357.66 (episode 2290)
2026-03-03 13:31:17,256 [INFO] Step 0: reward=0.095, dist=5.21
2026-03-03 13:31:24,982 [INFO] Step 200: reward=0.125, dist=6.95
2026-03-03 13:31:34,965 [INFO] Step 400: reward=6.638, dist=3.69
2026-03-03 13:31:41,797 [INFO] Step 600: reward=6.051, dist=1.34
2026-03-03 13:31:42,736 [INFO] Episode 2291 COMPLETE | Reward 1880.19 | Steps 643 | Terminated True | Truncated False
2026-03-03 13:31:46,132 [INFO] Step 0: reward=0.086, dist=4.37
2026-03-03 13:31:51,639 [INFO] Step 200: reward=-0.107, dist=3.73
2026-03-03 13:31:58,733 [INFO] Step 400: reward=0.753, dist=1.06
2026-03-03 13:31:58,967 [INFO] Episode 2292 COMPLETE | Reward 980.93 | Steps 416 | Terminated True | Truncated False
2026-03-03 13:32:03,005 [INFO] Step 0: reward=-0.206, dist=2.22
2026-03-03 13:32:12,287 [INFO] Step 200: reward=-0.419, dist=3.91
2026-03-03 13:32:18,808 [INFO] Step 400: reward=0.240, dist=4.84
2026-03-03 13:32:26,450 [INFO] Step 600: reward=6.387, dist=2.29
2026-03-03 13:32:30,564 [INFO] Episode 2293 COMPLETE | Reward 946.11 | Steps 715 | Terminated True | Truncated False
2026-03-03 13:32:34,620 [INFO] Step 0: reward=0.092, dist=5.44
2026-03-03 13:32:40,372 [INFO] Step 200: reward=-0.005, dist=6.65
2026-03-03 13:32:43,077 [INFO] Performing PPO update at global step 1824768
2026-03-03 13:32:43,490 [INFO] PPO losses — policy: 0.0167, value: 1759.4919, entropy: 4.2242
2026-03-03 13:32:43,497 [INFO] PPO update completed. Buffer cleared.
2026-03-03 13:32:49,907 [INFO] Step 400: reward=0.164, dist=8.44
2026-03-03 13:32:55,459 [INFO] Step 600: reward=0.730, dist=6.87
2026-03-03 13:33:01,047 [INFO] Step 800: reward=0.595, dist=4.64
2026-03-03 13:33:07,675 [INFO] Episode 2294 COMPLETE | Reward 1711.34 | Steps 1000 | Terminated False | Truncated True
2026-03-03 13:33:10,974 [INFO] Step 0: reward=0.091, dist=7.40
2026-03-03 13:33:17,930 [INFO] Step 200: reward=-1.920, dist=8.90
2026-03-03 13:33:27,241 [INFO] Step 400: reward=0.622, dist=6.91
2026-03-03 13:33:35,059 [INFO] Step 600: reward=6.162, dist=3.68
2026-03-03 13:33:42,494 [INFO] Episode 2295 COMPLETE | Reward 2072.86 | Steps 781 | Terminated True | Truncated False
2026-03-03 13:33:45,580 [INFO] Step 0: reward=0.084, dist=6.61
2026-03-03 13:33:51,057 [INFO] Step 200: reward=0.114, dist=7.19
2026-03-03 13:34:02,877 [INFO] Step 400: reward=6.275, dist=2.90
2026-03-03 13:34:08,455 [INFO] Performing PPO update at global step 1826816
2026-03-03 13:34:08,739 [INFO] PPO losses — policy: 0.0121, value: 2488.1862, entropy: 4.2242
2026-03-03 13:34:08,747 [INFO] PPO update completed. Buffer cleared.
2026-03-03 13:34:09,069 [INFO] Episode 2296 COMPLETE | Reward 1477.39 | Steps 548 | Terminated True | Truncated False
2026-03-03 13:34:12,324 [INFO] Step 0: reward=5.994, dist=4.20
2026-03-03 13:34:19,625 [INFO] Step 200: reward=6.530, dist=1.41
2026-03-03 13:34:21,420 [INFO] Episode 2297 COMPLETE | Reward 1310.62 | Steps 271 | Terminated True | Truncated False
2026-03-03 13:34:26,028 [INFO] Step 0: reward=0.045, dist=4.99
2026-03-03 13:34:34,247 [INFO] Step 200: reward=0.015, dist=7.06
2026-03-03 13:34:41,074 [INFO] Step 400: reward=2.430, dist=5.56
2026-03-03 13:34:48,515 [INFO] Step 600: reward=6.482, dist=2.67
2026-03-03 13:34:54,007 [INFO] Episode 2298 COMPLETE | Reward 1891.00 | Steps 704 | Terminated True | Truncated False
2026-03-03 13:34:57,144 [INFO] Step 0: reward=0.095, dist=6.96
2026-03-03 13:35:02,983 [INFO] Step 200: reward=6.192, dist=5.69
2026-03-03 13:35:07,788 [INFO] Step 400: reward=6.444, dist=4.09
2026-03-03 13:35:13,146 [INFO] Step 600: reward=6.256, dist=1.80
2026-03-03 13:35:15,333 [INFO] Episode 2299 COMPLETE | Reward 2481.83 | Steps 675 | Terminated True | Truncated False
2026-03-03 13:35:15,371 [INFO] New BEST model saved! Reward = 2481.83 (episode 2299)
2026-03-03 13:35:19,620 [INFO] Step 0: reward=0.095, dist=6.88
2026-03-03 13:35:27,826 [INFO] Step 200: reward=-5.074, dist=5.36
2026-03-03 13:35:33,749 [INFO] Performing PPO update at global step 1828864
2026-03-03 13:35:34,029 [INFO] PPO losses — policy: 0.0970, value: 2306.0784, entropy: 4.2242
2026-03-03 13:35:34,035 [INFO] PPO update completed. Buffer cleared.
2026-03-03 13:35:34,632 [INFO] Step 400: reward=6.485, dist=2.64
2026-03-03 13:35:40,791 [INFO] Episode 2300 COMPLETE | Reward 1590.25 | Steps 554 | Terminated True | Truncated False
2026-03-03 13:35:40,813 [INFO] Checkpoint saved: checkpoints/ppo_ep_02300.pt
2026-03-03 13:35:44,160 [INFO] Step 0: reward=-0.205, dist=2.41
2026-03-03 13:35:52,556 [INFO] Step 200: reward=0.425, dist=1.84
2026-03-03 13:35:54,667 [INFO] Episode 2301 COMPLETE | Reward 302.55 | Steps 291 | Terminated True | Truncated False
2026-03-03 13:35:58,840 [INFO] Step 0: reward=0.069, dist=4.36
2026-03-03 13:36:07,813 [INFO] Step 200: reward=0.095, dist=6.84
2026-03-03 13:36:16,652 [INFO] Step 400: reward=5.791, dist=4.97
2026-03-03 13:36:25,428 [INFO] Step 600: reward=5.087, dist=1.56
2026-03-03 13:36:28,300 [INFO] Policy action (normalized): v = +0.999, w = -0.981 | Cmd_vel (scaled): v = +0.999 m/s, w = -0.981 rad/s
2026-03-03 13:36:30,989 [INFO] Episode 2302 COMPLETE | Reward 1330.97 | Steps 753 | Terminated True | Truncated False
2026-03-03 13:36:34,228 [INFO] Step 0: reward=-0.207, dist=3.78
2026-03-03 13:36:42,486 [INFO] Step 200: reward=0.287, dist=5.04
2026-03-03 13:36:48,621 [INFO] Step 400: reward=5.750, dist=2.68
2026-03-03 13:36:53,576 [INFO] Episode 2303 COMPLETE | Reward 1191.23 | Steps 507 | Terminated True | Truncated False
2026-03-03 13:37:18,809 [INFO] Step 0: reward=-100.000, dist=2014.07
2026-03-03 13:37:18,810 [INFO] Episode 2304 COMPLETE | Reward -100.00 | Steps 1 | Terminated False | Truncated True
2026-03-03 13:37:21,195 [INFO] Step 0: reward=-0.305, dist=2.47
