2026-02-24 16:30:40,874 [INFO] Starting RL Training
2026-02-24 16:30:40,874 [INFO] Using device: cuda
2026-02-24 16:30:40,887 [INFO] GPU name: NVIDIA GeForce RTX 4080
2026-02-24 16:30:40,887 [INFO] TensorBoard logging enabled (tensorboard/)
2026-02-24 16:30:41,507 [INFO] Resumed training from checkpoint: checkpoints/ppo_ep_00820.pt | episode = 820, global_step = 716838
2026-02-24 16:30:45,355 [INFO] Step 0: reward=-2.204, dist=3.19
2026-02-24 16:30:48,969 [INFO] Step 200: reward=-2.251, dist=3.40
2026-02-24 16:30:55,677 [INFO] Step 400: reward=-0.183, dist=4.48
2026-02-24 16:31:03,717 [INFO] Step 600: reward=-1.923, dist=5.57
2026-02-24 16:31:09,334 [INFO] Step 800: reward=0.040, dist=6.69
2026-02-24 16:31:14,668 [INFO] Episode 820 COMPLETE | Reward -1198.20 | Steps 1000 | Terminated False | Truncated True
2026-02-24 16:31:14,702 [INFO] Checkpoint saved: checkpoints/ppo_ep_00820.pt
2026-02-24 16:31:18,029 [INFO] Step 0: reward=-0.209, dist=2.00
2026-02-24 16:31:25,638 [INFO] Step 200: reward=-0.389, dist=2.94
2026-02-24 16:31:29,356 [INFO] Step 400: reward=-0.206, dist=3.48
2026-02-24 16:31:33,897 [INFO] Step 600: reward=-1.271, dist=4.38
2026-02-24 16:31:38,988 [INFO] Step 800: reward=-1.906, dist=4.51
2026-02-24 16:31:45,008 [INFO] Episode 821 COMPLETE | Reward -1486.72 | Steps 1000 | Terminated False | Truncated True
2026-02-24 16:31:49,779 [INFO] Step 0: reward=-0.209, dist=2.54
2026-02-24 16:31:50,141 [INFO] Performing PPO update at global step 718848
2026-02-24 16:31:50,780 [INFO] PPO losses — policy: 0.0024, value: 299.8614, entropy: 4.2242
2026-02-24 16:31:50,783 [INFO] PPO update completed. Buffer cleared.
2026-02-24 16:31:54,310 [INFO] Step 200: reward=-0.342, dist=2.99
2026-02-24 16:31:59,157 [INFO] Step 400: reward=-1.806, dist=3.97
2026-02-24 16:32:05,498 [INFO] Step 600: reward=-2.292, dist=5.24
2026-02-24 16:32:11,238 [INFO] Step 800: reward=-1.183, dist=5.66
2026-02-24 16:32:18,061 [INFO] Episode 822 COMPLETE | Reward -1276.55 | Steps 1000 | Terminated False | Truncated True
2026-02-24 16:32:22,509 [INFO] Step 0: reward=-1.307, dist=3.50
2026-02-24 16:32:27,164 [INFO] Policy action (normalized): v = +0.386, w = +0.998 | Cmd_vel (scaled): v = +0.386 m/s, w = +0.998 rad/s
2026-02-24 16:32:27,961 [INFO] Step 200: reward=-2.215, dist=3.12
2026-02-24 16:32:34,856 [INFO] Step 400: reward=-2.237, dist=3.10
2026-02-24 16:32:42,673 [INFO] Step 600: reward=-0.328, dist=3.77
2026-02-24 16:32:47,718 [INFO] Step 800: reward=-1.887, dist=4.34
2026-02-24 16:32:53,181 [INFO] Episode 823 COMPLETE | Reward -1370.20 | Steps 1000 | Terminated False | Truncated True
2026-02-24 16:32:55,825 [INFO] Step 0: reward=-0.206, dist=2.22
2026-02-24 16:32:57,932 [INFO] Performing PPO update at global step 720896
2026-02-24 16:32:58,193 [INFO] PPO losses — policy: -0.0078, value: 264.8385, entropy: 4.2242
2026-02-24 16:32:58,198 [INFO] PPO update completed. Buffer cleared.
2026-02-24 16:33:02,937 [INFO] Step 200: reward=-0.207, dist=1.43
2026-02-24 16:33:06,673 [INFO] Step 400: reward=-4.065, dist=1.28
2026-02-24 16:33:12,141 [INFO] Step 600: reward=-3.678, dist=1.91
2026-02-24 16:33:16,920 [INFO] Step 800: reward=-0.447, dist=3.00
2026-02-24 16:33:21,006 [INFO] Episode 824 COMPLETE | Reward -1558.09 | Steps 1000 | Terminated False | Truncated True
2026-02-24 16:33:25,181 [INFO] Step 0: reward=-0.206, dist=3.86
2026-02-24 16:33:30,999 [INFO] Step 200: reward=-2.209, dist=3.01
2026-02-24 16:33:36,314 [INFO] Step 400: reward=-2.239, dist=2.44
2026-02-24 16:33:43,355 [INFO] Step 600: reward=-0.173, dist=1.95
2026-02-24 16:33:48,509 [INFO] Step 800: reward=-0.244, dist=2.14
2026-02-24 16:33:54,393 [INFO] Episode 825 COMPLETE | Reward -1221.05 | Steps 1000 | Terminated False | Truncated True
2026-02-24 16:33:54,431 [INFO] Checkpoint saved: checkpoints/ppo_ep_00825.pt
2026-02-24 16:33:58,589 [INFO] Step 0: reward=-0.230, dist=3.73
2026-02-24 16:34:01,157 [INFO] Performing PPO update at global step 722944
2026-02-24 16:34:01,431 [INFO] PPO losses — policy: 0.0021, value: 534.8245, entropy: 4.2242
2026-02-24 16:34:01,436 [INFO] PPO update completed. Buffer cleared.
2026-02-24 16:34:04,590 [INFO] Step 200: reward=6.492, dist=1.15
2026-02-24 16:34:04,924 [INFO] Episode 826 COMPLETE | Reward 952.67 | Steps 210 | Terminated True | Truncated False
2026-02-24 16:34:04,962 [INFO] New BEST model saved! Reward = 952.67 (episode 826)
2026-02-24 16:34:09,179 [INFO] Step 0: reward=-0.205, dist=2.93
2026-02-24 16:34:15,223 [INFO] Step 200: reward=-2.218, dist=2.38
2026-02-24 16:34:20,788 [INFO] Step 400: reward=-0.250, dist=2.36
2026-02-24 16:34:25,603 [INFO] Step 600: reward=-2.220, dist=3.28
2026-02-24 16:34:32,689 [INFO] Step 800: reward=0.011, dist=4.60
2026-02-24 16:34:39,490 [INFO] Episode 827 COMPLETE | Reward -1106.80 | Steps 1000 | Terminated False | Truncated True
2026-02-24 16:34:42,577 [INFO] Step 0: reward=-1.305, dist=2.98
2026-02-24 16:34:47,603 [INFO] Step 200: reward=-0.709, dist=3.30
2026-02-24 16:34:52,915 [INFO] Step 400: reward=-3.280, dist=4.28
2026-02-24 16:34:58,116 [INFO] Step 600: reward=-0.133, dist=5.30
2026-02-24 16:35:02,697 [INFO] Step 800: reward=-0.023, dist=6.23
2026-02-24 16:35:05,347 [INFO] Performing PPO update at global step 724992
2026-02-24 16:35:05,616 [INFO] PPO losses — policy: 0.0007, value: 320.8550, entropy: 4.2242
2026-02-24 16:35:05,621 [INFO] PPO update completed. Buffer cleared.
2026-02-24 16:35:06,471 [INFO] Episode 828 COMPLETE | Reward -1265.58 | Steps 1000 | Terminated False | Truncated True
2026-02-24 16:35:09,879 [INFO] Step 0: reward=-0.877, dist=2.04
2026-02-24 16:35:19,070 [INFO] Step 200: reward=-0.902, dist=3.80
2026-02-24 16:35:26,611 [INFO] Step 400: reward=0.015, dist=5.16
2026-02-24 16:35:30,775 [INFO] Step 600: reward=-1.956, dist=6.37
2026-02-24 16:35:34,660 [INFO] Step 800: reward=-0.000, dist=7.02
2026-02-24 16:35:39,523 [INFO] Episode 829 COMPLETE | Reward -1134.77 | Steps 1000 | Terminated False | Truncated True
2026-02-24 16:35:43,758 [INFO] Step 0: reward=-0.241, dist=2.28
2026-02-24 16:35:49,126 [INFO] Step 200: reward=-0.149, dist=1.64
2026-02-24 16:35:55,694 [INFO] Step 400: reward=-2.247, dist=1.95
2026-02-24 16:36:01,148 [INFO] Step 600: reward=-2.205, dist=2.43
2026-02-24 16:36:05,701 [INFO] Step 800: reward=-0.227, dist=3.44
2026-02-24 16:36:09,728 [INFO] Performing PPO update at global step 727040
2026-02-24 16:36:09,989 [INFO] PPO losses — policy: 0.0047, value: 251.2386, entropy: 4.2242
2026-02-24 16:36:09,996 [INFO] PPO update completed. Buffer cleared.
2026-02-24 16:36:10,177 [INFO] Episode 830 COMPLETE | Reward -1425.85 | Steps 1000 | Terminated False | Truncated True
2026-02-24 16:36:10,195 [INFO] Checkpoint saved: checkpoints/ppo_ep_00830.pt
2026-02-24 16:36:13,177 [INFO] Step 0: reward=-0.206, dist=3.40
2026-02-24 16:36:19,780 [INFO] Step 200: reward=-0.238, dist=3.26
2026-02-24 16:36:27,130 [INFO] Step 400: reward=-2.190, dist=2.89
2026-02-24 16:36:34,217 [INFO] Step 600: reward=-0.206, dist=2.85
2026-02-24 16:36:40,285 [INFO] Step 800: reward=-2.302, dist=3.07
2026-02-24 16:36:45,817 [INFO] Episode 831 COMPLETE | Reward -1168.46 | Steps 1000 | Terminated False | Truncated True
2026-02-24 16:36:50,077 [INFO] Step 0: reward=-0.249, dist=2.96
2026-02-24 16:37:00,803 [INFO] Step 200: reward=-0.663, dist=3.85
2026-02-24 16:37:05,741 [INFO] Step 400: reward=-1.926, dist=4.60
2026-02-24 16:37:10,775 [INFO] Step 600: reward=-1.911, dist=5.16
2026-02-24 16:37:15,978 [INFO] Step 800: reward=0.047, dist=5.63
2026-02-24 16:37:20,757 [INFO] Episode 832 COMPLETE | Reward -1042.54 | Steps 1000 | Terminated False | Truncated True
2026-02-24 16:37:25,921 [INFO] Step 0: reward=-0.205, dist=2.16
2026-02-24 16:37:27,268 [INFO] Performing PPO update at global step 729088
2026-02-24 16:37:27,543 [INFO] PPO losses — policy: -0.0000, value: 205.7585, entropy: 4.2242
2026-02-24 16:37:27,548 [INFO] PPO update completed. Buffer cleared.
2026-02-24 16:37:32,499 [INFO] Step 200: reward=-0.379, dist=2.70
2026-02-24 16:37:38,057 [INFO] Step 400: reward=-2.204, dist=3.63
2026-02-24 16:37:44,447 [INFO] Step 600: reward=-1.793, dist=4.72
2026-02-24 16:37:50,948 [INFO] Step 800: reward=-0.080, dist=6.76
2026-02-24 16:37:54,531 [INFO] Policy action (normalized): v = +0.722, w = -0.997 | Cmd_vel (scaled): v = +0.722 m/s, w = -0.997 rad/s
2026-02-24 16:37:56,000 [INFO] Episode 833 COMPLETE | Reward -1050.26 | Steps 1000 | Terminated False | Truncated True
2026-02-24 16:37:58,707 [INFO] Step 0: reward=-0.218, dist=3.18
2026-02-24 16:38:03,611 [INFO] Episode 834 COMPLETE | Reward 798.53 | Steps 135 | Terminated True | Truncated False
2026-02-24 16:38:07,635 [INFO] Step 0: reward=-0.305, dist=2.19
2026-02-24 16:38:15,483 [INFO] Step 200: reward=-0.257, dist=1.17
2026-02-24 16:38:24,543 [INFO] Step 400: reward=-0.405, dist=2.42
2026-02-24 16:38:33,598 [INFO] Step 600: reward=0.093, dist=4.33
2026-02-24 16:38:39,783 [INFO] Step 800: reward=-1.933, dist=5.64
2026-02-24 16:38:47,062 [INFO] Performing PPO update at global step 731136
2026-02-24 16:38:47,339 [INFO] PPO losses — policy: 0.0011, value: 470.1879, entropy: 4.2242
2026-02-24 16:38:47,344 [INFO] PPO update completed. Buffer cleared.
2026-02-24 16:38:48,697 [INFO] Episode 835 COMPLETE | Reward -690.11 | Steps 1000 | Terminated False | Truncated True
2026-02-24 16:38:48,721 [INFO] Checkpoint saved: checkpoints/ppo_ep_00835.pt
2026-02-24 16:38:52,860 [INFO] Step 0: reward=-0.882, dist=3.04
2026-02-24 16:38:58,328 [INFO] Step 200: reward=-0.256, dist=3.23
2026-02-24 16:39:02,864 [INFO] Step 400: reward=-0.215, dist=3.41
2026-02-24 16:39:09,112 [INFO] Step 600: reward=-2.206, dist=3.14
2026-02-24 16:39:15,030 [INFO] Step 800: reward=-0.205, dist=3.01
2026-02-24 16:39:21,443 [INFO] Episode 836 COMPLETE | Reward -1138.62 | Steps 1000 | Terminated False | Truncated True
2026-02-24 16:39:25,728 [INFO] Step 0: reward=-0.214, dist=2.21
2026-02-24 16:39:32,089 [INFO] Step 200: reward=-0.305, dist=3.94
2026-02-24 16:39:38,729 [INFO] Step 400: reward=-2.031, dist=5.24
2026-02-24 16:39:45,254 [INFO] Step 600: reward=-0.173, dist=6.85
2026-02-24 16:39:50,647 [INFO] Step 800: reward=-0.251, dist=7.79
2026-02-24 16:39:57,747 [INFO] Episode 837 COMPLETE | Reward -815.13 | Steps 1000 | Terminated False | Truncated True
2026-02-24 16:40:10,414 [INFO] Step 0: reward=0.070, dist=4.23
2026-02-24 16:40:10,414 [INFO] Performing PPO update at global step 733184
2026-02-24 16:40:10,690 [INFO] PPO losses — policy: -0.0041, value: 151.3875, entropy: 4.2242
2026-02-24 16:40:10,695 [INFO] PPO update completed. Buffer cleared.
2026-02-24 16:40:19,113 [INFO] Step 200: reward=-0.191, dist=2.73
2026-02-24 16:40:23,831 [INFO] Step 400: reward=-0.207, dist=2.08
2026-02-24 16:40:29,473 [INFO] Episode 838 COMPLETE | Reward -250.79 | Steps 588 | Terminated True | Truncated False
2026-02-24 16:40:32,037 [INFO] Step 0: reward=-0.305, dist=2.86
2026-02-24 16:40:37,770 [INFO] Step 200: reward=-2.120, dist=3.69
2026-02-24 16:40:43,779 [INFO] Step 400: reward=-0.219, dist=3.86
2026-02-24 16:40:50,607 [INFO] Step 600: reward=-0.440, dist=4.08
2026-02-24 16:40:56,186 [INFO] Step 800: reward=0.075, dist=4.57
2026-02-24 16:41:01,603 [INFO] Episode 839 COMPLETE | Reward -796.38 | Steps 1000 | Terminated False | Truncated True
2026-02-24 16:41:05,838 [INFO] Step 0: reward=-0.262, dist=2.88
2026-02-24 16:41:14,574 [INFO] Step 200: reward=-0.239, dist=2.88
2026-02-24 16:41:22,722 [INFO] Step 400: reward=-0.284, dist=3.09
2026-02-24 16:41:25,689 [INFO] Performing PPO update at global step 735232
2026-02-24 16:41:25,973 [INFO] PPO losses — policy: 0.1407, value: 438.1226, entropy: 4.2242
2026-02-24 16:41:25,979 [INFO] PPO update completed. Buffer cleared.
2026-02-24 16:41:30,504 [INFO] Step 600: reward=-1.487, dist=3.93
2026-02-24 16:41:36,217 [INFO] Step 800: reward=0.096, dist=4.01
2026-02-24 16:41:43,255 [INFO] Episode 840 COMPLETE | Reward -883.31 | Steps 1000 | Terminated False | Truncated True
2026-02-24 16:41:43,286 [INFO] Checkpoint saved: checkpoints/ppo_ep_00840.pt
2026-02-24 16:41:48,607 [INFO] Step 0: reward=5.992, dist=3.49
2026-02-24 16:41:53,783 [INFO] Step 200: reward=6.311, dist=1.27
2026-02-24 16:41:54,337 [INFO] Episode 841 COMPLETE | Reward 1265.95 | Steps 211 | Terminated True | Truncated False
2026-02-24 16:41:54,362 [INFO] New BEST model saved! Reward = 1265.95 (episode 841)
2026-02-24 16:41:58,746 [INFO] Step 0: reward=-0.208, dist=3.45
2026-02-24 16:42:06,437 [INFO] Step 200: reward=-2.305, dist=3.03
2026-02-24 16:42:11,373 [INFO] Step 400: reward=-1.586, dist=2.45
2026-02-24 16:42:15,342 [INFO] Episode 842 COMPLETE | Reward -48.19 | Steps 507 | Terminated True | Truncated False
2026-02-24 16:42:19,822 [INFO] Step 0: reward=-0.205, dist=3.76
2026-02-24 16:42:25,487 [INFO] Step 200: reward=6.187, dist=2.17
2026-02-24 16:42:28,247 [INFO] Episode 843 COMPLETE | Reward 505.49 | Steps 255 | Terminated True | Truncated False
2026-02-24 16:42:39,785 [INFO] Step 0: reward=0.050, dist=4.24
2026-02-24 16:42:45,403 [INFO] Step 200: reward=-0.567, dist=3.71
2026-02-24 16:42:53,232 [INFO] Step 400: reward=-2.206, dist=2.94
2026-02-24 16:42:57,160 [INFO] Performing PPO update at global step 737280
2026-02-24 16:42:57,472 [INFO] PPO losses — policy: 0.1274, value: 1128.9911, entropy: 4.2242
2026-02-24 16:42:57,478 [INFO] PPO update completed. Buffer cleared.
2026-02-24 16:43:00,158 [INFO] Step 600: reward=-0.248, dist=1.46
2026-02-24 16:43:06,802 [INFO] Step 800: reward=0.063, dist=4.33
2026-02-24 16:43:14,756 [INFO] Episode 844 COMPLETE | Reward -158.07 | Steps 1000 | Terminated False | Truncated True
2026-02-24 16:43:17,902 [INFO] Step 0: reward=-0.206, dist=2.92
2026-02-24 16:43:26,798 [INFO] Step 200: reward=0.143, dist=4.85
2026-02-24 16:43:32,596 [INFO] Step 400: reward=6.182, dist=3.31
2026-02-24 16:43:37,902 [INFO] Episode 845 COMPLETE | Reward 1042.42 | Steps 525 | Terminated True | Truncated False
2026-02-24 16:43:37,923 [INFO] Checkpoint saved: checkpoints/ppo_ep_00845.pt
2026-02-24 16:43:40,895 [INFO] Step 0: reward=-0.206, dist=2.75
2026-02-24 16:43:49,430 [INFO] Step 200: reward=-1.105, dist=5.10
2026-02-24 16:43:55,242 [INFO] Step 400: reward=0.128, dist=5.34
2026-02-24 16:44:01,029 [INFO] Step 600: reward=5.620, dist=3.46
2026-02-24 16:44:06,757 [INFO] Episode 846 COMPLETE | Reward 1359.00 | Steps 781 | Terminated True | Truncated False
2026-02-24 16:44:06,794 [INFO] New BEST model saved! Reward = 1359.00 (episode 846)
2026-02-24 16:44:10,062 [INFO] Step 0: reward=5.993, dist=3.77
2026-02-24 16:44:16,593 [INFO] Step 200: reward=0.576, dist=1.02
2026-02-24 16:44:16,719 [INFO] Episode 847 COMPLETE | Reward 1214.76 | Steps 203 | Terminated True | Truncated False
2026-02-24 16:44:20,835 [INFO] Step 0: reward=-0.305, dist=3.13
2026-02-24 16:44:23,975 [INFO] Performing PPO update at global step 739328
2026-02-24 16:44:24,277 [INFO] PPO losses — policy: 0.0549, value: 2649.3532, entropy: 4.2242
2026-02-24 16:44:24,283 [INFO] PPO update completed. Buffer cleared.
2026-02-24 16:44:29,317 [INFO] Step 200: reward=0.064, dist=5.11
2026-02-24 16:44:36,918 [INFO] Step 400: reward=3.614, dist=3.79
2026-02-24 16:44:43,429 [INFO] Episode 848 COMPLETE | Reward 904.81 | Steps 538 | Terminated True | Truncated False
2026-02-24 16:44:46,851 [INFO] Step 0: reward=-0.305, dist=2.54
2026-02-24 16:44:55,410 [INFO] Step 200: reward=-0.402, dist=3.93
2026-02-24 16:44:55,658 [INFO] Policy action (normalized): v = +1.000, w = +0.991 | Cmd_vel (scaled): v = +1.000 m/s, w = +0.991 rad/s
2026-02-24 16:45:01,004 [INFO] Step 400: reward=0.095, dist=4.37
2026-02-24 16:45:04,411 [INFO] Step 600: reward=-0.205, dist=3.70
2026-02-24 16:45:10,882 [INFO] Step 800: reward=1.049, dist=1.06
2026-02-24 16:45:11,147 [INFO] Episode 849 COMPLETE | Reward 500.41 | Steps 816 | Terminated True | Truncated False
2026-02-24 16:45:22,680 [INFO] Step 0: reward=-1.784, dist=4.24
2026-02-24 16:45:30,762 [INFO] Step 200: reward=-0.343, dist=2.60
2026-02-24 16:45:37,223 [INFO] Step 400: reward=-0.252, dist=4.69
2026-02-24 16:45:43,022 [INFO] Step 600: reward=-1.896, dist=5.12
2026-02-24 16:45:48,292 [INFO] Performing PPO update at global step 741376
2026-02-24 16:45:48,585 [INFO] PPO losses — policy: 0.0244, value: 1303.3666, entropy: 4.2242
2026-02-24 16:45:48,590 [INFO] PPO update completed. Buffer cleared.
2026-02-24 16:45:49,721 [INFO] Step 800: reward=6.486, dist=1.44
2026-02-24 16:45:50,716 [INFO] Episode 850 COMPLETE | Reward 358.49 | Steps 812 | Terminated True | Truncated False
2026-02-24 16:45:50,739 [INFO] Checkpoint saved: checkpoints/ppo_ep_00850.pt
2026-02-24 16:45:55,856 [INFO] Step 0: reward=-0.205, dist=2.56
2026-02-24 16:46:02,650 [INFO] Step 200: reward=-0.305, dist=3.74
2026-02-24 16:46:08,050 [INFO] Step 400: reward=-1.951, dist=4.84
2026-02-24 16:46:14,503 [INFO] Step 600: reward=6.484, dist=3.25
2026-02-24 16:46:18,879 [INFO] Step 800: reward=0.538, dist=1.40
2026-02-24 16:46:19,783 [INFO] Episode 851 COMPLETE | Reward 1293.24 | Steps 828 | Terminated True | Truncated False
2026-02-24 16:46:24,066 [INFO] Step 0: reward=-0.305, dist=2.73
2026-02-24 16:46:30,088 [INFO] Step 200: reward=-0.273, dist=3.25
2026-02-24 16:46:35,083 [INFO] Step 400: reward=0.031, dist=4.56
2026-02-24 16:46:40,815 [INFO] Step 600: reward=0.547, dist=3.89
2026-02-24 16:46:47,949 [INFO] Episode 852 COMPLETE | Reward 431.83 | Steps 798 | Terminated True | Truncated False
2026-02-24 16:46:53,036 [INFO] Step 0: reward=5.871, dist=3.74
2026-02-24 16:46:57,639 [INFO] Step 200: reward=0.730, dist=1.93
2026-02-24 16:46:59,784 [INFO] Episode 853 COMPLETE | Reward 1390.72 | Steps 266 | Terminated True | Truncated False
2026-02-24 16:46:59,819 [INFO] New BEST model saved! Reward = 1390.72 (episode 853)
2026-02-24 16:47:03,901 [INFO] Step 0: reward=-0.232, dist=2.97
2026-02-24 16:47:06,657 [INFO] Performing PPO update at global step 743424
2026-02-24 16:47:06,974 [INFO] PPO losses — policy: 0.0402, value: 1666.9009, entropy: 4.2242
2026-02-24 16:47:06,982 [INFO] PPO update completed. Buffer cleared.
2026-02-24 16:47:09,192 [INFO] Step 200: reward=-2.171, dist=4.68
2026-02-24 16:47:16,764 [INFO] Step 400: reward=0.094, dist=5.26
2026-02-24 16:47:23,059 [INFO] Step 600: reward=-1.444, dist=3.94
2026-02-24 16:47:29,270 [INFO] Step 800: reward=0.909, dist=1.16
2026-02-24 16:47:29,732 [INFO] Episode 854 COMPLETE | Reward 943.73 | Steps 810 | Terminated True | Truncated False
2026-02-24 16:47:35,144 [INFO] Step 0: reward=-0.205, dist=3.27
2026-02-24 16:47:39,834 [INFO] Step 200: reward=-1.999, dist=4.71
2026-02-24 16:47:47,920 [INFO] Step 400: reward=0.095, dist=5.35
2026-02-24 16:47:52,056 [INFO] Step 600: reward=0.842, dist=4.60
2026-02-24 16:47:57,579 [INFO] Step 800: reward=4.171, dist=2.45
2026-02-24 16:48:00,599 [INFO] Episode 855 COMPLETE | Reward 913.00 | Steps 882 | Terminated True | Truncated False
2026-02-24 16:48:00,623 [INFO] Checkpoint saved: checkpoints/ppo_ep_00855.pt
2026-02-24 16:48:04,728 [INFO] Step 0: reward=5.901, dist=3.38
2026-02-24 16:48:10,337 [INFO] Episode 856 COMPLETE | Reward 1198.98 | Steps 197 | Terminated True | Truncated False
2026-02-24 16:48:13,815 [INFO] Step 0: reward=-0.217, dist=3.40
2026-02-24 16:48:21,342 [INFO] Step 200: reward=-1.580, dist=5.38
2026-02-24 16:48:23,673 [INFO] Performing PPO update at global step 745472
2026-02-24 16:48:24,045 [INFO] PPO losses — policy: 0.0443, value: 1691.7713, entropy: 4.2242
2026-02-24 16:48:24,052 [INFO] PPO update completed. Buffer cleared.
2026-02-24 16:48:27,509 [INFO] Step 400: reward=0.157, dist=5.38
2026-02-24 16:48:32,999 [INFO] Step 600: reward=6.074, dist=3.89
2026-02-24 16:48:38,807 [INFO] Step 800: reward=6.187, dist=1.46
2026-02-24 16:48:39,898 [INFO] Episode 857 COMPLETE | Reward 1297.97 | Steps 838 | Terminated True | Truncated False
2026-02-24 16:48:43,105 [INFO] Step 0: reward=5.976, dist=2.22
2026-02-24 16:48:45,854 [INFO] Episode 858 COMPLETE | Reward 674.29 | Steps 79 | Terminated True | Truncated False
2026-02-24 16:48:49,792 [INFO] Step 0: reward=-0.205, dist=3.36
2026-02-24 16:48:53,993 [INFO] Step 200: reward=-1.905, dist=4.18
2026-02-24 16:48:59,606 [INFO] Step 400: reward=-1.905, dist=5.52
2026-02-24 16:49:06,402 [INFO] Step 600: reward=6.498, dist=3.91
2026-02-24 16:49:12,426 [INFO] Episode 859 COMPLETE | Reward 682.15 | Steps 735 | Terminated True | Truncated False
2026-02-24 16:49:15,645 [INFO] Step 0: reward=-0.205, dist=2.26
2026-02-24 16:49:21,397 [INFO] Step 200: reward=-2.424, dist=3.10
2026-02-24 16:49:28,710 [INFO] Step 400: reward=0.027, dist=4.58
2026-02-24 16:49:34,602 [INFO] Step 600: reward=0.577, dist=3.51
2026-02-24 16:49:37,151 [INFO] Performing PPO update at global step 747520
2026-02-24 16:49:37,427 [INFO] PPO losses — policy: 0.0208, value: 1946.0389, entropy: 4.2242
2026-02-24 16:49:37,432 [INFO] PPO update completed. Buffer cleared.
2026-02-24 16:49:39,814 [INFO] Episode 860 COMPLETE | Reward 508.38 | Steps 728 | Terminated True | Truncated False
2026-02-24 16:49:39,837 [INFO] Checkpoint saved: checkpoints/ppo_ep_00860.pt
2026-02-24 16:49:44,118 [INFO] Step 0: reward=5.993, dist=2.46
2026-02-24 16:49:47,375 [INFO] Episode 861 COMPLETE | Reward 991.54 | Steps 136 | Terminated True | Truncated False
2026-02-24 16:49:49,703 [INFO] Step 0: reward=-0.206, dist=2.39
2026-02-24 16:49:57,510 [INFO] Step 200: reward=-0.425, dist=2.97
2026-02-24 16:50:02,601 [INFO] Step 400: reward=-0.122, dist=4.29
2026-02-24 16:50:07,209 [INFO] Step 600: reward=0.095, dist=5.02
2026-02-24 16:50:15,283 [INFO] Step 800: reward=0.932, dist=3.10
2026-02-24 16:50:19,891 [INFO] Episode 862 COMPLETE | Reward 536.31 | Steps 930 | Terminated True | Truncated False
2026-02-24 16:50:23,064 [INFO] Step 0: reward=-0.230, dist=3.77
2026-02-24 16:50:27,990 [INFO] Step 200: reward=4.457, dist=2.03
2026-02-24 16:50:30,118 [INFO] Episode 863 COMPLETE | Reward 1278.91 | Steps 248 | Terminated True | Truncated False
2026-02-24 16:50:34,723 [INFO] Step 0: reward=-0.213, dist=3.55
2026-02-24 16:50:40,918 [INFO] Step 200: reward=-0.132, dist=4.36
2026-02-24 16:50:48,353 [INFO] Step 400: reward=0.095, dist=6.02
2026-02-24 16:50:53,148 [INFO] Step 600: reward=0.543, dist=5.13
2026-02-24 16:50:55,899 [INFO] Performing PPO update at global step 749568
2026-02-24 16:50:56,188 [INFO] PPO losses — policy: 0.0189, value: 1497.5907, entropy: 4.2242
2026-02-24 16:50:56,194 [INFO] PPO update completed. Buffer cleared.
2026-02-24 16:50:59,003 [INFO] Step 800: reward=6.307, dist=3.05
2026-02-24 16:51:04,026 [INFO] Episode 864 COMPLETE | Reward 1390.69 | Steps 956 | Terminated True | Truncated False
2026-02-24 16:51:07,083 [INFO] Step 0: reward=-0.210, dist=3.68
2026-02-24 16:51:10,268 [INFO] Policy action (normalized): v = +0.981, w = +0.906 | Cmd_vel (scaled): v = +0.981 m/s, w = +0.906 rad/s
2026-02-24 16:51:11,152 [INFO] Step 200: reward=-1.905, dist=4.82
2026-02-24 16:51:16,528 [INFO] Step 400: reward=-3.529, dist=5.91
2026-02-24 16:51:22,527 [INFO] Step 600: reward=0.095, dist=5.64
2026-02-24 16:51:27,759 [INFO] Step 800: reward=6.328, dist=4.01
2026-02-24 16:51:31,774 [INFO] Episode 865 COMPLETE | Reward 919.72 | Steps 1000 | Terminated False | Truncated True
2026-02-24 16:51:31,798 [INFO] Checkpoint saved: checkpoints/ppo_ep_00865.pt
2026-02-24 16:51:43,330 [INFO] Step 0: reward=0.095, dist=4.24
2026-02-24 16:51:47,030 [INFO] Step 200: reward=-0.211, dist=3.28
2026-02-24 16:51:52,054 [INFO] Step 400: reward=-0.054, dist=2.18
2026-02-24 16:51:59,067 [INFO] Step 600: reward=-0.386, dist=3.37
2026-02-24 16:52:03,923 [INFO] Performing PPO update at global step 751616
2026-02-24 16:52:04,226 [INFO] PPO losses — policy: 0.0245, value: 1372.0233, entropy: 4.2242
2026-02-24 16:52:04,231 [INFO] PPO update completed. Buffer cleared.
2026-02-24 16:52:05,238 [INFO] Step 800: reward=1.179, dist=4.24
2026-02-24 16:52:12,102 [INFO] Episode 866 COMPLETE | Reward -888.90 | Steps 1000 | Terminated False | Truncated True
2026-02-24 16:52:16,704 [INFO] Step 0: reward=-0.225, dist=3.94
2026-02-24 16:52:23,010 [INFO] Step 200: reward=-2.025, dist=5.82
2026-02-24 16:52:29,427 [INFO] Step 400: reward=0.050, dist=6.75
2026-02-24 16:52:34,493 [INFO] Step 600: reward=-1.592, dist=6.08
2026-02-24 16:52:42,882 [INFO] Step 800: reward=5.284, dist=4.45
2026-02-24 16:52:47,900 [INFO] Episode 867 COMPLETE | Reward 837.41 | Steps 1000 | Terminated False | Truncated True
2026-02-24 16:52:53,070 [INFO] Step 0: reward=-0.205, dist=3.39
2026-02-24 16:52:59,613 [INFO] Step 200: reward=-0.207, dist=3.55
2026-02-24 16:53:04,952 [INFO] Step 400: reward=0.452, dist=2.36
2026-02-24 16:53:07,995 [INFO] Episode 868 COMPLETE | Reward 248.04 | Steps 514 | Terminated True | Truncated False
2026-02-24 16:53:10,833 [INFO] Step 0: reward=-0.205, dist=3.18
2026-02-24 16:53:15,021 [INFO] Step 200: reward=-0.951, dist=2.92
2026-02-24 16:53:18,405 [INFO] Performing PPO update at global step 753664
2026-02-24 16:53:18,695 [INFO] PPO losses — policy: 0.0623, value: 1065.1410, entropy: 4.2242
2026-02-24 16:53:18,700 [INFO] PPO update completed. Buffer cleared.
2026-02-24 16:53:21,384 [INFO] Step 400: reward=0.044, dist=4.91
2026-02-24 16:53:28,170 [INFO] Step 600: reward=0.082, dist=5.03
2026-02-24 16:53:34,616 [INFO] Step 800: reward=0.867, dist=2.51
2026-02-24 16:53:37,815 [INFO] Episode 869 COMPLETE | Reward 293.57 | Steps 887 | Terminated True | Truncated False
2026-02-24 16:53:42,067 [INFO] Step 0: reward=-0.207, dist=3.50
2026-02-24 16:53:47,775 [INFO] Step 200: reward=-0.097, dist=2.78
2026-02-24 16:53:52,375 [INFO] Episode 870 COMPLETE | Reward 145.04 | Steps 338 | Terminated True | Truncated False
2026-02-24 16:53:52,397 [INFO] Checkpoint saved: checkpoints/ppo_ep_00870.pt
2026-02-24 16:53:55,724 [INFO] Step 0: reward=-0.206, dist=2.07
2026-02-24 16:54:01,339 [INFO] Step 200: reward=-2.205, dist=2.73
2026-02-24 16:54:07,630 [INFO] Step 400: reward=0.018, dist=4.11
2026-02-24 16:54:13,521 [INFO] Step 600: reward=0.537, dist=2.67
2026-02-24 16:54:20,300 [INFO] Step 800: reward=-0.220, dist=3.17
2026-02-24 16:54:25,533 [INFO] Episode 871 COMPLETE | Reward -645.48 | Steps 1000 | Terminated False | Truncated True
2026-02-24 16:54:28,663 [INFO] Step 0: reward=-0.229, dist=2.24
2026-02-24 16:54:31,488 [INFO] Performing PPO update at global step 755712
2026-02-24 16:54:31,775 [INFO] PPO losses — policy: 0.0094, value: 1745.2076, entropy: 4.2242
2026-02-24 16:54:31,781 [INFO] PPO update completed. Buffer cleared.
2026-02-24 16:54:32,394 [INFO] Episode 872 COMPLETE | Reward 251.95 | Steps 137 | Terminated True | Truncated False
2026-02-24 16:54:36,530 [INFO] Step 0: reward=-0.205, dist=2.40
2026-02-24 16:54:42,999 [INFO] Step 200: reward=-0.403, dist=3.84
2026-02-24 16:54:47,955 [INFO] Step 400: reward=-2.005, dist=4.77
2026-02-24 16:54:54,132 [INFO] Step 600: reward=-1.299, dist=3.41
2026-02-24 16:55:00,214 [INFO] Episode 873 COMPLETE | Reward 136.39 | Steps 762 | Terminated True | Truncated False
2026-02-24 16:55:03,341 [INFO] Step 0: reward=-0.209, dist=3.85
2026-02-24 16:55:09,862 [INFO] Step 200: reward=0.036, dist=5.56
2026-02-24 16:55:15,301 [INFO] Step 400: reward=0.096, dist=5.74
2026-02-24 16:55:21,635 [INFO] Step 600: reward=0.601, dist=4.01
2026-02-24 16:55:25,526 [INFO] Step 800: reward=0.517, dist=2.39
2026-02-24 16:55:30,073 [INFO] Episode 874 COMPLETE | Reward 389.40 | Steps 927 | Terminated True | Truncated False
2026-02-24 16:55:33,187 [INFO] Step 0: reward=-0.228, dist=2.17
2026-02-24 16:55:36,613 [INFO] Episode 875 COMPLETE | Reward 297.70 | Steps 159 | Terminated True | Truncated False
2026-02-24 16:55:36,643 [INFO] Checkpoint saved: checkpoints/ppo_ep_00875.pt
2026-02-24 16:55:40,877 [INFO] Step 0: reward=-0.206, dist=3.05
2026-02-24 16:55:46,174 [INFO] Performing PPO update at global step 757760
2026-02-24 16:55:46,460 [INFO] PPO losses — policy: 0.0478, value: 1371.7343, entropy: 4.2242
2026-02-24 16:55:46,466 [INFO] PPO update completed. Buffer cleared.
2026-02-24 16:55:46,983 [INFO] Step 200: reward=0.001, dist=3.12
2026-02-24 16:55:52,048 [INFO] Episode 876 COMPLETE | Reward 299.62 | Steps 354 | Terminated True | Truncated False
2026-02-24 16:55:55,842 [INFO] Step 0: reward=-0.205, dist=2.03
2026-02-24 16:56:04,698 [INFO] Step 200: reward=0.108, dist=4.42
2026-02-24 16:56:11,262 [INFO] Step 400: reward=-1.431, dist=3.06
2026-02-24 16:56:15,643 [INFO] Episode 877 COMPLETE | Reward 428.39 | Steps 513 | Terminated True | Truncated False
2026-02-24 16:56:19,721 [INFO] Step 0: reward=-0.205, dist=2.28
2026-02-24 16:56:25,592 [INFO] Step 200: reward=-0.205, dist=3.25
2026-02-24 16:56:30,840 [INFO] Step 400: reward=-0.253, dist=4.32
2026-02-24 16:56:36,803 [INFO] Step 600: reward=-0.235, dist=3.99
2026-02-24 16:56:42,663 [INFO] Step 800: reward=0.593, dist=1.77
2026-02-24 16:56:44,652 [INFO] Episode 878 COMPLETE | Reward 208.58 | Steps 910 | Terminated True | Truncated False
2026-02-24 16:56:49,023 [INFO] Step 0: reward=-0.205, dist=2.86
2026-02-24 16:56:54,174 [INFO] Episode 879 COMPLETE | Reward 329.98 | Steps 200 | Terminated True | Truncated False
2026-02-24 16:56:58,604 [INFO] Step 0: reward=-0.205, dist=2.52
2026-02-24 16:57:04,523 [INFO] Step 200: reward=-2.264, dist=3.88
2026-02-24 16:57:07,064 [INFO] Performing PPO update at global step 759808
2026-02-24 16:57:07,365 [INFO] PPO losses — policy: 0.0393, value: 1308.1182, entropy: 4.2242
2026-02-24 16:57:07,371 [INFO] PPO update completed. Buffer cleared.
2026-02-24 16:57:11,624 [INFO] Step 400: reward=6.354, dist=2.36
2026-02-24 16:57:13,551 [INFO] Policy action (normalized): v = +1.000, w = +0.907 | Cmd_vel (scaled): v = +1.000 m/s, w = +0.907 rad/s
2026-02-24 16:57:14,824 [INFO] Episode 880 COMPLETE | Reward 271.62 | Steps 520 | Terminated True | Truncated False
2026-02-24 16:57:14,849 [INFO] Checkpoint saved: checkpoints/ppo_ep_00880.pt
2026-02-24 16:57:19,119 [INFO] Step 0: reward=-0.506, dist=2.74
2026-02-24 16:57:23,034 [INFO] Step 200: reward=-0.383, dist=3.85
2026-02-24 16:57:28,834 [INFO] Step 400: reward=0.091, dist=5.19
2026-02-24 16:57:35,996 [INFO] Step 600: reward=5.490, dist=3.58
2026-02-24 16:57:41,915 [INFO] Episode 881 COMPLETE | Reward 457.36 | Steps 796 | Terminated True | Truncated False
2026-02-24 16:57:44,959 [INFO] Step 0: reward=-0.212, dist=2.31
2026-02-24 16:57:50,548 [INFO] Step 200: reward=-0.211, dist=3.78
2026-02-24 16:57:57,352 [INFO] Step 400: reward=0.549, dist=3.19
2026-02-24 16:58:02,317 [INFO] Episode 882 COMPLETE | Reward 391.11 | Steps 580 | Terminated True | Truncated False
2026-02-24 16:58:13,689 [INFO] Step 0: reward=0.078, dist=4.24
2026-02-24 16:58:19,101 [INFO] Step 200: reward=-2.263, dist=2.67
2026-02-24 16:58:25,540 [INFO] Step 400: reward=-0.205, dist=3.86
2026-02-24 16:58:25,956 [INFO] Performing PPO update at global step 761856
2026-02-24 16:58:26,241 [INFO] PPO losses — policy: 0.0546, value: 1025.6597, entropy: 4.2242
2026-02-24 16:58:26,246 [INFO] PPO update completed. Buffer cleared.
2026-02-24 16:58:31,894 [INFO] Step 600: reward=0.081, dist=4.53
2026-02-24 16:58:36,685 [INFO] Step 800: reward=0.395, dist=4.17
2026-02-24 16:58:42,459 [INFO] Episode 883 COMPLETE | Reward -741.84 | Steps 1000 | Terminated False | Truncated True
2026-02-24 16:58:46,727 [INFO] Step 0: reward=-0.205, dist=2.57
2026-02-24 16:58:52,040 [INFO] Step 200: reward=-1.996, dist=4.09
2026-02-24 16:58:58,182 [INFO] Step 400: reward=0.083, dist=4.89
2026-02-24 16:59:03,953 [INFO] Step 600: reward=6.185, dist=3.69
2026-02-24 16:59:09,016 [INFO] Step 800: reward=0.675, dist=1.29
2026-02-24 16:59:09,792 [INFO] Episode 884 COMPLETE | Reward 864.88 | Steps 852 | Terminated True | Truncated False
2026-02-24 16:59:13,935 [INFO] Step 0: reward=-0.305, dist=2.48
2026-02-24 16:59:18,595 [INFO] Step 200: reward=-0.305, dist=2.10
2026-02-24 16:59:24,005 [INFO] Step 400: reward=0.701, dist=1.05
2026-02-24 16:59:24,188 [INFO] Episode 885 COMPLETE | Reward -124.78 | Steps 404 | Terminated True | Truncated False
2026-02-24 16:59:24,208 [INFO] Checkpoint saved: checkpoints/ppo_ep_00885.pt
2026-02-24 16:59:28,216 [INFO] Step 0: reward=-0.212, dist=2.82
2026-02-24 16:59:34,629 [INFO] Step 200: reward=-0.021, dist=5.15
2026-02-24 16:59:34,630 [INFO] Performing PPO update at global step 763904
2026-02-24 16:59:34,955 [INFO] PPO losses — policy: 0.0682, value: 785.6778, entropy: 4.2242
2026-02-24 16:59:34,962 [INFO] PPO update completed. Buffer cleared.
2026-02-24 16:59:40,362 [INFO] Step 400: reward=-1.905, dist=5.53
2026-02-24 16:59:45,200 [INFO] Step 600: reward=-1.401, dist=4.33
2026-02-24 16:59:49,403 [INFO] Step 800: reward=5.944, dist=2.79
2026-02-24 16:59:53,041 [INFO] Episode 886 COMPLETE | Reward 1076.25 | Steps 895 | Terminated True | Truncated False
2026-02-24 16:59:56,203 [INFO] Step 0: reward=-0.205, dist=2.74
2026-02-24 17:00:02,797 [INFO] Step 200: reward=-2.205, dist=2.11
2026-02-24 17:00:08,984 [INFO] Episode 887 COMPLETE | Reward -51.78 | Steps 400 | Terminated True | Truncated False
2026-02-24 17:00:20,558 [INFO] Step 0: reward=0.092, dist=4.24
2026-02-24 17:00:25,766 [INFO] Step 200: reward=-2.092, dist=3.01
2026-02-24 17:00:30,957 [INFO] Step 400: reward=-0.427, dist=2.76
2026-02-24 17:00:36,983 [INFO] Step 600: reward=-0.106, dist=4.60
2026-02-24 17:00:42,239 [INFO] Step 800: reward=0.076, dist=4.13
2026-02-24 17:00:47,723 [INFO] Performing PPO update at global step 765952
2026-02-24 17:00:47,998 [INFO] PPO losses — policy: 0.0058, value: 989.7956, entropy: 4.2242
2026-02-24 17:00:48,004 [INFO] PPO update completed. Buffer cleared.
2026-02-24 17:00:49,097 [INFO] Episode 888 COMPLETE | Reward -851.04 | Steps 1000 | Terminated False | Truncated True
2026-02-24 17:01:13,755 [INFO] Step 0: reward=-100.000, dist=104.86
2026-02-24 17:01:13,756 [INFO] Episode 889 COMPLETE | Reward -100.00 | Steps 1 | Terminated False | Truncated True
2026-02-24 17:01:16,869 [INFO] Step 0: reward=-0.207, dist=3.16
2026-02-24 17:01:24,062 [INFO] Step 200: reward=-2.174, dist=3.94
