2026-02-25 11:02:11,932 [INFO] Starting RL Training
2026-02-25 11:02:11,932 [INFO] Using device: cuda
2026-02-25 11:02:11,945 [INFO] GPU name: NVIDIA GeForce RTX 4080
2026-02-25 11:02:11,945 [INFO] TensorBoard logging enabled (tensorboard/)
2026-02-25 11:02:12,625 [INFO] Resumed training from checkpoint: checkpoints/ppo_ep_01385.pt | episode = 1385, global_step = 1136211
2026-02-25 11:02:18,122 [INFO] Step 0: reward=-0.205, dist=3.76
2026-02-25 11:02:23,962 [INFO] Step 200: reward=0.058, dist=4.93
2026-02-25 11:02:28,594 [INFO] Step 400: reward=-1.910, dist=5.83
2026-02-25 11:02:35,295 [INFO] Step 600: reward=0.769, dist=4.15
2026-02-25 11:02:39,401 [INFO] Step 800: reward=0.452, dist=2.86
2026-02-25 11:02:44,820 [INFO] Episode 1385 COMPLETE | Reward -204.87 | Steps 983 | Terminated True | Truncated False
2026-02-25 11:02:44,840 [INFO] Checkpoint saved: checkpoints/ppo_ep_01385.pt
2026-02-25 11:02:44,860 [INFO] New BEST model saved! Reward = -204.87 (episode 1385)
2026-02-25 11:02:48,994 [INFO] Step 0: reward=-2.026, dist=3.73
2026-02-25 11:02:55,315 [INFO] Step 200: reward=0.095, dist=5.10
2026-02-25 11:02:59,758 [INFO] Step 400: reward=-3.538, dist=4.54
2026-02-25 11:03:05,882 [INFO] Step 600: reward=0.596, dist=2.59
2026-02-25 11:03:10,479 [INFO] Episode 1386 COMPLETE | Reward -19.91 | Steps 740 | Terminated True | Truncated False
2026-02-25 11:03:10,515 [INFO] New BEST model saved! Reward = -19.91 (episode 1386)
2026-02-25 11:03:35,629 [INFO] Step 0: reward=-100.000, dist=6764.56
2026-02-25 11:03:35,630 [INFO] Episode 1387 COMPLETE | Reward -100.00 | Steps 1 | Terminated False | Truncated True
2026-02-25 11:03:39,679 [INFO] Step 0: reward=-0.205, dist=2.94
2026-02-25 11:03:44,528 [INFO] Step 200: reward=-2.309, dist=3.49
2026-02-25 11:03:51,657 [INFO] Step 400: reward=0.053, dist=5.07
2026-02-25 11:03:56,927 [INFO] Step 600: reward=-1.907, dist=4.42
2026-02-25 11:03:59,753 [INFO] Performing PPO update at global step 1138688
2026-02-25 11:04:00,302 [INFO] PPO losses — policy: 0.0278, value: 712.6435, entropy: 4.2242
2026-02-25 11:04:00,309 [INFO] PPO update completed. Buffer cleared.
2026-02-25 11:04:01,364 [INFO] Step 800: reward=0.658, dist=2.87
2026-02-25 11:04:06,436 [INFO] Episode 1388 COMPLETE | Reward -130.65 | Steps 947 | Terminated True | Truncated False
2026-02-25 11:04:10,442 [INFO] Step 0: reward=-0.208, dist=2.55
2026-02-25 11:04:15,091 [INFO] Step 200: reward=-2.205, dist=3.04
2026-02-25 11:04:20,512 [INFO] Step 400: reward=0.446, dist=1.70
2026-02-25 11:04:22,716 [INFO] Episode 1389 COMPLETE | Reward -66.27 | Steps 482 | Terminated True | Truncated False
2026-02-25 11:04:25,800 [INFO] Step 0: reward=-1.510, dist=3.75
2026-02-25 11:04:33,181 [INFO] Step 200: reward=0.515, dist=1.01
2026-02-25 11:04:33,280 [INFO] Episode 1390 COMPLETE | Reward 464.19 | Steps 202 | Terminated True | Truncated False
2026-02-25 11:04:33,301 [INFO] Checkpoint saved: checkpoints/ppo_ep_01390.pt
2026-02-25 11:04:33,338 [INFO] New BEST model saved! Reward = 464.19 (episode 1390)
2026-02-25 11:04:37,594 [INFO] Step 0: reward=5.986, dist=2.47
2026-02-25 11:04:40,840 [INFO] Episode 1391 COMPLETE | Reward 364.35 | Steps 102 | Terminated True | Truncated False
2026-02-25 11:04:45,037 [INFO] Step 0: reward=-0.205, dist=2.50
2026-02-25 11:04:51,451 [INFO] Step 200: reward=-2.206, dist=3.94
2026-02-25 11:04:57,236 [INFO] Policy action (normalized): v = +1.000, w = -0.976 | Cmd_vel (scaled): v = +1.000 m/s, w = -0.976 rad/s
2026-02-25 11:04:58,776 [INFO] Step 400: reward=0.409, dist=3.42
2026-02-25 11:05:04,329 [INFO] Episode 1392 COMPLETE | Reward 57.27 | Steps 547 | Terminated True | Truncated False
2026-02-25 11:05:08,511 [INFO] Step 0: reward=-0.305, dist=3.38
2026-02-25 11:05:13,947 [INFO] Step 200: reward=-1.552, dist=2.35
2026-02-25 11:05:17,217 [INFO] Episode 1393 COMPLETE | Reward 126.94 | Steps 307 | Terminated True | Truncated False
2026-02-25 11:05:21,226 [INFO] Step 0: reward=-0.208, dist=2.47
2026-02-25 11:05:27,767 [INFO] Step 200: reward=-0.204, dist=3.90
2026-02-25 11:05:28,117 [INFO] Performing PPO update at global step 1140736
2026-02-25 11:05:28,414 [INFO] PPO losses — policy: 0.0726, value: 1521.6842, entropy: 4.2242
2026-02-25 11:05:28,418 [INFO] PPO update completed. Buffer cleared.
2026-02-25 11:05:34,305 [INFO] Step 400: reward=0.585, dist=2.66
2026-02-25 11:05:38,389 [INFO] Episode 1394 COMPLETE | Reward 45.64 | Steps 520 | Terminated True | Truncated False
2026-02-25 11:05:41,856 [INFO] Step 0: reward=-0.205, dist=2.38
2026-02-25 11:05:48,563 [INFO] Step 200: reward=-2.206, dist=3.84
2026-02-25 11:05:54,246 [INFO] Step 400: reward=0.095, dist=4.45
2026-02-25 11:05:59,492 [INFO] Step 600: reward=-0.641, dist=3.82
2026-02-25 11:06:04,587 [INFO] Step 800: reward=0.650, dist=1.95
2026-02-25 11:06:06,956 [INFO] Episode 1395 COMPLETE | Reward -230.02 | Steps 883 | Terminated True | Truncated False
2026-02-25 11:06:06,980 [INFO] Checkpoint saved: checkpoints/ppo_ep_01395.pt
2026-02-25 11:06:10,020 [INFO] Step 0: reward=5.993, dist=3.96
2026-02-25 11:06:14,849 [INFO] Step 200: reward=0.529, dist=2.04
2026-02-25 11:06:17,220 [INFO] Episode 1396 COMPLETE | Reward 399.00 | Steps 291 | Terminated True | Truncated False
2026-02-25 11:06:21,425 [INFO] Step 0: reward=-0.205, dist=3.93
2026-02-25 11:06:27,349 [INFO] Step 200: reward=-1.993, dist=5.34
2026-02-25 11:06:33,397 [INFO] Step 400: reward=0.069, dist=6.16
2026-02-25 11:06:37,493 [INFO] Performing PPO update at global step 1142784
2026-02-25 11:06:37,780 [INFO] PPO losses — policy: 0.0358, value: 421.2895, entropy: 4.2242
2026-02-25 11:06:37,786 [INFO] PPO update completed. Buffer cleared.
2026-02-25 11:06:38,496 [INFO] Step 600: reward=0.114, dist=5.77
2026-02-25 11:06:44,736 [INFO] Step 800: reward=0.533, dist=3.25
2026-02-25 11:06:49,528 [INFO] Episode 1397 COMPLETE | Reward -448.09 | Steps 1000 | Terminated False | Truncated True
2026-02-25 11:06:54,190 [INFO] Step 0: reward=-0.206, dist=2.85
2026-02-25 11:07:00,326 [INFO] Step 200: reward=0.791, dist=1.54
2026-02-25 11:07:01,890 [INFO] Episode 1398 COMPLETE | Reward 168.06 | Steps 254 | Terminated True | Truncated False
2026-02-25 11:07:05,853 [INFO] Step 0: reward=-0.305, dist=3.86
2026-02-25 11:07:14,678 [INFO] Step 200: reward=-1.905, dist=5.75
2026-02-25 11:07:21,814 [INFO] Step 400: reward=0.447, dist=5.22
2026-02-25 11:07:28,775 [INFO] Step 600: reward=0.518, dist=2.36
2026-02-25 11:07:32,083 [INFO] Episode 1399 COMPLETE | Reward 190.76 | Steps 709 | Terminated True | Truncated False
2026-02-25 11:07:36,181 [INFO] Step 0: reward=-0.305, dist=3.46
2026-02-25 11:07:42,631 [INFO] Step 200: reward=0.450, dist=2.24
2026-02-25 11:07:45,824 [INFO] Episode 1400 COMPLETE | Reward 164.47 | Steps 318 | Terminated True | Truncated False
2026-02-25 11:07:45,846 [INFO] Checkpoint saved: checkpoints/ppo_ep_01400.pt
2026-02-25 11:07:48,951 [INFO] Step 0: reward=-0.205, dist=2.16
2026-02-25 11:07:55,933 [INFO] Step 200: reward=-0.208, dist=3.58
2026-02-25 11:08:01,749 [INFO] Performing PPO update at global step 1144832
2026-02-25 11:08:02,093 [INFO] PPO losses — policy: 0.0523, value: 992.1378, entropy: 4.2242
2026-02-25 11:08:02,098 [INFO] PPO update completed. Buffer cleared.
2026-02-25 11:08:03,109 [INFO] Step 400: reward=-1.948, dist=4.44
2026-02-25 11:08:08,536 [INFO] Step 600: reward=0.700, dist=3.35
2026-02-25 11:08:13,819 [INFO] Episode 1401 COMPLETE | Reward 65.23 | Steps 734 | Terminated True | Truncated False
2026-02-25 11:08:25,384 [INFO] Step 0: reward=0.053, dist=4.24
2026-02-25 11:08:31,155 [INFO] Step 200: reward=-0.030, dist=4.32
2026-02-25 11:08:36,559 [INFO] Step 400: reward=-2.001, dist=5.79
2026-02-25 11:08:41,663 [INFO] Step 600: reward=0.102, dist=6.01
2026-02-25 11:08:47,765 [INFO] Step 800: reward=0.095, dist=4.03
2026-02-25 11:08:54,141 [INFO] Episode 1402 COMPLETE | Reward -645.15 | Steps 1000 | Terminated False | Truncated True
2026-02-25 11:09:19,279 [INFO] Step 0: reward=-0.773, dist=9.67
2026-02-25 11:09:23,007 [INFO] Episode 1403 COMPLETE | Reward -1373.71 | Steps 118 | Terminated False | Truncated True
2026-02-25 11:09:26,826 [INFO] Step 0: reward=-0.205, dist=2.03
2026-02-25 11:09:34,457 [INFO] Step 200: reward=-0.314, dist=3.75
2026-02-25 11:09:39,392 [INFO] Step 400: reward=-0.208, dist=3.82
2026-02-25 11:09:42,400 [INFO] Performing PPO update at global step 1146880
2026-02-25 11:09:42,686 [INFO] PPO losses — policy: 0.0168, value: 4112.1018, entropy: 4.2242
2026-02-25 11:09:42,691 [INFO] PPO update completed. Buffer cleared.
2026-02-25 11:09:44,137 [INFO] Step 600: reward=-0.209, dist=2.91
2026-02-25 11:09:48,869 [INFO] Step 800: reward=-2.205, dist=1.80
2026-02-25 11:09:55,259 [INFO] Episode 1404 COMPLETE | Reward -873.35 | Steps 1000 | Terminated False | Truncated True
2026-02-25 11:10:00,131 [INFO] Step 0: reward=-0.215, dist=3.92
2026-02-25 11:10:04,047 [INFO] Step 200: reward=-2.305, dist=3.75
2026-02-25 11:10:09,854 [INFO] Step 400: reward=-2.208, dist=3.72
2026-02-25 11:10:14,516 [INFO] Step 600: reward=-2.305, dist=3.72
2026-02-25 11:10:21,124 [INFO] Step 800: reward=-2.206, dist=3.72
2026-02-25 11:10:26,456 [INFO] Episode 1405 COMPLETE | Reward -2197.95 | Steps 1000 | Terminated False | Truncated True
2026-02-25 11:10:26,485 [INFO] Checkpoint saved: checkpoints/ppo_ep_01405.pt
2026-02-25 11:10:30,652 [INFO] Step 0: reward=-0.638, dist=3.43
2026-02-25 11:10:38,171 [INFO] Step 200: reward=-0.205, dist=3.75
2026-02-25 11:10:43,586 [INFO] Step 400: reward=0.908, dist=2.03
2026-02-25 11:10:46,046 [INFO] Episode 1406 COMPLETE | Reward 109.06 | Steps 496 | Terminated True | Truncated False
2026-02-25 11:10:50,210 [INFO] Step 0: reward=-0.305, dist=3.40
2026-02-25 11:10:52,803 [INFO] Performing PPO update at global step 1148928
2026-02-25 11:10:53,209 [INFO] PPO losses — policy: 0.1417, value: 591.7003, entropy: 4.2242
2026-02-25 11:10:53,214 [INFO] PPO update completed. Buffer cleared.
2026-02-25 11:10:55,763 [INFO] Step 200: reward=-2.485, dist=3.77
2026-02-25 11:11:01,253 [INFO] Step 400: reward=0.477, dist=2.96
2026-02-25 11:11:05,810 [INFO] Step 600: reward=6.159, dist=1.22
2026-02-25 11:11:06,335 [INFO] Episode 1407 COMPLETE | Reward 613.89 | Steps 625 | Terminated True | Truncated False
2026-02-25 11:11:06,375 [INFO] New BEST model saved! Reward = 613.89 (episode 1407)
2026-02-25 11:11:10,594 [INFO] Step 0: reward=-0.205, dist=2.21
2026-02-25 11:11:16,717 [INFO] Step 200: reward=-0.310, dist=3.55
2026-02-25 11:11:23,135 [INFO] Step 400: reward=0.409, dist=3.04
2026-02-25 11:11:26,558 [INFO] Policy action (normalized): v = +1.000, w = -0.862 | Cmd_vel (scaled): v = +1.000 m/s, w = -0.862 rad/s
2026-02-25 11:11:27,911 [INFO] Step 600: reward=6.195, dist=1.14
2026-02-25 11:11:28,305 [INFO] Episode 1408 COMPLETE | Reward 751.10 | Steps 612 | Terminated True | Truncated False
2026-02-25 11:11:28,341 [INFO] New BEST model saved! Reward = 751.10 (episode 1408)
2026-02-25 11:11:32,891 [INFO] Step 0: reward=-0.205, dist=3.90
2026-02-25 11:11:38,463 [INFO] Step 200: reward=0.480, dist=3.15
2026-02-25 11:11:42,871 [INFO] Step 400: reward=6.327, dist=1.29
2026-02-25 11:11:43,651 [INFO] Episode 1409 COMPLETE | Reward 1179.10 | Steps 438 | Terminated True | Truncated False
2026-02-25 11:11:43,686 [INFO] New BEST model saved! Reward = 1179.10 (episode 1409)
2026-02-25 11:11:55,191 [INFO] Step 0: reward=0.077, dist=4.24
2026-02-25 11:12:02,137 [INFO] Step 200: reward=-0.298, dist=4.47
2026-02-25 11:12:07,956 [INFO] Step 400: reward=0.025, dist=5.80
2026-02-25 11:12:09,254 [INFO] Performing PPO update at global step 1150976
2026-02-25 11:12:09,541 [INFO] PPO losses — policy: 0.0178, value: 1194.2169, entropy: 4.2242
2026-02-25 11:12:09,547 [INFO] PPO update completed. Buffer cleared.
2026-02-25 11:12:12,519 [INFO] Step 600: reward=0.135, dist=5.84
2026-02-25 11:12:17,159 [INFO] Step 800: reward=0.068, dist=4.14
2026-02-25 11:12:23,332 [INFO] Episode 1410 COMPLETE | Reward -750.84 | Steps 1000 | Terminated False | Truncated True
2026-02-25 11:12:23,353 [INFO] Checkpoint saved: checkpoints/ppo_ep_01410.pt
2026-02-25 11:12:26,854 [INFO] Step 0: reward=-0.206, dist=3.74
2026-02-25 11:12:33,246 [INFO] Step 200: reward=-0.245, dist=3.69
2026-02-25 11:12:38,784 [INFO] Step 400: reward=-0.305, dist=5.20
2026-02-25 11:12:44,000 [INFO] Step 600: reward=-1.949, dist=6.23
2026-02-25 11:12:49,253 [INFO] Step 800: reward=0.139, dist=6.05
2026-02-25 11:12:54,783 [INFO] Episode 1411 COMPLETE | Reward -148.96 | Steps 1000 | Terminated False | Truncated True
2026-02-25 11:12:58,902 [INFO] Step 0: reward=-0.205, dist=2.78
2026-02-25 11:13:04,822 [INFO] Step 200: reward=-2.184, dist=3.08
2026-02-25 11:13:10,755 [INFO] Step 400: reward=-1.563, dist=2.11
2026-02-25 11:13:13,159 [INFO] Performing PPO update at global step 1153024
2026-02-25 11:13:13,448 [INFO] PPO losses — policy: 0.0304, value: 771.5815, entropy: 4.2242
2026-02-25 11:13:13,458 [INFO] PPO update completed. Buffer cleared.
2026-02-25 11:13:14,491 [INFO] Episode 1412 COMPLETE | Reward 182.36 | Steps 518 | Terminated True | Truncated False
2026-02-25 11:13:17,688 [INFO] Step 0: reward=-0.206, dist=4.00
2026-02-25 11:13:25,158 [INFO] Step 200: reward=-0.036, dist=5.90
2026-02-25 11:13:30,428 [INFO] Step 400: reward=0.126, dist=6.24
2026-02-25 11:13:36,746 [INFO] Step 600: reward=5.807, dist=4.27
2026-02-25 11:13:42,483 [INFO] Step 800: reward=6.178, dist=1.89
2026-02-25 11:13:45,077 [INFO] Episode 1413 COMPLETE | Reward 1786.24 | Steps 928 | Terminated True | Truncated False
2026-02-25 11:13:45,118 [INFO] New BEST model saved! Reward = 1786.24 (episode 1413)
2026-02-25 11:13:49,230 [INFO] Step 0: reward=-0.205, dist=2.30
2026-02-25 11:13:54,883 [INFO] Step 200: reward=-0.205, dist=1.84
2026-02-25 11:13:59,579 [INFO] Step 400: reward=229.950, dist=0.00
2026-02-25 11:13:59,580 [INFO] Episode 1414 COMPLETE | Reward -158.39 | Steps 401 | Terminated True | Truncated False
2026-02-25 11:14:02,756 [INFO] Step 0: reward=-0.216, dist=2.87
2026-02-25 11:14:08,443 [INFO] Step 200: reward=-0.207, dist=2.39
2026-02-25 11:14:12,203 [INFO] Step 400: reward=-3.296, dist=1.38
2026-02-25 11:14:13,441 [INFO] Episode 1415 COMPLETE | Reward -2.58 | Steps 456 | Terminated True | Truncated False
2026-02-25 11:14:13,464 [INFO] Checkpoint saved: checkpoints/ppo_ep_01415.pt
2026-02-25 11:14:17,855 [INFO] Step 0: reward=-2.165, dist=2.22
2026-02-25 11:14:20,935 [INFO] Episode 1416 COMPLETE | Reward 797.84 | Steps 116 | Terminated True | Truncated False
2026-02-25 11:14:32,433 [INFO] Step 0: reward=0.095, dist=4.24
2026-02-25 11:14:34,725 [INFO] Performing PPO update at global step 1155072
2026-02-25 11:14:35,010 [INFO] PPO losses — policy: -0.0008, value: 1235.8136, entropy: 4.2242
2026-02-25 11:14:35,016 [INFO] PPO update completed. Buffer cleared.
2026-02-25 11:14:37,291 [INFO] Step 200: reward=0.095, dist=4.03
2026-02-25 11:14:41,761 [INFO] Step 400: reward=0.192, dist=4.86
2026-02-25 11:14:49,587 [INFO] Step 600: reward=0.107, dist=6.39
2026-02-25 11:14:53,832 [INFO] Step 800: reward=-1.829, dist=5.79
2026-02-25 11:14:58,228 [INFO] Episode 1417 COMPLETE | Reward -764.29 | Steps 1000 | Terminated False | Truncated True
2026-02-25 11:15:01,432 [INFO] Step 0: reward=-0.205, dist=2.90
2026-02-25 11:15:07,406 [INFO] Step 200: reward=0.092, dist=4.46
2026-02-25 11:15:14,792 [INFO] Step 400: reward=0.094, dist=4.80
2026-02-25 11:15:19,513 [INFO] Step 600: reward=0.428, dist=3.78
2026-02-25 11:15:26,078 [INFO] Step 800: reward=5.932, dist=1.29
2026-02-25 11:15:26,868 [INFO] Episode 1418 COMPLETE | Reward 772.37 | Steps 832 | Terminated True | Truncated False
2026-02-25 11:15:29,878 [INFO] Step 0: reward=-0.205, dist=2.10
2026-02-25 11:15:36,674 [INFO] Step 200: reward=-0.432, dist=2.89
2026-02-25 11:15:39,555 [INFO] Performing PPO update at global step 1157120
2026-02-25 11:15:39,953 [INFO] PPO losses — policy: 0.1239, value: 462.1205, entropy: 4.2242
2026-02-25 11:15:39,959 [INFO] PPO update completed. Buffer cleared.
2026-02-25 11:15:40,764 [INFO] Step 400: reward=-2.211, dist=3.81
2026-02-25 11:15:47,264 [INFO] Step 600: reward=-1.951, dist=5.60
2026-02-25 11:15:53,604 [INFO] Step 800: reward=-0.074, dist=7.76
2026-02-25 11:15:59,247 [INFO] Episode 1419 COMPLETE | Reward -683.28 | Steps 1000 | Terminated False | Truncated True
2026-02-25 11:16:03,070 [INFO] Step 0: reward=-0.205, dist=3.82
2026-02-25 11:16:10,007 [INFO] Step 200: reward=-0.218, dist=3.48
2026-02-25 11:16:16,457 [INFO] Step 400: reward=-1.525, dist=3.00
2026-02-25 11:16:21,223 [INFO] Step 600: reward=-0.210, dist=3.11
2026-02-25 11:16:25,298 [INFO] Step 800: reward=-0.220, dist=3.27
2026-02-25 11:16:31,601 [INFO] Episode 1420 COMPLETE | Reward -662.17 | Steps 1000 | Terminated False | Truncated True
2026-02-25 11:16:31,621 [INFO] Checkpoint saved: checkpoints/ppo_ep_01420.pt
2026-02-25 11:16:36,056 [INFO] Step 0: reward=-0.241, dist=2.93
2026-02-25 11:16:42,050 [INFO] Step 200: reward=-2.378, dist=3.95
2026-02-25 11:16:47,930 [INFO] Performing PPO update at global step 1159168
2026-02-25 11:16:48,350 [INFO] PPO losses — policy: 0.0770, value: 85.9444, entropy: 4.2242
2026-02-25 11:16:48,356 [INFO] PPO update completed. Buffer cleared.
2026-02-25 11:16:48,379 [INFO] Step 400: reward=-1.950, dist=4.80
2026-02-25 11:16:54,543 [INFO] Step 600: reward=0.088, dist=5.96
2026-02-25 11:17:00,380 [INFO] Step 800: reward=0.277, dist=5.01
2026-02-25 11:17:04,490 [INFO] Episode 1421 COMPLETE | Reward -195.68 | Steps 1000 | Terminated False | Truncated True
2026-02-25 11:17:09,113 [INFO] Step 0: reward=5.995, dist=3.13
2026-02-25 11:17:13,799 [INFO] Episode 1422 COMPLETE | Reward 981.96 | Steps 127 | Terminated True | Truncated False
2026-02-25 11:17:16,902 [INFO] Step 0: reward=-0.241, dist=2.98
2026-02-25 11:17:20,377 [INFO] Policy action (normalized): v = +1.000, w = -0.994 | Cmd_vel (scaled): v = +1.000 m/s, w = -0.994 rad/s
2026-02-25 11:17:22,528 [INFO] Step 200: reward=-0.248, dist=3.20
2026-02-25 11:17:28,805 [INFO] Step 400: reward=-0.198, dist=3.34
2026-02-25 11:17:33,683 [INFO] Step 600: reward=-2.305, dist=3.10
2026-02-25 11:17:40,216 [INFO] Step 800: reward=-0.125, dist=2.22
2026-02-25 11:17:46,756 [INFO] Episode 1423 COMPLETE | Reward -676.01 | Steps 1000 | Terminated False | Truncated True
2026-02-25 11:17:49,847 [INFO] Step 0: reward=-0.305, dist=3.60
2026-02-25 11:17:54,745 [INFO] Step 200: reward=0.094, dist=4.99
2026-02-25 11:17:58,421 [INFO] Performing PPO update at global step 1161216
2026-02-25 11:17:58,717 [INFO] PPO losses — policy: 0.0647, value: 533.3563, entropy: 4.2242
2026-02-25 11:17:58,722 [INFO] PPO update completed. Buffer cleared.
2026-02-25 11:18:01,441 [INFO] Step 400: reward=-0.005, dist=7.31
2026-02-25 11:18:07,011 [INFO] Step 600: reward=-0.044, dist=8.27
2026-02-25 11:18:12,372 [INFO] Step 800: reward=0.087, dist=8.44
2026-02-25 11:18:16,531 [INFO] Episode 1424 COMPLETE | Reward -505.05 | Steps 1000 | Terminated False | Truncated True
2026-02-25 11:18:20,850 [INFO] Step 0: reward=-0.214, dist=3.30
2026-02-25 11:18:28,423 [INFO] Step 200: reward=0.024, dist=5.19
2026-02-25 11:18:34,404 [INFO] Step 400: reward=-1.961, dist=4.83
2026-02-25 11:18:39,838 [INFO] Step 600: reward=-0.208, dist=3.92
2026-02-25 11:18:43,903 [INFO] Step 800: reward=-0.177, dist=3.33
2026-02-25 11:18:51,148 [INFO] Episode 1425 COMPLETE | Reward -530.55 | Steps 1000 | Terminated False | Truncated True
2026-02-25 11:18:51,170 [INFO] Checkpoint saved: checkpoints/ppo_ep_01425.pt
2026-02-25 11:18:54,020 [INFO] Step 0: reward=5.995, dist=3.28
2026-02-25 11:18:58,892 [INFO] Step 200: reward=6.326, dist=1.25
2026-02-25 11:18:59,451 [INFO] Episode 1426 COMPLETE | Reward 1396.94 | Steps 218 | Terminated True | Truncated False
2026-02-25 11:19:03,095 [INFO] Step 0: reward=-0.256, dist=2.40
2026-02-25 11:19:08,345 [INFO] Performing PPO update at global step 1163264
2026-02-25 11:19:08,629 [INFO] PPO losses — policy: 0.0047, value: 398.6365, entropy: 4.2242
2026-02-25 11:19:08,635 [INFO] PPO update completed. Buffer cleared.
2026-02-25 11:19:10,811 [INFO] Step 200: reward=-0.191, dist=2.34
2026-02-25 11:19:18,864 [INFO] Step 400: reward=-0.305, dist=2.24
2026-02-25 11:19:24,212 [INFO] Step 600: reward=-2.292, dist=2.56
2026-02-25 11:19:29,945 [INFO] Step 800: reward=-0.302, dist=3.51
2026-02-25 11:19:34,837 [INFO] Episode 1427 COMPLETE | Reward -755.84 | Steps 1000 | Terminated False | Truncated True
2026-02-25 11:19:38,022 [INFO] Step 0: reward=-0.207, dist=2.63
2026-02-25 11:19:42,595 [INFO] Step 200: reward=-2.279, dist=1.93
2026-02-25 11:19:49,486 [INFO] Step 400: reward=-0.348, dist=2.51
2026-02-25 11:19:55,330 [INFO] Step 600: reward=-0.205, dist=3.27
2026-02-25 11:20:00,259 [INFO] Step 800: reward=-0.219, dist=3.46
2026-02-25 11:20:06,583 [INFO] Episode 1428 COMPLETE | Reward -867.58 | Steps 1000 | Terminated False | Truncated True
2026-02-25 11:20:09,881 [INFO] Step 0: reward=-0.206, dist=3.32
2026-02-25 11:20:17,438 [INFO] Performing PPO update at global step 1165312
2026-02-25 11:20:17,723 [INFO] PPO losses — policy: 0.0061, value: 117.6093, entropy: 4.2242
2026-02-25 11:20:17,730 [INFO] PPO update completed. Buffer cleared.
2026-02-25 11:20:17,755 [INFO] Step 200: reward=-0.305, dist=1.35
2026-02-25 11:20:23,142 [INFO] Step 400: reward=-0.207, dist=1.13
2026-02-25 11:20:27,703 [INFO] Step 600: reward=-0.318, dist=1.80
2026-02-25 11:20:33,539 [INFO] Step 800: reward=-0.223, dist=2.73
2026-02-25 11:20:39,363 [INFO] Episode 1429 COMPLETE | Reward -771.70 | Steps 1000 | Terminated False | Truncated True
2026-02-25 11:20:42,549 [INFO] Step 0: reward=-1.011, dist=3.70
2026-02-25 11:20:51,074 [INFO] Step 200: reward=0.094, dist=5.70
2026-02-25 11:20:56,565 [INFO] Step 400: reward=0.083, dist=5.93
2026-02-25 11:21:01,928 [INFO] Step 600: reward=0.093, dist=5.48
2026-02-25 11:21:06,260 [INFO] Step 800: reward=-1.931, dist=4.63
2026-02-25 11:21:10,747 [INFO] Episode 1430 COMPLETE | Reward -672.04 | Steps 1000 | Terminated False | Truncated True
2026-02-25 11:21:10,767 [INFO] Checkpoint saved: checkpoints/ppo_ep_01430.pt
2026-02-25 11:21:14,718 [INFO] Step 0: reward=-0.229, dist=3.72
2026-02-25 11:21:20,149 [INFO] Step 200: reward=0.095, dist=4.57
2026-02-25 11:21:21,232 [INFO] Performing PPO update at global step 1167360
2026-02-25 11:21:21,534 [INFO] PPO losses — policy: 0.0008, value: 110.0039, entropy: 4.2242
2026-02-25 11:21:21,540 [INFO] PPO update completed. Buffer cleared.
2026-02-25 11:21:27,558 [INFO] Step 400: reward=0.095, dist=4.94
2026-02-25 11:21:32,948 [INFO] Step 600: reward=-0.005, dist=4.65
2026-02-25 11:21:37,627 [INFO] Step 800: reward=0.447, dist=3.40
2026-02-25 11:21:42,882 [INFO] Episode 1431 COMPLETE | Reward 606.35 | Steps 950 | Terminated True | Truncated False
2026-02-25 11:21:47,998 [INFO] Step 0: reward=-2.154, dist=3.37
2026-02-25 11:21:54,368 [INFO] Step 200: reward=-0.117, dist=5.37
2026-02-25 11:22:00,315 [INFO] Step 400: reward=0.095, dist=7.04
2026-02-25 11:22:06,843 [INFO] Step 600: reward=0.042, dist=8.13
2026-02-25 11:22:11,207 [INFO] Step 800: reward=0.181, dist=8.12
2026-02-25 11:22:17,070 [INFO] Episode 1432 COMPLETE | Reward -500.92 | Steps 1000 | Terminated False | Truncated True
2026-02-25 11:22:19,632 [INFO] Step 0: reward=-0.210, dist=3.81
2026-02-25 11:22:25,842 [INFO] Step 200: reward=-0.138, dist=3.50
2026-02-25 11:22:30,916 [INFO] Performing PPO update at global step 1169408
2026-02-25 11:22:31,208 [INFO] PPO losses — policy: 0.0014, value: 503.0058, entropy: 4.2242
2026-02-25 11:22:31,218 [INFO] PPO update completed. Buffer cleared.
2026-02-25 11:22:32,841 [INFO] Step 400: reward=-2.259, dist=2.03
2026-02-25 11:22:36,693 [INFO] Episode 1433 COMPLETE | Reward -104.09 | Steps 533 | Terminated True | Truncated False
2026-02-25 11:22:38,993 [INFO] Step 0: reward=-0.216, dist=2.41
2026-02-25 11:22:44,820 [INFO] Step 200: reward=-1.943, dist=3.66
2026-02-25 11:22:50,199 [INFO] Step 400: reward=-1.907, dist=4.30
2026-02-25 11:22:50,200 [INFO] Policy action (normalized): v = +1.000, w = -0.983 | Cmd_vel (scaled): v = +1.000 m/s, w = -0.983 rad/s
2026-02-25 11:22:54,957 [INFO] Step 600: reward=0.164, dist=4.18
2026-02-25 11:22:59,645 [INFO] Step 800: reward=-0.170, dist=3.43
2026-02-25 11:23:06,048 [INFO] Episode 1434 COMPLETE | Reward -104.30 | Steps 988 | Terminated True | Truncated False
2026-02-25 11:23:08,985 [INFO] Step 0: reward=-0.212, dist=2.62
2026-02-25 11:23:14,773 [INFO] Step 200: reward=-2.205, dist=2.82
2026-02-25 11:23:20,240 [INFO] Step 400: reward=-0.278, dist=2.92
2026-02-25 11:23:27,206 [INFO] Step 600: reward=-0.277, dist=2.78
2026-02-25 11:23:31,494 [INFO] Step 800: reward=-2.176, dist=2.48
2026-02-25 11:23:33,017 [INFO] Performing PPO update at global step 1171456
2026-02-25 11:23:33,326 [INFO] PPO losses — policy: 0.0008, value: 688.5542, entropy: 4.2242
2026-02-25 11:23:33,332 [INFO] PPO update completed. Buffer cleared.
2026-02-25 11:23:35,543 [INFO] Episode 1435 COMPLETE | Reward -827.87 | Steps 1000 | Terminated False | Truncated True
2026-02-25 11:23:35,565 [INFO] Checkpoint saved: checkpoints/ppo_ep_01435.pt
2026-02-25 11:23:38,633 [INFO] Step 0: reward=-0.234, dist=2.27
2026-02-25 11:23:42,535 [INFO] Step 200: reward=-2.207, dist=1.81
2026-02-25 11:23:48,630 [INFO] Step 400: reward=-0.206, dist=2.60
2026-02-25 11:23:52,736 [INFO] Step 600: reward=-2.364, dist=3.86
2026-02-25 11:23:58,059 [INFO] Step 800: reward=-0.089, dist=5.53
2026-02-25 11:24:01,930 [INFO] Episode 1436 COMPLETE | Reward -986.44 | Steps 1000 | Terminated False | Truncated True
2026-02-25 11:24:07,000 [INFO] Step 0: reward=-0.212, dist=3.39
2026-02-25 11:24:11,750 [INFO] Step 200: reward=-0.005, dist=4.11
2026-02-25 11:24:19,428 [INFO] Step 400: reward=0.010, dist=4.18
2026-02-25 11:24:25,788 [INFO] Step 600: reward=0.529, dist=3.19
2026-02-25 11:24:30,921 [INFO] Episode 1437 COMPLETE | Reward 419.64 | Steps 733 | Terminated True | Truncated False
2026-02-25 11:24:35,956 [INFO] Step 0: reward=-0.206, dist=2.19
2026-02-25 11:24:40,865 [INFO] Performing PPO update at global step 1173504
2026-02-25 11:24:41,263 [INFO] PPO losses — policy: -0.0007, value: 518.4288, entropy: 4.2242
2026-02-25 11:24:41,268 [INFO] PPO update completed. Buffer cleared.
2026-02-25 11:24:41,660 [INFO] Step 200: reward=-0.502, dist=3.87
2026-02-25 11:24:48,377 [INFO] Step 400: reward=-0.156, dist=5.43
2026-02-25 11:24:52,643 [INFO] Step 600: reward=-1.917, dist=6.06
2026-02-25 11:24:58,140 [INFO] Step 800: reward=0.004, dist=6.97
2026-02-25 11:25:03,189 [INFO] Episode 1438 COMPLETE | Reward -614.64 | Steps 1000 | Terminated False | Truncated True
2026-02-25 11:25:07,424 [INFO] Step 0: reward=-0.210, dist=3.26
2026-02-25 11:25:12,681 [INFO] Step 200: reward=-1.029, dist=4.66
2026-02-25 11:25:17,678 [INFO] Step 400: reward=-0.097, dist=5.63
2026-02-25 11:25:23,828 [INFO] Step 600: reward=0.148, dist=5.71
2026-02-25 11:25:30,045 [INFO] Step 800: reward=0.502, dist=4.38
2026-02-25 11:25:35,217 [INFO] Episode 1439 COMPLETE | Reward 186.27 | Steps 1000 | Terminated False | Truncated True
2026-02-25 11:25:39,165 [INFO] Step 0: reward=-0.232, dist=3.09
2026-02-25 11:25:45,734 [INFO] Step 200: reward=-1.911, dist=5.35
2026-02-25 11:25:47,073 [INFO] Performing PPO update at global step 1175552
2026-02-25 11:25:47,357 [INFO] PPO losses — policy: 0.0225, value: 789.3083, entropy: 4.2242
2026-02-25 11:25:47,361 [INFO] PPO update completed. Buffer cleared.
2026-02-25 11:25:51,587 [INFO] Step 400: reward=-3.439, dist=6.73
2026-02-25 11:25:56,515 [INFO] Step 600: reward=0.090, dist=6.84
2026-02-25 11:26:02,045 [INFO] Step 800: reward=-1.651, dist=6.25
2026-02-25 11:26:08,213 [INFO] Episode 1440 COMPLETE | Reward -255.29 | Steps 1000 | Terminated False | Truncated True
2026-02-25 11:26:08,236 [INFO] Checkpoint saved: checkpoints/ppo_ep_01440.pt
2026-02-25 11:26:12,341 [INFO] Step 0: reward=-0.221, dist=3.94
2026-02-25 11:26:14,916 [INFO] Step 200: reward=-1.560, dist=3.29
2026-02-25 11:26:20,482 [INFO] Episode 1441 COMPLETE | Reward 794.76 | Steps 360 | Terminated True | Truncated False
2026-02-25 11:26:24,507 [INFO] Step 0: reward=-0.305, dist=2.31
2026-02-25 11:26:29,181 [INFO] Step 200: reward=-2.447, dist=3.67
2026-02-25 11:26:36,025 [INFO] Step 400: reward=-1.905, dist=5.75
2026-02-25 11:26:41,256 [INFO] Step 600: reward=-0.042, dist=6.82
2026-02-25 11:26:47,320 [INFO] Step 800: reward=0.270, dist=7.23
2026-02-25 11:26:50,672 [INFO] Performing PPO update at global step 1177600
2026-02-25 11:26:51,061 [INFO] PPO losses — policy: 0.0474, value: 860.0488, entropy: 4.2242
2026-02-25 11:26:51,068 [INFO] PPO update completed. Buffer cleared.
2026-02-25 11:26:52,683 [INFO] Episode 1442 COMPLETE | Reward -616.97 | Steps 1000 | Terminated False | Truncated True
2026-02-25 11:26:56,764 [INFO] Step 0: reward=-2.071, dist=2.78
2026-02-25 11:27:01,526 [INFO] Step 200: reward=-2.372, dist=3.65
2026-02-25 11:27:08,724 [INFO] Step 400: reward=0.004, dist=4.69
2026-02-25 11:27:12,993 [INFO] Step 600: reward=-1.905, dist=4.91
2026-02-25 11:27:20,343 [INFO] Step 800: reward=0.084, dist=4.08
2026-02-25 11:27:25,424 [INFO] Episode 1443 COMPLETE | Reward -647.32 | Steps 1000 | Terminated False | Truncated True
2026-02-25 11:27:30,021 [INFO] Step 0: reward=-0.205, dist=2.28
2026-02-25 11:27:35,714 [INFO] Step 200: reward=-2.305, dist=3.90
2026-02-25 11:27:41,970 [INFO] Step 400: reward=-0.005, dist=5.08
2026-02-25 11:27:47,763 [INFO] Step 600: reward=0.120, dist=4.98
2026-02-25 11:27:52,190 [INFO] Step 800: reward=-1.431, dist=4.32
2026-02-25 11:27:57,831 [INFO] Performing PPO update at global step 1179648
2026-02-25 11:27:58,126 [INFO] PPO losses — policy: 0.0323, value: 103.2765, entropy: 4.2242
2026-02-25 11:27:58,131 [INFO] PPO update completed. Buffer cleared.
2026-02-25 11:27:59,068 [INFO] Episode 1444 COMPLETE | Reward -533.45 | Steps 1000 | Terminated False | Truncated True
2026-02-25 11:28:03,235 [INFO] Step 0: reward=-0.236, dist=3.08
2026-02-25 11:28:07,864 [INFO] Episode 1445 COMPLETE | Reward 803.55 | Steps 157 | Terminated True | Truncated False
2026-02-25 11:28:07,886 [INFO] Checkpoint saved: checkpoints/ppo_ep_01445.pt
2026-02-25 11:28:12,245 [INFO] Step 0: reward=5.977, dist=2.71
2026-02-25 11:28:16,084 [INFO] Episode 1446 COMPLETE | Reward 1045.42 | Steps 155 | Terminated True | Truncated False
2026-02-25 11:28:21,146 [INFO] Step 0: reward=-0.205, dist=3.15
2026-02-25 11:28:21,475 [INFO] Policy action (normalized): v = +0.953, w = -0.998 | Cmd_vel (scaled): v = +0.953 m/s, w = -0.998 rad/s
2026-02-25 11:28:28,403 [INFO] Step 200: reward=-1.780, dist=4.00
2026-02-25 11:28:33,623 [INFO] Step 400: reward=-0.243, dist=3.76
2026-02-25 11:28:39,045 [INFO] Step 600: reward=-2.180, dist=3.19
2026-02-25 11:28:46,929 [INFO] Step 800: reward=-0.207, dist=2.53
2026-02-25 11:28:53,222 [INFO] Episode 1447 COMPLETE | Reward -597.81 | Steps 1000 | Terminated False | Truncated True
2026-02-25 11:28:56,351 [INFO] Step 0: reward=-0.205, dist=2.61
2026-02-25 11:29:03,485 [INFO] Step 200: reward=0.061, dist=4.15
2026-02-25 11:29:08,071 [INFO] Step 400: reward=0.092, dist=4.99
2026-02-25 11:29:14,211 [INFO] Step 600: reward=0.082, dist=4.99
2026-02-25 11:29:18,293 [INFO] Performing PPO update at global step 1181696
2026-02-25 11:29:18,560 [INFO] PPO losses — policy: 0.0601, value: 436.7456, entropy: 4.2242
2026-02-25 11:29:18,565 [INFO] PPO update completed. Buffer cleared.
2026-02-25 11:29:21,206 [INFO] Step 800: reward=-0.124, dist=3.98
2026-02-25 11:29:24,288 [INFO] Episode 1448 COMPLETE | Reward -717.81 | Steps 1000 | Terminated False | Truncated True
2026-02-25 11:29:27,257 [INFO] Step 0: reward=-0.216, dist=2.62
2026-02-25 11:29:36,453 [INFO] Step 200: reward=-0.305, dist=3.22
2026-02-25 11:29:42,037 [INFO] Step 400: reward=-2.224, dist=3.55
2026-02-25 11:29:48,126 [INFO] Step 600: reward=-0.205, dist=3.33
2026-02-25 11:29:54,661 [INFO] Step 800: reward=0.598, dist=2.24
2026-02-25 11:29:57,317 [INFO] Episode 1449 COMPLETE | Reward -225.43 | Steps 877 | Terminated True | Truncated False
2026-02-25 11:30:01,341 [INFO] Step 0: reward=-0.205, dist=2.12
2026-02-25 11:30:08,963 [INFO] Step 200: reward=-1.912, dist=4.26
2026-02-25 11:30:16,537 [INFO] Step 400: reward=0.042, dist=4.36
2026-02-25 11:30:25,838 [INFO] Step 600: reward=-0.207, dist=2.71
2026-02-25 11:30:30,272 [INFO] Episode 1450 COMPLETE | Reward 168.74 | Steps 758 | Terminated True | Truncated False
2026-02-25 11:30:30,298 [INFO] Checkpoint saved: checkpoints/ppo_ep_01450.pt
2026-02-25 11:30:33,524 [INFO] Step 0: reward=-0.209, dist=3.83
2026-02-25 11:30:36,864 [INFO] Performing PPO update at global step 1183744
2026-02-25 11:30:37,153 [INFO] PPO losses — policy: 0.0059, value: 606.6110, entropy: 4.2239
2026-02-25 11:30:37,158 [INFO] PPO update completed. Buffer cleared.
2026-02-25 11:30:39,795 [INFO] Step 200: reward=-0.283, dist=3.79
2026-02-25 11:30:44,774 [INFO] Step 400: reward=-0.762, dist=3.30
2026-02-25 11:30:52,264 [INFO] Step 600: reward=0.773, dist=1.62
2026-02-25 11:30:54,977 [INFO] Episode 1451 COMPLETE | Reward -367.97 | Steps 658 | Terminated True | Truncated False
2026-02-25 11:31:06,531 [INFO] Step 0: reward=-0.179, dist=4.24
2026-02-25 11:31:14,532 [INFO] Step 200: reward=-0.671, dist=4.10
2026-02-25 11:31:22,686 [INFO] Step 400: reward=-0.950, dist=5.79
2026-02-25 11:31:28,800 [INFO] Step 600: reward=-1.912, dist=4.24
2026-02-25 11:31:34,970 [INFO] Step 800: reward=-1.190, dist=4.96
2026-02-25 11:31:41,375 [INFO] Episode 1452 COMPLETE | Reward -682.89 | Steps 1000 | Terminated False | Truncated True
2026-02-25 11:31:43,826 [INFO] Step 0: reward=-0.225, dist=3.19
2026-02-25 11:31:52,959 [INFO] Step 200: reward=-0.141, dist=2.86
2026-02-25 11:31:59,846 [INFO] Step 400: reward=-0.256, dist=2.17
2026-02-25 11:32:02,271 [INFO] Performing PPO update at global step 1185792
2026-02-25 11:32:02,549 [INFO] PPO losses — policy: 0.0514, value: 241.5530, entropy: 4.2242
2026-02-25 11:32:02,555 [INFO] PPO update completed. Buffer cleared.
2026-02-25 11:32:04,735 [INFO] Step 600: reward=-0.104, dist=1.29
2026-02-25 11:32:06,467 [INFO] Episode 1453 COMPLETE | Reward -299.24 | Steps 654 | Terminated True | Truncated False
2026-02-25 11:32:09,633 [INFO] Step 0: reward=-0.263, dist=2.13
2026-02-25 11:32:16,130 [INFO] Step 200: reward=0.165, dist=4.17
2026-02-25 11:32:21,299 [INFO] Step 400: reward=-0.010, dist=0.00
2026-02-25 11:32:28,701 [INFO] Step 600: reward=-1.852, dist=5.76
2026-02-25 11:32:35,427 [INFO] Step 800: reward=0.078, dist=5.29
2026-02-25 11:32:40,987 [INFO] Episode 1454 COMPLETE | Reward -579.73 | Steps 1000 | Terminated False | Truncated True
2026-02-25 11:32:44,327 [INFO] Step 0: reward=-1.762, dist=3.06
2026-02-25 11:32:50,593 [INFO] Step 200: reward=-0.205, dist=1.54
2026-02-25 11:32:52,577 [INFO] Episode 1455 COMPLETE | Reward 43.68 | Steps 271 | Terminated True | Truncated False
2026-02-25 11:32:52,602 [INFO] Checkpoint saved: checkpoints/ppo_ep_01455.pt
2026-02-25 11:32:56,930 [INFO] Step 0: reward=-0.239, dist=2.60
2026-02-25 11:33:03,413 [INFO] Step 200: reward=-0.217, dist=2.56
2026-02-25 11:33:07,931 [INFO] Step 400: reward=-2.237, dist=3.84
2026-02-25 11:33:15,287 [INFO] Step 600: reward=-0.112, dist=6.30
2026-02-25 11:33:16,466 [INFO] Performing PPO update at global step 1187840
2026-02-25 11:33:16,725 [INFO] PPO losses — policy: 0.0044, value: 821.5368, entropy: 4.2242
2026-02-25 11:33:16,730 [INFO] PPO update completed. Buffer cleared.
2026-02-25 11:33:22,292 [INFO] Step 800: reward=-1.909, dist=7.90
2026-02-25 11:33:28,986 [INFO] Episode 1456 COMPLETE | Reward -724.28 | Steps 1000 | Terminated False | Truncated True
2026-02-25 11:33:31,987 [INFO] Step 0: reward=-0.205, dist=2.65
2026-02-25 11:33:36,999 [INFO] Step 200: reward=-0.106, dist=4.51
2026-02-25 11:33:45,300 [INFO] Step 400: reward=0.094, dist=7.13
2026-02-25 11:33:51,746 [INFO] Step 600: reward=-2.005, dist=8.99
2026-02-25 11:33:58,098 [INFO] Step 800: reward=0.079, dist=10.54
2026-02-25 11:34:01,871 [INFO] Episode 1457 COMPLETE | Reward -531.13 | Steps 1000 | Terminated False | Truncated True
2026-02-25 11:34:05,115 [INFO] Step 0: reward=-0.213, dist=3.56
2026-02-25 11:34:13,953 [INFO] Step 200: reward=-2.230, dist=5.71
2026-02-25 11:34:21,283 [INFO] Step 400: reward=0.093, dist=8.32
2026-02-25 11:34:27,040 [INFO] Step 600: reward=0.015, dist=10.30
2026-02-25 11:34:29,423 [INFO] Performing PPO update at global step 1189888
2026-02-25 11:34:29,692 [INFO] PPO losses — policy: 0.0152, value: 78.4546, entropy: 4.2242
2026-02-25 11:34:29,697 [INFO] PPO update completed. Buffer cleared.
2026-02-25 11:34:33,153 [INFO] Policy action (normalized): v = -0.439, w = -0.946 | Cmd_vel (scaled): v = -0.439 m/s, w = -0.946 rad/s
2026-02-25 11:34:33,473 [INFO] Step 800: reward=-0.005, dist=11.86
2026-02-25 11:34:38,097 [INFO] Episode 1458 COMPLETE | Reward -498.12 | Steps 1000 | Terminated False | Truncated True
2026-02-25 11:34:42,043 [INFO] Step 0: reward=-0.213, dist=3.45
2026-02-25 11:34:50,140 [INFO] Step 200: reward=-2.366, dist=4.95
2026-02-25 11:34:56,364 [INFO] Step 400: reward=-2.290, dist=6.59
2026-02-25 11:35:02,075 [INFO] Step 600: reward=-2.532, dist=7.95
2026-02-25 11:35:06,367 [INFO] Step 800: reward=-0.107, dist=8.89
2026-02-25 11:35:13,177 [INFO] Episode 1459 COMPLETE | Reward -621.48 | Steps 1000 | Terminated False | Truncated True
2026-02-25 11:35:18,025 [INFO] Step 0: reward=-0.205, dist=3.47
2026-02-25 11:35:26,697 [INFO] Step 200: reward=0.092, dist=4.80
2026-02-25 11:35:30,411 [INFO] Step 400: reward=0.070, dist=4.65
2026-02-25 11:35:35,703 [INFO] Step 600: reward=-0.578, dist=4.08
2026-02-25 11:35:40,157 [INFO] Performing PPO update at global step 1191936
2026-02-25 11:35:40,431 [INFO] PPO losses — policy: 0.0205, value: 97.3551, entropy: 4.2242
2026-02-25 11:35:40,436 [INFO] PPO update completed. Buffer cleared.
2026-02-25 11:35:42,984 [INFO] Step 800: reward=0.118, dist=4.15
2026-02-25 11:35:49,785 [INFO] Episode 1460 COMPLETE | Reward -396.07 | Steps 1000 | Terminated False | Truncated True
2026-02-25 11:35:49,806 [INFO] Checkpoint saved: checkpoints/ppo_ep_01460.pt
2026-02-25 11:35:54,108 [INFO] Step 0: reward=-0.205, dist=2.33
2026-02-25 11:35:58,067 [INFO] Step 200: reward=-0.305, dist=2.78
2026-02-25 11:36:02,210 [INFO] Step 400: reward=-0.241, dist=3.34
2026-02-25 11:36:07,651 [INFO] Step 600: reward=-0.239, dist=3.75
2026-02-25 11:36:14,558 [INFO] Step 800: reward=-0.136, dist=2.95
2026-02-25 11:36:19,177 [INFO] Episode 1461 COMPLETE | Reward -267.28 | Steps 911 | Terminated True | Truncated False
2026-02-25 11:36:23,869 [INFO] Step 0: reward=-0.211, dist=2.16
2026-02-25 11:36:27,471 [INFO] Step 200: reward=-0.305, dist=1.88
2026-02-25 11:36:32,875 [INFO] Episode 1462 COMPLETE | Reward -64.42 | Steps 378 | Terminated True | Truncated False
2026-02-25 11:36:35,994 [INFO] Step 0: reward=-0.205, dist=3.76
2026-02-25 11:36:39,486 [INFO] Step 200: reward=-0.206, dist=3.78
2026-02-25 11:36:46,366 [INFO] Step 400: reward=-0.201, dist=3.30
2026-02-25 11:36:49,695 [INFO] Performing PPO update at global step 1193984
2026-02-25 11:36:49,951 [INFO] PPO losses — policy: 0.0683, value: 687.2298, entropy: 4.2242
2026-02-25 11:36:49,955 [INFO] PPO update completed. Buffer cleared.
2026-02-25 11:36:55,001 [INFO] Step 600: reward=-0.222, dist=2.73
2026-02-25 11:37:01,616 [INFO] Step 800: reward=-0.078, dist=2.13
2026-02-25 11:37:06,832 [INFO] Episode 1463 COMPLETE | Reward -425.76 | Steps 923 | Terminated True | Truncated False
2026-02-25 11:37:11,903 [INFO] Step 0: reward=-0.206, dist=2.42
2026-02-25 11:37:16,659 [INFO] Step 200: reward=-2.265, dist=2.56
2026-02-25 11:37:22,395 [INFO] Step 400: reward=-2.206, dist=2.45
2026-02-25 11:37:27,447 [INFO] Step 600: reward=-0.305, dist=1.70
2026-02-25 11:37:31,715 [INFO] Episode 1464 COMPLETE | Reward -595.62 | Steps 769 | Terminated True | Truncated False
2026-02-25 11:37:35,789 [INFO] Step 0: reward=-0.216, dist=2.06
2026-02-25 11:37:38,941 [INFO] Step 200: reward=-2.216, dist=2.34
2026-02-25 11:37:44,415 [INFO] Step 400: reward=-0.263, dist=4.09
2026-02-25 11:37:50,143 [INFO] Step 600: reward=0.040, dist=5.07
2026-02-25 11:37:55,384 [INFO] Step 800: reward=0.092, dist=5.10
2026-02-25 11:37:55,732 [INFO] Performing PPO update at global step 1196032
2026-02-25 11:37:55,998 [INFO] PPO losses — policy: 0.0115, value: 672.4644, entropy: 4.2242
2026-02-25 11:37:56,004 [INFO] PPO update completed. Buffer cleared.
2026-02-25 11:38:01,309 [INFO] Episode 1465 COMPLETE | Reward -983.96 | Steps 1000 | Terminated False | Truncated True
2026-02-25 11:38:01,329 [INFO] Checkpoint saved: checkpoints/ppo_ep_01465.pt
2026-02-25 11:38:05,382 [INFO] Step 0: reward=-2.232, dist=3.88
2026-02-25 11:38:10,754 [INFO] Step 200: reward=-0.272, dist=3.67
2026-02-25 11:38:17,692 [INFO] Step 400: reward=-2.220, dist=3.93
2026-02-25 11:38:22,795 [INFO] Step 600: reward=-0.205, dist=3.99
2026-02-25 11:38:25,730 [INFO] Step 800: reward=0.066, dist=4.59
2026-02-25 11:38:31,676 [INFO] Episode 1466 COMPLETE | Reward -1432.15 | Steps 1000 | Terminated False | Truncated True
2026-02-25 11:38:35,966 [INFO] Step 0: reward=5.480, dist=3.90
2026-02-25 11:38:41,371 [INFO] Episode 1467 COMPLETE | Reward 1247.68 | Steps 172 | Terminated True | Truncated False
2026-02-25 11:38:44,940 [INFO] Step 0: reward=-0.215, dist=2.51
2026-02-25 11:38:51,069 [INFO] Step 200: reward=-0.349, dist=3.36
2026-02-25 11:38:56,280 [INFO] Step 400: reward=-2.328, dist=3.64
2026-02-25 11:39:01,187 [INFO] Step 600: reward=-2.305, dist=3.99
2026-02-25 11:39:03,624 [INFO] Performing PPO update at global step 1198080
2026-02-25 11:39:03,882 [INFO] PPO losses — policy: 0.0355, value: 617.8935, entropy: 4.2242
2026-02-25 11:39:03,888 [INFO] PPO update completed. Buffer cleared.
2026-02-25 11:39:06,146 [INFO] Step 800: reward=-0.020, dist=4.38
2026-02-25 11:39:13,579 [INFO] Episode 1468 COMPLETE | Reward -1367.01 | Steps 1000 | Terminated False | Truncated True
2026-02-25 11:39:17,999 [INFO] Step 0: reward=-0.305, dist=3.11
2026-02-25 11:39:25,158 [INFO] Step 200: reward=-0.149, dist=1.84
2026-02-25 11:39:32,330 [INFO] Step 400: reward=-1.903, dist=1.02
2026-02-25 11:39:32,455 [INFO] Episode 1469 COMPLETE | Reward -175.63 | Steps 403 | Terminated True | Truncated False
2026-02-25 11:39:35,969 [INFO] Step 0: reward=5.994, dist=3.44
2026-02-25 11:39:40,765 [INFO] Episode 1470 COMPLETE | Reward 811.79 | Steps 179 | Terminated True | Truncated False
2026-02-25 11:39:40,785 [INFO] Checkpoint saved: checkpoints/ppo_ep_01470.pt
2026-02-25 11:39:44,888 [INFO] Step 0: reward=-6.959, dist=3.41
2026-02-25 11:39:49,591 [INFO] Episode 1471 COMPLETE | Reward 808.78 | Steps 167 | Terminated True | Truncated False
2026-02-25 11:39:52,822 [INFO] Step 0: reward=-0.207, dist=2.31
2026-02-25 11:39:58,974 [INFO] Step 200: reward=-1.248, dist=2.56
2026-02-25 11:40:03,247 [INFO] Step 400: reward=-2.273, dist=2.73
2026-02-25 11:40:08,731 [INFO] Step 600: reward=-2.260, dist=3.46
2026-02-25 11:40:14,431 [INFO] Step 800: reward=-0.002, dist=4.68
2026-02-25 11:40:16,822 [INFO] Policy action (normalized): v = +0.601, w = +0.594 | Cmd_vel (scaled): v = +0.601 m/s, w = +0.594 rad/s
2026-02-25 11:40:20,379 [INFO] Episode 1472 COMPLETE | Reward -1209.59 | Steps 1000 | Terminated False | Truncated True
2026-02-25 11:40:23,965 [INFO] Step 0: reward=5.995, dist=3.34
2026-02-25 11:40:24,461 [INFO] Performing PPO update at global step 1200128
2026-02-25 11:40:24,704 [INFO] PPO losses — policy: 0.0493, value: 905.0948, entropy: 4.2242
2026-02-25 11:40:24,708 [INFO] PPO update completed. Buffer cleared.
2026-02-25 11:40:28,589 [INFO] Episode 1473 COMPLETE | Reward 953.98 | Steps 180 | Terminated True | Truncated False
2026-02-25 11:40:32,897 [INFO] Step 0: reward=5.461, dist=2.23
2026-02-25 11:40:35,167 [INFO] Episode 1474 COMPLETE | Reward 386.45 | Steps 60 | Terminated True | Truncated False
2026-02-25 11:40:39,013 [INFO] Step 0: reward=-0.631, dist=3.63
2026-02-25 11:40:42,576 [INFO] Step 200: reward=-0.875, dist=3.72
2026-02-25 11:40:47,571 [INFO] Step 400: reward=-0.208, dist=3.66
2026-02-25 11:40:53,065 [INFO] Step 600: reward=-0.180, dist=3.34
2026-02-25 11:40:58,403 [INFO] Step 800: reward=-2.271, dist=3.04
2026-02-25 11:41:02,945 [INFO] Episode 1475 COMPLETE | Reward -1480.83 | Steps 1000 | Terminated False | Truncated True
2026-02-25 11:41:02,969 [INFO] Checkpoint saved: checkpoints/ppo_ep_01475.pt
2026-02-25 11:41:05,949 [INFO] Step 0: reward=-0.208, dist=2.62
2026-02-25 11:41:10,393 [INFO] Step 200: reward=-0.248, dist=2.66
2026-02-25 11:41:16,114 [INFO] Step 400: reward=-3.343, dist=3.03
2026-02-25 11:41:19,719 [INFO] Step 600: reward=-2.206, dist=3.77
2026-02-25 11:41:24,902 [INFO] Step 800: reward=-1.844, dist=4.45
2026-02-25 11:41:25,618 [INFO] Performing PPO update at global step 1202176
2026-02-25 11:41:25,994 [INFO] PPO losses — policy: -0.0131, value: 531.2540, entropy: 4.2242
2026-02-25 11:41:26,000 [INFO] PPO update completed. Buffer cleared.
2026-02-25 11:41:28,883 [INFO] Episode 1476 COMPLETE | Reward -1718.97 | Steps 1000 | Terminated False | Truncated True
2026-02-25 11:41:31,936 [INFO] Step 0: reward=-0.206, dist=2.35
2026-02-25 11:41:38,587 [INFO] Step 200: reward=-2.443, dist=4.47
2026-02-25 11:41:46,609 [INFO] Step 400: reward=-0.389, dist=5.73
2026-02-25 11:41:55,220 [INFO] Step 600: reward=-0.074, dist=7.91
2026-02-25 11:42:00,929 [INFO] Step 800: reward=-1.693, dist=9.02
2026-02-25 11:42:05,508 [INFO] Episode 1477 COMPLETE | Reward -807.71 | Steps 1000 | Terminated False | Truncated True
2026-02-25 11:42:08,932 [INFO] Step 0: reward=-0.240, dist=3.29
2026-02-25 11:42:13,231 [INFO] Step 200: reward=-0.361, dist=4.27
2026-02-25 11:42:18,714 [INFO] Step 400: reward=-2.229, dist=4.94
2026-02-25 11:42:25,020 [INFO] Step 600: reward=0.079, dist=5.61
2026-02-25 11:42:30,483 [INFO] Step 800: reward=-3.270, dist=6.12
2026-02-25 11:42:32,191 [INFO] Performing PPO update at global step 1204224
2026-02-25 11:42:32,442 [INFO] PPO losses — policy: 0.0399, value: 153.7168, entropy: 4.2242
2026-02-25 11:42:32,446 [INFO] PPO update completed. Buffer cleared.
2026-02-25 11:42:35,203 [INFO] Episode 1478 COMPLETE | Reward -1079.91 | Steps 1000 | Terminated False | Truncated True
2026-02-25 11:42:38,966 [INFO] Step 0: reward=-0.222, dist=3.54
2026-02-25 11:42:43,074 [INFO] Step 200: reward=-3.853, dist=3.91
2026-02-25 11:42:48,998 [INFO] Step 400: reward=0.026, dist=4.63
2026-02-25 11:42:55,204 [INFO] Step 600: reward=-0.614, dist=5.70
2026-02-25 11:43:00,346 [INFO] Step 800: reward=-1.983, dist=6.35
2026-02-25 11:43:06,442 [INFO] Episode 1479 COMPLETE | Reward -919.60 | Steps 1000 | Terminated False | Truncated True
2026-02-25 11:43:08,974 [INFO] Step 0: reward=-0.263, dist=2.69
2026-02-25 11:43:13,674 [INFO] Step 200: reward=-0.435, dist=3.37
2026-02-25 11:43:19,573 [INFO] Step 400: reward=-3.820, dist=4.89
2026-02-25 11:43:23,644 [INFO] Step 600: reward=-1.875, dist=5.52
2026-02-25 11:43:29,780 [INFO] Step 800: reward=0.103, dist=6.40
2026-02-25 11:43:33,206 [INFO] Performing PPO update at global step 1206272
2026-02-25 11:43:33,457 [INFO] PPO losses — policy: -0.0007, value: 159.0450, entropy: 4.2242
2026-02-25 11:43:33,462 [INFO] PPO update completed. Buffer cleared.
2026-02-25 11:43:36,798 [INFO] Episode 1480 COMPLETE | Reward -1057.58 | Steps 1000 | Terminated False | Truncated True
2026-02-25 11:43:36,831 [INFO] Checkpoint saved: checkpoints/ppo_ep_01480.pt
2026-02-25 11:43:48,535 [INFO] Step 0: reward=0.041, dist=4.24
2026-02-25 11:43:54,362 [INFO] Step 200: reward=-1.191, dist=3.72
2026-02-25 11:44:01,461 [INFO] Step 400: reward=-0.168, dist=5.54
2026-02-25 11:44:08,606 [INFO] Step 600: reward=0.094, dist=7.26
2026-02-25 11:44:14,183 [INFO] Step 800: reward=-2.206, dist=3.29
2026-02-25 11:44:21,282 [INFO] Episode 1481 COMPLETE | Reward -732.33 | Steps 1000 | Terminated False | Truncated True
2026-02-25 11:44:24,071 [INFO] Step 0: reward=-2.201, dist=2.87
2026-02-25 11:44:27,905 [INFO] Step 200: reward=-0.005, dist=4.04
2026-02-25 11:44:33,591 [INFO] Step 400: reward=-1.152, dist=5.22
2026-02-25 11:44:38,718 [INFO] Step 600: reward=-2.011, dist=6.42
2026-02-25 11:44:43,785 [INFO] Step 800: reward=-0.524, dist=7.42
2026-02-25 11:44:50,108 [INFO] Performing PPO update at global step 1208320
2026-02-25 11:44:50,365 [INFO] PPO losses — policy: -0.0010, value: 148.6060, entropy: 4.2242
2026-02-25 11:44:50,369 [INFO] PPO update completed. Buffer cleared.
2026-02-25 11:44:51,788 [INFO] Episode 1482 COMPLETE | Reward -864.33 | Steps 1000 | Terminated False | Truncated True
2026-02-25 11:44:54,984 [INFO] Step 0: reward=-0.224, dist=2.45
2026-02-25 11:45:00,794 [INFO] Step 200: reward=-2.009, dist=4.31
2026-02-25 11:45:07,811 [INFO] Step 400: reward=-1.921, dist=5.96
2026-02-25 11:45:14,060 [INFO] Step 600: reward=0.091, dist=7.46
2026-02-25 11:45:18,503 [INFO] Step 800: reward=-1.910, dist=8.36
2026-02-25 11:45:22,582 [INFO] Episode 1483 COMPLETE | Reward -708.04 | Steps 1000 | Terminated False | Truncated True
2026-02-25 11:45:27,093 [INFO] Step 0: reward=-1.793, dist=2.94
2026-02-25 11:45:31,843 [INFO] Step 200: reward=-1.928, dist=4.42
2026-02-25 11:45:39,463 [INFO] Step 400: reward=-2.579, dist=6.35
2026-02-25 11:45:45,887 [INFO] Step 600: reward=-2.064, dist=8.31
2026-02-25 11:45:46,930 [INFO] Policy action (normalized): v = +0.028, w = -0.703 | Cmd_vel (scaled): v = +0.028 m/s, w = -0.703 rad/s
2026-02-25 11:45:49,863 [INFO] Step 800: reward=0.095, dist=9.23
2026-02-25 11:45:54,065 [INFO] Episode 1484 COMPLETE | Reward -822.55 | Steps 1000 | Terminated False | Truncated True
2026-02-25 11:45:57,150 [INFO] Step 0: reward=-0.205, dist=2.33
2026-02-25 11:45:57,714 [INFO] Performing PPO update at global step 1210368
2026-02-25 11:45:57,962 [INFO] PPO losses — policy: 0.0237, value: 103.3431, entropy: 4.2242
2026-02-25 11:45:57,967 [INFO] PPO update completed. Buffer cleared.
2026-02-25 11:46:01,484 [INFO] Step 200: reward=-2.255, dist=2.53
2026-02-25 11:46:05,466 [INFO] Step 400: reward=-0.206, dist=3.25
2026-02-25 11:46:08,845 [INFO] Step 600: reward=-2.365, dist=3.85
2026-02-25 11:46:12,908 [INFO] Step 800: reward=-0.005, dist=4.51
2026-02-25 11:46:17,970 [INFO] Episode 1485 COMPLETE | Reward -1093.55 | Steps 1000 | Terminated False | Truncated True
2026-02-25 11:46:17,988 [INFO] Checkpoint saved: checkpoints/ppo_ep_01485.pt
2026-02-25 11:46:21,125 [INFO] Step 0: reward=-0.305, dist=3.26
2026-02-25 11:46:25,481 [INFO] Step 200: reward=-4.196, dist=2.93
2026-02-25 11:46:29,930 [INFO] Step 400: reward=-0.395, dist=3.84
2026-02-25 11:46:33,145 [INFO] Step 600: reward=-2.072, dist=4.94
2026-02-25 11:46:39,822 [INFO] Step 800: reward=-0.043, dist=6.00
2026-02-25 11:46:45,969 [INFO] Episode 1486 COMPLETE | Reward -1045.94 | Steps 1000 | Terminated False | Truncated True
2026-02-25 11:47:11,115 [INFO] Step 0: reward=-100.000, dist=5249.29
2026-02-25 11:47:11,115 [INFO] Episode 1487 COMPLETE | Reward -100.00 | Steps 1 | Terminated False | Truncated True
2026-02-25 11:47:15,383 [INFO] Step 0: reward=-0.215, dist=3.06
2026-02-25 11:47:18,657 [INFO] Performing PPO update at global step 1212416
2026-02-25 11:47:18,914 [INFO] PPO losses — policy: -0.0060, value: 171.1825, entropy: 4.2242
2026-02-25 11:47:18,919 [INFO] PPO update completed. Buffer cleared.
2026-02-25 11:47:22,363 [INFO] Step 200: reward=-0.238, dist=2.88
2026-02-25 11:47:29,936 [INFO] Step 400: reward=-1.908, dist=4.12
2026-02-25 11:47:36,132 [INFO] Step 600: reward=-0.087, dist=5.55
2026-02-25 11:47:39,502 [INFO] Step 800: reward=-0.144, dist=6.77
2026-02-25 11:47:44,362 [INFO] Episode 1488 COMPLETE | Reward -863.27 | Steps 1000 | Terminated False | Truncated True
2026-02-25 11:47:48,569 [INFO] Step 0: reward=-0.209, dist=2.78
2026-02-25 11:47:54,037 [INFO] Step 200: reward=-0.796, dist=4.30
2026-02-25 11:47:58,551 [INFO] Step 400: reward=-0.027, dist=5.31
2026-02-25 11:48:05,761 [INFO] Step 600: reward=-0.189, dist=7.64
2026-02-25 11:48:12,077 [INFO] Step 800: reward=0.004, dist=8.87
2026-02-25 11:48:17,793 [INFO] Episode 1489 COMPLETE | Reward -782.34 | Steps 1000 | Terminated False | Truncated True
2026-02-25 11:48:20,433 [INFO] Step 0: reward=-0.305, dist=3.54
2026-02-25 11:48:24,064 [INFO] Performing PPO update at global step 1214464
2026-02-25 11:48:24,319 [INFO] PPO losses — policy: 0.0022, value: 124.5780, entropy: 4.2242
2026-02-25 11:48:24,323 [INFO] PPO update completed. Buffer cleared.
2026-02-25 11:48:25,943 [INFO] Step 200: reward=-0.305, dist=2.32
2026-02-25 11:48:31,741 [INFO] Step 400: reward=-0.978, dist=1.76
2026-02-25 11:48:37,749 [INFO] Step 600: reward=-0.411, dist=3.36
2026-02-25 11:48:42,998 [INFO] Step 800: reward=-0.049, dist=4.93
2026-02-25 11:48:49,410 [INFO] Episode 1490 COMPLETE | Reward -839.76 | Steps 1000 | Terminated False | Truncated True
2026-02-25 11:48:49,429 [INFO] Checkpoint saved: checkpoints/ppo_ep_01490.pt
2026-02-25 11:48:54,327 [INFO] Step 0: reward=-0.206, dist=2.93
2026-02-25 11:49:00,207 [INFO] Step 200: reward=-0.282, dist=4.49
2026-02-25 11:49:06,821 [INFO] Step 400: reward=-0.159, dist=6.10
2026-02-25 11:49:11,510 [INFO] Step 600: reward=-2.005, dist=7.61
2026-02-25 11:49:16,540 [INFO] Step 800: reward=-1.918, dist=9.10
2026-02-25 11:49:23,419 [INFO] Episode 1491 COMPLETE | Reward -707.95 | Steps 1000 | Terminated False | Truncated True
2026-02-25 11:49:26,911 [INFO] Step 0: reward=-0.219, dist=2.43
2026-02-25 11:49:31,602 [INFO] Performing PPO update at global step 1216512
2026-02-25 11:49:31,867 [INFO] PPO losses — policy: 0.0005, value: 109.2846, entropy: 4.2242
2026-02-25 11:49:31,872 [INFO] PPO update completed. Buffer cleared.
2026-02-25 11:49:32,888 [INFO] Step 200: reward=-2.322, dist=2.88
2026-02-25 11:49:37,562 [INFO] Step 400: reward=-2.206, dist=3.68
2026-02-25 11:49:43,229 [INFO] Step 600: reward=-1.943, dist=5.01
2026-02-25 11:49:50,526 [INFO] Step 800: reward=-0.113, dist=6.58
2026-02-25 11:49:59,961 [INFO] Episode 1492 COMPLETE | Reward -829.31 | Steps 1000 | Terminated False | Truncated True
2026-02-25 11:50:02,878 [INFO] Step 0: reward=-0.205, dist=2.63
2026-02-25 11:50:08,197 [INFO] Step 200: reward=-3.159, dist=2.00
2026-02-25 11:50:11,564 [INFO] Step 400: reward=-2.201, dist=2.06
2026-02-25 11:50:17,378 [INFO] Step 600: reward=-2.215, dist=3.16
2026-02-25 11:50:24,125 [INFO] Step 800: reward=-0.187, dist=4.27
2026-02-25 11:50:26,811 [INFO] Episode 1493 COMPLETE | Reward -1360.96 | Steps 1000 | Terminated False | Truncated True
2026-02-25 11:50:29,911 [INFO] Step 0: reward=-0.262, dist=2.65
2026-02-25 11:50:36,167 [INFO] Step 200: reward=239.950, dist=0.00
2026-02-25 11:50:36,167 [INFO] Episode 1494 COMPLETE | Reward 137.76 | Steps 201 | Terminated True | Truncated False
2026-02-25 11:50:39,039 [INFO] Step 0: reward=-0.237, dist=2.28
2026-02-25 11:50:39,124 [INFO] Performing PPO update at global step 1218560
2026-02-25 11:50:39,389 [INFO] PPO losses — policy: -0.0023, value: 590.5203, entropy: 4.2242
2026-02-25 11:50:39,393 [INFO] PPO update completed. Buffer cleared.
2026-02-25 11:50:45,044 [INFO] Step 200: reward=-1.076, dist=3.62
2026-02-25 11:50:51,104 [INFO] Step 400: reward=-0.175, dist=5.37
2026-02-25 11:50:55,161 [INFO] Step 600: reward=-1.940, dist=6.47
2026-02-25 11:50:57,956 [INFO] Step 800: reward=0.095, dist=7.44
2026-02-25 11:51:01,220 [INFO] Episode 1495 COMPLETE | Reward -1058.53 | Steps 1000 | Terminated False | Truncated True
2026-02-25 11:51:01,242 [INFO] Checkpoint saved: checkpoints/ppo_ep_01495.pt
2026-02-25 11:51:06,080 [INFO] Step 0: reward=-0.208, dist=3.73
2026-02-25 11:51:10,719 [INFO] Step 200: reward=-0.252, dist=3.82
2026-02-25 11:51:15,987 [INFO] Step 400: reward=0.084, dist=4.10
2026-02-25 11:51:17,611 [INFO] Policy action (normalized): v = +0.706, w = +0.884 | Cmd_vel (scaled): v = +0.706 m/s, w = +0.884 rad/s
2026-02-25 11:51:23,371 [INFO] Step 600: reward=0.093, dist=5.61
2026-02-25 11:51:30,648 [INFO] Step 800: reward=-1.905, dist=7.61
2026-02-25 11:51:37,198 [INFO] Episode 1496 COMPLETE | Reward -718.27 | Steps 1000 | Terminated False | Truncated True
2026-02-25 11:51:41,474 [INFO] Step 0: reward=-0.216, dist=2.10
2026-02-25 11:51:42,966 [INFO] Performing PPO update at global step 1220608
2026-02-25 11:51:43,223 [INFO] PPO losses — policy: 0.0049, value: 132.3360, entropy: 4.2242
2026-02-25 11:51:43,227 [INFO] PPO update completed. Buffer cleared.
2026-02-25 11:51:47,649 [INFO] Step 200: reward=-0.219, dist=2.09
2026-02-25 11:51:54,392 [INFO] Step 400: reward=-1.848, dist=3.01
2026-02-25 11:51:59,775 [INFO] Step 600: reward=-1.884, dist=4.21
2026-02-25 11:52:05,116 [INFO] Step 800: reward=-1.441, dist=5.48
2026-02-25 11:52:08,382 [INFO] Episode 1497 COMPLETE | Reward -746.39 | Steps 1000 | Terminated False | Truncated True
2026-02-25 11:52:11,896 [INFO] Step 0: reward=-0.207, dist=3.91
2026-02-25 11:52:16,535 [INFO] Step 200: reward=-0.069, dist=5.48
2026-02-25 11:52:24,570 [INFO] Step 400: reward=-0.246, dist=8.73
2026-02-25 11:52:32,193 [INFO] Step 600: reward=-1.311, dist=10.30
2026-02-25 11:52:38,047 [INFO] Step 800: reward=-2.005, dist=11.26
2026-02-25 11:52:42,995 [INFO] Episode 1498 COMPLETE | Reward -645.05 | Steps 1000 | Terminated False | Truncated True
2026-02-25 11:53:08,187 [INFO] Step 0: reward=-100.000, dist=2379.25
2026-02-25 11:53:08,188 [INFO] Episode 1499 COMPLETE | Reward -100.00 | Steps 1 | Terminated False | Truncated True
2026-02-25 11:53:33,288 [INFO] Step 0: reward=-100.000, dist=63869.29
2026-02-25 11:53:33,289 [INFO] Episode 1500 COMPLETE | Reward -100.00 | Steps 1 | Terminated False | Truncated True
2026-02-25 11:53:33,311 [INFO] Checkpoint saved: checkpoints/ppo_ep_01500.pt
2026-02-25 11:53:36,246 [INFO] Step 0: reward=-0.206, dist=2.85
2026-02-25 11:53:38,009 [INFO] Performing PPO update at global step 1222656
2026-02-25 11:53:38,276 [INFO] PPO losses — policy: 0.0048, value: 107.1497, entropy: 4.2242
2026-02-25 11:53:38,282 [INFO] PPO update completed. Buffer cleared.
2026-02-25 11:53:40,863 [INFO] Step 200: reward=-1.938, dist=4.35
2026-02-25 11:53:45,578 [INFO] Step 400: reward=-1.906, dist=5.96
2026-02-25 11:53:51,121 [INFO] Step 600: reward=0.089, dist=7.49
2026-02-25 11:53:54,745 [INFO] Step 800: reward=-1.768, dist=8.06
2026-02-25 11:53:57,506 [INFO] Episode 1501 COMPLETE | Reward -1138.61 | Steps 1000 | Terminated False | Truncated True
2026-02-25 11:53:59,953 [INFO] Step 0: reward=-0.238, dist=3.01
2026-02-25 11:54:05,671 [INFO] Step 200: reward=-2.215, dist=2.92
2026-02-25 11:54:11,459 [INFO] Step 400: reward=-1.565, dist=2.05
2026-02-25 11:54:16,863 [INFO] Step 600: reward=-0.287, dist=2.07
2026-02-25 11:54:21,213 [INFO] Step 800: reward=-3.528, dist=2.55
2026-02-25 11:54:27,547 [INFO] Episode 1502 COMPLETE | Reward -1711.39 | Steps 1000 | Terminated False | Truncated True
2026-02-25 11:54:30,859 [INFO] Step 0: reward=-0.237, dist=2.70
2026-02-25 11:54:35,874 [INFO] Performing PPO update at global step 1224704
2026-02-25 11:54:36,122 [INFO] PPO losses — policy: 0.0007, value: 288.2261, entropy: 4.2242
2026-02-25 11:54:36,127 [INFO] PPO update completed. Buffer cleared.
2026-02-25 11:54:37,594 [INFO] Step 200: reward=-0.243, dist=2.50
2026-02-25 11:54:42,891 [INFO] Step 400: reward=-2.147, dist=1.92
2026-02-25 11:54:49,946 [INFO] Step 600: reward=-2.069, dist=1.37
2026-02-25 11:54:55,935 [INFO] Step 800: reward=-2.289, dist=2.08
2026-02-25 11:55:01,081 [INFO] Episode 1503 COMPLETE | Reward -1470.29 | Steps 1000 | Terminated False | Truncated True
2026-02-25 11:55:06,137 [INFO] Step 0: reward=-0.208, dist=2.74
2026-02-25 11:55:11,832 [INFO] Step 200: reward=-0.269, dist=3.09
2026-02-25 11:55:15,711 [INFO] Step 400: reward=-2.263, dist=3.60
2026-02-25 11:55:21,432 [INFO] Step 600: reward=0.086, dist=4.17
2026-02-25 11:55:27,864 [INFO] Step 800: reward=-0.238, dist=3.97
2026-02-25 11:55:34,465 [INFO] Episode 1504 COMPLETE | Reward -1390.92 | Steps 1000 | Terminated False | Truncated True
2026-02-25 11:55:38,981 [INFO] Step 0: reward=-0.259, dist=1.92
2026-02-25 11:55:46,520 [INFO] Performing PPO update at global step 1226752
2026-02-25 11:55:46,771 [INFO] PPO losses — policy: 0.0419, value: 262.9823, entropy: 4.2242
2026-02-25 11:55:46,776 [INFO] PPO update completed. Buffer cleared.
2026-02-25 11:55:46,814 [INFO] Step 200: reward=-0.218, dist=2.93
2026-02-25 11:55:53,579 [INFO] Step 400: reward=-2.529, dist=3.11
2026-02-25 11:55:57,655 [INFO] Step 600: reward=-2.232, dist=2.75
2026-02-25 11:56:02,711 [INFO] Step 800: reward=-2.135, dist=2.13
2026-02-25 11:56:07,676 [INFO] Episode 1505 COMPLETE | Reward -1446.42 | Steps 1000 | Terminated False | Truncated True
2026-02-25 11:56:07,695 [INFO] Checkpoint saved: checkpoints/ppo_ep_01505.pt
2026-02-25 11:56:11,764 [INFO] Step 0: reward=-0.005, dist=4.33
2026-02-25 11:56:19,073 [INFO] Step 200: reward=0.044, dist=4.62
2026-02-25 11:56:24,193 [INFO] Step 400: reward=-2.491, dist=4.49
2026-02-25 11:56:29,360 [INFO] Step 600: reward=-0.005, dist=4.07
2026-02-25 11:56:34,641 [INFO] Step 800: reward=-0.093, dist=3.18
2026-02-25 11:56:40,857 [INFO] Episode 1506 COMPLETE | Reward -957.37 | Steps 1000 | Terminated False | Truncated True
2026-02-25 11:56:45,141 [INFO] Step 0: reward=-0.206, dist=3.22
2026-02-25 11:56:50,773 [INFO] Step 200: reward=-0.205, dist=3.59
2026-02-25 11:56:51,771 [INFO] Performing PPO update at global step 1228800
2026-02-25 11:56:52,029 [INFO] PPO losses — policy: -0.0040, value: 245.5688, entropy: 4.2242
2026-02-25 11:56:52,033 [INFO] PPO update completed. Buffer cleared.
2026-02-25 11:56:56,196 [INFO] Step 400: reward=-0.143, dist=2.90
2026-02-25 11:57:01,631 [INFO] Step 600: reward=-2.210, dist=2.37
2026-02-25 11:57:07,333 [INFO] Step 800: reward=-2.515, dist=2.94
2026-02-25 11:57:13,351 [INFO] Episode 1507 COMPLETE | Reward -1502.93 | Steps 1000 | Terminated False | Truncated True
2026-02-25 11:57:18,336 [INFO] Step 0: reward=-0.305, dist=2.29
2026-02-25 11:57:23,584 [INFO] Step 200: reward=-2.230, dist=3.13
2026-02-25 11:57:30,638 [INFO] Step 400: reward=-0.228, dist=2.55
2026-02-25 11:57:31,523 [INFO] Policy action (normalized): v = +0.882, w = +0.485 | Cmd_vel (scaled): v = +0.882 m/s, w = +0.485 rad/s
2026-02-25 11:57:35,934 [INFO] Step 600: reward=-0.218, dist=2.03
2026-02-25 11:57:40,915 [INFO] Step 800: reward=-2.213, dist=2.88
2026-02-25 11:57:48,521 [INFO] Episode 1508 COMPLETE | Reward -1191.61 | Steps 1000 | Terminated False | Truncated True
2026-02-25 11:57:51,004 [INFO] Step 0: reward=-0.210, dist=2.39
2026-02-25 11:57:57,374 [INFO] Step 200: reward=-0.305, dist=1.54
2026-02-25 11:58:00,742 [INFO] Performing PPO update at global step 1230848
2026-02-25 11:58:01,102 [INFO] PPO losses — policy: -0.0051, value: 253.9775, entropy: 4.2242
2026-02-25 11:58:01,108 [INFO] PPO update completed. Buffer cleared.
2026-02-25 11:58:05,494 [INFO] Step 400: reward=-0.258, dist=2.90
2026-02-25 11:58:13,204 [INFO] Step 600: reward=-0.116, dist=2.40
2026-02-25 11:58:18,435 [INFO] Step 800: reward=-0.209, dist=1.74
2026-02-25 11:58:24,564 [INFO] Episode 1509 COMPLETE | Reward -898.96 | Steps 1000 | Terminated False | Truncated True
2026-02-25 11:58:28,699 [INFO] Step 0: reward=-0.839, dist=3.43
2026-02-25 11:58:33,618 [INFO] Step 200: reward=0.051, dist=4.46
2026-02-25 11:58:38,421 [INFO] Step 400: reward=-1.925, dist=4.26
2026-02-25 11:58:44,381 [INFO] Step 600: reward=-0.204, dist=3.32
2026-02-25 11:58:50,565 [INFO] Step 800: reward=-0.471, dist=3.46
2026-02-25 11:58:55,648 [INFO] Episode 1510 COMPLETE | Reward -1099.32 | Steps 1000 | Terminated False | Truncated True
2026-02-25 11:58:55,668 [INFO] Checkpoint saved: checkpoints/ppo_ep_01510.pt
2026-02-25 11:58:58,704 [INFO] Step 0: reward=-0.219, dist=3.89
2026-02-25 11:59:06,425 [INFO] Step 200: reward=-0.206, dist=3.41
2026-02-25 11:59:11,416 [INFO] Performing PPO update at global step 1232896
2026-02-25 11:59:11,675 [INFO] PPO losses — policy: 0.0258, value: 193.2624, entropy: 4.2242
2026-02-25 11:59:11,680 [INFO] PPO update completed. Buffer cleared.
2026-02-25 11:59:13,654 [INFO] Step 400: reward=-0.226, dist=2.67
2026-02-25 11:59:17,700 [INFO] Step 600: reward=-2.308, dist=3.24
2026-02-25 11:59:24,586 [INFO] Step 800: reward=-2.194, dist=3.83
2026-02-25 11:59:30,455 [INFO] Episode 1511 COMPLETE | Reward -1114.00 | Steps 1000 | Terminated False | Truncated True
2026-02-25 11:59:32,886 [INFO] Step 0: reward=-0.305, dist=3.09
2026-02-25 11:59:39,040 [INFO] Step 200: reward=-2.871, dist=2.23
2026-02-25 11:59:46,209 [INFO] Step 400: reward=-0.317, dist=3.41
2026-02-25 11:59:51,950 [INFO] Step 600: reward=-2.228, dist=3.45
2026-02-25 11:59:59,492 [INFO] Step 800: reward=-2.825, dist=2.32
2026-02-25 12:00:04,227 [INFO] Episode 1512 COMPLETE | Reward -1319.91 | Steps 1000 | Terminated False | Truncated True
2026-02-25 12:00:09,011 [INFO] Step 0: reward=-0.207, dist=2.74
2026-02-25 12:00:13,287 [INFO] Step 200: reward=-3.252, dist=3.36
2026-02-25 12:00:21,852 [INFO] Performing PPO update at global step 1234944
2026-02-25 12:00:22,229 [INFO] PPO losses — policy: 0.0050, value: 251.3241, entropy: 4.2242
2026-02-25 12:00:22,236 [INFO] PPO update completed. Buffer cleared.
2026-02-25 12:00:22,718 [INFO] Step 400: reward=-0.187, dist=3.46
2026-02-25 12:00:30,585 [INFO] Step 600: reward=-0.205, dist=2.57
2026-02-25 12:00:36,882 [INFO] Step 800: reward=-0.292, dist=3.49
2026-02-25 12:00:42,931 [INFO] Episode 1513 COMPLETE | Reward -1132.33 | Steps 1000 | Terminated False | Truncated True
2026-02-25 12:00:48,011 [INFO] Step 0: reward=-0.260, dist=3.50
2026-02-25 12:00:53,968 [INFO] Step 200: reward=-0.298, dist=2.57
2026-02-25 12:00:58,600 [INFO] Step 400: reward=-2.206, dist=3.05
2026-02-25 12:01:04,464 [INFO] Step 600: reward=-0.190, dist=3.81
2026-02-25 12:01:10,293 [INFO] Step 800: reward=-2.172, dist=3.21
2026-02-25 12:01:16,698 [INFO] Episode 1514 COMPLETE | Reward -1133.90 | Steps 1000 | Terminated False | Truncated True
2026-02-25 12:01:20,767 [INFO] Step 0: reward=-0.212, dist=3.10
2026-02-25 12:01:26,168 [INFO] Step 200: reward=-2.261, dist=3.91
2026-02-25 12:01:32,487 [INFO] Step 400: reward=-0.090, dist=3.36
2026-02-25 12:01:33,553 [INFO] Performing PPO update at global step 1236992
2026-02-25 12:01:33,806 [INFO] PPO losses — policy: 0.0052, value: 179.2755, entropy: 4.2242
2026-02-25 12:01:33,811 [INFO] PPO update completed. Buffer cleared.
2026-02-25 12:01:38,041 [INFO] Step 600: reward=-0.222, dist=2.78
2026-02-25 12:01:43,671 [INFO] Step 800: reward=-2.209, dist=3.83
2026-02-25 12:01:48,729 [INFO] Episode 1515 COMPLETE | Reward -1139.06 | Steps 1000 | Terminated False | Truncated True
2026-02-25 12:01:48,748 [INFO] Checkpoint saved: checkpoints/ppo_ep_01515.pt
2026-02-25 12:01:51,029 [INFO] Step 0: reward=-0.208, dist=3.40
2026-02-25 12:01:58,588 [INFO] Step 200: reward=-0.519, dist=2.56
2026-02-25 12:02:02,554 [INFO] Step 400: reward=-0.254, dist=3.21
2026-02-25 12:02:08,931 [INFO] Step 600: reward=-2.213, dist=3.49
2026-02-25 12:02:14,328 [INFO] Step 800: reward=-2.265, dist=2.54
2026-02-25 12:02:21,635 [INFO] Episode 1516 COMPLETE | Reward -1038.99 | Steps 1000 | Terminated False | Truncated True
2026-02-25 12:02:24,798 [INFO] Step 0: reward=-0.208, dist=2.61
2026-02-25 12:02:31,315 [INFO] Step 200: reward=-0.441, dist=2.52
2026-02-25 12:02:36,396 [INFO] Step 400: reward=-0.210, dist=3.42
2026-02-25 12:02:38,523 [INFO] Performing PPO update at global step 1239040
2026-02-25 12:02:38,782 [INFO] PPO losses — policy: 0.0097, value: 192.5158, entropy: 4.2242
2026-02-25 12:02:38,787 [INFO] PPO update completed. Buffer cleared.
2026-02-25 12:02:43,226 [INFO] Step 600: reward=-0.206, dist=3.15
2026-02-25 12:02:48,277 [INFO] Step 800: reward=-2.305, dist=2.44
2026-02-25 12:02:53,474 [INFO] Episode 1517 COMPLETE | Reward -1141.61 | Steps 1000 | Terminated False | Truncated True
2026-02-25 12:02:57,319 [INFO] Step 0: reward=-0.010, dist=0.00
2026-02-25 12:03:02,414 [INFO] Step 200: reward=-2.219, dist=2.00
2026-02-25 12:03:07,325 [INFO] Step 400: reward=-2.298, dist=3.03
2026-02-25 12:03:08,606 [INFO] Policy action (normalized): v = +1.000, w = -0.918 | Cmd_vel (scaled): v = +1.000 m/s, w = -0.918 rad/s
2026-02-25 12:03:13,713 [INFO] Step 600: reward=-2.222, dist=3.18
2026-02-25 12:03:19,747 [INFO] Step 800: reward=-0.176, dist=2.12
2026-02-25 12:03:25,933 [INFO] Episode 1518 COMPLETE | Reward -1191.68 | Steps 1000 | Terminated False | Truncated True
2026-02-25 12:03:29,972 [INFO] Step 0: reward=-0.207, dist=2.63
2026-02-25 12:03:37,082 [INFO] Step 200: reward=-0.126, dist=1.57
2026-02-25 12:03:44,326 [INFO] Step 400: reward=-0.209, dist=2.04
2026-02-25 12:03:48,426 [INFO] Performing PPO update at global step 1241088
2026-02-25 12:03:48,666 [INFO] PPO losses — policy: 0.0027, value: 201.8597, entropy: 4.2242
2026-02-25 12:03:48,671 [INFO] PPO update completed. Buffer cleared.
2026-02-25 12:03:50,889 [INFO] Step 600: reward=-0.355, dist=2.87
2026-02-25 12:03:58,579 [INFO] Step 800: reward=-0.305, dist=1.87
2026-02-25 12:04:02,585 [INFO] Episode 1519 COMPLETE | Reward -1094.07 | Steps 1000 | Terminated False | Truncated True
2026-02-25 12:04:06,104 [INFO] Step 0: reward=-0.210, dist=2.96
2026-02-25 12:04:12,324 [INFO] Step 200: reward=-0.252, dist=2.72
2026-02-25 12:04:19,123 [INFO] Step 400: reward=-0.353, dist=3.71
2026-02-25 12:04:25,338 [INFO] Step 600: reward=-0.112, dist=3.33
2026-02-25 12:04:31,931 [INFO] Step 800: reward=-0.280, dist=2.45
2026-02-25 12:04:40,057 [INFO] Episode 1520 COMPLETE | Reward -814.77 | Steps 1000 | Terminated False | Truncated True
2026-02-25 12:04:40,077 [INFO] Checkpoint saved: checkpoints/ppo_ep_01520.pt
2026-02-25 12:04:43,365 [INFO] Step 0: reward=-0.228, dist=2.76
2026-02-25 12:04:50,144 [INFO] Step 200: reward=-0.194, dist=3.83
2026-02-25 12:04:56,787 [INFO] Step 400: reward=-0.177, dist=3.50
2026-02-25 12:05:03,071 [INFO] Performing PPO update at global step 1243136
2026-02-25 12:05:03,324 [INFO] PPO losses — policy: 0.0805, value: 146.5997, entropy: 4.2242
2026-02-25 12:05:03,329 [INFO] PPO update completed. Buffer cleared.
2026-02-25 12:05:03,867 [INFO] Step 600: reward=-0.274, dist=2.45
2026-02-25 12:05:11,613 [INFO] Step 800: reward=-0.205, dist=3.60
2026-02-25 12:05:17,784 [INFO] Episode 1521 COMPLETE | Reward -1024.23 | Steps 1000 | Terminated False | Truncated True
2026-02-25 12:05:21,955 [INFO] Step 0: reward=-100.000, dist=377.70
2026-02-25 12:05:21,955 [INFO] Episode 1522 COMPLETE | Reward -100.00 | Steps 1 | Terminated False | Truncated True
2026-02-25 12:05:25,191 [INFO] Step 0: reward=0.095, dist=4.03
2026-02-25 12:05:30,205 [INFO] Step 200: reward=-0.375, dist=5.31
2026-02-25 12:05:35,655 [INFO] Step 400: reward=-1.907, dist=6.59
2026-02-25 12:05:39,855 [INFO] Step 600: reward=-0.084, dist=7.36
2026-02-25 12:05:45,012 [INFO] Step 800: reward=0.090, dist=7.52
2026-02-25 12:05:49,560 [INFO] Episode 1523 COMPLETE | Reward -772.76 | Steps 1000 | Terminated False | Truncated True
2026-02-25 12:05:54,102 [INFO] Step 0: reward=-0.305, dist=2.46
2026-02-25 12:05:58,520 [INFO] Step 200: reward=-2.234, dist=2.78
