2026-03-02 13:34:49,844 [INFO] Starting RL Training
2026-03-02 13:34:49,844 [INFO] Using device: cuda
2026-03-02 13:34:49,857 [INFO] GPU name: NVIDIA GeForce RTX 4080
2026-03-02 13:34:49,858 [INFO] TensorBoard logging enabled (tensorboard/)
2026-03-02 13:34:50,589 [INFO] Resumed training from checkpoint: checkpoints/ppo_ep_02025.pt | episode = 2025, global_step = 1624907
2026-03-02 13:34:54,049 [INFO] Step 0: reward=-0.871, dist=3.44
2026-03-02 13:35:02,062 [INFO] Step 200: reward=0.255, dist=4.03
2026-03-02 13:35:06,394 [INFO] Step 400: reward=-3.902, dist=3.56
2026-03-02 13:35:13,473 [INFO] Step 600: reward=6.169, dist=1.42
2026-03-02 13:35:14,561 [INFO] Episode 2025 COMPLETE | Reward 381.92 | Steps 671 | Terminated True | Truncated False
2026-03-02 13:35:14,594 [INFO] Checkpoint saved: checkpoints/ppo_ep_02025.pt
2026-03-02 13:35:14,616 [INFO] New BEST model saved! Reward = 381.92 (episode 2025)
2026-03-02 13:35:18,651 [INFO] Step 0: reward=-0.210, dist=2.89
2026-03-02 13:35:23,826 [INFO] Step 200: reward=0.520, dist=2.02
2026-03-02 13:35:26,635 [INFO] Episode 2026 COMPLETE | Reward 414.36 | Steps 352 | Terminated True | Truncated False
2026-03-02 13:35:26,683 [INFO] New BEST model saved! Reward = 414.36 (episode 2026)
2026-03-02 13:35:30,083 [INFO] Step 0: reward=-0.205, dist=2.11
2026-03-02 13:35:33,368 [INFO] Episode 2027 COMPLETE | Reward 283.05 | Steps 118 | Terminated True | Truncated False
2026-03-02 13:35:45,017 [INFO] Step 0: reward=0.095, dist=4.24
2026-03-02 13:35:46,625 [INFO] Performing PPO update at global step 1626112
2026-03-02 13:35:47,046 [INFO] PPO losses — policy: 0.0183, value: 1276.3639, entropy: 4.2242
2026-03-02 13:35:47,048 [INFO] PPO update completed. Buffer cleared.
2026-03-02 13:35:51,653 [INFO] Step 200: reward=-2.112, dist=2.31
2026-03-02 13:35:55,549 [INFO] Step 400: reward=-0.211, dist=2.19
2026-03-02 13:36:01,477 [INFO] Step 600: reward=-0.494, dist=4.17
2026-03-02 13:36:07,337 [INFO] Step 800: reward=0.160, dist=4.23
2026-03-02 13:36:12,210 [INFO] Episode 2028 COMPLETE | Reward -716.44 | Steps 1000 | Terminated False | Truncated True
2026-03-02 13:36:14,494 [INFO] Step 0: reward=-0.246, dist=2.65
2026-03-02 13:36:19,305 [INFO] Episode 2029 COMPLETE | Reward 295.74 | Steps 186 | Terminated True | Truncated False
2026-03-02 13:36:24,170 [INFO] Step 0: reward=-0.305, dist=2.16
2026-03-02 13:36:29,693 [INFO] Step 200: reward=-0.118, dist=1.88
2026-03-02 13:36:34,945 [INFO] Step 400: reward=-0.240, dist=1.11
2026-03-02 13:36:35,709 [INFO] Episode 2030 COMPLETE | Reward -116.69 | Steps 437 | Terminated True | Truncated False
2026-03-02 13:36:35,732 [INFO] Checkpoint saved: checkpoints/ppo_ep_02030.pt
2026-03-02 13:36:38,873 [INFO] Step 0: reward=-0.210, dist=3.39
2026-03-02 13:36:43,058 [INFO] Step 200: reward=-2.005, dist=4.34
2026-03-02 13:36:48,129 [INFO] Step 400: reward=-0.010, dist=0.00
2026-03-02 13:36:50,966 [INFO] Performing PPO update at global step 1628160
2026-03-02 13:36:51,246 [INFO] PPO losses — policy: 0.0031, value: 594.1184, entropy: 4.2242
2026-03-02 13:36:51,253 [INFO] PPO update completed. Buffer cleared.
2026-03-02 13:36:53,674 [INFO] Step 600: reward=0.095, dist=6.08
2026-03-02 13:36:59,979 [INFO] Step 800: reward=0.591, dist=4.46
2026-03-02 13:37:06,281 [INFO] Episode 2031 COMPLETE | Reward 600.46 | Steps 1000 | Terminated False | Truncated True
2026-03-02 13:37:09,129 [INFO] Step 0: reward=-0.223, dist=3.73
2026-03-02 13:37:15,783 [INFO] Step 200: reward=0.095, dist=4.80
2026-03-02 13:37:19,459 [INFO] Step 400: reward=-0.122, dist=5.82
2026-03-02 13:37:23,245 [INFO] Step 600: reward=0.079, dist=6.16
2026-03-02 13:37:27,811 [INFO] Step 800: reward=0.149, dist=5.38
2026-03-02 13:37:33,311 [INFO] Episode 2032 COMPLETE | Reward -217.88 | Steps 1000 | Terminated False | Truncated True
2026-03-02 13:37:37,387 [INFO] Step 0: reward=-0.212, dist=3.08
2026-03-02 13:37:41,937 [INFO] Step 200: reward=6.349, dist=1.48
2026-03-02 13:37:43,188 [INFO] Episode 2033 COMPLETE | Reward 631.56 | Steps 234 | Terminated True | Truncated False
2026-03-02 13:37:43,215 [INFO] New BEST model saved! Reward = 631.56 (episode 2033)
2026-03-02 13:37:48,117 [INFO] Step 0: reward=-0.207, dist=3.31
2026-03-02 13:37:49,905 [INFO] Policy action (normalized): v = -0.252, w = +0.820 | Cmd_vel (scaled): v = -0.252 m/s, w = +0.820 rad/s
2026-03-02 13:37:53,245 [INFO] Step 200: reward=-0.050, dist=4.77
2026-03-02 13:37:55,636 [INFO] Performing PPO update at global step 1630208
2026-03-02 13:37:56,032 [INFO] PPO losses — policy: 0.0674, value: 1836.2786, entropy: 4.2242
2026-03-02 13:37:56,038 [INFO] PPO update completed. Buffer cleared.
2026-03-02 13:37:58,568 [INFO] Step 400: reward=0.111, dist=5.21
2026-03-02 13:38:05,051 [INFO] Step 600: reward=0.240, dist=4.28
2026-03-02 13:38:11,841 [INFO] Step 800: reward=-7.244, dist=1.61
2026-03-02 13:38:17,361 [INFO] Episode 2034 COMPLETE | Reward 209.60 | Steps 1000 | Terminated False | Truncated True
2026-03-02 13:38:21,226 [INFO] Step 0: reward=-0.205, dist=2.92
2026-03-02 13:38:26,316 [INFO] Step 200: reward=0.070, dist=4.46
2026-03-02 13:38:32,468 [INFO] Step 400: reward=-1.781, dist=4.73
2026-03-02 13:38:39,059 [INFO] Step 600: reward=6.634, dist=2.87
2026-03-02 13:38:44,789 [INFO] Step 800: reward=0.699, dist=1.47
2026-03-02 13:38:47,277 [INFO] Episode 2035 COMPLETE | Reward 494.59 | Steps 901 | Terminated True | Truncated False
2026-03-02 13:38:47,301 [INFO] Checkpoint saved: checkpoints/ppo_ep_02035.pt
2026-03-02 13:38:58,869 [INFO] Step 0: reward=0.092, dist=4.24
2026-03-02 13:39:05,853 [INFO] Step 200: reward=-0.089, dist=2.31
2026-03-02 13:39:12,959 [INFO] Step 400: reward=-0.616, dist=1.79
2026-03-02 13:39:14,715 [INFO] Performing PPO update at global step 1632256
2026-03-02 13:39:14,994 [INFO] PPO losses — policy: 0.0501, value: 2413.3121, entropy: 4.2242
2026-03-02 13:39:15,001 [INFO] PPO update completed. Buffer cleared.
2026-03-02 13:39:18,348 [INFO] Step 600: reward=-0.869, dist=3.57
2026-03-02 13:39:23,836 [INFO] Step 800: reward=-1.288, dist=3.10
2026-03-02 13:39:30,244 [INFO] Episode 2036 COMPLETE | Reward -676.86 | Steps 1000 | Terminated False | Truncated True
2026-03-02 13:39:53,385 [INFO] Step 0: reward=-0.206, dist=3.97
2026-03-02 13:39:57,609 [INFO] Step 200: reward=-0.222, dist=3.03
2026-03-02 13:40:03,238 [INFO] Step 400: reward=-0.387, dist=3.34
2026-03-02 13:40:09,343 [INFO] Step 600: reward=-2.189, dist=5.11
2026-03-02 13:40:13,936 [INFO] Step 800: reward=-0.005, dist=6.38
2026-03-02 13:40:18,807 [INFO] Episode 2037 COMPLETE | Reward -960.64 | Steps 1000 | Terminated False | Truncated True
2026-03-02 13:40:22,790 [INFO] Step 0: reward=-0.675, dist=2.54
2026-03-02 13:40:27,591 [INFO] Step 200: reward=-1.419, dist=2.47
2026-03-02 13:40:34,062 [INFO] Step 400: reward=-0.161, dist=2.39
2026-03-02 13:40:37,915 [INFO] Performing PPO update at global step 1634304
2026-03-02 13:40:38,198 [INFO] PPO losses — policy: 0.0041, value: 130.6309, entropy: 4.2242
2026-03-02 13:40:38,203 [INFO] PPO update completed. Buffer cleared.
2026-03-02 13:40:42,152 [INFO] Step 600: reward=-0.350, dist=2.13
2026-03-02 13:40:46,538 [INFO] Step 800: reward=-0.256, dist=2.67
2026-03-02 13:40:51,032 [INFO] Episode 2038 COMPLETE | Reward -770.73 | Steps 1000 | Terminated False | Truncated True
2026-03-02 13:40:54,080 [INFO] Step 0: reward=-0.305, dist=3.34
2026-03-02 13:41:00,381 [INFO] Step 200: reward=-0.243, dist=3.14
2026-03-02 13:41:07,739 [INFO] Step 400: reward=-0.312, dist=2.83
2026-03-02 13:41:12,254 [INFO] Step 600: reward=-0.236, dist=3.57
2026-03-02 13:41:16,365 [INFO] Step 800: reward=-3.390, dist=4.44
2026-03-02 13:41:20,886 [INFO] Episode 2039 COMPLETE | Reward -715.40 | Steps 1000 | Terminated False | Truncated True
2026-03-02 13:41:24,234 [INFO] Step 0: reward=-0.260, dist=3.57
2026-03-02 13:41:29,991 [INFO] Step 200: reward=-0.179, dist=5.65
2026-03-02 13:41:34,223 [INFO] Step 400: reward=-2.028, dist=6.91
2026-03-02 13:41:37,219 [INFO] Performing PPO update at global step 1636352
2026-03-02 13:41:37,493 [INFO] PPO losses — policy: 0.0949, value: 95.8005, entropy: 4.2242
2026-03-02 13:41:37,498 [INFO] PPO update completed. Buffer cleared.
2026-03-02 13:41:38,311 [INFO] Step 600: reward=-1.963, dist=7.74
2026-03-02 13:41:41,645 [INFO] Step 800: reward=0.095, dist=8.02
2026-03-02 13:41:46,535 [INFO] Episode 2040 COMPLETE | Reward -663.08 | Steps 1000 | Terminated False | Truncated True
2026-03-02 13:41:46,556 [INFO] Checkpoint saved: checkpoints/ppo_ep_02040.pt
2026-03-02 13:41:50,524 [INFO] Step 0: reward=-0.205, dist=3.51
2026-03-02 13:41:55,194 [INFO] Step 200: reward=-0.908, dist=3.95
2026-03-02 13:42:00,584 [INFO] Step 400: reward=0.073, dist=5.12
2026-03-02 13:42:05,711 [INFO] Step 600: reward=-0.049, dist=6.45
2026-03-02 13:42:11,699 [INFO] Step 800: reward=-0.152, dist=8.91
2026-03-02 13:42:16,017 [INFO] Episode 2041 COMPLETE | Reward -696.56 | Steps 1000 | Terminated False | Truncated True
2026-03-02 13:42:22,125 [INFO] Step 0: reward=-0.223, dist=2.04
2026-03-02 13:42:25,486 [INFO] Step 200: reward=-2.209, dist=2.21
2026-03-02 13:42:31,751 [INFO] Step 400: reward=-0.277, dist=2.87
2026-03-02 13:42:36,927 [INFO] Performing PPO update at global step 1638400
2026-03-02 13:42:37,201 [INFO] PPO losses — policy: 0.0016, value: 116.6706, entropy: 4.2242
2026-03-02 13:42:37,207 [INFO] PPO update completed. Buffer cleared.
2026-03-02 13:42:37,314 [INFO] Step 600: reward=-0.352, dist=3.76
2026-03-02 13:42:42,184 [INFO] Step 800: reward=-0.546, dist=4.85
2026-03-02 13:42:46,162 [INFO] Episode 2042 COMPLETE | Reward -816.38 | Steps 1000 | Terminated False | Truncated True
2026-03-02 13:42:50,428 [INFO] Step 0: reward=-0.263, dist=3.34
2026-03-02 13:42:54,506 [INFO] Step 200: reward=-0.355, dist=3.49
2026-03-02 13:42:59,863 [INFO] Step 400: reward=-0.206, dist=3.78
2026-03-02 13:43:05,000 [INFO] Step 600: reward=0.037, dist=4.27
2026-03-02 13:43:08,904 [INFO] Step 800: reward=0.094, dist=4.66
2026-03-02 13:43:13,780 [INFO] Episode 2043 COMPLETE | Reward -727.82 | Steps 1000 | Terminated False | Truncated True
2026-03-02 13:43:18,066 [INFO] Step 0: reward=-0.206, dist=3.06
2026-03-02 13:43:25,359 [INFO] Policy action (normalized): v = +0.658, w = -1.000 | Cmd_vel (scaled): v = +0.658 m/s, w = -1.000 rad/s
2026-03-02 13:43:25,739 [INFO] Step 200: reward=6.280, dist=1.25
2026-03-02 13:43:30,811 [INFO] Step 400: reward=0.674, dist=1.09
2026-03-02 13:43:34,913 [INFO] Episode 2044 COMPLETE | Reward -586.69 | Steps 523 | Terminated True | Truncated False
2026-03-02 13:43:39,036 [INFO] Step 0: reward=-0.211, dist=3.46
2026-03-02 13:43:42,537 [INFO] Performing PPO update at global step 1640448
2026-03-02 13:43:42,811 [INFO] PPO losses — policy: -0.0218, value: 1521.8155, entropy: 4.2242
2026-03-02 13:43:42,816 [INFO] PPO update completed. Buffer cleared.
2026-03-02 13:43:45,581 [INFO] Step 200: reward=-0.206, dist=3.43
2026-03-02 13:43:50,381 [INFO] Step 400: reward=-2.227, dist=3.55
2026-03-02 13:43:54,803 [INFO] Step 600: reward=0.046, dist=4.04
2026-03-02 13:43:58,570 [INFO] Step 800: reward=0.089, dist=4.35
2026-03-02 13:44:02,754 [INFO] Episode 2045 COMPLETE | Reward -796.19 | Steps 1000 | Terminated False | Truncated True
2026-03-02 13:44:02,776 [INFO] Checkpoint saved: checkpoints/ppo_ep_02045.pt
2026-03-02 13:44:05,890 [INFO] Step 0: reward=-1.742, dist=3.80
2026-03-02 13:44:10,895 [INFO] Step 200: reward=0.093, dist=4.86
2026-03-02 13:44:14,638 [INFO] Step 400: reward=-0.019, dist=5.84
2026-03-02 13:44:21,210 [INFO] Step 600: reward=0.085, dist=7.42
2026-03-02 13:44:25,782 [INFO] Step 800: reward=0.095, dist=8.50
2026-03-02 13:44:31,953 [INFO] Episode 2046 COMPLETE | Reward -457.18 | Steps 1000 | Terminated False | Truncated True
2026-03-02 13:44:35,074 [INFO] Step 0: reward=-1.786, dist=3.19
2026-03-02 13:44:38,665 [INFO] Performing PPO update at global step 1642496
2026-03-02 13:44:39,089 [INFO] PPO losses — policy: 0.0114, value: 102.1182, entropy: 4.2242
2026-03-02 13:44:39,097 [INFO] PPO update completed. Buffer cleared.
2026-03-02 13:44:40,387 [INFO] Step 200: reward=-0.419, dist=4.81
2026-03-02 13:44:45,595 [INFO] Step 400: reward=-0.914, dist=6.62
2026-03-02 13:44:51,065 [INFO] Step 600: reward=0.087, dist=8.05
2026-03-02 13:44:56,060 [INFO] Step 800: reward=-1.617, dist=8.26
2026-03-02 13:45:02,459 [INFO] Episode 2047 COMPLETE | Reward -472.92 | Steps 1000 | Terminated False | Truncated True
2026-03-02 13:45:04,661 [INFO] Step 0: reward=-0.211, dist=3.58
2026-03-02 13:45:09,269 [INFO] Step 200: reward=-0.024, dist=4.45
2026-03-02 13:45:14,395 [INFO] Step 400: reward=-0.143, dist=5.23
2026-03-02 13:45:20,071 [INFO] Step 600: reward=0.050, dist=5.86
2026-03-02 13:45:26,263 [INFO] Step 800: reward=-1.875, dist=5.70
2026-03-02 13:45:30,888 [INFO] Episode 2048 COMPLETE | Reward -569.86 | Steps 1000 | Terminated False | Truncated True
2026-03-02 13:45:34,045 [INFO] Step 0: reward=-0.259, dist=2.64
2026-03-02 13:45:38,973 [INFO] Step 200: reward=0.094, dist=4.06
2026-03-02 13:45:39,730 [INFO] Performing PPO update at global step 1644544
2026-03-02 13:45:40,014 [INFO] PPO losses — policy: 0.0134, value: 90.4088, entropy: 4.2242
2026-03-02 13:45:40,021 [INFO] PPO update completed. Buffer cleared.
2026-03-02 13:45:45,100 [INFO] Step 400: reward=-0.117, dist=5.47
2026-03-02 13:45:50,363 [INFO] Step 600: reward=0.057, dist=5.95
2026-03-02 13:45:56,336 [INFO] Step 800: reward=-0.005, dist=5.67
2026-03-02 13:46:02,491 [INFO] Episode 2049 COMPLETE | Reward -565.86 | Steps 1000 | Terminated False | Truncated True
2026-03-02 13:46:06,713 [INFO] Step 0: reward=-0.305, dist=3.27
2026-03-02 13:46:11,931 [INFO] Step 200: reward=-0.005, dist=4.60
2026-03-02 13:46:17,676 [INFO] Step 400: reward=-1.922, dist=5.61
2026-03-02 13:46:22,190 [INFO] Step 600: reward=0.041, dist=5.65
2026-03-02 13:46:27,913 [INFO] Step 800: reward=0.161, dist=4.87
2026-03-02 13:46:32,239 [INFO] Episode 2050 COMPLETE | Reward -668.65 | Steps 1000 | Terminated False | Truncated True
2026-03-02 13:46:32,264 [INFO] Checkpoint saved: checkpoints/ppo_ep_02050.pt
2026-03-02 13:46:36,455 [INFO] Step 0: reward=5.710, dist=3.28
2026-03-02 13:46:41,014 [INFO] Step 200: reward=0.520, dist=1.44
2026-03-02 13:46:42,417 [INFO] Episode 2051 COMPLETE | Reward 291.80 | Steps 248 | Terminated True | Truncated False
2026-03-02 13:46:46,433 [INFO] Step 0: reward=-0.205, dist=3.04
2026-03-02 13:46:46,743 [INFO] Performing PPO update at global step 1646592
2026-03-02 13:46:47,027 [INFO] PPO losses — policy: 0.0240, value: 758.0007, entropy: 4.2242
2026-03-02 13:46:47,033 [INFO] PPO update completed. Buffer cleared.
2026-03-02 13:46:51,214 [INFO] Step 200: reward=-0.012, dist=4.61
2026-03-02 13:46:54,828 [INFO] Step 400: reward=-3.422, dist=5.65
2026-03-02 13:47:01,014 [INFO] Step 600: reward=0.094, dist=7.48
2026-03-02 13:47:05,544 [INFO] Step 800: reward=-0.069, dist=8.79
2026-03-02 13:47:10,699 [INFO] Episode 2052 COMPLETE | Reward -663.76 | Steps 1000 | Terminated False | Truncated True
2026-03-02 13:47:13,772 [INFO] Step 0: reward=-0.206, dist=2.91
2026-03-02 13:47:18,224 [INFO] Step 200: reward=-0.259, dist=2.05
2026-03-02 13:47:21,518 [INFO] Step 400: reward=-0.205, dist=1.89
2026-03-02 13:47:26,335 [INFO] Step 600: reward=-0.599, dist=2.69
2026-03-02 13:47:29,563 [INFO] Step 800: reward=-0.439, dist=3.87
2026-03-02 13:47:33,856 [INFO] Episode 2053 COMPLETE | Reward -1176.90 | Steps 1000 | Terminated False | Truncated True
2026-03-02 13:47:37,843 [INFO] Step 0: reward=-0.244, dist=2.10
2026-03-02 13:47:39,205 [INFO] Performing PPO update at global step 1648640
2026-03-02 13:47:39,481 [INFO] PPO losses — policy: 0.0237, value: 154.0401, entropy: 4.2242
2026-03-02 13:47:39,485 [INFO] PPO update completed. Buffer cleared.
2026-03-02 13:47:41,514 [INFO] Step 200: reward=-2.305, dist=1.71
2026-03-02 13:47:44,722 [INFO] Step 400: reward=-2.205, dist=1.40
2026-03-02 13:47:48,966 [INFO] Step 600: reward=-0.206, dist=1.30
2026-03-02 13:47:52,678 [INFO] Step 800: reward=-2.234, dist=1.49
2026-03-02 13:47:58,918 [INFO] Episode 2054 COMPLETE | Reward -1609.04 | Steps 1000 | Terminated False | Truncated True
2026-03-02 13:48:02,056 [INFO] Step 0: reward=-1.192, dist=2.27
2026-03-02 13:48:06,717 [INFO] Step 200: reward=-2.239, dist=1.93
2026-03-02 13:48:11,724 [INFO] Step 400: reward=-2.206, dist=2.73
2026-03-02 13:48:12,578 [INFO] Policy action (normalized): v = +0.118, w = +0.965 | Cmd_vel (scaled): v = +0.118 m/s, w = +0.965 rad/s
2026-03-02 13:48:17,134 [INFO] Step 600: reward=-0.005, dist=4.23
2026-03-02 13:48:22,916 [INFO] Step 800: reward=-1.851, dist=5.65
2026-03-02 13:48:27,911 [INFO] Episode 2055 COMPLETE | Reward -1128.62 | Steps 1000 | Terminated False | Truncated True
2026-03-02 13:48:27,933 [INFO] Checkpoint saved: checkpoints/ppo_ep_02055.pt
2026-03-02 13:48:31,044 [INFO] Step 0: reward=-0.263, dist=3.17
2026-03-02 13:48:33,544 [INFO] Performing PPO update at global step 1650688
2026-03-02 13:48:33,823 [INFO] PPO losses — policy: -0.0019, value: 346.5569, entropy: 4.2242
2026-03-02 13:48:33,829 [INFO] PPO update completed. Buffer cleared.
2026-03-02 13:48:36,073 [INFO] Step 200: reward=-2.112, dist=2.37
2026-03-02 13:48:41,359 [INFO] Step 400: reward=3.590, dist=2.54
2026-03-02 13:48:47,302 [INFO] Step 600: reward=-4.788, dist=3.16
2026-03-02 13:48:52,354 [INFO] Step 800: reward=-1.589, dist=3.32
2026-03-02 13:48:56,459 [INFO] Episode 2056 COMPLETE | Reward -2352.54 | Steps 1000 | Terminated False | Truncated True
2026-03-02 13:49:00,722 [INFO] Step 0: reward=-0.211, dist=2.02
2026-03-02 13:49:07,630 [INFO] Step 200: reward=-1.468, dist=2.64
2026-03-02 13:49:13,646 [INFO] Step 400: reward=-0.134, dist=2.95
2026-03-02 13:49:18,171 [INFO] Step 600: reward=-2.218, dist=2.69
2026-03-02 13:49:24,844 [INFO] Step 800: reward=-1.375, dist=3.32
2026-03-02 13:49:31,838 [INFO] Episode 2057 COMPLETE | Reward -1722.66 | Steps 1000 | Terminated False | Truncated True
2026-03-02 13:49:36,150 [INFO] Step 0: reward=-0.216, dist=3.79
2026-03-02 13:49:41,431 [INFO] Performing PPO update at global step 1652736
2026-03-02 13:49:41,733 [INFO] PPO losses — policy: 0.0144, value: 6531.0815, entropy: 4.2242
2026-03-02 13:49:41,739 [INFO] PPO update completed. Buffer cleared.
2026-03-02 13:49:42,234 [INFO] Step 200: reward=-0.812, dist=3.92
2026-03-02 13:49:47,057 [INFO] Step 400: reward=3.927, dist=3.98
2026-03-02 13:49:52,618 [INFO] Step 600: reward=-1.911, dist=4.11
2026-03-02 13:49:55,889 [INFO] Step 800: reward=-0.260, dist=3.54
2026-03-02 13:49:59,744 [INFO] Episode 2058 COMPLETE | Reward -2151.50 | Steps 1000 | Terminated False | Truncated True
2026-03-02 13:50:02,943 [INFO] Step 0: reward=-1.498, dist=3.85
2026-03-02 13:50:07,666 [INFO] Step 200: reward=-0.078, dist=4.46
2026-03-02 13:50:13,106 [INFO] Step 400: reward=-2.838, dist=5.73
2026-03-02 13:50:17,306 [INFO] Step 600: reward=-3.291, dist=6.49
2026-03-02 13:50:20,863 [INFO] Step 800: reward=-1.780, dist=6.98
2026-03-02 13:50:24,717 [INFO] Episode 2059 COMPLETE | Reward -1343.10 | Steps 1000 | Terminated False | Truncated True
2026-03-02 13:50:27,120 [INFO] Step 0: reward=-0.206, dist=3.45
2026-03-02 13:50:34,059 [INFO] Step 200: reward=-0.158, dist=3.34
2026-03-02 13:50:34,216 [INFO] Performing PPO update at global step 1654784
2026-03-02 13:50:34,498 [INFO] PPO losses — policy: 0.0458, value: 1723.6719, entropy: 4.2242
2026-03-02 13:50:34,503 [INFO] PPO update completed. Buffer cleared.
2026-03-02 13:50:39,262 [INFO] Step 400: reward=-0.288, dist=3.07
2026-03-02 13:50:43,355 [INFO] Step 600: reward=-0.279, dist=2.97
2026-03-02 13:50:49,455 [INFO] Step 800: reward=-0.205, dist=2.70
2026-03-02 13:50:54,633 [INFO] Episode 2060 COMPLETE | Reward -1110.91 | Steps 1000 | Terminated False | Truncated True
2026-03-02 13:50:54,656 [INFO] Checkpoint saved: checkpoints/ppo_ep_02060.pt
2026-03-02 13:50:57,202 [INFO] Step 0: reward=-0.208, dist=2.14
2026-03-02 13:51:03,838 [INFO] Step 200: reward=-2.267, dist=1.90
2026-03-02 13:51:09,863 [INFO] Step 400: reward=-2.205, dist=1.64
2026-03-02 13:51:14,225 [INFO] Step 600: reward=-0.255, dist=1.81
2026-03-02 13:51:19,522 [INFO] Step 800: reward=-2.212, dist=2.07
2026-03-02 13:51:24,929 [INFO] Episode 2061 COMPLETE | Reward -1100.44 | Steps 1000 | Terminated False | Truncated True
2026-03-02 13:51:29,025 [INFO] Step 0: reward=-0.694, dist=2.77
2026-03-02 13:51:33,934 [INFO] Step 200: reward=-2.207, dist=3.55
2026-03-02 13:51:35,393 [INFO] Performing PPO update at global step 1656832
2026-03-02 13:51:35,680 [INFO] PPO losses — policy: -0.0015, value: 190.5435, entropy: 4.2242
2026-03-02 13:51:35,687 [INFO] PPO update completed. Buffer cleared.
2026-03-02 13:51:38,987 [INFO] Step 400: reward=-2.072, dist=4.74
2026-03-02 13:51:43,272 [INFO] Step 600: reward=0.051, dist=5.98
2026-03-02 13:51:47,879 [INFO] Step 800: reward=0.070, dist=6.70
2026-03-02 13:51:54,437 [INFO] Episode 2062 COMPLETE | Reward -906.52 | Steps 1000 | Terminated False | Truncated True
2026-03-02 13:51:58,645 [INFO] Step 0: reward=-0.215, dist=3.51
2026-03-02 13:52:05,077 [INFO] Step 200: reward=-0.127, dist=4.68
2026-03-02 13:52:10,846 [INFO] Step 400: reward=-0.078, dist=6.33
2026-03-02 13:52:15,492 [INFO] Step 600: reward=-1.932, dist=7.08
2026-03-02 13:52:22,416 [INFO] Step 800: reward=-0.136, dist=6.48
2026-03-02 13:52:27,531 [INFO] Episode 2063 COMPLETE | Reward -879.55 | Steps 1000 | Terminated False | Truncated True
2026-03-02 13:52:29,766 [INFO] Step 0: reward=-0.220, dist=2.28
2026-03-02 13:52:35,794 [INFO] Episode 2064 COMPLETE | Reward 164.66 | Steps 168 | Terminated True | Truncated False
2026-03-02 13:52:39,007 [INFO] Step 0: reward=-0.207, dist=2.81
2026-03-02 13:52:42,752 [INFO] Performing PPO update at global step 1658880
2026-03-02 13:52:43,051 [INFO] PPO losses — policy: 0.0003, value: 662.3110, entropy: 4.2242
2026-03-02 13:52:43,056 [INFO] PPO update completed. Buffer cleared.
2026-03-02 13:52:44,711 [INFO] Step 200: reward=-0.282, dist=2.69
2026-03-02 13:52:50,406 [INFO] Step 400: reward=-0.195, dist=2.59
2026-03-02 13:52:56,480 [INFO] Step 600: reward=-0.305, dist=2.60
2026-03-02 13:53:02,605 [INFO] Step 800: reward=-2.082, dist=2.37
2026-03-02 13:53:07,914 [INFO] Episode 2065 COMPLETE | Reward -993.63 | Steps 1000 | Terminated False | Truncated True
2026-03-02 13:53:07,940 [INFO] Checkpoint saved: checkpoints/ppo_ep_02065.pt
2026-03-02 13:53:10,990 [INFO] Step 0: reward=-0.305, dist=2.59
2026-03-02 13:53:15,869 [INFO] Step 200: reward=-0.276, dist=3.22
2026-03-02 13:53:17,953 [INFO] Policy action (normalized): v = +1.000, w = -0.886 | Cmd_vel (scaled): v = +1.000 m/s, w = -0.886 rad/s
2026-03-02 13:53:22,894 [INFO] Step 400: reward=0.060, dist=4.20
2026-03-02 13:53:30,148 [INFO] Step 600: reward=-2.305, dist=3.97
2026-03-02 13:53:35,985 [INFO] Step 800: reward=-2.241, dist=2.70
2026-03-02 13:53:41,710 [INFO] Episode 2066 COMPLETE | Reward -1031.35 | Steps 1000 | Terminated False | Truncated True
2026-03-02 13:53:45,219 [INFO] Step 0: reward=-0.305, dist=3.38
2026-03-02 13:53:50,385 [INFO] Performing PPO update at global step 1660928
2026-03-02 13:53:50,788 [INFO] PPO losses — policy: -0.0451, value: 2858.8503, entropy: 4.2242
2026-03-02 13:53:50,794 [INFO] PPO update completed. Buffer cleared.
2026-03-02 13:53:51,296 [INFO] Step 200: reward=-2.280, dist=3.40
2026-03-02 13:53:56,342 [INFO] Step 400: reward=-5.885, dist=3.64
2026-03-02 13:54:01,087 [INFO] Step 600: reward=-0.187, dist=3.66
2026-03-02 13:54:06,437 [INFO] Step 800: reward=-0.642, dist=3.59
2026-03-02 13:54:12,615 [INFO] Episode 2067 COMPLETE | Reward -1894.33 | Steps 1000 | Terminated False | Truncated True
2026-03-02 13:54:16,718 [INFO] Step 0: reward=-0.305, dist=3.50
2026-03-02 13:54:23,831 [INFO] Step 200: reward=0.069, dist=4.49
2026-03-02 13:54:27,291 [INFO] Step 400: reward=-1.875, dist=4.47
2026-03-02 13:54:33,077 [INFO] Step 600: reward=-1.286, dist=4.00
2026-03-02 13:54:41,353 [INFO] Step 800: reward=-0.220, dist=2.53
2026-03-02 13:54:48,110 [INFO] Episode 2068 COMPLETE | Reward -1025.05 | Steps 1000 | Terminated False | Truncated True
2026-03-02 13:54:59,642 [INFO] Step 0: reward=-0.005, dist=4.24
2026-03-02 13:55:06,587 [INFO] Step 200: reward=-2.207, dist=2.06
2026-03-02 13:55:07,443 [INFO] Performing PPO update at global step 1662976
2026-03-02 13:55:07,733 [INFO] PPO losses — policy: -0.0293, value: 2333.4544, entropy: 4.2242
2026-03-02 13:55:07,740 [INFO] PPO update completed. Buffer cleared.
2026-03-02 13:55:13,072 [INFO] Step 400: reward=-0.239, dist=1.04
2026-03-02 13:55:16,874 [INFO] Step 600: reward=-0.215, dist=2.01
2026-03-02 13:55:21,052 [INFO] Step 800: reward=-3.125, dist=4.29
2026-03-02 13:55:25,166 [INFO] Episode 2069 COMPLETE | Reward -1002.96 | Steps 1000 | Terminated False | Truncated True
2026-03-02 13:55:28,289 [INFO] Step 0: reward=5.560, dist=2.08
2026-03-02 13:55:34,668 [INFO] Step 200: reward=-11.555, dist=2.04
2026-03-02 13:55:39,976 [INFO] Step 400: reward=5.062, dist=1.73
2026-03-02 13:55:46,253 [INFO] Step 600: reward=4.503, dist=1.64
2026-03-02 13:55:54,859 [INFO] Step 800: reward=-9.525, dist=1.68
2026-03-02 13:55:59,653 [INFO] Episode 2070 COMPLETE | Reward -2095.54 | Steps 1000 | Terminated False | Truncated True
2026-03-02 13:55:59,677 [INFO] Checkpoint saved: checkpoints/ppo_ep_02070.pt
2026-03-02 13:56:09,917 [INFO] Step 0: reward=-1.885, dist=4.24
2026-03-02 13:56:13,725 [INFO] Step 200: reward=-0.305, dist=3.38
2026-03-02 13:56:15,677 [INFO] Performing PPO update at global step 1665024
2026-03-02 13:56:16,070 [INFO] PPO losses — policy: 0.0229, value: 6450.8087, entropy: 4.2242
2026-03-02 13:56:16,077 [INFO] PPO update completed. Buffer cleared.
2026-03-02 13:56:20,927 [INFO] Step 400: reward=-0.131, dist=1.49
2026-03-02 13:56:27,564 [INFO] Step 600: reward=-1.907, dist=1.57
2026-03-02 13:56:33,311 [INFO] Step 800: reward=-2.289, dist=4.06
2026-03-02 13:56:39,585 [INFO] Episode 2071 COMPLETE | Reward -899.03 | Steps 1000 | Terminated False | Truncated True
2026-03-02 13:56:41,686 [INFO] Step 0: reward=-0.229, dist=3.53
2026-03-02 13:56:46,311 [INFO] Step 200: reward=-2.205, dist=3.33
2026-03-02 13:56:52,740 [INFO] Step 400: reward=-0.575, dist=4.77
2026-03-02 13:56:58,089 [INFO] Step 600: reward=0.061, dist=6.09
2026-03-02 13:57:03,615 [INFO] Step 800: reward=-1.917, dist=7.45
2026-03-02 13:57:07,244 [INFO] Episode 2072 COMPLETE | Reward -863.24 | Steps 1000 | Terminated False | Truncated True
2026-03-02 13:57:11,973 [INFO] Step 0: reward=-0.206, dist=3.69
2026-03-02 13:57:16,654 [INFO] Step 200: reward=-0.235, dist=3.62
2026-03-02 13:57:20,227 [INFO] Performing PPO update at global step 1667072
2026-03-02 13:57:20,572 [INFO] PPO losses — policy: 0.0006, value: 126.8791, entropy: 4.2242
2026-03-02 13:57:20,576 [INFO] PPO update completed. Buffer cleared.
2026-03-02 13:57:22,340 [INFO] Step 400: reward=-0.212, dist=3.28
2026-03-02 13:57:27,891 [INFO] Step 600: reward=-2.225, dist=2.93
2026-03-02 13:57:34,064 [INFO] Step 800: reward=-0.305, dist=2.32
2026-03-02 13:57:39,944 [INFO] Episode 2073 COMPLETE | Reward -866.85 | Steps 1000 | Terminated False | Truncated True
2026-03-02 13:57:44,971 [INFO] Step 0: reward=-0.211, dist=2.62
2026-03-02 13:57:50,274 [INFO] Step 200: reward=-2.184, dist=3.49
2026-03-02 13:57:54,897 [INFO] Step 400: reward=-0.206, dist=3.60
2026-03-02 13:58:00,035 [INFO] Step 600: reward=-2.282, dist=3.20
2026-03-02 13:58:04,098 [INFO] Step 800: reward=-2.240, dist=2.59
2026-03-02 13:58:08,636 [INFO] Episode 2074 COMPLETE | Reward -1118.93 | Steps 1000 | Terminated False | Truncated True
2026-03-02 13:58:20,160 [INFO] Step 0: reward=0.077, dist=4.24
2026-03-02 13:58:25,914 [INFO] Step 200: reward=-0.205, dist=2.69
2026-03-02 13:58:30,583 [INFO] Performing PPO update at global step 1669120
2026-03-02 13:58:30,856 [INFO] PPO losses — policy: 0.0073, value: 129.4795, entropy: 4.2242
2026-03-02 13:58:30,862 [INFO] PPO update completed. Buffer cleared.
2026-03-02 13:58:31,382 [INFO] Step 400: reward=-0.249, dist=1.21
2026-03-02 13:58:32,035 [INFO] Episode 2075 COMPLETE | Reward -68.60 | Steps 423 | Terminated True | Truncated False
2026-03-02 13:58:32,055 [INFO] Checkpoint saved: checkpoints/ppo_ep_02075.pt
2026-03-02 13:58:42,588 [INFO] Step 0: reward=-0.206, dist=3.65
2026-03-02 13:58:47,323 [INFO] Step 200: reward=-2.259, dist=2.19
2026-03-02 13:58:51,931 [INFO] Step 400: reward=-0.256, dist=1.82
2026-03-02 13:58:57,705 [INFO] Episode 2076 COMPLETE | Reward -337.58 | Steps 589 | Terminated True | Truncated False
2026-03-02 13:59:02,019 [INFO] Step 0: reward=-1.450, dist=3.39
2026-03-02 13:59:07,783 [INFO] Step 200: reward=-1.905, dist=4.91
2026-03-02 13:59:08,320 [INFO] Policy action (normalized): v = +0.999, w = +0.950 | Cmd_vel (scaled): v = +0.999 m/s, w = +0.950 rad/s
2026-03-02 13:59:12,075 [INFO] Step 400: reward=-1.381, dist=6.04
2026-03-02 13:59:20,104 [INFO] Step 600: reward=0.058, dist=6.85
2026-03-02 13:59:25,381 [INFO] Step 800: reward=0.116, dist=6.71
2026-03-02 13:59:30,352 [INFO] Episode 2077 COMPLETE | Reward -865.07 | Steps 1000 | Terminated False | Truncated True
2026-03-02 13:59:33,673 [INFO] Step 0: reward=-0.205, dist=2.12
2026-03-02 13:59:40,008 [INFO] Step 200: reward=-0.403, dist=3.51
2026-03-02 13:59:46,014 [INFO] Step 400: reward=-0.216, dist=4.93
2026-03-02 13:59:46,387 [INFO] Performing PPO update at global step 1671168
2026-03-02 13:59:46,670 [INFO] PPO losses — policy: 0.0317, value: 778.9288, entropy: 4.2242
2026-03-02 13:59:46,675 [INFO] PPO update completed. Buffer cleared.
2026-03-02 13:59:50,339 [INFO] Step 600: reward=-2.005, dist=5.92
2026-03-02 13:59:55,005 [INFO] Step 800: reward=-0.144, dist=7.11
2026-03-02 14:00:01,116 [INFO] Episode 2078 COMPLETE | Reward -873.56 | Steps 1000 | Terminated False | Truncated True
2026-03-02 14:00:04,081 [INFO] Step 0: reward=-0.205, dist=3.49
2026-03-02 14:00:09,734 [INFO] Step 200: reward=0.019, dist=4.12
2026-03-02 14:00:14,034 [INFO] Step 400: reward=-0.235, dist=3.69
2026-03-02 14:00:19,838 [INFO] Step 600: reward=-0.105, dist=2.74
2026-03-02 14:00:25,565 [INFO] Step 800: reward=-0.082, dist=2.77
2026-03-02 14:00:30,152 [INFO] Episode 2079 COMPLETE | Reward -1547.29 | Steps 1000 | Terminated False | Truncated True
2026-03-02 14:00:34,342 [INFO] Step 0: reward=-1.358, dist=3.60
2026-03-02 14:00:38,732 [INFO] Step 200: reward=-2.305, dist=2.77
2026-03-02 14:00:43,559 [INFO] Step 400: reward=-0.305, dist=2.08
2026-03-02 14:00:45,066 [INFO] Performing PPO update at global step 1673216
2026-03-02 14:00:45,345 [INFO] PPO losses — policy: -0.0141, value: 1064.9464, entropy: 4.2242
2026-03-02 14:00:45,351 [INFO] PPO update completed. Buffer cleared.
2026-03-02 14:00:48,460 [INFO] Step 600: reward=-2.227, dist=1.28
2026-03-02 14:00:50,161 [INFO] Episode 2080 COMPLETE | Reward -487.89 | Steps 682 | Terminated True | Truncated False
2026-03-02 14:00:50,182 [INFO] Checkpoint saved: checkpoints/ppo_ep_02080.pt
2026-03-02 14:00:54,345 [INFO] Step 0: reward=-0.215, dist=2.80
2026-03-02 14:01:00,048 [INFO] Step 200: reward=-5.972, dist=3.01
2026-03-02 14:01:05,962 [INFO] Step 400: reward=-1.460, dist=2.40
2026-03-02 14:01:11,598 [INFO] Step 600: reward=-0.483, dist=3.77
2026-03-02 14:01:19,084 [INFO] Step 800: reward=-0.067, dist=5.88
2026-03-02 14:01:24,110 [INFO] Episode 2081 COMPLETE | Reward -1175.56 | Steps 1000 | Terminated False | Truncated True
2026-03-02 14:01:28,328 [INFO] Step 0: reward=-0.228, dist=2.72
2026-03-02 14:01:32,705 [INFO] Step 200: reward=-2.216, dist=3.64
2026-03-02 14:01:37,711 [INFO] Step 400: reward=-0.306, dist=4.43
2026-03-02 14:01:44,364 [INFO] Step 600: reward=0.060, dist=5.15
2026-03-02 14:01:49,083 [INFO] Step 800: reward=0.020, dist=5.28
2026-03-02 14:01:49,788 [INFO] Performing PPO update at global step 1675264
2026-03-02 14:01:50,075 [INFO] PPO losses — policy: 0.0429, value: 1187.8540, entropy: 4.2242
2026-03-02 14:01:50,079 [INFO] PPO update completed. Buffer cleared.
2026-03-02 14:01:54,881 [INFO] Episode 2082 COMPLETE | Reward -756.49 | Steps 1000 | Terminated False | Truncated True
2026-03-02 14:01:58,944 [INFO] Step 0: reward=-0.205, dist=2.26
2026-03-02 14:02:03,517 [INFO] Step 200: reward=-2.262, dist=3.35
2026-03-02 14:02:10,644 [INFO] Step 400: reward=0.087, dist=4.46
2026-03-02 14:02:16,610 [INFO] Step 600: reward=-3.586, dist=3.54
2026-03-02 14:02:22,398 [INFO] Step 800: reward=-2.217, dist=3.49
2026-03-02 14:02:28,234 [INFO] Episode 2083 COMPLETE | Reward -989.90 | Steps 1000 | Terminated False | Truncated True
2026-03-02 14:02:30,407 [INFO] Step 0: reward=-1.319, dist=2.02
2026-03-02 14:02:35,298 [INFO] Step 200: reward=-4.249, dist=2.03
2026-03-02 14:02:40,973 [INFO] Step 400: reward=-0.265, dist=1.79
2026-03-02 14:02:44,638 [INFO] Step 600: reward=-2.305, dist=2.70
2026-03-02 14:02:51,343 [INFO] Step 800: reward=-0.001, dist=4.40
2026-03-02 14:02:52,791 [INFO] Performing PPO update at global step 1677312
2026-03-02 14:02:53,070 [INFO] PPO losses — policy: -0.0352, value: 1272.0104, entropy: 4.2242
2026-03-02 14:02:53,077 [INFO] PPO update completed. Buffer cleared.
2026-03-02 14:02:56,123 [INFO] Episode 2084 COMPLETE | Reward -1255.70 | Steps 1000 | Terminated False | Truncated True
2026-03-02 14:03:00,078 [INFO] Step 0: reward=-0.305, dist=3.09
2026-03-02 14:03:05,442 [INFO] Step 200: reward=-0.261, dist=3.26
2026-03-02 14:03:11,078 [INFO] Step 400: reward=-0.108, dist=5.13
2026-03-02 14:03:17,086 [INFO] Step 600: reward=-3.130, dist=6.59
2026-03-02 14:03:20,426 [INFO] Step 800: reward=-1.906, dist=7.16
2026-03-02 14:03:24,270 [INFO] Episode 2085 COMPLETE | Reward -780.18 | Steps 1000 | Terminated False | Truncated True
2026-03-02 14:03:24,296 [INFO] Checkpoint saved: checkpoints/ppo_ep_02085.pt
2026-03-02 14:03:28,476 [INFO] Step 0: reward=-0.262, dist=2.45
2026-03-02 14:03:34,188 [INFO] Step 200: reward=-1.582, dist=3.05
2026-03-02 14:03:39,801 [INFO] Step 400: reward=-1.630, dist=2.72
2026-03-02 14:03:44,948 [INFO] Step 600: reward=-0.387, dist=3.14
2026-03-02 14:03:50,464 [INFO] Step 800: reward=-2.005, dist=4.93
2026-03-02 14:03:53,335 [INFO] Performing PPO update at global step 1679360
2026-03-02 14:03:53,605 [INFO] PPO losses — policy: 0.0148, value: 1007.4199, entropy: 4.2242
2026-03-02 14:03:53,610 [INFO] PPO update completed. Buffer cleared.
2026-03-02 14:03:55,708 [INFO] Episode 2086 COMPLETE | Reward -1465.71 | Steps 1000 | Terminated False | Truncated True
2026-03-02 14:04:00,667 [INFO] Step 0: reward=-0.305, dist=3.97
2026-03-02 14:04:05,335 [INFO] Step 200: reward=-1.992, dist=5.45
2026-03-02 14:04:10,988 [INFO] Step 400: reward=-0.005, dist=7.07
2026-03-02 14:04:14,570 [INFO] Policy action (normalized): v = +1.000, w = -0.803 | Cmd_vel (scaled): v = +1.000 m/s, w = -0.803 rad/s
2026-03-02 14:04:16,170 [INFO] Step 600: reward=0.095, dist=7.67
2026-03-02 14:04:20,360 [INFO] Step 800: reward=0.164, dist=7.32
2026-03-02 14:04:27,039 [INFO] Episode 2087 COMPLETE | Reward -545.68 | Steps 1000 | Terminated False | Truncated True
2026-03-02 14:04:29,742 [INFO] Step 0: reward=-0.215, dist=2.73
2026-03-02 14:04:35,587 [INFO] Step 200: reward=-1.487, dist=2.71
2026-03-02 14:04:39,324 [INFO] Step 400: reward=-5.992, dist=2.94
2026-03-02 14:04:44,238 [INFO] Step 600: reward=-0.235, dist=2.74
2026-03-02 14:04:48,304 [INFO] Step 800: reward=-2.437, dist=3.79
2026-03-02 14:04:52,156 [INFO] Performing PPO update at global step 1681408
2026-03-02 14:04:52,573 [INFO] PPO losses — policy: -0.0512, value: 1268.6421, entropy: 4.2242
2026-03-02 14:04:52,580 [INFO] PPO update completed. Buffer cleared.
2026-03-02 14:04:52,935 [INFO] Episode 2088 COMPLETE | Reward -1838.56 | Steps 1000 | Terminated False | Truncated True
2026-03-02 14:04:56,135 [INFO] Step 0: reward=-0.228, dist=2.48
2026-03-02 14:05:01,110 [INFO] Step 200: reward=-0.541, dist=2.55
2026-03-02 14:05:05,415 [INFO] Step 400: reward=-0.221, dist=3.98
2026-03-02 14:05:10,112 [INFO] Step 600: reward=0.095, dist=5.49
2026-03-02 14:05:15,212 [INFO] Step 800: reward=0.060, dist=6.65
2026-03-02 14:05:21,691 [INFO] Episode 2089 COMPLETE | Reward -726.60 | Steps 1000 | Terminated False | Truncated True
2026-03-02 14:05:25,906 [INFO] Step 0: reward=-0.205, dist=2.81
2026-03-02 14:05:31,954 [INFO] Step 200: reward=-0.005, dist=4.21
2026-03-02 14:05:37,035 [INFO] Step 400: reward=-1.804, dist=5.90
2026-03-02 14:05:41,704 [INFO] Step 600: reward=0.020, dist=6.92
2026-03-02 14:05:45,994 [INFO] Step 800: reward=-0.302, dist=6.99
2026-03-02 14:05:50,471 [INFO] Episode 2090 COMPLETE | Reward -684.41 | Steps 1000 | Terminated False | Truncated True
2026-03-02 14:05:50,501 [INFO] Checkpoint saved: checkpoints/ppo_ep_02090.pt
2026-03-02 14:05:54,764 [INFO] Step 0: reward=-0.305, dist=3.52
2026-03-02 14:05:55,406 [INFO] Performing PPO update at global step 1683456
2026-03-02 14:05:55,687 [INFO] PPO losses — policy: 0.3936, value: 110.3802, entropy: 4.2242
2026-03-02 14:05:55,692 [INFO] PPO update completed. Buffer cleared.
2026-03-02 14:06:01,970 [INFO] Step 200: reward=-4.754, dist=3.63
2026-03-02 14:06:07,271 [INFO] Step 400: reward=-2.034, dist=4.00
2026-03-02 14:06:13,068 [INFO] Step 600: reward=0.225, dist=4.80
2026-03-02 14:06:18,782 [INFO] Step 800: reward=-1.480, dist=5.37
2026-03-02 14:06:24,720 [INFO] Episode 2091 COMPLETE | Reward -2476.04 | Steps 1000 | Terminated False | Truncated True
2026-03-02 14:06:28,972 [INFO] Step 0: reward=-0.205, dist=2.82
2026-03-02 14:06:35,013 [INFO] Step 200: reward=-6.386, dist=3.82
2026-03-02 14:06:40,497 [INFO] Step 400: reward=0.262, dist=4.15
2026-03-02 14:06:45,930 [INFO] Step 600: reward=-3.169, dist=4.15
2026-03-02 14:06:53,001 [INFO] Step 800: reward=-1.847, dist=4.69
2026-03-02 14:06:59,102 [INFO] Episode 2092 COMPLETE | Reward -2860.63 | Steps 1000 | Terminated False | Truncated True
2026-03-02 14:07:02,275 [INFO] Step 0: reward=-9.207, dist=2.22
2026-03-02 14:07:03,814 [INFO] Performing PPO update at global step 1685504
2026-03-02 14:07:04,088 [INFO] PPO losses — policy: -0.0290, value: 3385.4056, entropy: 4.2242
2026-03-02 14:07:04,093 [INFO] PPO update completed. Buffer cleared.
2026-03-02 14:07:07,685 [INFO] Step 200: reward=-4.799, dist=2.87
2026-03-02 14:07:12,345 [INFO] Step 400: reward=-6.339, dist=3.42
2026-03-02 14:07:18,439 [INFO] Step 600: reward=-4.204, dist=3.59
2026-03-02 14:07:24,653 [INFO] Step 800: reward=-4.449, dist=4.05
2026-03-02 14:07:30,606 [INFO] Episode 2093 COMPLETE | Reward -2658.02 | Steps 1000 | Terminated False | Truncated True
2026-03-02 14:07:42,324 [INFO] Step 0: reward=-1.900, dist=4.24
2026-03-02 14:07:47,983 [INFO] Step 200: reward=-3.715, dist=4.68
2026-03-02 14:07:51,708 [INFO] Step 400: reward=-1.869, dist=4.56
2026-03-02 14:07:56,046 [INFO] Step 600: reward=-3.901, dist=4.39
2026-03-02 14:07:59,691 [INFO] Step 800: reward=-1.519, dist=4.14
2026-03-02 14:08:04,640 [INFO] Episode 2094 COMPLETE | Reward -2000.20 | Steps 1000 | Terminated False | Truncated True
2026-03-02 14:08:04,703 [INFO] Step 0: reward=-2.031, dist=3.18
2026-03-02 14:08:06,946 [INFO] Performing PPO update at global step 1687552
2026-03-02 14:08:07,238 [INFO] PPO losses — policy: 0.0359, value: 1443.5409, entropy: 4.2242
2026-03-02 14:08:07,243 [INFO] PPO update completed. Buffer cleared.
2026-03-02 14:08:08,617 [INFO] Step 200: reward=-2.208, dist=3.41
2026-03-02 14:08:12,765 [INFO] Step 400: reward=-2.150, dist=3.73
2026-03-02 14:08:17,395 [INFO] Step 600: reward=-2.045, dist=3.92
2026-03-02 14:08:22,237 [INFO] Step 800: reward=-5.857, dist=4.27
2026-03-02 14:08:28,171 [INFO] Episode 2095 COMPLETE | Reward -2390.66 | Steps 1000 | Terminated False | Truncated True
2026-03-02 14:08:28,199 [INFO] Checkpoint saved: checkpoints/ppo_ep_02095.pt
2026-03-02 14:08:33,225 [INFO] Step 0: reward=-2.178, dist=3.75
2026-03-02 14:08:37,619 [INFO] Step 200: reward=-1.964, dist=4.03
2026-03-02 14:08:43,241 [INFO] Step 400: reward=0.445, dist=4.47
2026-03-02 14:08:48,224 [INFO] Step 600: reward=-5.934, dist=4.77
2026-03-02 14:08:53,093 [INFO] Step 800: reward=-1.549, dist=5.05
2026-03-02 14:08:59,720 [INFO] Episode 2096 COMPLETE | Reward -2358.58 | Steps 1000 | Terminated False | Truncated True
2026-03-02 14:09:02,701 [INFO] Step 0: reward=-0.205, dist=2.83
2026-03-02 14:09:06,674 [INFO] Performing PPO update at global step 1689600
2026-03-02 14:09:06,951 [INFO] PPO losses — policy: 0.0089, value: 1692.0099, entropy: 4.2242
2026-03-02 14:09:06,955 [INFO] PPO update completed. Buffer cleared.
2026-03-02 14:09:08,407 [INFO] Step 200: reward=-1.057, dist=2.66
2026-03-02 14:09:13,297 [INFO] Step 400: reward=-2.181, dist=2.83
2026-03-02 14:09:17,692 [INFO] Policy action (normalized): v = +0.927, w = -1.000 | Cmd_vel (scaled): v = +0.927 m/s, w = -1.000 rad/s
2026-03-02 14:09:19,238 [INFO] Step 600: reward=0.438, dist=3.01
2026-03-02 14:09:23,860 [INFO] Step 800: reward=-4.053, dist=3.30
2026-03-02 14:09:28,675 [INFO] Episode 2097 COMPLETE | Reward -2595.86 | Steps 1000 | Terminated False | Truncated True
2026-03-02 14:09:33,211 [INFO] Step 0: reward=-2.179, dist=3.11
2026-03-02 14:09:37,917 [INFO] Step 200: reward=-2.205, dist=3.31
2026-03-02 14:09:43,626 [INFO] Step 400: reward=-4.354, dist=3.75
2026-03-02 14:09:51,051 [INFO] Step 600: reward=-4.331, dist=4.11
2026-03-02 14:09:55,741 [INFO] Step 800: reward=-1.418, dist=4.23
2026-03-02 14:10:02,051 [INFO] Episode 2098 COMPLETE | Reward -2524.01 | Steps 1000 | Terminated False | Truncated True
2026-03-02 14:10:05,454 [INFO] Step 0: reward=-2.053, dist=2.10
2026-03-02 14:10:11,874 [INFO] Step 200: reward=-1.672, dist=2.09
2026-03-02 14:10:12,286 [INFO] Performing PPO update at global step 1691648
2026-03-02 14:10:12,606 [INFO] PPO losses — policy: -0.0346, value: 2246.2043, entropy: 4.2242
2026-03-02 14:10:12,611 [INFO] PPO update completed. Buffer cleared.
2026-03-02 14:10:17,653 [INFO] Step 400: reward=-2.603, dist=1.82
2026-03-02 14:10:21,886 [INFO] Step 600: reward=-2.009, dist=1.36
2026-03-02 14:10:25,135 [INFO] Step 800: reward=-4.201, dist=1.20
2026-03-02 14:10:26,429 [INFO] Episode 2099 COMPLETE | Reward -1685.79 | Steps 851 | Terminated True | Truncated False
2026-03-02 14:10:29,596 [INFO] Step 0: reward=-2.206, dist=3.06
2026-03-02 14:10:36,177 [INFO] Step 200: reward=-4.306, dist=3.84
2026-03-02 14:10:42,129 [INFO] Step 400: reward=0.417, dist=4.14
2026-03-02 14:10:47,786 [INFO] Step 600: reward=-1.524, dist=4.10
2026-03-02 14:10:55,860 [INFO] Step 800: reward=-4.266, dist=4.44
2026-03-02 14:11:01,516 [INFO] Episode 2100 COMPLETE | Reward -2426.18 | Steps 1000 | Terminated False | Truncated True
2026-03-02 14:11:01,536 [INFO] Checkpoint saved: checkpoints/ppo_ep_02100.pt
2026-03-02 14:11:06,314 [INFO] Step 0: reward=-0.206, dist=3.52
2026-03-02 14:11:12,465 [INFO] Step 200: reward=-2.204, dist=2.66
2026-03-02 14:11:16,785 [INFO] Step 400: reward=-0.259, dist=2.69
2026-03-02 14:11:16,879 [INFO] Performing PPO update at global step 1693696
2026-03-02 14:11:17,278 [INFO] PPO losses — policy: -0.0300, value: 1865.1520, entropy: 4.2242
2026-03-02 14:11:17,285 [INFO] PPO update completed. Buffer cleared.
2026-03-02 14:11:23,613 [INFO] Step 600: reward=-0.147, dist=2.77
2026-03-02 14:11:29,345 [INFO] Step 800: reward=-1.476, dist=3.25
2026-03-02 14:11:35,371 [INFO] Episode 2101 COMPLETE | Reward -2222.25 | Steps 1000 | Terminated False | Truncated True
2026-03-02 14:11:38,351 [INFO] Step 0: reward=-0.244, dist=2.95
2026-03-02 14:11:42,363 [INFO] Step 200: reward=-2.305, dist=2.90
2026-03-02 14:11:49,210 [INFO] Step 400: reward=-2.175, dist=2.45
2026-03-02 14:11:55,074 [INFO] Step 600: reward=-2.349, dist=1.83
2026-03-02 14:11:59,515 [INFO] Step 800: reward=-4.337, dist=1.83
2026-03-02 14:12:04,498 [INFO] Episode 2102 COMPLETE | Reward -2062.57 | Steps 1000 | Terminated False | Truncated True
2026-03-02 14:12:09,150 [INFO] Step 0: reward=-0.205, dist=3.25
2026-03-02 14:12:14,672 [INFO] Step 200: reward=-3.824, dist=3.58
2026-03-02 14:12:19,579 [INFO] Step 400: reward=-2.161, dist=3.45
2026-03-02 14:12:21,426 [INFO] Performing PPO update at global step 1695744
2026-03-02 14:12:21,745 [INFO] PPO losses — policy: 0.0297, value: 1067.7520, entropy: 4.2242
2026-03-02 14:12:21,752 [INFO] PPO update completed. Buffer cleared.
2026-03-02 14:12:26,321 [INFO] Step 600: reward=-0.193, dist=2.84
2026-03-02 14:12:32,694 [INFO] Step 800: reward=-3.136, dist=2.08
2026-03-02 14:12:36,753 [INFO] Episode 2103 COMPLETE | Reward -2020.53 | Steps 1000 | Terminated False | Truncated True
2026-03-02 14:12:39,201 [INFO] Step 0: reward=-0.932, dist=3.48
2026-03-02 14:12:44,997 [INFO] Step 200: reward=-0.159, dist=3.58
2026-03-02 14:12:49,533 [INFO] Step 400: reward=-1.981, dist=3.75
2026-03-02 14:12:56,013 [INFO] Step 600: reward=-6.321, dist=4.06
2026-03-02 14:13:03,296 [INFO] Step 800: reward=0.544, dist=4.23
2026-03-02 14:13:09,752 [INFO] Episode 2104 COMPLETE | Reward -2210.60 | Steps 1000 | Terminated False | Truncated True
2026-03-02 14:13:12,868 [INFO] Step 0: reward=-2.204, dist=2.21
2026-03-02 14:13:20,299 [INFO] Step 200: reward=-1.145, dist=1.76
2026-03-02 14:13:25,256 [INFO] Episode 2105 COMPLETE | Reward -372.84 | Steps 372 | Terminated True | Truncated False
2026-03-02 14:13:25,274 [INFO] Checkpoint saved: checkpoints/ppo_ep_02105.pt
2026-03-02 14:13:28,424 [INFO] Step 0: reward=-0.222, dist=3.48
2026-03-02 14:13:32,137 [INFO] Performing PPO update at global step 1697792
2026-03-02 14:13:32,413 [INFO] PPO losses — policy: -0.0257, value: 1685.3239, entropy: 4.2242
2026-03-02 14:13:32,418 [INFO] PPO update completed. Buffer cleared.
2026-03-02 14:13:33,722 [INFO] Step 200: reward=-2.305, dist=3.02
2026-03-02 14:13:39,409 [INFO] Step 400: reward=-0.430, dist=2.44
2026-03-02 14:13:47,612 [INFO] Step 600: reward=-0.207, dist=1.65
2026-03-02 14:13:54,153 [INFO] Step 800: reward=-3.285, dist=1.67
2026-03-02 14:13:59,626 [INFO] Episode 2106 COMPLETE | Reward -1775.05 | Steps 1000 | Terminated False | Truncated True
2026-03-02 14:14:03,182 [INFO] Step 0: reward=-1.553, dist=3.64
2026-03-02 14:14:08,706 [INFO] Step 200: reward=-0.196, dist=3.68
2026-03-02 14:14:13,845 [INFO] Step 400: reward=-0.205, dist=3.70
2026-03-02 14:14:20,583 [INFO] Step 600: reward=-0.375, dist=3.76
2026-03-02 14:14:25,965 [INFO] Step 800: reward=-7.426, dist=3.98
2026-03-02 14:14:30,767 [INFO] Episode 2107 COMPLETE | Reward -2117.77 | Steps 1000 | Terminated False | Truncated True
2026-03-02 14:14:33,794 [INFO] Step 0: reward=-1.999, dist=3.84
2026-03-02 14:14:38,578 [INFO] Performing PPO update at global step 1699840
2026-03-02 14:14:38,865 [INFO] PPO losses — policy: -0.0339, value: 1116.5609, entropy: 4.2242
2026-03-02 14:14:38,871 [INFO] PPO update completed. Buffer cleared.
2026-03-02 14:14:39,585 [INFO] Step 200: reward=0.540, dist=3.76
2026-03-02 14:14:43,681 [INFO] Policy action (normalized): v = +0.969, w = -1.000 | Cmd_vel (scaled): v = +0.969 m/s, w = -1.000 rad/s
2026-03-02 14:14:45,712 [INFO] Step 400: reward=-9.574, dist=3.47
2026-03-02 14:14:52,109 [INFO] Step 600: reward=4.651, dist=3.76
2026-03-02 14:14:56,780 [INFO] Step 800: reward=-9.697, dist=3.59
2026-03-02 14:15:01,450 [INFO] Episode 2108 COMPLETE | Reward -2645.17 | Steps 1000 | Terminated False | Truncated True
2026-03-02 14:15:06,222 [INFO] Step 0: reward=-2.148, dist=3.84
2026-03-02 14:15:12,319 [INFO] Step 200: reward=-2.105, dist=3.74
2026-03-02 14:15:17,001 [INFO] Step 400: reward=-0.205, dist=3.69
2026-03-02 14:15:22,268 [INFO] Step 600: reward=-1.632, dist=3.14
2026-03-02 14:15:29,004 [INFO] Step 800: reward=-0.259, dist=2.32
2026-03-02 14:15:33,868 [INFO] Episode 2109 COMPLETE | Reward -2121.46 | Steps 1000 | Terminated False | Truncated True
2026-03-02 14:15:36,203 [INFO] Step 0: reward=-0.206, dist=3.73
2026-03-02 14:15:43,280 [INFO] Step 200: reward=-1.763, dist=3.44
2026-03-02 14:15:43,926 [INFO] Performing PPO update at global step 1701888
2026-03-02 14:15:44,222 [INFO] PPO losses — policy: -0.0395, value: 2176.9629, entropy: 4.2242
2026-03-02 14:15:44,228 [INFO] PPO update completed. Buffer cleared.
2026-03-02 14:15:49,056 [INFO] Step 400: reward=-4.084, dist=2.73
2026-03-02 14:15:54,188 [INFO] Step 600: reward=-2.205, dist=2.30
2026-03-02 14:15:58,916 [INFO] Step 800: reward=-2.205, dist=2.16
2026-03-02 14:16:02,891 [INFO] Episode 2110 COMPLETE | Reward -2131.24 | Steps 1000 | Terminated False | Truncated True
2026-03-02 14:16:02,912 [INFO] Checkpoint saved: checkpoints/ppo_ep_02110.pt
2026-03-02 14:16:05,998 [INFO] Step 0: reward=-2.197, dist=2.28
2026-03-02 14:16:09,866 [INFO] Step 200: reward=-1.705, dist=2.26
2026-03-02 14:16:14,509 [INFO] Step 400: reward=2.535, dist=2.18
2026-03-02 14:16:20,949 [INFO] Step 600: reward=-10.662, dist=2.22
2026-03-02 14:16:25,034 [INFO] Step 800: reward=-9.935, dist=2.78
2026-03-02 14:16:29,676 [INFO] Episode 2111 COMPLETE | Reward -3087.15 | Steps 1000 | Terminated False | Truncated True
2026-03-02 14:16:33,353 [INFO] Step 0: reward=-1.701, dist=3.86
2026-03-02 14:16:37,277 [INFO] Step 200: reward=-2.205, dist=3.92
2026-03-02 14:16:40,110 [INFO] Performing PPO update at global step 1703936
2026-03-02 14:16:40,495 [INFO] PPO losses — policy: -0.0210, value: 2446.7760, entropy: 4.2242
2026-03-02 14:16:40,502 [INFO] PPO update completed. Buffer cleared.
2026-03-02 14:16:43,967 [INFO] Step 400: reward=-1.410, dist=4.23
2026-03-02 14:16:48,491 [INFO] Step 600: reward=-2.762, dist=4.55
2026-03-02 14:16:54,305 [INFO] Step 800: reward=0.195, dist=4.67
2026-03-02 14:17:00,080 [INFO] Episode 2112 COMPLETE | Reward -2453.69 | Steps 1000 | Terminated False | Truncated True
2026-03-02 14:17:04,109 [INFO] Step 0: reward=-2.192, dist=3.82
2026-03-02 14:17:07,920 [INFO] Step 200: reward=-2.191, dist=3.90
2026-03-02 14:17:13,174 [INFO] Step 400: reward=6.145, dist=3.52
2026-03-02 14:17:18,278 [INFO] Step 600: reward=-9.089, dist=3.61
2026-03-02 14:17:22,660 [INFO] Step 800: reward=-6.234, dist=3.58
2026-03-02 14:17:28,334 [INFO] Episode 2113 COMPLETE | Reward -2342.03 | Steps 1000 | Terminated False | Truncated True
2026-03-02 14:17:32,626 [INFO] Step 0: reward=-0.205, dist=2.88
2026-03-02 14:17:39,044 [INFO] Step 200: reward=-2.169, dist=2.70
2026-03-02 14:17:43,038 [INFO] Performing PPO update at global step 1705984
2026-03-02 14:17:43,329 [INFO] PPO losses — policy: 0.0220, value: 2571.3391, entropy: 4.2242
2026-03-02 14:17:43,335 [INFO] PPO update completed. Buffer cleared.
2026-03-02 14:17:44,763 [INFO] Step 400: reward=-2.176, dist=2.52
2026-03-02 14:17:50,455 [INFO] Step 600: reward=-4.058, dist=2.12
2026-03-02 14:17:56,704 [INFO] Step 800: reward=-2.048, dist=1.52
2026-03-02 14:18:01,378 [INFO] Episode 2114 COMPLETE | Reward -1795.59 | Steps 1000 | Terminated False | Truncated True
2026-03-02 14:18:04,426 [INFO] Step 0: reward=-0.207, dist=2.76
2026-03-02 14:18:10,657 [INFO] Step 200: reward=-0.205, dist=2.75
2026-03-02 14:18:17,661 [INFO] Step 400: reward=-0.183, dist=2.71
2026-03-02 14:18:22,573 [INFO] Step 600: reward=-1.320, dist=2.49
2026-03-02 14:18:29,042 [INFO] Step 800: reward=-0.206, dist=2.35
2026-03-02 14:18:34,016 [INFO] Episode 2115 COMPLETE | Reward -1883.54 | Steps 1000 | Terminated False | Truncated True
2026-03-02 14:18:34,035 [INFO] Checkpoint saved: checkpoints/ppo_ep_02115.pt
2026-03-02 14:18:38,994 [INFO] Step 0: reward=-2.189, dist=2.78
2026-03-02 14:18:43,215 [INFO] Step 200: reward=-2.694, dist=2.64
2026-03-02 14:18:49,089 [INFO] Performing PPO update at global step 1708032
2026-03-02 14:18:49,351 [INFO] PPO losses — policy: 0.1331, value: 585.5306, entropy: 4.2242
2026-03-02 14:18:49,356 [INFO] PPO update completed. Buffer cleared.
2026-03-02 14:18:50,179 [INFO] Step 400: reward=-2.104, dist=2.08
2026-03-02 14:18:54,844 [INFO] Step 600: reward=-0.408, dist=1.94
2026-03-02 14:19:00,533 [INFO] Step 800: reward=-2.523, dist=2.64
2026-03-02 14:19:07,612 [INFO] Episode 2116 COMPLETE | Reward -2021.63 | Steps 1000 | Terminated False | Truncated True
2026-03-02 14:19:10,746 [INFO] Step 0: reward=-2.204, dist=2.25
2026-03-02 14:19:16,142 [INFO] Step 200: reward=-2.098, dist=2.70
2026-03-02 14:19:21,992 [INFO] Step 400: reward=-1.658, dist=2.48
2026-03-02 14:19:27,616 [INFO] Step 600: reward=-2.305, dist=2.78
2026-03-02 14:19:33,659 [INFO] Step 800: reward=-2.207, dist=2.79
2026-03-02 14:19:37,845 [INFO] Episode 2117 COMPLETE | Reward -1967.62 | Steps 1000 | Terminated False | Truncated True
2026-03-02 14:19:42,033 [INFO] Step 0: reward=-1.767, dist=2.40
2026-03-02 14:19:45,952 [INFO] Step 200: reward=-2.305, dist=2.37
2026-03-02 14:19:50,265 [INFO] Policy action (normalized): v = +0.963, w = -0.992 | Cmd_vel (scaled): v = +0.963 m/s, w = -0.992 rad/s
2026-03-02 14:19:52,381 [INFO] Step 400: reward=-1.223, dist=2.48
2026-03-02 14:19:52,925 [INFO] Performing PPO update at global step 1710080
2026-03-02 14:19:53,202 [INFO] PPO losses — policy: 0.0389, value: 604.3821, entropy: 4.2242
2026-03-02 14:19:53,208 [INFO] PPO update completed. Buffer cleared.
2026-03-02 14:19:59,045 [INFO] Step 600: reward=-2.207, dist=3.09
2026-03-02 14:20:03,180 [INFO] Step 800: reward=-2.239, dist=3.58
2026-03-02 14:20:08,506 [INFO] Episode 2118 COMPLETE | Reward -1775.16 | Steps 1000 | Terminated False | Truncated True
2026-03-02 14:20:12,208 [INFO] Step 0: reward=-0.227, dist=2.36
2026-03-02 14:20:18,636 [INFO] Step 200: reward=-0.123, dist=1.71
2026-03-02 14:20:24,179 [INFO] Step 400: reward=-2.218, dist=1.22
2026-03-02 14:20:28,262 [INFO] Step 600: reward=-4.273, dist=1.18
2026-03-02 14:20:35,781 [INFO] Step 800: reward=-2.260, dist=1.39
2026-03-02 14:20:41,851 [INFO] Episode 2119 COMPLETE | Reward -1615.29 | Steps 1000 | Terminated False | Truncated True
2026-03-02 14:20:45,214 [INFO] Step 0: reward=-1.739, dist=3.83
2026-03-02 14:20:50,891 [INFO] Step 200: reward=-2.205, dist=3.94
2026-03-02 14:20:56,550 [INFO] Step 400: reward=0.092, dist=4.02
2026-03-02 14:20:57,808 [INFO] Performing PPO update at global step 1712128
2026-03-02 14:20:58,102 [INFO] PPO losses — policy: 0.0075, value: 451.2622, entropy: 4.2242
2026-03-02 14:20:58,109 [INFO] PPO update completed. Buffer cleared.
2026-03-02 14:21:01,840 [INFO] Step 600: reward=-3.265, dist=4.09
2026-03-02 14:21:06,606 [INFO] Step 800: reward=-1.803, dist=4.15
2026-03-02 14:21:12,362 [INFO] Episode 2120 COMPLETE | Reward -1758.61 | Steps 1000 | Terminated False | Truncated True
2026-03-02 14:21:12,385 [INFO] Checkpoint saved: checkpoints/ppo_ep_02120.pt
2026-03-02 14:21:15,515 [INFO] Step 0: reward=-0.239, dist=3.66
2026-03-02 14:21:21,403 [INFO] Step 200: reward=-2.053, dist=3.67
2026-03-02 14:21:27,159 [INFO] Step 400: reward=-0.207, dist=3.60
2026-03-02 14:21:31,394 [INFO] Step 600: reward=-0.168, dist=3.62
2026-03-02 14:21:36,818 [INFO] Step 800: reward=-2.209, dist=3.41
2026-03-02 14:21:41,408 [INFO] Episode 2121 COMPLETE | Reward -1728.84 | Steps 1000 | Terminated False | Truncated True
2026-03-02 14:21:45,308 [INFO] Step 0: reward=-0.205, dist=3.22
2026-03-02 14:21:50,250 [INFO] Step 200: reward=-0.222, dist=3.15
2026-03-02 14:21:55,135 [INFO] Step 400: reward=-2.206, dist=3.14
2026-03-02 14:21:57,120 [INFO] Performing PPO update at global step 1714176
2026-03-02 14:21:57,467 [INFO] PPO losses — policy: -0.0012, value: 447.5084, entropy: 4.2242
2026-03-02 14:21:57,472 [INFO] PPO update completed. Buffer cleared.
2026-03-02 14:21:58,907 [INFO] Step 600: reward=-2.228, dist=3.14
2026-03-02 14:22:04,685 [INFO] Step 800: reward=-0.252, dist=3.16
2026-03-02 14:22:09,258 [INFO] Episode 2122 COMPLETE | Reward -1897.47 | Steps 1000 | Terminated False | Truncated True
2026-03-02 14:22:11,545 [INFO] Step 0: reward=-0.259, dist=3.95
2026-03-02 14:22:17,244 [INFO] Step 200: reward=-2.005, dist=4.60
2026-03-02 14:22:21,697 [INFO] Step 400: reward=-0.046, dist=4.92
2026-03-02 14:22:27,983 [INFO] Step 600: reward=0.064, dist=5.06
2026-03-02 14:22:31,979 [INFO] Step 800: reward=0.095, dist=5.05
2026-03-02 14:22:35,784 [INFO] Episode 2123 COMPLETE | Reward -1331.93 | Steps 1000 | Terminated False | Truncated True
2026-03-02 14:22:38,998 [INFO] Step 0: reward=-0.206, dist=3.49
2026-03-02 14:22:44,885 [INFO] Step 200: reward=-0.005, dist=4.04
2026-03-02 14:22:48,429 [INFO] Step 400: reward=-0.083, dist=4.36
2026-03-02 14:22:52,554 [INFO] Performing PPO update at global step 1716224
2026-03-02 14:22:52,955 [INFO] PPO losses — policy: 0.0478, value: 321.3377, entropy: 4.2242
2026-03-02 14:22:52,960 [INFO] PPO update completed. Buffer cleared.
2026-03-02 14:22:54,196 [INFO] Step 600: reward=-0.735, dist=4.49
2026-03-02 14:23:00,308 [INFO] Step 800: reward=-1.952, dist=4.32
2026-03-02 14:23:05,366 [INFO] Episode 2124 COMPLETE | Reward -1290.67 | Steps 1000 | Terminated False | Truncated True
2026-03-02 14:23:16,972 [INFO] Step 0: reward=-1.929, dist=4.25
2026-03-02 14:23:23,515 [INFO] Step 200: reward=-0.219, dist=3.47
2026-03-02 14:23:30,123 [INFO] Step 400: reward=-2.206, dist=2.93
2026-03-02 14:23:35,823 [INFO] Step 600: reward=0.059, dist=2.44
2026-03-02 14:23:40,787 [INFO] Step 800: reward=-2.242, dist=2.96
2026-03-02 14:23:47,227 [INFO] Episode 2125 COMPLETE | Reward -1541.94 | Steps 1000 | Terminated False | Truncated True
2026-03-02 14:23:47,244 [INFO] Checkpoint saved: checkpoints/ppo_ep_02125.pt
2026-03-02 14:23:51,470 [INFO] Step 0: reward=5.758, dist=2.17
2026-03-02 14:23:56,276 [INFO] Step 200: reward=-5.977, dist=2.05
2026-03-02 14:24:01,768 [INFO] Step 400: reward=0.720, dist=2.09
2026-03-02 14:24:07,104 [INFO] Step 600: reward=4.146, dist=2.13
2026-03-02 14:24:07,156 [INFO] Performing PPO update at global step 1718272
2026-03-02 14:24:07,447 [INFO] PPO losses — policy: -0.0390, value: 960.3272, entropy: 4.2242
2026-03-02 14:24:07,454 [INFO] PPO update completed. Buffer cleared.
2026-03-02 14:24:12,841 [INFO] Step 800: reward=2.665, dist=1.97
2026-03-02 14:24:16,977 [INFO] Episode 2126 COMPLETE | Reward -2242.64 | Steps 1000 | Terminated False | Truncated True
2026-03-02 14:24:21,131 [INFO] Step 0: reward=4.623, dist=3.84
2026-03-02 14:24:27,021 [INFO] Step 200: reward=4.080, dist=3.90
2026-03-02 14:24:32,764 [INFO] Step 400: reward=0.686, dist=3.48
2026-03-02 14:24:37,515 [INFO] Step 600: reward=-0.099, dist=3.48
2026-03-02 14:24:43,076 [INFO] Step 800: reward=-2.251, dist=3.27
2026-03-02 14:24:48,169 [INFO] Episode 2127 COMPLETE | Reward -1996.13 | Steps 1000 | Terminated False | Truncated True
2026-03-02 14:24:50,493 [INFO] Step 0: reward=-0.305, dist=2.44
2026-03-02 14:24:54,129 [INFO] Step 200: reward=-2.398, dist=2.73
2026-03-02 14:24:58,344 [INFO] Policy action (normalized): v = -0.796, w = +0.963 | Cmd_vel (scaled): v = -0.796 m/s, w = +0.963 rad/s
2026-03-02 14:24:59,508 [INFO] Step 400: reward=-0.231, dist=2.90
2026-03-02 14:25:04,385 [INFO] Step 600: reward=-2.211, dist=3.44
2026-03-02 14:25:06,382 [INFO] Performing PPO update at global step 1720320
2026-03-02 14:25:06,691 [INFO] PPO losses — policy: -0.0204, value: 2044.4978, entropy: 4.2242
2026-03-02 14:25:06,697 [INFO] PPO update completed. Buffer cleared.
2026-03-02 14:25:12,119 [INFO] Step 800: reward=0.178, dist=4.31
2026-03-02 14:25:15,391 [INFO] Episode 2128 COMPLETE | Reward -1844.39 | Steps 1000 | Terminated False | Truncated True
2026-03-02 14:25:19,551 [INFO] Step 0: reward=-0.305, dist=3.17
2026-03-02 14:25:24,692 [INFO] Step 200: reward=-2.212, dist=3.35
2026-03-02 14:25:28,375 [INFO] Step 400: reward=-3.789, dist=3.46
2026-03-02 14:25:33,503 [INFO] Step 600: reward=-0.528, dist=3.84
2026-03-02 14:25:37,413 [INFO] Step 800: reward=-1.952, dist=4.19
2026-03-02 14:25:43,007 [INFO] Episode 2129 COMPLETE | Reward -1900.51 | Steps 1000 | Terminated False | Truncated True
2026-03-02 14:25:48,178 [INFO] Step 0: reward=-0.207, dist=2.68
2026-03-02 14:25:52,864 [INFO] Step 200: reward=-2.776, dist=3.08
2026-03-02 14:25:57,308 [INFO] Step 400: reward=-2.230, dist=3.72
2026-03-02 14:26:03,659 [INFO] Step 600: reward=-1.906, dist=4.27
2026-03-02 14:26:06,606 [INFO] Performing PPO update at global step 1722368
2026-03-02 14:26:06,880 [INFO] PPO losses — policy: -0.0033, value: 547.6618, entropy: 4.2242
2026-03-02 14:26:06,886 [INFO] PPO update completed. Buffer cleared.
2026-03-02 14:26:09,404 [INFO] Step 800: reward=-1.915, dist=5.00
2026-03-02 14:26:12,911 [INFO] Episode 2130 COMPLETE | Reward -1759.01 | Steps 1000 | Terminated False | Truncated True
2026-03-02 14:26:12,930 [INFO] Checkpoint saved: checkpoints/ppo_ep_02130.pt
2026-03-02 14:26:15,107 [INFO] Step 0: reward=-0.235, dist=3.50
2026-03-02 14:26:18,702 [INFO] Step 200: reward=-1.906, dist=4.23
2026-03-02 14:26:24,361 [INFO] Step 400: reward=-3.838, dist=4.84
2026-03-02 14:26:30,025 [INFO] Step 600: reward=-0.061, dist=5.77
2026-03-02 14:26:36,302 [INFO] Step 800: reward=-0.187, dist=6.48
2026-03-02 14:26:41,537 [INFO] Episode 2131 COMPLETE | Reward -1418.99 | Steps 1000 | Terminated False | Truncated True
2026-03-02 14:26:45,641 [INFO] Step 0: reward=-0.205, dist=3.75
2026-03-02 14:26:51,992 [INFO] Step 200: reward=-1.961, dist=4.00
2026-03-02 14:26:56,531 [INFO] Step 400: reward=-2.047, dist=4.21
2026-03-02 14:27:00,827 [INFO] Step 600: reward=0.170, dist=4.58
2026-03-02 14:27:04,454 [INFO] Performing PPO update at global step 1724416
2026-03-02 14:27:04,726 [INFO] PPO losses — policy: -0.0033, value: 293.5977, entropy: 4.2242
2026-03-02 14:27:04,731 [INFO] PPO update completed. Buffer cleared.
2026-03-02 14:27:05,627 [INFO] Step 800: reward=-1.907, dist=4.93
2026-03-02 14:27:11,397 [INFO] Episode 2132 COMPLETE | Reward -1372.57 | Steps 1000 | Terminated False | Truncated True
2026-03-02 14:27:14,501 [INFO] Step 0: reward=-0.210, dist=2.25
2026-03-02 14:27:19,755 [INFO] Step 200: reward=-6.236, dist=2.11
2026-03-02 14:27:24,437 [INFO] Step 400: reward=-10.761, dist=2.69
2026-03-02 14:27:30,827 [INFO] Step 600: reward=1.944, dist=2.66
2026-03-02 14:27:38,176 [INFO] Step 800: reward=0.298, dist=2.54
2026-03-02 14:27:42,735 [INFO] Episode 2133 COMPLETE | Reward -2660.35 | Steps 1000 | Terminated False | Truncated True
2026-03-02 14:27:45,294 [INFO] Step 0: reward=-0.205, dist=2.86
2026-03-02 14:27:49,749 [INFO] Step 200: reward=-2.305, dist=3.60
2026-03-02 14:27:53,418 [INFO] Step 400: reward=0.049, dist=4.05
2026-03-02 14:27:59,756 [INFO] Step 600: reward=0.117, dist=4.95
2026-03-02 14:28:04,670 [INFO] Step 800: reward=-0.301, dist=5.61
2026-03-02 14:28:04,680 [INFO] Performing PPO update at global step 1726464
2026-03-02 14:28:04,969 [INFO] PPO losses — policy: -0.0368, value: 2513.7236, entropy: 4.2242
2026-03-02 14:28:04,973 [INFO] PPO update completed. Buffer cleared.
2026-03-02 14:28:11,162 [INFO] Episode 2134 COMPLETE | Reward -1211.17 | Steps 1000 | Terminated False | Truncated True
2026-03-02 14:28:15,163 [INFO] Step 0: reward=5.605, dist=2.62
2026-03-02 14:28:20,170 [INFO] Step 200: reward=0.489, dist=2.37
