2026-02-27 15:24:53,661 [INFO] Starting RL Training
2026-02-27 15:24:53,661 [INFO] Using device: cuda
2026-02-27 15:24:53,674 [INFO] GPU name: NVIDIA GeForce RTX 4080
2026-02-27 15:24:53,674 [INFO] TensorBoard logging enabled (tensorboard/)
2026-02-27 15:24:54,332 [INFO] Resumed training from checkpoint: checkpoints/ppo_ep_01550.pt | episode = 1550, global_step = 1240767
2026-02-27 15:24:57,325 [INFO] Step 0: reward=5.992, dist=2.22
2026-02-27 15:25:00,184 [INFO] Episode 1550 COMPLETE | Reward 469.93 | Steps 56 | Terminated True | Truncated False
2026-02-27 15:25:00,236 [INFO] Checkpoint saved: checkpoints/ppo_ep_01550.pt
2026-02-27 15:25:00,274 [INFO] New BEST model saved! Reward = 469.93 (episode 1550)
2026-02-27 15:25:03,308 [INFO] Step 0: reward=-0.209, dist=2.48
2026-02-27 15:25:08,109 [INFO] Episode 1551 COMPLETE | Reward 282.93 | Steps 98 | Terminated True | Truncated False
2026-02-27 15:25:12,397 [INFO] Step 0: reward=-0.205, dist=2.90
2026-02-27 15:25:19,592 [INFO] Step 200: reward=-0.047, dist=4.80
2026-02-27 15:25:27,188 [INFO] Step 400: reward=-1.910, dist=5.47
2026-02-27 15:25:34,929 [INFO] Step 600: reward=0.699, dist=4.71
2026-02-27 15:25:43,662 [INFO] Step 800: reward=0.698, dist=2.00
2026-02-27 15:25:46,053 [INFO] Episode 1552 COMPLETE | Reward -106.20 | Steps 865 | Terminated True | Truncated False
2026-02-27 15:25:50,983 [INFO] Step 0: reward=-0.205, dist=2.21
2026-02-27 15:25:55,772 [INFO] Step 200: reward=-0.647, dist=2.10
2026-02-27 15:26:03,662 [INFO] Step 400: reward=-0.207, dist=1.84
2026-02-27 15:26:13,383 [INFO] Step 600: reward=-0.191, dist=2.15
2026-02-27 15:26:20,532 [INFO] Step 800: reward=-0.211, dist=1.67
2026-02-27 15:26:25,792 [INFO] Episode 1553 COMPLETE | Reward -744.80 | Steps 954 | Terminated True | Truncated False
2026-02-27 15:26:29,019 [INFO] Step 0: reward=-0.236, dist=2.66
2026-02-27 15:26:35,866 [INFO] Step 200: reward=-3.392, dist=3.95
2026-02-27 15:26:42,520 [INFO] Performing PPO update at global step 1243136
2026-02-27 15:26:43,038 [INFO] PPO losses — policy: 0.0004, value: 792.7163, entropy: 4.2242
2026-02-27 15:26:43,044 [INFO] PPO update completed. Buffer cleared.
2026-02-27 15:26:43,059 [INFO] Step 400: reward=-0.266, dist=4.97
2026-02-27 15:26:51,707 [INFO] Step 600: reward=-1.905, dist=4.16
2026-02-27 15:26:58,332 [INFO] Step 800: reward=0.784, dist=2.25
2026-02-27 15:27:01,204 [INFO] Episode 1554 COMPLETE | Reward -244.38 | Steps 893 | Terminated True | Truncated False
2026-02-27 15:27:06,209 [INFO] Step 0: reward=-0.212, dist=2.67
2026-02-27 15:27:11,840 [INFO] Step 200: reward=-0.205, dist=2.50
2026-02-27 15:27:20,093 [INFO] Step 400: reward=-1.980, dist=4.70
2026-02-27 15:27:27,119 [INFO] Step 600: reward=0.077, dist=5.52
2026-02-27 15:27:35,493 [INFO] Step 800: reward=0.502, dist=4.10
2026-02-27 15:27:42,893 [INFO] Episode 1555 COMPLETE | Reward -519.14 | Steps 1000 | Terminated False | Truncated True
2026-02-27 15:27:42,913 [INFO] Checkpoint saved: checkpoints/ppo_ep_01555.pt
2026-02-27 15:27:48,012 [INFO] Step 0: reward=-0.228, dist=2.95
2026-02-27 15:27:54,868 [INFO] Step 200: reward=-0.220, dist=2.63
2026-02-27 15:28:02,509 [INFO] Episode 1556 COMPLETE | Reward -25.60 | Steps 381 | Terminated True | Truncated False
2026-02-27 15:28:06,657 [INFO] Step 0: reward=-0.209, dist=2.41
2026-02-27 15:28:14,534 [INFO] Performing PPO update at global step 1245184
2026-02-27 15:28:14,883 [INFO] PPO losses — policy: 0.1621, value: 994.0390, entropy: 4.2242
2026-02-27 15:28:14,891 [INFO] PPO update completed. Buffer cleared.
2026-02-27 15:28:15,726 [INFO] Step 200: reward=-1.853, dist=4.44
2026-02-27 15:28:23,005 [INFO] Step 400: reward=-3.910, dist=4.20
2026-02-27 15:28:27,952 [INFO] Step 600: reward=-3.205, dist=4.29
2026-02-27 15:28:35,727 [INFO] Step 800: reward=-0.068, dist=3.92
2026-02-27 15:28:42,469 [INFO] Episode 1557 COMPLETE | Reward -1680.57 | Steps 1000 | Terminated False | Truncated True
2026-02-27 15:28:45,087 [INFO] Step 0: reward=-2.187, dist=2.73
2026-02-27 15:28:52,757 [INFO] Step 200: reward=1.005, dist=1.09
2026-02-27 15:28:53,075 [INFO] Episode 1558 COMPLETE | Reward 31.51 | Steps 207 | Terminated True | Truncated False
2026-02-27 15:28:57,144 [INFO] Step 0: reward=-0.223, dist=3.42
2026-02-27 15:29:05,353 [INFO] Step 200: reward=-1.758, dist=2.73
2026-02-27 15:29:14,096 [INFO] Step 400: reward=-2.160, dist=2.22
2026-02-27 15:29:19,649 [INFO] Step 600: reward=-0.152, dist=1.72
2026-02-27 15:29:26,533 [INFO] Step 800: reward=-0.295, dist=1.72
2026-02-27 15:29:34,517 [INFO] Episode 1559 COMPLETE | Reward -1649.37 | Steps 1000 | Terminated False | Truncated True
2026-02-27 15:29:46,014 [INFO] Step 0: reward=0.094, dist=4.24
2026-02-27 15:29:46,492 [INFO] Performing PPO update at global step 1247232
2026-02-27 15:29:46,769 [INFO] PPO losses — policy: 0.0768, value: 544.2337, entropy: 4.2242
2026-02-27 15:29:46,773 [INFO] PPO update completed. Buffer cleared.
2026-02-27 15:29:53,445 [INFO] Step 200: reward=-3.704, dist=5.25
2026-02-27 15:29:59,965 [INFO] Step 400: reward=-1.892, dist=5.78
2026-02-27 15:30:07,713 [INFO] Step 600: reward=-1.839, dist=4.24
2026-02-27 15:30:11,781 [INFO] Episode 1560 COMPLETE | Reward -665.31 | Steps 691 | Terminated True | Truncated False
2026-02-27 15:30:11,797 [INFO] Checkpoint saved: checkpoints/ppo_ep_01560.pt
2026-02-27 15:30:15,086 [INFO] Step 0: reward=-0.205, dist=3.17
2026-02-27 15:30:20,694 [INFO] Step 200: reward=-3.537, dist=2.81
2026-02-27 15:30:27,916 [INFO] Step 400: reward=-0.166, dist=2.07
2026-02-27 15:30:34,457 [INFO] Step 600: reward=-2.212, dist=1.47
2026-02-27 15:30:41,149 [INFO] Step 800: reward=-2.340, dist=1.19
2026-02-27 15:30:47,093 [INFO] Episode 1561 COMPLETE | Reward -1526.12 | Steps 948 | Terminated True | Truncated False
2026-02-27 15:30:50,203 [INFO] Step 0: reward=-0.205, dist=3.05
2026-02-27 15:30:56,585 [INFO] Step 200: reward=-1.186, dist=3.03
2026-02-27 15:31:01,939 [INFO] Step 400: reward=-2.206, dist=3.32
2026-02-27 15:31:02,526 [INFO] Performing PPO update at global step 1249280
2026-02-27 15:31:02,804 [INFO] PPO losses — policy: 0.0314, value: 1064.1585, entropy: 4.2242
2026-02-27 15:31:02,809 [INFO] PPO update completed. Buffer cleared.
2026-02-27 15:31:09,404 [INFO] Episode 1562 COMPLETE | Reward -551.34 | Steps 561 | Terminated True | Truncated False
2026-02-27 15:31:12,481 [INFO] Step 0: reward=-2.208, dist=3.88
2026-02-27 15:31:18,257 [INFO] Step 200: reward=-0.281, dist=3.93
2026-02-27 15:31:25,719 [INFO] Step 400: reward=-0.341, dist=3.78
2026-02-27 15:31:32,828 [INFO] Policy action (normalized): v = -0.959, w = -0.987 | Cmd_vel (scaled): v = -0.959 m/s, w = -0.987 rad/s
2026-02-27 15:31:33,310 [INFO] Step 600: reward=-2.207, dist=3.17
2026-02-27 15:31:39,670 [INFO] Step 800: reward=-2.223, dist=2.66
2026-02-27 15:31:45,356 [INFO] Episode 1563 COMPLETE | Reward -1907.23 | Steps 1000 | Terminated False | Truncated True
2026-02-27 15:31:49,852 [INFO] Step 0: reward=-1.963, dist=2.20
2026-02-27 15:31:55,813 [INFO] Step 200: reward=6.486, dist=2.00
2026-02-27 15:31:58,084 [INFO] Episode 1564 COMPLETE | Reward -30.57 | Steps 263 | Terminated True | Truncated False
2026-02-27 15:32:01,263 [INFO] Step 0: reward=-0.221, dist=3.16
2026-02-27 15:32:08,735 [INFO] Step 200: reward=-0.187, dist=2.54
2026-02-27 15:32:17,537 [INFO] Step 400: reward=-0.246, dist=2.13
2026-02-27 15:32:24,117 [INFO] Episode 1565 COMPLETE | Reward -709.71 | Steps 573 | Terminated True | Truncated False
2026-02-27 15:32:24,138 [INFO] Checkpoint saved: checkpoints/ppo_ep_01565.pt
2026-02-27 15:32:28,414 [INFO] Step 0: reward=-0.206, dist=3.21
2026-02-27 15:32:30,230 [INFO] Performing PPO update at global step 1251328
2026-02-27 15:32:30,517 [INFO] PPO losses — policy: -0.0004, value: 1374.2967, entropy: 4.2242
2026-02-27 15:32:30,523 [INFO] PPO update completed. Buffer cleared.
2026-02-27 15:32:36,549 [INFO] Step 200: reward=-1.936, dist=2.40
2026-02-27 15:32:45,090 [INFO] Step 400: reward=-2.206, dist=2.07
2026-02-27 15:32:50,942 [INFO] Episode 1566 COMPLETE | Reward -475.24 | Steps 521 | Terminated True | Truncated False
2026-02-27 15:32:53,040 [INFO] Step 0: reward=-2.152, dist=3.84
2026-02-27 15:32:58,515 [INFO] Step 200: reward=-4.434, dist=3.25
2026-02-27 15:33:05,826 [INFO] Step 400: reward=-4.170, dist=2.56
2026-02-27 15:33:11,112 [INFO] Step 600: reward=-0.309, dist=2.79
2026-02-27 15:33:18,334 [INFO] Step 800: reward=0.850, dist=1.68
2026-02-27 15:33:19,916 [INFO] Episode 1567 COMPLETE | Reward -1236.14 | Steps 864 | Terminated True | Truncated False
2026-02-27 15:33:23,142 [INFO] Step 0: reward=-8.410, dist=2.61
2026-02-27 15:33:26,882 [INFO] Episode 1568 COMPLETE | Reward 360.00 | Steps 77 | Terminated True | Truncated False
2026-02-27 15:33:38,511 [INFO] Step 0: reward=-1.906, dist=4.25
2026-02-27 15:33:45,689 [INFO] Step 200: reward=-3.916, dist=4.79
2026-02-27 15:33:52,437 [INFO] Step 400: reward=-1.882, dist=5.67
2026-02-27 15:33:59,624 [INFO] Step 600: reward=-1.846, dist=4.22
2026-02-27 15:34:01,444 [INFO] Performing PPO update at global step 1253376
2026-02-27 15:34:01,867 [INFO] PPO losses — policy: 0.0060, value: 935.8187, entropy: 4.2242
2026-02-27 15:34:01,877 [INFO] PPO update completed. Buffer cleared.
2026-02-27 15:34:06,341 [INFO] Step 800: reward=-4.188, dist=2.53
2026-02-27 15:34:15,813 [INFO] Episode 1569 COMPLETE | Reward -1660.85 | Steps 1000 | Terminated False | Truncated True
2026-02-27 15:34:18,806 [INFO] Step 0: reward=-0.205, dist=2.19
2026-02-27 15:34:21,710 [INFO] Episode 1570 COMPLETE | Reward 383.15 | Steps 75 | Terminated True | Truncated False
2026-02-27 15:34:21,734 [INFO] Checkpoint saved: checkpoints/ppo_ep_01570.pt
2026-02-27 15:34:24,902 [INFO] Step 0: reward=-0.254, dist=3.92
2026-02-27 15:34:32,751 [INFO] Step 200: reward=-0.280, dist=3.65
2026-02-27 15:34:41,054 [INFO] Step 400: reward=0.900, dist=3.01
2026-02-27 15:34:45,785 [INFO] Episode 1571 COMPLETE | Reward -247.54 | Steps 517 | Terminated True | Truncated False
2026-02-27 15:34:48,123 [INFO] Step 0: reward=-1.813, dist=3.86
2026-02-27 15:34:53,653 [INFO] Step 200: reward=-2.167, dist=3.73
2026-02-27 15:35:02,652 [INFO] Step 400: reward=0.538, dist=1.85
2026-02-27 15:35:11,145 [INFO] Step 600: reward=-2.205, dist=2.34
2026-02-27 15:35:19,427 [INFO] Step 800: reward=-1.809, dist=2.87
2026-02-27 15:35:26,352 [INFO] Episode 1572 COMPLETE | Reward -1535.00 | Steps 1000 | Terminated False | Truncated True
2026-02-27 15:35:30,685 [INFO] Step 0: reward=-0.879, dist=2.88
2026-02-27 15:35:34,176 [INFO] Performing PPO update at global step 1255424
2026-02-27 15:35:34,463 [INFO] PPO losses — policy: -0.0095, value: 1215.9172, entropy: 4.2242
2026-02-27 15:35:34,467 [INFO] PPO update completed. Buffer cleared.
2026-02-27 15:35:37,428 [INFO] Step 200: reward=-2.149, dist=1.90
2026-02-27 15:35:44,351 [INFO] Step 400: reward=-0.128, dist=1.08
2026-02-27 15:35:45,380 [INFO] Episode 1573 COMPLETE | Reward -626.08 | Steps 419 | Terminated True | Truncated False
2026-02-27 15:35:48,502 [INFO] Step 0: reward=-0.217, dist=2.69
2026-02-27 15:35:54,485 [INFO] Step 200: reward=-4.200, dist=2.35
2026-02-27 15:36:01,637 [INFO] Step 400: reward=-0.205, dist=1.98
2026-02-27 15:36:08,929 [INFO] Step 600: reward=-0.305, dist=1.42
2026-02-27 15:36:16,268 [INFO] Step 800: reward=-4.226, dist=1.68
2026-02-27 15:36:20,401 [INFO] Episode 1574 COMPLETE | Reward -1404.28 | Steps 950 | Terminated True | Truncated False
2026-02-27 15:36:23,561 [INFO] Step 0: reward=-1.987, dist=3.90
2026-02-27 15:36:29,852 [INFO] Step 200: reward=-2.162, dist=3.60
2026-02-27 15:36:38,695 [INFO] Step 400: reward=-2.001, dist=2.32
2026-02-27 15:36:48,720 [INFO] Step 600: reward=-3.614, dist=1.95
2026-02-27 15:36:51,709 [INFO] Episode 1575 COMPLETE | Reward -754.55 | Steps 648 | Terminated True | Truncated False
2026-02-27 15:36:51,729 [INFO] Checkpoint saved: checkpoints/ppo_ep_01575.pt
2026-02-27 15:36:54,253 [INFO] Step 0: reward=-0.206, dist=3.35
2026-02-27 15:37:00,041 [INFO] Performing PPO update at global step 1257472
2026-02-27 15:37:00,336 [INFO] PPO losses — policy: 0.0269, value: 1303.4896, entropy: 4.2242
2026-02-27 15:37:00,341 [INFO] PPO update completed. Buffer cleared.
2026-02-27 15:37:03,625 [INFO] Step 200: reward=-0.110, dist=3.04
2026-02-27 15:37:11,920 [INFO] Step 400: reward=-0.205, dist=3.10
2026-02-27 15:37:19,511 [INFO] Step 600: reward=0.753, dist=1.78
2026-02-27 15:37:21,309 [INFO] Episode 1576 COMPLETE | Reward -721.25 | Steps 626 | Terminated True | Truncated False
2026-02-27 15:37:23,826 [INFO] Step 0: reward=-1.772, dist=3.03
2026-02-27 15:37:32,503 [INFO] Step 200: reward=-0.160, dist=2.92
2026-02-27 15:37:40,778 [INFO] Step 400: reward=-0.305, dist=2.99
2026-02-27 15:37:47,363 [INFO] Step 600: reward=-4.032, dist=2.82
2026-02-27 15:37:56,501 [INFO] Step 800: reward=-2.207, dist=2.50
2026-02-27 15:38:05,064 [INFO] Episode 1577 COMPLETE | Reward -1854.99 | Steps 1000 | Terminated False | Truncated True
2026-02-27 15:38:09,327 [INFO] Step 0: reward=-0.211, dist=2.72
2026-02-27 15:38:17,247 [INFO] Episode 1578 COMPLETE | Reward 248.73 | Steps 193 | Terminated True | Truncated False
2026-02-27 15:38:21,120 [INFO] Step 0: reward=-0.205, dist=2.34
2026-02-27 15:38:29,284 [INFO] Step 200: reward=-0.205, dist=1.66
2026-02-27 15:38:34,895 [INFO] Performing PPO update at global step 1259520
2026-02-27 15:38:35,338 [INFO] PPO losses — policy: 0.0117, value: 1065.5218, entropy: 4.2242
2026-02-27 15:38:35,344 [INFO] PPO update completed. Buffer cleared.
2026-02-27 15:38:36,554 [INFO] Step 400: reward=-1.347, dist=1.79
2026-02-27 15:38:39,313 [INFO] Episode 1579 COMPLETE | Reward -501.58 | Steps 459 | Terminated True | Truncated False
2026-02-27 15:38:42,513 [INFO] Step 0: reward=-0.209, dist=2.24
2026-02-27 15:38:50,970 [INFO] Step 200: reward=-0.206, dist=1.93
2026-02-27 15:38:59,238 [INFO] Policy action (normalized): v = -0.974, w = -0.999 | Cmd_vel (scaled): v = -0.974 m/s, w = -0.999 rad/s
2026-02-27 15:38:59,313 [INFO] Step 400: reward=-2.114, dist=1.16
2026-02-27 15:39:06,612 [INFO] Step 600: reward=-2.032, dist=1.05
2026-02-27 15:39:10,144 [INFO] Episode 1580 COMPLETE | Reward -910.65 | Steps 664 | Terminated True | Truncated False
2026-02-27 15:39:10,161 [INFO] Checkpoint saved: checkpoints/ppo_ep_01580.pt
2026-02-27 15:39:15,271 [INFO] Step 0: reward=-2.208, dist=2.36
2026-02-27 15:39:18,725 [INFO] Episode 1581 COMPLETE | Reward 321.23 | Steps 78 | Terminated True | Truncated False
2026-02-27 15:39:21,964 [INFO] Step 0: reward=-0.205, dist=3.70
2026-02-27 15:39:28,841 [INFO] Step 200: reward=-1.989, dist=3.64
2026-02-27 15:39:37,374 [INFO] Step 400: reward=-1.622, dist=4.00
2026-02-27 15:39:45,568 [INFO] Step 600: reward=0.002, dist=4.04
2026-02-27 15:39:53,945 [INFO] Step 800: reward=-3.278, dist=3.51
2026-02-27 15:40:01,186 [INFO] Episode 1582 COMPLETE | Reward -1715.46 | Steps 1000 | Terminated False | Truncated True
2026-02-27 15:40:06,108 [INFO] Step 0: reward=-1.501, dist=2.17
2026-02-27 15:40:12,565 [INFO] Step 200: reward=-1.762, dist=2.41
2026-02-27 15:40:13,088 [INFO] Performing PPO update at global step 1261568
2026-02-27 15:40:13,381 [INFO] PPO losses — policy: 0.0097, value: 991.4692, entropy: 4.2242
2026-02-27 15:40:13,387 [INFO] PPO update completed. Buffer cleared.
2026-02-27 15:40:19,989 [INFO] Step 400: reward=-2.256, dist=2.75
2026-02-27 15:40:27,123 [INFO] Step 600: reward=-2.102, dist=2.84
2026-02-27 15:40:34,653 [INFO] Step 800: reward=-2.205, dist=3.10
2026-02-27 15:40:41,980 [INFO] Episode 1583 COMPLETE | Reward -1909.59 | Steps 1000 | Terminated False | Truncated True
2026-02-27 15:40:46,121 [INFO] Step 0: reward=4.915, dist=2.02
2026-02-27 15:40:48,553 [INFO] Episode 1584 COMPLETE | Reward 296.16 | Steps 56 | Terminated True | Truncated False
2026-02-27 15:40:51,131 [INFO] Step 0: reward=-0.205, dist=3.05
2026-02-27 15:40:58,987 [INFO] Step 200: reward=-4.279, dist=2.80
2026-02-27 15:41:07,676 [INFO] Step 400: reward=-3.931, dist=2.26
2026-02-27 15:41:16,365 [INFO] Step 600: reward=-0.305, dist=2.14
2026-02-27 15:41:23,139 [INFO] Step 800: reward=-3.804, dist=2.14
2026-02-27 15:41:29,987 [INFO] Episode 1585 COMPLETE | Reward -1880.38 | Steps 1000 | Terminated False | Truncated True
2026-02-27 15:41:30,011 [INFO] Checkpoint saved: checkpoints/ppo_ep_01585.pt
2026-02-27 15:41:33,146 [INFO] Step 0: reward=-0.208, dist=2.48
2026-02-27 15:41:39,999 [INFO] Step 200: reward=-0.263, dist=2.75
2026-02-27 15:41:40,335 [INFO] Performing PPO update at global step 1263616
2026-02-27 15:41:40,630 [INFO] PPO losses — policy: 0.0388, value: 548.9258, entropy: 4.2242
2026-02-27 15:41:40,636 [INFO] PPO update completed. Buffer cleared.
2026-02-27 15:41:45,403 [INFO] Episode 1586 COMPLETE | Reward -90.51 | Steps 337 | Terminated True | Truncated False
2026-02-27 15:41:49,698 [INFO] Step 0: reward=-0.205, dist=2.82
2026-02-27 15:41:59,010 [INFO] Step 200: reward=-2.191, dist=2.84
2026-02-27 15:42:06,833 [INFO] Step 400: reward=-2.239, dist=2.83
2026-02-27 15:42:13,485 [INFO] Step 600: reward=-0.562, dist=2.96
2026-02-27 15:42:21,467 [INFO] Step 800: reward=-0.233, dist=2.87
2026-02-27 15:42:28,135 [INFO] Episode 1587 COMPLETE | Reward -1619.14 | Steps 1000 | Terminated False | Truncated True
2026-02-27 15:42:32,557 [INFO] Step 0: reward=5.988, dist=3.28
2026-02-27 15:42:40,806 [INFO] Step 200: reward=-1.910, dist=1.17
2026-02-27 15:42:49,057 [INFO] Step 400: reward=-0.209, dist=1.34
2026-02-27 15:42:56,574 [INFO] Step 600: reward=-0.091, dist=1.28
2026-02-27 15:43:04,085 [INFO] Step 800: reward=-2.139, dist=1.26
2026-02-27 15:43:08,902 [INFO] Performing PPO update at global step 1265664
2026-02-27 15:43:09,318 [INFO] PPO losses — policy: 0.1121, value: 606.9562, entropy: 4.2242
2026-02-27 15:43:09,330 [INFO] PPO update completed. Buffer cleared.
2026-02-27 15:43:13,987 [INFO] Episode 1588 COMPLETE | Reward -1278.94 | Steps 1000 | Terminated False | Truncated True
2026-02-27 15:43:18,210 [INFO] Step 0: reward=-5.552, dist=3.95
2026-02-27 15:43:24,801 [INFO] Episode 1589 COMPLETE | Reward 582.28 | Steps 120 | Terminated True | Truncated False
2026-02-27 15:43:24,823 [INFO] New BEST model saved! Reward = 582.28 (episode 1589)
2026-02-27 15:43:29,243 [INFO] Step 0: reward=-0.710, dist=3.26
2026-02-27 15:43:35,268 [INFO] Step 200: reward=-1.097, dist=3.65
2026-02-27 15:43:40,004 [INFO] Step 400: reward=-2.312, dist=3.44
2026-02-27 15:43:47,324 [INFO] Step 600: reward=-1.960, dist=3.66
2026-02-27 15:43:55,379 [INFO] Step 800: reward=0.115, dist=4.02
2026-02-27 15:44:03,650 [INFO] Episode 1590 COMPLETE | Reward -1886.47 | Steps 1000 | Terminated False | Truncated True
2026-02-27 15:44:03,670 [INFO] Checkpoint saved: checkpoints/ppo_ep_01590.pt
2026-02-27 15:44:07,735 [INFO] Step 0: reward=-0.205, dist=2.87
2026-02-27 15:44:13,115 [INFO] Step 200: reward=-0.615, dist=2.91
2026-02-27 15:44:18,133 [INFO] Step 400: reward=-3.733, dist=3.01
2026-02-27 15:44:26,256 [INFO] Step 600: reward=-0.194, dist=2.97
2026-02-27 15:44:34,055 [INFO] Step 800: reward=-0.293, dist=2.94
2026-02-27 15:44:36,119 [INFO] Performing PPO update at global step 1267712
2026-02-27 15:44:36,428 [INFO] PPO losses — policy: 0.3028, value: 564.2734, entropy: 4.2242
2026-02-27 15:44:36,432 [INFO] PPO update completed. Buffer cleared.
2026-02-27 15:44:41,705 [INFO] Episode 1591 COMPLETE | Reward -1579.66 | Steps 1000 | Terminated False | Truncated True
2026-02-27 15:44:46,018 [INFO] Step 0: reward=-0.205, dist=3.79
2026-02-27 15:44:54,609 [INFO] Episode 1592 COMPLETE | Reward 305.55 | Steps 196 | Terminated True | Truncated False
2026-02-27 15:45:07,218 [INFO] Step 0: reward=0.095, dist=4.24
2026-02-27 15:45:14,867 [INFO] Step 200: reward=-0.205, dist=3.64
2026-02-27 15:45:21,383 [INFO] Step 400: reward=-0.063, dist=4.00
