2026-02-27 15:45:56,320 [INFO] Starting RL Training
2026-02-27 15:45:56,320 [INFO] Using device: cuda
2026-02-27 15:45:56,332 [INFO] GPU name: NVIDIA GeForce RTX 4080
2026-02-27 15:45:56,333 [INFO] TensorBoard logging enabled (tensorboard/)
2026-02-27 15:45:57,001 [INFO] Resumed training from checkpoint: checkpoints/ppo_ep_01590.pt | episode = 1590, global_step = 1266861
2026-02-27 15:46:00,649 [INFO] Step 0: reward=-2.000, dist=3.27
2026-02-27 15:46:09,065 [INFO] Step 200: reward=-2.109, dist=3.10
2026-02-27 15:46:15,776 [INFO] Step 400: reward=-2.050, dist=3.22
2026-02-27 15:46:23,143 [INFO] Step 600: reward=0.582, dist=2.11
2026-02-27 15:46:25,525 [INFO] Episode 1590 COMPLETE | Reward -135.70 | Steps 685 | Terminated True | Truncated False
2026-02-27 15:46:25,562 [INFO] Checkpoint saved: checkpoints/ppo_ep_01590.pt
2026-02-27 15:46:25,587 [INFO] New BEST model saved! Reward = -135.70 (episode 1590)
2026-02-27 15:46:30,370 [INFO] Step 0: reward=-0.753, dist=2.91
2026-02-27 15:46:35,137 [INFO] Performing PPO update at global step 1267712
2026-02-27 15:46:35,436 [INFO] PPO losses — policy: 0.1463, value: 790.3794, entropy: 4.2242
2026-02-27 15:46:35,438 [INFO] PPO update completed. Buffer cleared.
2026-02-27 15:46:36,288 [INFO] Step 200: reward=-2.213, dist=2.88
2026-02-27 15:46:42,483 [INFO] Step 400: reward=-3.791, dist=3.39
2026-02-27 15:46:47,116 [INFO] Step 600: reward=-1.240, dist=4.14
2026-02-27 15:46:52,796 [INFO] Step 800: reward=0.140, dist=4.45
2026-02-27 15:46:57,896 [INFO] Episode 1591 COMPLETE | Reward -1620.05 | Steps 1000 | Terminated False | Truncated True
2026-02-27 15:47:00,973 [INFO] Step 0: reward=-0.215, dist=2.54
2026-02-27 15:47:06,642 [INFO] Step 200: reward=-4.195, dist=2.28
2026-02-27 15:47:10,831 [INFO] Step 400: reward=0.838, dist=1.01
2026-02-27 15:47:10,921 [INFO] Episode 1592 COMPLETE | Reward -237.42 | Steps 403 | Terminated True | Truncated False
2026-02-27 15:47:14,957 [INFO] Step 0: reward=-0.227, dist=2.03
2026-02-27 15:47:22,196 [INFO] Step 200: reward=-0.223, dist=2.09
2026-02-27 15:47:28,741 [INFO] Step 400: reward=0.591, dist=1.64
2026-02-27 15:47:30,420 [INFO] Episode 1593 COMPLETE | Reward -439.99 | Steps 515 | Terminated True | Truncated False
2026-02-27 15:47:33,727 [INFO] Step 0: reward=-0.206, dist=3.22
2026-02-27 15:47:39,645 [INFO] Step 200: reward=-3.504, dist=4.06
2026-02-27 15:47:41,740 [INFO] Performing PPO update at global step 1269760
2026-02-27 15:47:42,014 [INFO] PPO losses — policy: 0.0341, value: 626.5894, entropy: 4.2242
2026-02-27 15:47:42,019 [INFO] PPO update completed. Buffer cleared.
2026-02-27 15:47:45,551 [INFO] Step 400: reward=-1.852, dist=4.67
2026-02-27 15:47:49,366 [INFO] Policy action (normalized): v = -0.976, w = -0.904 | Cmd_vel (scaled): v = -0.976 m/s, w = -0.904 rad/s
2026-02-27 15:47:50,890 [INFO] Step 600: reward=0.029, dist=5.22
2026-02-27 15:47:55,737 [INFO] Step 800: reward=0.095, dist=5.56
2026-02-27 15:48:00,855 [INFO] Episode 1594 COMPLETE | Reward -1280.45 | Steps 1000 | Terminated False | Truncated True
2026-02-27 15:48:03,446 [INFO] Step 0: reward=-0.963, dist=2.48
2026-02-27 15:48:09,020 [INFO] Step 200: reward=-1.918, dist=3.02
2026-02-27 15:48:14,503 [INFO] Step 400: reward=-0.213, dist=3.34
2026-02-27 15:48:20,173 [INFO] Step 600: reward=-2.299, dist=3.26
2026-02-27 15:48:25,944 [INFO] Step 800: reward=-0.305, dist=2.80
2026-02-27 15:48:32,292 [INFO] Episode 1595 COMPLETE | Reward -1427.06 | Steps 1000 | Terminated False | Truncated True
2026-02-27 15:48:32,311 [INFO] Checkpoint saved: checkpoints/ppo_ep_01595.pt
2026-02-27 15:48:36,575 [INFO] Step 0: reward=-1.326, dist=3.25
2026-02-27 15:48:42,827 [INFO] Step 200: reward=-0.287, dist=3.13
2026-02-27 15:48:48,264 [INFO] Performing PPO update at global step 1271808
2026-02-27 15:48:48,543 [INFO] PPO losses — policy: 0.0003, value: 218.6807, entropy: 4.2242
2026-02-27 15:48:48,549 [INFO] PPO update completed. Buffer cleared.
2026-02-27 15:48:49,970 [INFO] Step 400: reward=-2.223, dist=2.82
2026-02-27 15:48:55,025 [INFO] Step 600: reward=-2.205, dist=1.96
2026-02-27 15:48:58,768 [INFO] Episode 1596 COMPLETE | Reward -595.88 | Steps 736 | Terminated True | Truncated False
2026-02-27 15:49:01,766 [INFO] Step 0: reward=-0.205, dist=3.94
2026-02-27 15:49:07,460 [INFO] Step 200: reward=5.778, dist=2.00
2026-02-27 15:49:09,745 [INFO] Episode 1597 COMPLETE | Reward 556.51 | Steps 297 | Terminated True | Truncated False
2026-02-27 15:49:09,782 [INFO] New BEST model saved! Reward = 556.51 (episode 1597)
2026-02-27 15:49:12,565 [INFO] Step 0: reward=-0.205, dist=3.65
2026-02-27 15:49:19,836 [INFO] Step 200: reward=-1.943, dist=3.30
2026-02-27 15:49:24,562 [INFO] Step 400: reward=-2.025, dist=2.77
2026-02-27 15:49:28,900 [INFO] Episode 1598 COMPLETE | Reward -183.28 | Steps 508 | Terminated True | Truncated False
2026-02-27 15:49:31,925 [INFO] Step 0: reward=-0.205, dist=3.87
2026-02-27 15:49:36,867 [INFO] Step 200: reward=-2.162, dist=3.72
2026-02-27 15:49:42,252 [INFO] Step 400: reward=-1.549, dist=2.99
2026-02-27 15:49:46,375 [INFO] Episode 1599 COMPLETE | Reward -76.67 | Steps 523 | Terminated True | Truncated False
2026-02-27 15:49:51,544 [INFO] Step 0: reward=-0.666, dist=3.33
2026-02-27 15:49:56,808 [INFO] Step 200: reward=0.931, dist=2.36
2026-02-27 15:49:59,743 [INFO] Performing PPO update at global step 1273856
2026-02-27 15:50:00,019 [INFO] PPO losses — policy: 0.0591, value: 1042.1720, entropy: 4.2242
2026-02-27 15:50:00,024 [INFO] PPO update completed. Buffer cleared.
2026-02-27 15:50:00,100 [INFO] Episode 1600 COMPLETE | Reward 407.45 | Steps 337 | Terminated True | Truncated False
2026-02-27 15:50:00,122 [INFO] Checkpoint saved: checkpoints/ppo_ep_01600.pt
2026-02-27 15:50:11,540 [INFO] Step 0: reward=0.049, dist=4.24
2026-02-27 15:50:17,702 [INFO] Step 200: reward=0.085, dist=4.04
2026-02-27 15:50:22,230 [INFO] Step 400: reward=0.069, dist=4.89
2026-02-27 15:50:28,027 [INFO] Step 600: reward=0.039, dist=5.98
2026-02-27 15:50:36,166 [INFO] Step 800: reward=-0.008, dist=4.29
2026-02-27 15:50:42,067 [INFO] Episode 1601 COMPLETE | Reward -794.47 | Steps 1000 | Terminated False | Truncated True
2026-02-27 15:50:45,345 [INFO] Step 0: reward=-0.305, dist=3.58
2026-02-27 15:50:50,519 [INFO] Step 200: reward=-1.762, dist=4.59
2026-02-27 15:50:55,462 [INFO] Step 400: reward=-1.891, dist=5.22
2026-02-27 15:51:01,012 [INFO] Step 600: reward=0.138, dist=5.96
2026-02-27 15:51:06,778 [INFO] Step 800: reward=-0.492, dist=6.21
2026-02-27 15:51:11,351 [INFO] Episode 1602 COMPLETE | Reward -1296.08 | Steps 1000 | Terminated False | Truncated True
2026-02-27 15:51:14,673 [INFO] Step 0: reward=-0.206, dist=3.70
2026-02-27 15:51:15,553 [INFO] Performing PPO update at global step 1275904
2026-02-27 15:51:15,824 [INFO] PPO losses — policy: -0.0031, value: 383.8413, entropy: 4.2242
2026-02-27 15:51:15,828 [INFO] PPO update completed. Buffer cleared.
2026-02-27 15:51:22,236 [INFO] Step 200: reward=-1.287, dist=3.66
2026-02-27 15:51:27,363 [INFO] Step 400: reward=0.095, dist=4.66
2026-02-27 15:51:33,992 [INFO] Step 600: reward=-0.005, dist=6.17
2026-02-27 15:51:39,873 [INFO] Step 800: reward=0.040, dist=6.78
2026-02-27 15:51:46,949 [INFO] Episode 1603 COMPLETE | Reward -930.23 | Steps 1000 | Terminated False | Truncated True
2026-02-27 15:51:50,054 [INFO] Step 0: reward=-1.749, dist=2.39
2026-02-27 15:51:55,432 [INFO] Step 200: reward=-0.305, dist=3.35
2026-02-27 15:51:59,431 [INFO] Step 400: reward=-2.309, dist=3.75
2026-02-27 15:52:04,969 [INFO] Step 600: reward=-2.205, dist=3.87
2026-02-27 15:52:10,594 [INFO] Step 800: reward=-2.237, dist=3.74
2026-02-27 15:52:14,724 [INFO] Episode 1604 COMPLETE | Reward -1458.25 | Steps 1000 | Terminated False | Truncated True
2026-02-27 15:52:18,745 [INFO] Step 0: reward=-0.238, dist=3.71
2026-02-27 15:52:21,124 [INFO] Performing PPO update at global step 1277952
2026-02-27 15:52:21,397 [INFO] PPO losses — policy: -0.0010, value: 195.0226, entropy: 4.2242
2026-02-27 15:52:21,401 [INFO] PPO update completed. Buffer cleared.
2026-02-27 15:52:23,993 [INFO] Step 200: reward=-0.410, dist=3.79
2026-02-27 15:52:30,208 [INFO] Step 400: reward=-2.891, dist=4.71
2026-02-27 15:52:37,324 [INFO] Step 600: reward=-3.869, dist=6.35
2026-02-27 15:52:42,739 [INFO] Step 800: reward=-0.123, dist=7.18
2026-02-27 15:52:47,952 [INFO] Episode 1605 COMPLETE | Reward -1015.86 | Steps 1000 | Terminated False | Truncated True
2026-02-27 15:52:47,973 [INFO] Checkpoint saved: checkpoints/ppo_ep_01605.pt
2026-02-27 15:52:52,126 [INFO] Step 0: reward=5.995, dist=2.87
2026-02-27 15:52:56,386 [INFO] Episode 1606 COMPLETE | Reward 493.49 | Steps 144 | Terminated True | Truncated False
2026-02-27 15:53:00,527 [INFO] Step 0: reward=-0.208, dist=2.25
2026-02-27 15:53:05,807 [INFO] Episode 1607 COMPLETE | Reward 107.15 | Steps 181 | Terminated True | Truncated False
2026-02-27 15:53:08,552 [INFO] Step 0: reward=-0.214, dist=2.29
2026-02-27 15:53:14,112 [INFO] Step 200: reward=-0.359, dist=3.63
2026-02-27 15:53:19,535 [INFO] Step 400: reward=0.098, dist=4.77
2026-02-27 15:53:24,594 [INFO] Step 600: reward=0.083, dist=5.43
2026-02-27 15:53:30,120 [INFO] Step 800: reward=0.139, dist=5.29
2026-02-27 15:53:30,500 [INFO] Policy action (normalized): v = +0.703, w = -0.998 | Cmd_vel (scaled): v = +0.703 m/s, w = -0.998 rad/s
2026-02-27 15:53:30,501 [INFO] Performing PPO update at global step 1280000
2026-02-27 15:53:30,797 [INFO] PPO losses — policy: 0.0252, value: 440.8092, entropy: 4.2242
2026-02-27 15:53:30,802 [INFO] PPO update completed. Buffer cleared.
2026-02-27 15:53:35,842 [INFO] Episode 1608 COMPLETE | Reward -428.63 | Steps 1000 | Terminated False | Truncated True
2026-02-27 15:53:47,346 [INFO] Step 0: reward=0.093, dist=4.24
2026-02-27 15:53:53,921 [INFO] Step 200: reward=-0.117, dist=5.03
2026-02-27 15:53:59,419 [INFO] Step 400: reward=-0.028, dist=6.74
2026-02-27 15:54:03,716 [INFO] Step 600: reward=0.143, dist=7.06
2026-02-27 15:54:08,850 [INFO] Step 800: reward=0.534, dist=5.67
2026-02-27 15:54:13,483 [INFO] Episode 1609 COMPLETE | Reward -500.34 | Steps 1000 | Terminated False | Truncated True
2026-02-27 15:54:18,660 [INFO] Step 0: reward=-0.260, dist=2.53
2026-02-27 15:54:23,052 [INFO] Episode 1610 COMPLETE | Reward 287.52 | Steps 139 | Terminated True | Truncated False
2026-02-27 15:54:23,076 [INFO] Checkpoint saved: checkpoints/ppo_ep_01610.pt
2026-02-27 15:54:27,418 [INFO] Step 0: reward=-0.231, dist=2.49
2026-02-27 15:54:32,687 [INFO] Step 200: reward=-0.350, dist=3.91
2026-02-27 15:54:41,947 [INFO] Step 400: reward=0.038, dist=6.19
2026-02-27 15:54:47,644 [INFO] Step 600: reward=0.471, dist=5.57
2026-02-27 15:54:51,794 [INFO] Performing PPO update at global step 1282048
2026-02-27 15:54:52,086 [INFO] PPO losses — policy: 0.0118, value: 531.7124, entropy: 4.2242
2026-02-27 15:54:52,092 [INFO] PPO update completed. Buffer cleared.
2026-02-27 15:54:55,554 [INFO] Step 800: reward=0.741, dist=2.67
2026-02-27 15:54:59,395 [INFO] Episode 1611 COMPLETE | Reward 433.24 | Steps 905 | Terminated True | Truncated False
2026-02-27 15:55:03,446 [INFO] Step 0: reward=-0.208, dist=3.09
2026-02-27 15:55:09,099 [INFO] Step 200: reward=0.421, dist=2.13
2026-02-27 15:55:12,277 [INFO] Episode 1612 COMPLETE | Reward 145.55 | Steps 311 | Terminated True | Truncated False
2026-02-27 15:55:15,364 [INFO] Step 0: reward=-0.238, dist=3.32
2026-02-27 15:55:21,814 [INFO] Step 200: reward=-0.585, dist=5.38
2026-02-27 15:55:27,088 [INFO] Step 400: reward=0.125, dist=5.86
2026-02-27 15:55:31,601 [INFO] Step 600: reward=0.156, dist=5.16
2026-02-27 15:55:39,166 [INFO] Step 800: reward=0.756, dist=1.92
2026-02-27 15:55:41,103 [INFO] Episode 1613 COMPLETE | Reward 558.66 | Steps 842 | Terminated True | Truncated False
2026-02-27 15:55:41,138 [INFO] New BEST model saved! Reward = 558.66 (episode 1613)
2026-02-27 15:55:45,244 [INFO] Step 0: reward=-0.305, dist=3.67
2026-02-27 15:55:52,426 [INFO] Step 200: reward=-0.067, dist=5.66
2026-02-27 15:55:58,944 [INFO] Step 400: reward=0.114, dist=5.62
2026-02-27 15:56:06,821 [INFO] Step 600: reward=0.579, dist=2.80
2026-02-27 15:56:09,638 [INFO] Performing PPO update at global step 1284096
2026-02-27 15:56:09,909 [INFO] PPO losses — policy: 0.0065, value: 1159.5814, entropy: 4.2242
2026-02-27 15:56:09,914 [INFO] PPO update completed. Buffer cleared.
2026-02-27 15:56:11,095 [INFO] Episode 1614 COMPLETE | Reward 677.58 | Steps 745 | Terminated True | Truncated False
2026-02-27 15:56:11,131 [INFO] New BEST model saved! Reward = 677.58 (episode 1614)
2026-02-27 15:56:15,271 [INFO] Step 0: reward=-0.228, dist=2.70
2026-02-27 15:56:20,522 [INFO] Step 200: reward=-0.411, dist=3.57
2026-02-27 15:56:27,292 [INFO] Step 400: reward=-2.119, dist=5.54
2026-02-27 15:56:33,896 [INFO] Step 600: reward=0.093, dist=5.57
2026-02-27 15:56:39,417 [INFO] Step 800: reward=-1.594, dist=4.64
2026-02-27 15:56:44,564 [INFO] Episode 1615 COMPLETE | Reward -206.19 | Steps 1000 | Terminated False | Truncated True
2026-02-27 15:56:44,586 [INFO] Checkpoint saved: checkpoints/ppo_ep_01615.pt
2026-02-27 15:56:48,488 [INFO] Step 0: reward=-0.212, dist=2.12
2026-02-27 15:56:56,836 [INFO] Step 200: reward=-1.906, dist=4.26
2026-02-27 15:57:02,425 [INFO] Step 400: reward=-3.389, dist=3.95
2026-02-27 15:57:09,130 [INFO] Step 600: reward=0.442, dist=2.53
2026-02-27 15:57:13,001 [INFO] Episode 1616 COMPLETE | Reward 244.46 | Steps 757 | Terminated True | Truncated False
2026-02-27 15:57:16,040 [INFO] Step 0: reward=-0.259, dist=2.13
2026-02-27 15:57:22,811 [INFO] Step 200: reward=-0.207, dist=2.96
2026-02-27 15:57:24,607 [INFO] Performing PPO update at global step 1286144
2026-02-27 15:57:24,882 [INFO] PPO losses — policy: 0.0391, value: 637.9656, entropy: 4.2242
2026-02-27 15:57:24,889 [INFO] PPO update completed. Buffer cleared.
2026-02-27 15:57:29,800 [INFO] Step 400: reward=-2.257, dist=2.55
2026-02-27 15:57:36,720 [INFO] Step 600: reward=-0.205, dist=1.41
2026-02-27 15:57:39,398 [INFO] Episode 1617 COMPLETE | Reward -184.97 | Steps 675 | Terminated True | Truncated False
2026-02-27 15:57:41,798 [INFO] Step 0: reward=-0.210, dist=3.89
2026-02-27 15:57:48,560 [INFO] Step 200: reward=-1.692, dist=5.56
2026-02-27 15:57:55,397 [INFO] Step 400: reward=0.002, dist=7.64
2026-02-27 15:58:02,087 [INFO] Step 600: reward=0.096, dist=9.25
2026-02-27 15:58:08,309 [INFO] Step 800: reward=0.696, dist=7.92
2026-02-27 15:58:13,621 [INFO] Episode 1618 COMPLETE | Reward 504.18 | Steps 1000 | Terminated False | Truncated True
2026-02-27 15:58:18,491 [INFO] Step 0: reward=-0.212, dist=3.47
2026-02-27 15:58:24,168 [INFO] Step 200: reward=0.095, dist=5.24
2026-02-27 15:58:30,422 [INFO] Step 400: reward=0.058, dist=6.27
2026-02-27 15:58:37,651 [INFO] Step 600: reward=0.178, dist=5.75
2026-02-27 15:58:37,797 [INFO] Performing PPO update at global step 1288192
2026-02-27 15:58:38,073 [INFO] PPO losses — policy: 0.0153, value: 954.0167, entropy: 4.2242
2026-02-27 15:58:38,080 [INFO] PPO update completed. Buffer cleared.
2026-02-27 15:58:44,167 [INFO] Step 800: reward=3.609, dist=4.20
2026-02-27 15:58:50,531 [INFO] Episode 1619 COMPLETE | Reward 40.39 | Steps 1000 | Terminated False | Truncated True
2026-02-27 15:58:54,753 [INFO] Step 0: reward=-0.208, dist=2.89
2026-02-27 15:59:01,960 [INFO] Step 200: reward=-0.158, dist=4.29
2026-02-27 15:59:07,112 [INFO] Step 400: reward=0.162, dist=4.38
2026-02-27 15:59:12,625 [INFO] Step 600: reward=0.571, dist=2.58
2026-02-27 15:59:16,445 [INFO] Episode 1620 COMPLETE | Reward 73.16 | Steps 749 | Terminated True | Truncated False
2026-02-27 15:59:16,466 [INFO] Checkpoint saved: checkpoints/ppo_ep_01620.pt
2026-02-27 15:59:28,233 [INFO] Step 0: reward=-0.913, dist=4.25
2026-02-27 15:59:35,216 [INFO] Step 200: reward=-0.273, dist=5.14
2026-02-27 15:59:42,680 [INFO] Step 400: reward=-1.930, dist=6.80
2026-02-27 15:59:50,424 [INFO] Step 600: reward=-0.180, dist=2.39
2026-02-27 15:59:52,996 [INFO] Policy action (normalized): v = +0.986, w = -1.000 | Cmd_vel (scaled): v = +0.986 m/s, w = -1.000 rad/s
2026-02-27 15:59:56,281 [INFO] Step 800: reward=-0.329, dist=3.83
2026-02-27 15:59:58,861 [INFO] Performing PPO update at global step 1290240
2026-02-27 15:59:59,141 [INFO] PPO losses — policy: -0.0060, value: 484.0745, entropy: 4.2242
2026-02-27 15:59:59,146 [INFO] PPO update completed. Buffer cleared.
2026-02-27 16:00:00,839 [INFO] Episode 1621 COMPLETE | Reward -534.28 | Steps 1000 | Terminated False | Truncated True
2026-02-27 16:00:03,468 [INFO] Step 0: reward=-1.235, dist=3.51
2026-02-27 16:00:12,164 [INFO] Step 200: reward=-0.188, dist=5.71
2026-02-27 16:00:17,565 [INFO] Step 400: reward=0.094, dist=6.75
2026-02-27 16:00:21,535 [INFO] Step 600: reward=-1.872, dist=6.68
2026-02-27 16:00:26,535 [INFO] Step 800: reward=0.263, dist=6.29
2026-02-27 16:00:32,838 [INFO] Episode 1622 COMPLETE | Reward -729.02 | Steps 1000 | Terminated False | Truncated True
2026-02-27 16:00:44,315 [INFO] Step 0: reward=0.036, dist=4.24
2026-02-27 16:00:50,994 [INFO] Step 200: reward=-0.404, dist=3.91
2026-02-27 16:00:55,477 [INFO] Step 400: reward=-0.054, dist=5.01
2026-02-27 16:01:02,953 [INFO] Step 600: reward=0.081, dist=6.58
2026-02-27 16:01:07,048 [INFO] Step 800: reward=5.618, dist=3.24
2026-02-27 16:01:09,975 [INFO] Performing PPO update at global step 1292288
2026-02-27 16:01:10,310 [INFO] PPO losses — policy: 0.0315, value: 825.6435, entropy: 4.2242
2026-02-27 16:01:10,316 [INFO] PPO update completed. Buffer cleared.
2026-02-27 16:01:10,974 [INFO] Episode 1623 COMPLETE | Reward 49.59 | Steps 1000 | Terminated False | Truncated True
2026-02-27 16:01:15,557 [INFO] Step 0: reward=-0.207, dist=2.64
2026-02-27 16:01:23,212 [INFO] Step 200: reward=-0.211, dist=2.14
2026-02-27 16:01:27,972 [INFO] Episode 1624 COMPLETE | Reward -4.85 | Steps 373 | Terminated True | Truncated False
2026-02-27 16:01:33,109 [INFO] Step 0: reward=-0.205, dist=3.72
2026-02-27 16:01:40,946 [INFO] Step 200: reward=0.040, dist=5.39
2026-02-27 16:01:47,094 [INFO] Step 400: reward=0.093, dist=5.70
2026-02-27 16:01:52,660 [INFO] Step 600: reward=0.408, dist=4.71
2026-02-27 16:01:59,462 [INFO] Step 800: reward=1.215, dist=1.75
2026-02-27 16:02:01,364 [INFO] Episode 1625 COMPLETE | Reward 418.03 | Steps 879 | Terminated True | Truncated False
2026-02-27 16:02:01,383 [INFO] Checkpoint saved: checkpoints/ppo_ep_01625.pt
2026-02-27 16:02:05,486 [INFO] Step 0: reward=5.994, dist=3.88
2026-02-27 16:02:11,491 [INFO] Step 200: reward=-1.268, dist=1.17
2026-02-27 16:02:11,840 [INFO] Episode 1626 COMPLETE | Reward 935.34 | Steps 209 | Terminated True | Truncated False
2026-02-27 16:02:11,876 [INFO] New BEST model saved! Reward = 935.34 (episode 1626)
2026-02-27 16:02:16,090 [INFO] Step 0: reward=-0.217, dist=2.91
2026-02-27 16:02:24,283 [INFO] Step 200: reward=-2.206, dist=2.08
2026-02-27 16:02:30,764 [INFO] Step 400: reward=-0.205, dist=1.39
2026-02-27 16:02:34,661 [INFO] Episode 1627 COMPLETE | Reward -78.28 | Steps 501 | Terminated True | Truncated False
2026-02-27 16:02:38,983 [INFO] Step 0: reward=-2.191, dist=2.57
2026-02-27 16:02:41,784 [INFO] Performing PPO update at global step 1294336
2026-02-27 16:02:42,067 [INFO] PPO losses — policy: 0.0231, value: 1250.1695, entropy: 4.2242
2026-02-27 16:02:42,074 [INFO] PPO update completed. Buffer cleared.
2026-02-27 16:02:47,047 [INFO] Step 200: reward=-0.131, dist=1.64
2026-02-27 16:02:50,394 [INFO] Episode 1628 COMPLETE | Reward 137.90 | Steps 269 | Terminated True | Truncated False
2026-02-27 16:02:53,561 [INFO] Step 0: reward=-0.246, dist=3.57
2026-02-27 16:02:59,946 [INFO] Step 200: reward=-0.045, dist=5.87
2026-02-27 16:03:04,876 [INFO] Step 400: reward=0.012, dist=6.87
2026-02-27 16:03:12,350 [INFO] Step 600: reward=1.368, dist=6.04
2026-02-27 16:03:19,722 [INFO] Step 800: reward=5.609, dist=2.63
2026-02-27 16:03:23,620 [INFO] Episode 1629 COMPLETE | Reward 1165.29 | Steps 977 | Terminated True | Truncated False
2026-02-27 16:03:23,655 [INFO] New BEST model saved! Reward = 1165.29 (episode 1629)
2026-02-27 16:03:26,696 [INFO] Step 0: reward=-0.257, dist=3.65
2026-02-27 16:03:34,179 [INFO] Step 200: reward=-0.719, dist=4.20
2026-02-27 16:03:39,797 [INFO] Step 400: reward=-0.022, dist=6.13
2026-02-27 16:03:44,582 [INFO] Step 600: reward=-1.991, dist=6.65
2026-02-27 16:03:52,029 [INFO] Step 800: reward=0.906, dist=5.37
2026-02-27 16:03:54,664 [INFO] Performing PPO update at global step 1296384
2026-02-27 16:03:55,067 [INFO] PPO losses — policy: 0.0216, value: 1155.9902, entropy: 4.2242
2026-02-27 16:03:55,073 [INFO] PPO update completed. Buffer cleared.
2026-02-27 16:04:00,374 [INFO] Episode 1630 COMPLETE | Reward 300.86 | Steps 1000 | Terminated False | Truncated True
2026-02-27 16:04:00,393 [INFO] Checkpoint saved: checkpoints/ppo_ep_01630.pt
2026-02-27 16:04:04,532 [INFO] Step 0: reward=-0.208, dist=3.44
2026-02-27 16:04:11,819 [INFO] Step 200: reward=-0.255, dist=5.69
2026-02-27 16:04:18,211 [INFO] Step 400: reward=0.221, dist=5.42
2026-02-27 16:04:23,642 [INFO] Step 600: reward=5.769, dist=4.27
2026-02-27 16:04:28,423 [INFO] Step 800: reward=0.587, dist=2.16
2026-02-27 16:04:30,826 [INFO] Episode 1631 COMPLETE | Reward 672.38 | Steps 893 | Terminated True | Truncated False
2026-02-27 16:04:33,927 [INFO] Step 0: reward=-0.223, dist=2.41
2026-02-27 16:04:39,269 [INFO] Step 200: reward=-0.473, dist=4.18
2026-02-27 16:04:44,657 [INFO] Step 400: reward=0.095, dist=5.25
2026-02-27 16:04:50,365 [INFO] Step 600: reward=-1.923, dist=4.60
2026-02-27 16:04:58,515 [INFO] Step 800: reward=6.139, dist=1.35
2026-02-27 16:04:59,260 [INFO] Episode 1632 COMPLETE | Reward 428.01 | Steps 827 | Terminated True | Truncated False
2026-02-27 16:05:01,609 [INFO] Step 0: reward=-0.224, dist=2.07
2026-02-27 16:05:04,871 [INFO] Performing PPO update at global step 1298432
2026-02-27 16:05:05,161 [INFO] PPO losses — policy: 0.0257, value: 904.7722, entropy: 4.2242
2026-02-27 16:05:05,168 [INFO] PPO update completed. Buffer cleared.
2026-02-27 16:05:05,476 [INFO] Step 200: reward=0.418, dist=1.28
2026-02-27 16:05:07,958 [INFO] Episode 1633 COMPLETE | Reward -114.92 | Steps 245 | Terminated True | Truncated False
2026-02-27 16:05:11,028 [INFO] Step 0: reward=-0.206, dist=2.35
2026-02-27 16:05:17,135 [INFO] Step 200: reward=-0.318, dist=3.00
2026-02-27 16:05:24,979 [INFO] Step 400: reward=0.082, dist=4.96
2026-02-27 16:05:32,537 [INFO] Step 600: reward=0.773, dist=3.26
2026-02-27 16:05:37,419 [INFO] Episode 1634 COMPLETE | Reward 469.57 | Steps 760 | Terminated True | Truncated False
2026-02-27 16:05:40,468 [INFO] Step 0: reward=-0.212, dist=3.51
2026-02-27 16:05:46,803 [INFO] Step 200: reward=3.626, dist=1.30
2026-02-27 16:05:47,432 [INFO] Episode 1635 COMPLETE | Reward 625.88 | Steps 224 | Terminated True | Truncated False
2026-02-27 16:05:47,455 [INFO] Checkpoint saved: checkpoints/ppo_ep_01635.pt
2026-02-27 16:05:50,496 [INFO] Step 0: reward=-0.220, dist=2.56
2026-02-27 16:05:55,562 [INFO] Step 200: reward=-0.228, dist=2.18
2026-02-27 16:06:01,274 [INFO] Step 400: reward=-0.208, dist=3.88
2026-02-27 16:06:05,141 [INFO] Policy action (normalized): v = -0.280, w = -0.990 | Cmd_vel (scaled): v = -0.280 m/s, w = -0.990 rad/s
2026-02-27 16:06:07,449 [INFO] Step 600: reward=0.095, dist=4.98
2026-02-27 16:06:13,943 [INFO] Step 800: reward=0.349, dist=3.71
2026-02-27 16:06:18,099 [INFO] Episode 1636 COMPLETE | Reward -178.76 | Steps 1000 | Terminated False | Truncated True
2026-02-27 16:06:21,262 [INFO] Step 0: reward=-0.305, dist=3.84
2026-02-27 16:06:21,334 [INFO] Performing PPO update at global step 1300480
2026-02-27 16:06:21,680 [INFO] PPO losses — policy: 0.0792, value: 822.0909, entropy: 4.2242
2026-02-27 16:06:21,685 [INFO] PPO update completed. Buffer cleared.
2026-02-27 16:06:26,732 [INFO] Step 200: reward=-0.983, dist=5.28
2026-02-27 16:06:32,694 [INFO] Step 400: reward=0.083, dist=6.37
2026-02-27 16:06:35,969 [INFO] Step 600: reward=-1.910, dist=5.96
2026-02-27 16:06:41,134 [INFO] Step 800: reward=6.137, dist=4.52
2026-02-27 16:06:46,926 [INFO] Episode 1637 COMPLETE | Reward 791.33 | Steps 1000 | Terminated False | Truncated True
2026-02-27 16:06:51,150 [INFO] Step 0: reward=-0.234, dist=2.67
2026-02-27 16:06:55,941 [INFO] Episode 1638 COMPLETE | Reward 529.04 | Steps 196 | Terminated True | Truncated False
2026-02-27 16:07:00,394 [INFO] Step 0: reward=-0.221, dist=2.76
2026-02-27 16:07:04,630 [INFO] Step 200: reward=-0.083, dist=2.29
2026-02-27 16:07:10,038 [INFO] Step 400: reward=-2.205, dist=1.65
2026-02-27 16:07:16,087 [INFO] Step 600: reward=-0.205, dist=1.22
2026-02-27 16:07:18,896 [INFO] Episode 1639 COMPLETE | Reward -393.49 | Steps 699 | Terminated True | Truncated False
2026-02-27 16:07:21,317 [INFO] Step 0: reward=-1.585, dist=3.33
2026-02-27 16:07:25,354 [INFO] Performing PPO update at global step 1302528
2026-02-27 16:07:25,648 [INFO] PPO losses — policy: 0.0244, value: 1356.1825, entropy: 4.2242
2026-02-27 16:07:25,654 [INFO] PPO update completed. Buffer cleared.
2026-02-27 16:07:26,688 [INFO] Step 200: reward=-1.487, dist=4.27
2026-02-27 16:07:32,395 [INFO] Step 400: reward=0.065, dist=5.67
2026-02-27 16:07:39,157 [INFO] Step 600: reward=0.030, dist=7.04
2026-02-27 16:07:46,278 [INFO] Step 800: reward=-0.538, dist=6.47
2026-02-27 16:07:52,109 [INFO] Episode 1640 COMPLETE | Reward 14.69 | Steps 1000 | Terminated False | Truncated True
2026-02-27 16:07:52,129 [INFO] Checkpoint saved: checkpoints/ppo_ep_01640.pt
2026-02-27 16:07:54,314 [INFO] Step 0: reward=-2.217, dist=3.20
2026-02-27 16:07:58,406 [INFO] Step 200: reward=-0.533, dist=4.31
2026-02-27 16:08:05,553 [INFO] Step 400: reward=0.068, dist=5.24
2026-02-27 16:08:11,715 [INFO] Step 600: reward=0.095, dist=4.94
2026-02-27 16:08:17,583 [INFO] Step 800: reward=3.609, dist=3.19
2026-02-27 16:08:22,197 [INFO] Episode 1641 COMPLETE | Reward 739.10 | Steps 947 | Terminated True | Truncated False
2026-02-27 16:08:24,531 [INFO] Step 0: reward=-0.253, dist=2.26
2026-02-27 16:08:29,598 [INFO] Step 200: reward=-0.256, dist=3.84
2026-02-27 16:08:31,518 [INFO] Performing PPO update at global step 1304576
2026-02-27 16:08:31,797 [INFO] PPO losses — policy: -0.0091, value: 1038.3617, entropy: 4.2242
2026-02-27 16:08:31,801 [INFO] PPO update completed. Buffer cleared.
2026-02-27 16:08:35,658 [INFO] Step 400: reward=0.053, dist=4.04
2026-02-27 16:08:41,286 [INFO] Step 600: reward=-2.206, dist=3.27
2026-02-27 16:08:47,512 [INFO] Episode 1642 COMPLETE | Reward 3.11 | Steps 782 | Terminated True | Truncated False
2026-02-27 16:08:49,477 [INFO] Step 0: reward=-0.206, dist=2.80
2026-02-27 16:08:54,694 [INFO] Episode 1643 COMPLETE | Reward 344.40 | Steps 197 | Terminated True | Truncated False
2026-02-27 16:08:57,002 [INFO] Step 0: reward=-0.224, dist=2.75
2026-02-27 16:09:02,496 [INFO] Step 200: reward=-0.432, dist=4.33
2026-02-27 16:09:07,920 [INFO] Step 400: reward=-0.164, dist=5.74
2026-02-27 16:09:14,965 [INFO] Step 600: reward=0.128, dist=6.48
2026-02-27 16:09:19,091 [INFO] Step 800: reward=-1.577, dist=5.57
2026-02-27 16:09:25,223 [INFO] Episode 1644 COMPLETE | Reward 200.83 | Steps 1000 | Terminated False | Truncated True
2026-02-27 16:09:28,500 [INFO] Step 0: reward=-0.225, dist=2.78
2026-02-27 16:09:33,774 [INFO] Step 200: reward=-0.225, dist=2.53
2026-02-27 16:09:37,317 [INFO] Performing PPO update at global step 1306624
2026-02-27 16:09:37,605 [INFO] PPO losses — policy: 0.0223, value: 943.3575, entropy: 4.2242
2026-02-27 16:09:37,609 [INFO] PPO update completed. Buffer cleared.
2026-02-27 16:09:39,361 [INFO] Step 400: reward=-0.234, dist=4.04
2026-02-27 16:09:46,784 [INFO] Step 600: reward=-2.042, dist=6.15
2026-02-27 16:09:54,119 [INFO] Step 800: reward=0.171, dist=5.71
2026-02-27 16:10:01,375 [INFO] Episode 1645 COMPLETE | Reward 329.96 | Steps 1000 | Terminated False | Truncated True
2026-02-27 16:10:01,401 [INFO] Checkpoint saved: checkpoints/ppo_ep_01645.pt
2026-02-27 16:10:05,543 [INFO] Step 0: reward=-0.305, dist=3.44
2026-02-27 16:10:09,883 [INFO] Step 200: reward=-1.920, dist=4.33
2026-02-27 16:10:14,628 [INFO] Step 400: reward=-2.203, dist=5.84
2026-02-27 16:10:20,313 [INFO] Step 600: reward=0.041, dist=7.03
2026-02-27 16:10:25,671 [INFO] Step 800: reward=-1.530, dist=6.71
2026-02-27 16:10:31,293 [INFO] Episode 1646 COMPLETE | Reward -173.48 | Steps 1000 | Terminated False | Truncated True
2026-02-27 16:10:36,598 [INFO] Step 0: reward=-0.305, dist=2.51
2026-02-27 16:10:43,302 [INFO] Step 200: reward=-0.050, dist=4.07
2026-02-27 16:10:49,296 [INFO] Performing PPO update at global step 1308672
2026-02-27 16:10:49,719 [INFO] PPO losses — policy: 0.0042, value: 986.7335, entropy: 4.2242
2026-02-27 16:10:49,725 [INFO] PPO update completed. Buffer cleared.
2026-02-27 16:10:50,346 [INFO] Step 400: reward=0.108, dist=5.70
2026-02-27 16:10:57,710 [INFO] Step 600: reward=5.779, dist=3.95
2026-02-27 16:11:03,411 [INFO] Step 800: reward=6.323, dist=1.21
2026-02-27 16:11:03,954 [INFO] Episode 1647 COMPLETE | Reward 1371.87 | Steps 828 | Terminated True | Truncated False
2026-02-27 16:11:03,990 [INFO] New BEST model saved! Reward = 1371.87 (episode 1647)
2026-02-27 16:11:06,589 [INFO] Step 0: reward=-0.209, dist=2.62
2026-02-27 16:11:11,720 [INFO] Step 200: reward=-0.237, dist=3.15
2026-02-27 16:11:16,742 [INFO] Step 400: reward=0.071, dist=4.75
2026-02-27 16:11:19,898 [INFO] Step 600: reward=0.086, dist=5.13
2026-02-27 16:11:26,634 [INFO] Step 800: reward=3.613, dist=3.56
2026-02-27 16:11:28,547 [INFO] Policy action (normalized): v = +1.000, w = +0.914 | Cmd_vel (scaled): v = +1.000 m/s, w = +0.914 rad/s
2026-02-27 16:11:32,177 [INFO] Episode 1648 COMPLETE | Reward 737.58 | Steps 980 | Terminated True | Truncated False
2026-02-27 16:11:36,498 [INFO] Step 0: reward=-0.305, dist=2.95
2026-02-27 16:11:40,569 [INFO] Step 200: reward=-2.213, dist=3.67
2026-02-27 16:11:44,200 [INFO] Step 400: reward=-0.118, dist=4.61
2026-02-27 16:11:48,565 [INFO] Step 600: reward=0.013, dist=5.60
2026-02-27 16:11:49,224 [INFO] Performing PPO update at global step 1310720
2026-02-27 16:11:49,503 [INFO] PPO losses — policy: 0.0227, value: 1123.7102, entropy: 4.2242
2026-02-27 16:11:49,509 [INFO] PPO update completed. Buffer cleared.
2026-02-27 16:11:53,336 [INFO] Step 800: reward=0.040, dist=5.74
2026-02-27 16:12:00,303 [INFO] Episode 1649 COMPLETE | Reward -635.29 | Steps 1000 | Terminated False | Truncated True
2026-02-27 16:12:03,674 [INFO] Step 0: reward=-0.214, dist=2.95
2026-02-27 16:12:10,359 [INFO] Step 200: reward=-0.666, dist=5.22
2026-02-27 16:12:16,153 [INFO] Step 400: reward=0.181, dist=5.21
2026-02-27 16:12:22,240 [INFO] Step 600: reward=6.315, dist=2.94
2026-02-27 16:12:26,294 [INFO] Episode 1650 COMPLETE | Reward 1141.16 | Steps 715 | Terminated True | Truncated False
2026-02-27 16:12:26,321 [INFO] Checkpoint saved: checkpoints/ppo_ep_01650.pt
2026-02-27 16:12:30,530 [INFO] Step 0: reward=-0.205, dist=3.33
2026-02-27 16:12:35,703 [INFO] Step 200: reward=-1.905, dist=4.19
2026-02-27 16:12:42,160 [INFO] Step 400: reward=0.832, dist=2.88
2026-02-27 16:12:46,225 [INFO] Episode 1651 COMPLETE | Reward 715.24 | Steps 531 | Terminated True | Truncated False
2026-02-27 16:12:48,578 [INFO] Step 0: reward=-0.232, dist=2.47
2026-02-27 16:12:53,347 [INFO] Step 200: reward=-0.552, dist=3.71
2026-02-27 16:12:58,835 [INFO] Step 400: reward=0.090, dist=4.29
2026-02-27 16:12:59,496 [INFO] Performing PPO update at global step 1312768
2026-02-27 16:12:59,784 [INFO] PPO losses — policy: 0.0038, value: 1255.4751, entropy: 4.2242
2026-02-27 16:12:59,789 [INFO] PPO update completed. Buffer cleared.
2026-02-27 16:13:04,840 [INFO] Step 600: reward=-2.211, dist=3.29
2026-02-27 16:13:10,502 [INFO] Episode 1652 COMPLETE | Reward 162.52 | Steps 734 | Terminated True | Truncated False
2026-02-27 16:13:13,737 [INFO] Step 0: reward=-0.208, dist=3.08
2026-02-27 16:13:20,100 [INFO] Step 200: reward=-0.140, dist=4.55
2026-02-27 16:13:24,940 [INFO] Step 400: reward=0.092, dist=5.70
2026-02-27 16:13:30,466 [INFO] Step 600: reward=-0.888, dist=5.52
2026-02-27 16:13:35,868 [INFO] Step 800: reward=-2.400, dist=4.21
2026-02-27 16:13:40,704 [INFO] Episode 1653 COMPLETE | Reward -574.98 | Steps 1000 | Terminated False | Truncated True
2026-02-27 16:13:43,882 [INFO] Step 0: reward=-1.319, dist=2.30
2026-02-27 16:13:48,636 [INFO] Step 200: reward=-3.654, dist=2.20
2026-02-27 16:13:55,112 [INFO] Step 400: reward=-0.305, dist=2.00
2026-02-27 16:14:00,983 [INFO] Step 600: reward=-0.190, dist=1.51
2026-02-27 16:14:04,281 [INFO] Performing PPO update at global step 1314816
2026-02-27 16:14:04,577 [INFO] PPO losses — policy: 0.0889, value: 744.7303, entropy: 4.2242
2026-02-27 16:14:04,583 [INFO] PPO update completed. Buffer cleared.
2026-02-27 16:14:05,688 [INFO] Step 800: reward=-0.225, dist=1.46
2026-02-27 16:14:11,130 [INFO] Episode 1654 COMPLETE | Reward -687.44 | Steps 1000 | Terminated False | Truncated True
2026-02-27 16:14:15,683 [INFO] Step 0: reward=-0.256, dist=3.04
2026-02-27 16:14:22,436 [INFO] Step 200: reward=-0.239, dist=2.96
2026-02-27 16:14:29,207 [INFO] Step 400: reward=-0.212, dist=2.55
2026-02-27 16:14:35,989 [INFO] Step 600: reward=-0.485, dist=2.03
2026-02-27 16:14:39,875 [INFO] Step 800: reward=-0.290, dist=2.10
2026-02-27 16:14:44,362 [INFO] Episode 1655 COMPLETE | Reward -652.46 | Steps 1000 | Terminated False | Truncated True
2026-02-27 16:14:44,381 [INFO] Checkpoint saved: checkpoints/ppo_ep_01655.pt
2026-02-27 16:14:47,513 [INFO] Step 0: reward=-2.246, dist=3.45
2026-02-27 16:14:53,404 [INFO] Step 200: reward=0.540, dist=1.56
2026-02-27 16:14:55,549 [INFO] Episode 1656 COMPLETE | Reward 207.43 | Steps 251 | Terminated True | Truncated False
2026-02-27 16:14:58,558 [INFO] Step 0: reward=-0.209, dist=3.81
2026-02-27 16:15:03,270 [INFO] Step 200: reward=-0.005, dist=4.51
2026-02-27 16:15:09,300 [INFO] Step 400: reward=0.093, dist=6.68
2026-02-27 16:15:12,826 [INFO] Performing PPO update at global step 1316864
2026-02-27 16:15:13,110 [INFO] PPO losses — policy: 0.1416, value: 212.1854, entropy: 4.2242
2026-02-27 16:15:13,116 [INFO] PPO update completed. Buffer cleared.
2026-02-27 16:15:15,115 [INFO] Step 600: reward=0.060, dist=7.99
2026-02-27 16:15:20,256 [INFO] Step 800: reward=0.408, dist=7.13
2026-02-27 16:15:25,148 [INFO] Episode 1657 COMPLETE | Reward -387.39 | Steps 1000 | Terminated False | Truncated True
2026-02-27 16:15:27,451 [INFO] Step 0: reward=-9.198, dist=2.31
2026-02-27 16:15:32,987 [INFO] Step 200: reward=-2.198, dist=2.58
2026-02-27 16:15:39,619 [INFO] Step 400: reward=-0.342, dist=3.29
2026-02-27 16:15:46,261 [INFO] Step 600: reward=-0.005, dist=5.17
2026-02-27 16:15:51,822 [INFO] Step 800: reward=-1.018, dist=4.99
2026-02-27 16:15:56,401 [INFO] Episode 1658 COMPLETE | Reward -1375.89 | Steps 1000 | Terminated False | Truncated True
2026-02-27 16:16:00,354 [INFO] Step 0: reward=-0.305, dist=2.27
2026-02-27 16:16:05,913 [INFO] Step 200: reward=0.009, dist=1.73
2026-02-27 16:16:14,290 [INFO] Step 400: reward=-3.919, dist=1.41
2026-02-27 16:16:19,847 [INFO] Performing PPO update at global step 1318912
2026-02-27 16:16:20,134 [INFO] PPO losses — policy: -0.0017, value: 2622.3210, entropy: 4.2242
2026-02-27 16:16:20,139 [INFO] PPO update completed. Buffer cleared.
2026-02-27 16:16:20,295 [INFO] Step 600: reward=-0.205, dist=1.22
2026-02-27 16:16:21,189 [INFO] Episode 1659 COMPLETE | Reward -587.11 | Steps 633 | Terminated True | Truncated False
2026-02-27 16:16:24,225 [INFO] Step 0: reward=-0.205, dist=2.12
2026-02-27 16:16:31,097 [INFO] Step 200: reward=-0.290, dist=3.65
2026-02-27 16:16:38,773 [INFO] Step 400: reward=-0.103, dist=2.99
2026-02-27 16:16:46,916 [INFO] Step 600: reward=0.538, dist=1.50
2026-02-27 16:16:48,364 [INFO] Episode 1660 COMPLETE | Reward -128.61 | Steps 626 | Terminated True | Truncated False
2026-02-27 16:16:48,386 [INFO] Checkpoint saved: checkpoints/ppo_ep_01660.pt
2026-02-27 16:16:51,523 [INFO] Step 0: reward=-0.205, dist=2.92
2026-02-27 16:16:58,561 [INFO] Step 200: reward=-1.907, dist=4.69
2026-02-27 16:17:04,126 [INFO] Step 400: reward=-2.005, dist=5.66
2026-02-27 16:17:04,760 [INFO] Policy action (normalized): v = +0.992, w = +0.611 | Cmd_vel (scaled): v = +0.992 m/s, w = +0.611 rad/s
2026-02-27 16:17:10,804 [INFO] Step 600: reward=0.414, dist=4.78
2026-02-27 16:17:16,781 [INFO] Step 800: reward=-0.005, dist=4.69
2026-02-27 16:17:23,317 [INFO] Episode 1661 COMPLETE | Reward -802.39 | Steps 1000 | Terminated False | Truncated True
2026-02-27 16:17:25,602 [INFO] Step 0: reward=-0.212, dist=3.27
2026-02-27 16:17:30,232 [INFO] Step 200: reward=-2.011, dist=4.32
2026-02-27 16:17:35,195 [INFO] Performing PPO update at global step 1320960
2026-02-27 16:17:35,498 [INFO] PPO losses — policy: 0.0093, value: 1318.3797, entropy: 4.2242
2026-02-27 16:17:35,504 [INFO] PPO update completed. Buffer cleared.
2026-02-27 16:17:36,194 [INFO] Step 400: reward=0.095, dist=5.68
2026-02-27 16:17:40,633 [INFO] Step 600: reward=0.137, dist=5.99
2026-02-27 16:17:48,026 [INFO] Step 800: reward=-1.980, dist=4.60
2026-02-27 16:17:52,028 [INFO] Episode 1662 COMPLETE | Reward -767.99 | Steps 1000 | Terminated False | Truncated True
2026-02-27 16:17:54,712 [INFO] Step 0: reward=-0.216, dist=2.93
2026-02-27 16:18:01,658 [INFO] Step 200: reward=-1.255, dist=4.55
2026-02-27 16:18:06,488 [INFO] Step 400: reward=0.083, dist=5.12
2026-02-27 16:18:12,344 [INFO] Step 600: reward=-3.899, dist=4.29
2026-02-27 16:18:17,626 [INFO] Step 800: reward=-3.655, dist=3.04
2026-02-27 16:18:21,897 [INFO] Episode 1663 COMPLETE | Reward -824.73 | Steps 1000 | Terminated False | Truncated True
2026-02-27 16:18:33,381 [INFO] Step 0: reward=0.095, dist=4.24
2026-02-27 16:18:39,429 [INFO] Step 200: reward=-1.922, dist=4.52
2026-02-27 16:18:43,671 [INFO] Step 400: reward=0.095, dist=5.76
2026-02-27 16:18:43,958 [INFO] Performing PPO update at global step 1323008
2026-02-27 16:18:44,265 [INFO] PPO losses — policy: 0.0021, value: 495.6897, entropy: 4.2242
2026-02-27 16:18:44,271 [INFO] PPO update completed. Buffer cleared.
2026-02-27 16:18:48,535 [INFO] Step 600: reward=-0.026, dist=6.98
2026-02-27 16:18:52,718 [INFO] Step 800: reward=-0.018, dist=7.45
2026-02-27 16:18:59,101 [INFO] Episode 1664 COMPLETE | Reward -739.69 | Steps 1000 | Terminated False | Truncated True
2026-02-27 16:19:02,209 [INFO] Step 0: reward=-0.205, dist=3.03
2026-02-27 16:19:07,320 [INFO] Step 200: reward=0.095, dist=4.29
2026-02-27 16:19:13,918 [INFO] Step 400: reward=0.095, dist=4.73
2026-02-27 16:19:19,327 [INFO] Step 600: reward=-0.205, dist=3.86
2026-02-27 16:19:24,578 [INFO] Step 800: reward=-3.675, dist=2.91
2026-02-27 16:19:29,239 [INFO] Episode 1665 COMPLETE | Reward -1038.70 | Steps 1000 | Terminated False | Truncated True
2026-02-27 16:19:29,265 [INFO] Checkpoint saved: checkpoints/ppo_ep_01665.pt
2026-02-27 16:19:33,437 [INFO] Step 0: reward=-0.305, dist=3.73
2026-02-27 16:19:39,389 [INFO] Step 200: reward=-0.129, dist=2.94
2026-02-27 16:19:44,670 [INFO] Step 400: reward=-4.247, dist=2.01
2026-02-27 16:19:46,889 [INFO] Performing PPO update at global step 1325056
2026-02-27 16:19:47,330 [INFO] PPO losses — policy: 0.0009, value: 828.6238, entropy: 4.2242
2026-02-27 16:19:47,336 [INFO] PPO update completed. Buffer cleared.
2026-02-27 16:19:50,439 [INFO] Step 600: reward=-1.408, dist=1.40
2026-02-27 16:19:55,030 [INFO] Step 800: reward=-6.276, dist=1.17
2026-02-27 16:20:01,548 [INFO] Episode 1666 COMPLETE | Reward -1571.86 | Steps 1000 | Terminated False | Truncated True
2026-02-27 16:20:06,687 [INFO] Step 0: reward=-0.205, dist=3.90
2026-02-27 16:20:12,648 [INFO] Step 200: reward=-1.925, dist=5.47
2026-02-27 16:20:17,837 [INFO] Step 400: reward=-0.019, dist=6.60
2026-02-27 16:20:23,455 [INFO] Step 600: reward=0.487, dist=5.70
2026-02-27 16:20:28,496 [INFO] Step 800: reward=-1.557, dist=4.32
2026-02-27 16:20:33,372 [INFO] Episode 1667 COMPLETE | Reward -717.64 | Steps 1000 | Terminated False | Truncated True
2026-02-27 16:20:36,576 [INFO] Step 0: reward=-0.206, dist=2.02
2026-02-27 16:20:40,733 [INFO] Episode 1668 COMPLETE | Reward 174.64 | Steps 174 | Terminated True | Truncated False
2026-02-27 16:20:45,629 [INFO] Step 0: reward=5.993, dist=2.69
2026-02-27 16:20:52,519 [INFO] Step 200: reward=-0.187, dist=2.58
2026-02-27 16:20:55,434 [INFO] Performing PPO update at global step 1327104
2026-02-27 16:20:55,708 [INFO] PPO losses — policy: 0.0124, value: 2281.1257, entropy: 4.2242
2026-02-27 16:20:55,713 [INFO] PPO update completed. Buffer cleared.
2026-02-27 16:20:57,208 [INFO] Step 400: reward=-2.207, dist=3.49
2026-02-27 16:21:03,274 [INFO] Step 600: reward=-2.043, dist=5.45
2026-02-27 16:21:08,729 [INFO] Step 800: reward=-1.948, dist=6.26
2026-02-27 16:21:14,975 [INFO] Episode 1669 COMPLETE | Reward -840.52 | Steps 1000 | Terminated False | Truncated True
2026-02-27 16:21:17,117 [INFO] Step 0: reward=-0.247, dist=2.61
2026-02-27 16:21:23,193 [INFO] Step 200: reward=0.092, dist=4.25
2026-02-27 16:21:30,083 [INFO] Step 400: reward=0.018, dist=5.82
2026-02-27 16:21:36,031 [INFO] Step 600: reward=-1.566, dist=4.82
2026-02-27 16:21:41,714 [INFO] Step 800: reward=-0.043, dist=3.43
2026-02-27 16:21:48,888 [INFO] Episode 1670 COMPLETE | Reward -470.49 | Steps 1000 | Terminated False | Truncated True
2026-02-27 16:21:48,908 [INFO] Checkpoint saved: checkpoints/ppo_ep_01670.pt
2026-02-27 16:21:51,877 [INFO] Step 0: reward=-0.210, dist=3.72
2026-02-27 16:21:57,277 [INFO] Step 200: reward=-0.081, dist=2.42
2026-02-27 16:22:02,339 [INFO] Episode 1671 COMPLETE | Reward 14.18 | Steps 346 | Terminated True | Truncated False
2026-02-27 16:22:05,489 [INFO] Step 0: reward=-0.206, dist=2.07
2026-02-27 16:22:07,204 [INFO] Performing PPO update at global step 1329152
2026-02-27 16:22:07,483 [INFO] PPO losses — policy: 0.0041, value: 870.2956, entropy: 4.2242
2026-02-27 16:22:07,488 [INFO] PPO update completed. Buffer cleared.
2026-02-27 16:22:11,997 [INFO] Step 200: reward=-0.303, dist=3.57
2026-02-27 16:22:16,633 [INFO] Step 400: reward=-0.260, dist=3.87
2026-02-27 16:22:22,356 [INFO] Step 600: reward=-3.625, dist=3.71
2026-02-27 16:22:27,367 [INFO] Step 800: reward=-0.058, dist=3.19
2026-02-27 16:22:30,939 [INFO] Policy action (normalized): v = +1.000, w = -0.279 | Cmd_vel (scaled): v = +1.000 m/s, w = -0.279 rad/s
2026-02-27 16:22:34,425 [INFO] Episode 1672 COMPLETE | Reward -823.40 | Steps 1000 | Terminated False | Truncated True
2026-02-27 16:22:37,508 [INFO] Step 0: reward=-0.205, dist=2.04
2026-02-27 16:22:41,561 [INFO] Step 200: reward=-0.394, dist=3.22
2026-02-27 16:22:45,704 [INFO] Step 400: reward=0.010, dist=4.19
2026-02-27 16:22:52,318 [INFO] Step 600: reward=0.095, dist=4.45
2026-02-27 16:22:57,411 [INFO] Step 800: reward=-0.220, dist=3.28
2026-02-27 16:23:03,038 [INFO] Episode 1673 COMPLETE | Reward -753.23 | Steps 1000 | Terminated False | Truncated True
2026-02-27 16:23:05,648 [INFO] Step 0: reward=-0.305, dist=3.80
2026-02-27 16:23:08,504 [INFO] Performing PPO update at global step 1331200
2026-02-27 16:23:08,793 [INFO] PPO losses — policy: 0.0117, value: 264.9008, entropy: 4.2242
2026-02-27 16:23:08,800 [INFO] PPO update completed. Buffer cleared.
2026-02-27 16:23:11,914 [INFO] Step 200: reward=0.555, dist=2.63
2026-02-27 16:23:15,638 [INFO] Step 400: reward=-1.329, dist=1.88
2026-02-27 16:23:18,579 [INFO] Episode 1674 COMPLETE | Reward -368.13 | Steps 546 | Terminated True | Truncated False
2026-02-27 16:23:20,970 [INFO] Step 0: reward=-0.305, dist=2.66
2026-02-27 16:23:26,343 [INFO] Step 200: reward=-0.264, dist=4.45
2026-02-27 16:23:35,124 [INFO] Step 400: reward=-0.026, dist=6.01
2026-02-27 16:23:40,468 [INFO] Step 600: reward=-1.790, dist=5.62
2026-02-27 16:23:45,983 [INFO] Step 800: reward=-2.842, dist=3.81
2026-02-27 16:23:50,421 [INFO] Episode 1675 COMPLETE | Reward -537.19 | Steps 1000 | Terminated False | Truncated True
2026-02-27 16:23:50,448 [INFO] Checkpoint saved: checkpoints/ppo_ep_01675.pt
2026-02-27 16:23:53,773 [INFO] Step 0: reward=-0.305, dist=3.15
2026-02-27 16:23:58,804 [INFO] Step 200: reward=-0.305, dist=3.06
2026-02-27 16:24:03,704 [INFO] Step 400: reward=-0.208, dist=2.19
2026-02-27 16:24:08,419 [INFO] Performing PPO update at global step 1333248
2026-02-27 16:24:08,693 [INFO] PPO losses — policy: 0.0016, value: 795.8839, entropy: 4.2242
2026-02-27 16:24:08,697 [INFO] PPO update completed. Buffer cleared.
2026-02-27 16:24:08,826 [INFO] Step 600: reward=0.001, dist=1.04
2026-02-27 16:24:09,141 [INFO] Episode 1676 COMPLETE | Reward -223.86 | Steps 608 | Terminated True | Truncated False
2026-02-27 16:24:11,137 [INFO] Step 0: reward=-0.207, dist=3.65
2026-02-27 16:24:19,034 [INFO] Step 200: reward=-0.103, dist=6.33
2026-02-27 16:24:26,228 [INFO] Step 400: reward=0.212, dist=6.46
2026-02-27 16:24:33,354 [INFO] Step 600: reward=0.438, dist=4.40
2026-02-27 16:24:38,741 [INFO] Step 800: reward=-2.085, dist=2.93
2026-02-27 16:24:44,818 [INFO] Episode 1677 COMPLETE | Reward -391.69 | Steps 1000 | Terminated False | Truncated True
2026-02-27 16:24:56,141 [INFO] Step 0: reward=0.095, dist=4.24
2026-02-27 16:25:02,196 [INFO] Step 200: reward=-0.098, dist=4.57
2026-02-27 16:25:08,310 [INFO] Step 400: reward=-1.905, dist=6.29
2026-02-27 16:25:13,725 [INFO] Step 600: reward=-1.906, dist=6.66
2026-02-27 16:25:19,498 [INFO] Step 800: reward=-0.207, dist=3.37
2026-02-27 16:25:26,074 [INFO] Episode 1678 COMPLETE | Reward -506.04 | Steps 1000 | Terminated False | Truncated True
2026-02-27 16:25:29,375 [INFO] Step 0: reward=-0.208, dist=3.26
2026-02-27 16:25:30,352 [INFO] Performing PPO update at global step 1335296
2026-02-27 16:25:30,765 [INFO] PPO losses — policy: 0.0044, value: 631.2499, entropy: 4.2242
2026-02-27 16:25:30,777 [INFO] PPO update completed. Buffer cleared.
2026-02-27 16:25:34,094 [INFO] Step 200: reward=-1.496, dist=2.57
2026-02-27 16:25:39,133 [INFO] Episode 1679 COMPLETE | Reward -4.77 | Steps 354 | Terminated True | Truncated False
2026-02-27 16:25:42,422 [INFO] Step 0: reward=-0.206, dist=3.93
2026-02-27 16:25:47,386 [INFO] Step 200: reward=0.010, dist=4.94
2026-02-27 16:25:55,051 [INFO] Step 400: reward=-0.111, dist=4.66
2026-02-27 16:26:01,240 [INFO] Step 600: reward=-1.546, dist=2.94
2026-02-27 16:26:04,525 [INFO] Step 800: reward=0.483, dist=2.63
2026-02-27 16:26:08,543 [INFO] Episode 1680 COMPLETE | Reward -879.90 | Steps 1000 | Terminated False | Truncated True
2026-02-27 16:26:08,561 [INFO] Checkpoint saved: checkpoints/ppo_ep_01680.pt
2026-02-27 16:26:13,038 [INFO] Step 0: reward=-2.128, dist=2.76
2026-02-27 16:26:18,182 [INFO] Step 200: reward=-2.310, dist=2.76
2026-02-27 16:26:22,922 [INFO] Step 400: reward=-0.081, dist=4.42
2026-02-27 16:26:28,542 [INFO] Step 600: reward=0.095, dist=6.10
2026-02-27 16:26:32,297 [INFO] Performing PPO update at global step 1337344
2026-02-27 16:26:32,569 [INFO] PPO losses — policy: 0.0031, value: 1140.1591, entropy: 4.2242
2026-02-27 16:26:32,575 [INFO] PPO update completed. Buffer cleared.
2026-02-27 16:26:34,273 [INFO] Step 800: reward=0.078, dist=6.79
2026-02-27 16:26:40,581 [INFO] Episode 1681 COMPLETE | Reward -466.02 | Steps 1000 | Terminated False | Truncated True
2026-02-27 16:26:43,025 [INFO] Step 0: reward=-0.205, dist=2.38
2026-02-27 16:26:47,494 [INFO] Step 200: reward=-0.207, dist=3.21
2026-02-27 16:26:53,403 [INFO] Step 400: reward=-0.736, dist=5.04
2026-02-27 16:27:00,344 [INFO] Step 600: reward=0.074, dist=6.84
2026-02-27 16:27:06,582 [INFO] Step 800: reward=0.310, dist=6.01
2026-02-27 16:27:14,537 [INFO] Episode 1682 COMPLETE | Reward -384.81 | Steps 1000 | Terminated False | Truncated True
2026-02-27 16:27:17,656 [INFO] Step 0: reward=-0.610, dist=2.23
2026-02-27 16:27:22,216 [INFO] Step 200: reward=-2.220, dist=2.17
2026-02-27 16:27:27,483 [INFO] Step 400: reward=-1.986, dist=2.44
2026-02-27 16:27:33,827 [INFO] Step 600: reward=-0.291, dist=3.66
2026-02-27 16:27:38,090 [INFO] Performing PPO update at global step 1339392
2026-02-27 16:27:38,457 [INFO] PPO losses — policy: 0.0182, value: 188.8473, entropy: 4.2242
2026-02-27 16:27:38,464 [INFO] PPO update completed. Buffer cleared.
2026-02-27 16:27:39,096 [INFO] Step 800: reward=-1.667, dist=3.58
2026-02-27 16:27:43,959 [INFO] Episode 1683 COMPLETE | Reward -855.01 | Steps 1000 | Terminated False | Truncated True
2026-02-27 16:27:46,712 [INFO] Step 0: reward=-0.206, dist=2.58
2026-02-27 16:27:53,046 [INFO] Step 200: reward=-1.520, dist=2.29
2026-02-27 16:27:58,372 [INFO] Policy action (normalized): v = +0.960, w = +0.950 | Cmd_vel (scaled): v = +0.960 m/s, w = +0.950 rad/s
2026-02-27 16:27:58,891 [INFO] Step 400: reward=0.044, dist=1.04
2026-02-27 16:27:58,974 [INFO] Episode 1684 COMPLETE | Reward -15.06 | Steps 407 | Terminated True | Truncated False
2026-02-27 16:28:04,122 [INFO] Step 0: reward=-0.212, dist=2.42
2026-02-27 16:28:10,485 [INFO] Step 200: reward=-1.719, dist=1.92
2026-02-27 16:28:17,799 [INFO] Step 400: reward=-6.594, dist=2.35
2026-02-27 16:28:22,873 [INFO] Step 600: reward=-0.317, dist=2.25
2026-02-27 16:28:29,987 [INFO] Step 800: reward=-1.587, dist=4.37
2026-02-27 16:28:36,584 [INFO] Episode 1685 COMPLETE | Reward -1331.79 | Steps 1000 | Terminated False | Truncated True
2026-02-27 16:28:36,611 [INFO] Checkpoint saved: checkpoints/ppo_ep_01685.pt
2026-02-27 16:28:38,943 [INFO] Step 0: reward=-0.206, dist=2.64
2026-02-27 16:28:45,336 [INFO] Step 200: reward=-1.681, dist=4.97
2026-02-27 16:28:50,427 [INFO] Step 400: reward=-0.008, dist=6.10
2026-02-27 16:28:50,921 [INFO] Performing PPO update at global step 1341440
2026-02-27 16:28:51,182 [INFO] PPO losses — policy: 0.0130, value: 1505.8741, entropy: 4.2242
2026-02-27 16:28:51,187 [INFO] PPO update completed. Buffer cleared.
2026-02-27 16:28:56,687 [INFO] Step 600: reward=-1.905, dist=6.80
2026-02-27 16:29:01,692 [INFO] Step 800: reward=0.062, dist=5.89
2026-02-27 16:29:08,768 [INFO] Episode 1686 COMPLETE | Reward -494.28 | Steps 1000 | Terminated False | Truncated True
2026-02-27 16:29:11,067 [INFO] Step 0: reward=-0.305, dist=3.92
2026-02-27 16:29:18,760 [INFO] Step 200: reward=0.081, dist=4.61
2026-02-27 16:29:25,203 [INFO] Step 400: reward=0.085, dist=6.39
2026-02-27 16:29:31,398 [INFO] Step 600: reward=0.012, dist=7.24
2026-02-27 16:29:37,929 [INFO] Step 800: reward=-3.986, dist=6.55
2026-02-27 16:29:42,590 [INFO] Episode 1687 COMPLETE | Reward -419.15 | Steps 1000 | Terminated False | Truncated True
2026-02-27 16:29:44,764 [INFO] Step 0: reward=-0.305, dist=2.62
2026-02-27 16:29:49,439 [INFO] Step 200: reward=-1.862, dist=4.04
2026-02-27 16:29:56,038 [INFO] Step 400: reward=-1.905, dist=6.20
2026-02-27 16:29:57,714 [INFO] Performing PPO update at global step 1343488
2026-02-27 16:29:57,990 [INFO] PPO losses — policy: 0.0050, value: 120.9384, entropy: 4.2242
2026-02-27 16:29:57,995 [INFO] PPO update completed. Buffer cleared.
2026-02-27 16:30:01,311 [INFO] Step 600: reward=0.090, dist=6.53
2026-02-27 16:30:07,395 [INFO] Step 800: reward=4.150, dist=4.90
2026-02-27 16:30:12,824 [INFO] Episode 1688 COMPLETE | Reward -591.83 | Steps 1000 | Terminated False | Truncated True
2026-02-27 16:30:15,943 [INFO] Step 0: reward=-0.305, dist=2.35
2026-02-27 16:30:21,074 [INFO] Step 200: reward=-4.340, dist=2.71
2026-02-27 16:30:27,475 [INFO] Step 400: reward=-0.206, dist=2.16
2026-02-27 16:30:32,637 [INFO] Step 600: reward=-2.254, dist=2.21
2026-02-27 16:30:36,118 [INFO] Step 800: reward=-0.229, dist=3.34
2026-02-27 16:30:41,349 [INFO] Episode 1689 COMPLETE | Reward -1461.76 | Steps 1000 | Terminated False | Truncated True
2026-02-27 16:30:45,541 [INFO] Step 0: reward=-0.206, dist=2.15
2026-02-27 16:30:51,179 [INFO] Step 200: reward=-0.297, dist=4.24
2026-02-27 16:30:57,252 [INFO] Step 400: reward=-1.906, dist=5.56
2026-02-27 16:31:01,228 [INFO] Performing PPO update at global step 1345536
2026-02-27 16:31:01,504 [INFO] PPO losses — policy: 0.0426, value: 1127.4201, entropy: 4.2242
2026-02-27 16:31:01,510 [INFO] PPO update completed. Buffer cleared.
2026-02-27 16:31:03,976 [INFO] Step 600: reward=0.094, dist=4.71
2026-02-27 16:31:10,213 [INFO] Step 800: reward=-0.116, dist=3.39
2026-02-27 16:31:15,322 [INFO] Episode 1690 COMPLETE | Reward -518.21 | Steps 1000 | Terminated False | Truncated True
2026-02-27 16:31:15,340 [INFO] Checkpoint saved: checkpoints/ppo_ep_01690.pt
2026-02-27 16:31:18,493 [INFO] Step 0: reward=-0.205, dist=3.12
2026-02-27 16:31:25,321 [INFO] Step 200: reward=-2.205, dist=1.42
2026-02-27 16:31:31,673 [INFO] Step 400: reward=-2.246, dist=1.53
2026-02-27 16:31:36,247 [INFO] Step 600: reward=-0.310, dist=2.39
2026-02-27 16:31:40,586 [INFO] Step 800: reward=-0.305, dist=2.96
2026-02-27 16:31:44,735 [INFO] Episode 1691 COMPLETE | Reward -637.91 | Steps 1000 | Terminated False | Truncated True
2026-02-27 16:31:48,907 [INFO] Step 0: reward=-0.258, dist=3.73
2026-02-27 16:31:54,746 [INFO] Step 200: reward=0.532, dist=1.78
2026-02-27 16:31:57,925 [INFO] Episode 1692 COMPLETE | Reward 60.68 | Steps 326 | Terminated True | Truncated False
2026-02-27 16:32:00,445 [INFO] Step 0: reward=-0.222, dist=2.04
2026-02-27 16:32:07,723 [INFO] Step 200: reward=-0.555, dist=2.50
2026-02-27 16:32:09,140 [INFO] Performing PPO update at global step 1347584
2026-02-27 16:32:09,483 [INFO] PPO losses — policy: -0.0020, value: 809.3747, entropy: 4.2242
2026-02-27 16:32:09,488 [INFO] PPO update completed. Buffer cleared.
2026-02-27 16:32:13,351 [INFO] Step 400: reward=0.095, dist=4.35
2026-02-27 16:32:18,125 [INFO] Step 600: reward=-0.213, dist=5.44
2026-02-27 16:32:24,775 [INFO] Step 800: reward=0.303, dist=5.42
2026-02-27 16:32:29,939 [INFO] Episode 1693 COMPLETE | Reward -472.05 | Steps 1000 | Terminated False | Truncated True
2026-02-27 16:32:33,526 [INFO] Step 0: reward=-0.305, dist=3.93
2026-02-27 16:32:39,850 [INFO] Step 200: reward=0.095, dist=4.19
2026-02-27 16:32:45,777 [INFO] Step 400: reward=0.095, dist=6.16
2026-02-27 16:32:51,013 [INFO] Step 600: reward=-1.907, dist=7.38
2026-02-27 16:32:56,038 [INFO] Step 800: reward=0.032, dist=7.09
2026-02-27 16:33:01,093 [INFO] Episode 1694 COMPLETE | Reward -545.37 | Steps 1000 | Terminated False | Truncated True
2026-02-27 16:33:03,539 [INFO] Step 0: reward=-0.005, dist=9.07
2026-02-27 16:33:07,457 [INFO] Step 200: reward=0.165, dist=12.75
2026-02-27 16:33:09,151 [INFO] Performing PPO update at global step 1349632
2026-02-27 16:33:09,503 [INFO] PPO losses — policy: 0.0094, value: 112.3642, entropy: 4.2242
2026-02-27 16:33:09,510 [INFO] PPO update completed. Buffer cleared.
2026-02-27 16:33:13,066 [INFO] Step 400: reward=-2.006, dist=12.66
2026-02-27 16:33:19,098 [INFO] Step 600: reward=-2.005, dist=12.49
2026-02-27 16:33:20,096 [INFO] Policy action (normalized): v = +0.671, w = -0.972 | Cmd_vel (scaled): v = +0.671 m/s, w = -0.972 rad/s
2026-02-27 16:33:24,891 [INFO] Step 800: reward=-1.911, dist=12.35
2026-02-27 16:33:30,223 [INFO] Episode 1695 COMPLETE | Reward -1728.48 | Steps 1000 | Terminated False | Truncated True
2026-02-27 16:33:30,243 [INFO] Checkpoint saved: checkpoints/ppo_ep_01695.pt
2026-02-27 16:33:35,310 [INFO] Step 0: reward=-0.205, dist=2.65
2026-02-27 16:33:41,347 [INFO] Step 200: reward=-2.206, dist=3.10
2026-02-27 16:33:47,206 [INFO] Step 400: reward=-2.212, dist=3.31
2026-02-27 16:33:51,652 [INFO] Step 600: reward=-0.235, dist=3.15
2026-02-27 16:33:58,713 [INFO] Step 800: reward=-0.255, dist=2.99
2026-02-27 16:34:03,715 [INFO] Episode 1696 COMPLETE | Reward -708.22 | Steps 1000 | Terminated False | Truncated True
2026-02-27 16:34:06,839 [INFO] Step 0: reward=-0.205, dist=2.22
2026-02-27 16:34:11,947 [INFO] Step 200: reward=-2.205, dist=2.06
2026-02-27 16:34:16,385 [INFO] Performing PPO update at global step 1351680
2026-02-27 16:34:16,684 [INFO] PPO losses — policy: 0.0152, value: 313.9190, entropy: 4.2242
2026-02-27 16:34:16,689 [INFO] PPO update completed. Buffer cleared.
2026-02-27 16:34:18,579 [INFO] Step 400: reward=-0.260, dist=1.46
2026-02-27 16:34:24,863 [INFO] Step 600: reward=-2.245, dist=1.69
2026-02-27 16:34:30,454 [INFO] Step 800: reward=-0.215, dist=2.08
2026-02-27 16:34:37,949 [INFO] Episode 1697 COMPLETE | Reward -1321.59 | Steps 1000 | Terminated False | Truncated True
2026-02-27 16:34:42,686 [INFO] Step 0: reward=-0.262, dist=3.51
2026-02-27 16:34:48,081 [INFO] Step 200: reward=-0.098, dist=4.06
2026-02-27 16:34:54,756 [INFO] Step 400: reward=-0.005, dist=4.84
2026-02-27 16:35:02,661 [INFO] Step 600: reward=-1.943, dist=4.99
2026-02-27 16:35:09,061 [INFO] Step 800: reward=0.097, dist=4.02
2026-02-27 16:35:16,103 [INFO] Episode 1698 COMPLETE | Reward -940.79 | Steps 1000 | Terminated False | Truncated True
2026-02-27 16:35:18,786 [INFO] Step 0: reward=-0.205, dist=2.27
2026-02-27 16:35:26,709 [INFO] Step 200: reward=-0.205, dist=2.16
2026-02-27 16:35:31,558 [INFO] Performing PPO update at global step 1353728
2026-02-27 16:35:32,000 [INFO] PPO losses — policy: 0.0075, value: 201.6755, entropy: 4.2242
2026-02-27 16:35:32,007 [INFO] PPO update completed. Buffer cleared.
2026-02-27 16:35:32,934 [INFO] Step 400: reward=-0.420, dist=2.96
2026-02-27 16:35:38,696 [INFO] Step 600: reward=-2.206, dist=3.57
2026-02-27 16:35:43,605 [INFO] Step 800: reward=-0.223, dist=3.61
2026-02-27 16:35:49,472 [INFO] Episode 1699 COMPLETE | Reward -1070.83 | Steps 1000 | Terminated False | Truncated True
2026-02-27 16:35:52,555 [INFO] Step 0: reward=-0.206, dist=1.96
2026-02-27 16:35:57,650 [INFO] Step 200: reward=-0.215, dist=2.41
2026-02-27 16:36:01,756 [INFO] Step 400: reward=-0.199, dist=2.41
2026-02-27 16:36:08,484 [INFO] Step 600: reward=-2.305, dist=1.63
2026-02-27 16:36:13,517 [INFO] Episode 1700 COMPLETE | Reward -869.97 | Steps 800 | Terminated True | Truncated False
2026-02-27 16:36:13,536 [INFO] Checkpoint saved: checkpoints/ppo_ep_01700.pt
2026-02-27 16:36:18,506 [INFO] Step 0: reward=-0.210, dist=2.93
2026-02-27 16:36:24,137 [INFO] Step 200: reward=-2.399, dist=3.70
2026-02-27 16:36:29,927 [INFO] Step 400: reward=0.088, dist=4.05
2026-02-27 16:36:33,629 [INFO] Step 600: reward=-2.209, dist=3.92
2026-02-27 16:36:34,486 [INFO] Performing PPO update at global step 1355776
2026-02-27 16:36:34,782 [INFO] PPO losses — policy: 0.0004, value: 590.5358, entropy: 4.2242
2026-02-27 16:36:34,787 [INFO] PPO update completed. Buffer cleared.
2026-02-27 16:36:39,652 [INFO] Step 800: reward=-0.154, dist=3.19
2026-02-27 16:36:45,546 [INFO] Episode 1701 COMPLETE | Reward -1355.46 | Steps 1000 | Terminated False | Truncated True
2026-02-27 16:36:48,564 [INFO] Step 0: reward=-0.205, dist=3.33
2026-02-27 16:36:53,435 [INFO] Step 200: reward=-2.206, dist=3.51
2026-02-27 16:37:00,727 [INFO] Step 400: reward=-1.906, dist=4.61
2026-02-27 16:37:04,754 [INFO] Step 600: reward=-0.008, dist=4.88
2026-02-27 16:37:10,100 [INFO] Step 800: reward=0.060, dist=4.43
2026-02-27 16:37:14,947 [INFO] Episode 1702 COMPLETE | Reward -1028.28 | Steps 1000 | Terminated False | Truncated True
2026-02-27 16:37:18,118 [INFO] Step 0: reward=-1.269, dist=3.45
2026-02-27 16:37:25,455 [INFO] Step 200: reward=-2.212, dist=2.44
2026-02-27 16:37:33,109 [INFO] Step 400: reward=-2.205, dist=2.78
2026-02-27 16:37:40,466 [INFO] Step 600: reward=-1.918, dist=4.03
2026-02-27 16:37:42,840 [INFO] Performing PPO update at global step 1357824
2026-02-27 16:37:43,131 [INFO] PPO losses — policy: 0.0125, value: 193.7487, entropy: 4.2242
2026-02-27 16:37:43,137 [INFO] PPO update completed. Buffer cleared.
2026-02-27 16:37:46,328 [INFO] Step 800: reward=0.095, dist=4.01
2026-02-27 16:37:52,796 [INFO] Episode 1703 COMPLETE | Reward -988.96 | Steps 1000 | Terminated False | Truncated True
2026-02-27 16:37:55,813 [INFO] Step 0: reward=-0.256, dist=3.94
2026-02-27 16:38:01,002 [INFO] Step 200: reward=0.095, dist=4.24
2026-02-27 16:38:06,109 [INFO] Step 400: reward=-2.009, dist=4.95
2026-02-27 16:38:11,515 [INFO] Step 600: reward=-0.098, dist=5.47
2026-02-27 16:38:17,860 [INFO] Step 800: reward=0.236, dist=4.90
2026-02-27 16:38:23,172 [INFO] Episode 1704 COMPLETE | Reward -1010.67 | Steps 1000 | Terminated False | Truncated True
2026-02-27 16:38:27,532 [INFO] Step 0: reward=-0.205, dist=2.33
2026-02-27 16:38:33,876 [INFO] Step 200: reward=-0.219, dist=1.40
2026-02-27 16:38:39,138 [INFO] Step 400: reward=-0.283, dist=1.85
2026-02-27 16:38:45,688 [INFO] Step 600: reward=-0.305, dist=2.79
2026-02-27 16:38:48,245 [INFO] Performing PPO update at global step 1359872
2026-02-27 16:38:48,529 [INFO] PPO losses — policy: 0.0708, value: 164.4681, entropy: 4.2242
2026-02-27 16:38:48,533 [INFO] PPO update completed. Buffer cleared.
2026-02-27 16:38:50,805 [INFO] Step 800: reward=-2.172, dist=2.61
2026-02-27 16:38:52,352 [INFO] Policy action (normalized): v = +0.550, w = -1.000 | Cmd_vel (scaled): v = +0.550 m/s, w = -1.000 rad/s
2026-02-27 16:38:56,376 [INFO] Episode 1705 COMPLETE | Reward -1128.15 | Steps 1000 | Terminated False | Truncated True
2026-02-27 16:38:56,407 [INFO] Checkpoint saved: checkpoints/ppo_ep_01705.pt
2026-02-27 16:39:01,093 [INFO] Step 0: reward=-0.205, dist=3.87
2026-02-27 16:39:07,395 [INFO] Step 200: reward=-2.148, dist=3.12
2026-02-27 16:39:14,023 [INFO] Step 400: reward=-0.294, dist=2.25
2026-02-27 16:39:19,037 [INFO] Step 600: reward=-0.351, dist=2.46
2026-02-27 16:39:25,845 [INFO] Step 800: reward=-0.313, dist=3.42
2026-02-27 16:39:31,228 [INFO] Episode 1706 COMPLETE | Reward -1191.81 | Steps 1000 | Terminated False | Truncated True
2026-02-27 16:39:33,635 [INFO] Step 0: reward=-0.206, dist=2.42
2026-02-27 16:39:38,727 [INFO] Step 200: reward=-0.551, dist=3.09
2026-02-27 16:39:44,705 [INFO] Step 400: reward=-0.305, dist=3.75
2026-02-27 16:39:50,876 [INFO] Step 600: reward=-2.310, dist=3.96
2026-02-27 16:39:54,299 [INFO] Performing PPO update at global step 1361920
2026-02-27 16:39:54,721 [INFO] PPO losses — policy: 0.0154, value: 274.4439, entropy: 4.2242
2026-02-27 16:39:54,727 [INFO] PPO update completed. Buffer cleared.
2026-02-27 16:39:55,432 [INFO] Step 800: reward=-2.181, dist=3.44
2026-02-27 16:40:00,567 [INFO] Episode 1707 COMPLETE | Reward -1485.45 | Steps 1000 | Terminated False | Truncated True
2026-02-27 16:40:03,568 [INFO] Step 0: reward=-0.206, dist=3.14
2026-02-27 16:40:09,050 [INFO] Step 200: reward=-0.146, dist=2.98
2026-02-27 16:40:15,804 [INFO] Step 400: reward=-2.092, dist=2.04
2026-02-27 16:40:20,364 [INFO] Step 600: reward=-1.553, dist=1.48
2026-02-27 16:40:27,693 [INFO] Step 800: reward=-0.419, dist=2.21
2026-02-27 16:40:34,119 [INFO] Episode 1708 COMPLETE | Reward -1184.09 | Steps 1000 | Terminated False | Truncated True
2026-02-27 16:40:38,263 [INFO] Step 0: reward=-0.305, dist=2.49
2026-02-27 16:40:42,790 [INFO] Step 200: reward=-2.209, dist=1.76
2026-02-27 16:40:48,294 [INFO] Step 400: reward=-0.253, dist=1.64
