2026-03-03 15:02:54,430 [INFO] Starting RL Training
2026-03-03 15:02:54,430 [INFO] Using device: cuda
2026-03-03 15:02:54,443 [INFO] GPU name: NVIDIA GeForce RTX 4080
2026-03-03 15:02:54,443 [INFO] TensorBoard logging enabled (tensorboard/)
2026-03-03 15:02:55,390 [INFO] Resumed training from checkpoint: checkpoints/ppo_ep_02290.pt | episode = 2290, global_step = 1822726
2026-03-03 15:02:58,819 [INFO] Step 0: reward=-0.205, dist=3.58
2026-03-03 15:03:06,788 [INFO] Step 200: reward=0.023, dist=4.51
2026-03-03 15:03:12,746 [INFO] Step 400: reward=-2.163, dist=6.21
2026-03-03 15:03:21,427 [INFO] Step 600: reward=0.622, dist=5.62
2026-03-03 15:03:29,051 [INFO] Step 800: reward=4.513, dist=2.74
2026-03-03 15:03:35,584 [INFO] Episode 2290 COMPLETE | Reward 1446.46 | Steps 953 | Terminated True | Truncated False
2026-03-03 15:03:35,618 [INFO] Checkpoint saved: checkpoints/ppo_ep_02290.pt
2026-03-03 15:03:35,640 [INFO] New BEST model saved! Reward = 1446.46 (episode 2290)
2026-03-03 15:03:39,825 [INFO] Step 0: reward=5.990, dist=4.48
2026-03-03 15:03:45,585 [INFO] Step 200: reward=4.095, dist=2.03
2026-03-03 15:03:49,160 [INFO] Episode 2291 COMPLETE | Reward 1631.21 | Steps 311 | Terminated True | Truncated False
2026-03-03 15:03:49,192 [INFO] New BEST model saved! Reward = 1631.21 (episode 2291)
2026-03-03 15:03:52,227 [INFO] Step 0: reward=0.072, dist=4.25
2026-03-03 15:03:58,645 [INFO] Step 200: reward=0.074, dist=4.51
2026-03-03 15:04:06,264 [INFO] Step 400: reward=-8.297, dist=1.70
2026-03-03 15:04:08,777 [INFO] Episode 2292 COMPLETE | Reward 980.26 | Steps 505 | Terminated True | Truncated False
2026-03-03 15:04:12,543 [INFO] Step 0: reward=0.039, dist=5.79
2026-03-03 15:04:18,655 [INFO] Step 200: reward=0.059, dist=7.20
2026-03-03 15:04:20,886 [INFO] Performing PPO update at global step 1824768
2026-03-03 15:04:21,337 [INFO] PPO losses — policy: 0.0097, value: 1536.9164, entropy: 4.2242
2026-03-03 15:04:21,342 [INFO] PPO update completed. Buffer cleared.
2026-03-03 15:04:25,444 [INFO] Step 400: reward=6.343, dist=5.35
2026-03-03 15:04:34,877 [INFO] Step 600: reward=5.492, dist=1.53
2026-03-03 15:04:37,845 [INFO] Episode 2293 COMPLETE | Reward 1633.31 | Steps 667 | Terminated True | Truncated False
2026-03-03 15:04:37,879 [INFO] New BEST model saved! Reward = 1633.31 (episode 2293)
2026-03-03 15:04:42,360 [INFO] Step 0: reward=0.053, dist=4.34
2026-03-03 15:04:49,126 [INFO] Step 200: reward=0.838, dist=1.94
2026-03-03 15:04:52,166 [INFO] Episode 2294 COMPLETE | Reward 1194.75 | Steps 291 | Terminated True | Truncated False
2026-03-03 15:04:55,558 [INFO] Step 0: reward=0.095, dist=7.06
2026-03-03 15:05:03,028 [INFO] Step 200: reward=-0.005, dist=7.62
2026-03-03 15:05:09,259 [INFO] Step 400: reward=4.151, dist=5.84
2026-03-03 15:05:16,349 [INFO] Step 600: reward=6.039, dist=2.88
2026-03-03 15:05:22,938 [INFO] Step 800: reward=3.462, dist=1.30
2026-03-03 15:05:24,224 [INFO] Episode 2295 COMPLETE | Reward 1934.17 | Steps 840 | Terminated True | Truncated False
2026-03-03 15:05:24,258 [INFO] New BEST model saved! Reward = 1934.17 (episode 2295)
2026-03-03 15:05:27,589 [INFO] Step 0: reward=0.053, dist=5.56
2026-03-03 15:05:34,472 [INFO] Step 200: reward=0.070, dist=6.10
2026-03-03 15:05:41,211 [INFO] Step 400: reward=6.186, dist=4.16
2026-03-03 15:05:45,135 [INFO] Performing PPO update at global step 1826816
2026-03-03 15:05:45,438 [INFO] PPO losses — policy: 0.0755, value: 2650.1802, entropy: 4.2242
2026-03-03 15:05:45,443 [INFO] PPO update completed. Buffer cleared.
2026-03-03 15:05:48,569 [INFO] Step 600: reward=4.924, dist=1.51
2026-03-03 15:05:50,756 [INFO] Episode 2296 COMPLETE | Reward 1627.32 | Steps 637 | Terminated True | Truncated False
2026-03-03 15:06:02,287 [INFO] Step 0: reward=0.095, dist=4.24
2026-03-03 15:06:09,603 [INFO] Step 200: reward=-0.165, dist=2.34
2026-03-03 15:06:16,434 [INFO] Step 400: reward=-0.416, dist=3.95
2026-03-03 15:06:24,020 [INFO] Step 600: reward=-1.523, dist=4.81
2026-03-03 15:06:32,790 [INFO] Step 800: reward=2.817, dist=1.49
2026-03-03 15:06:38,973 [INFO] Episode 2297 COMPLETE | Reward 842.27 | Steps 936 | Terminated True | Truncated False
2026-03-03 15:06:42,250 [INFO] Step 0: reward=0.087, dist=4.28
2026-03-03 15:06:50,885 [INFO] Step 200: reward=4.125, dist=2.14
2026-03-03 15:06:54,331 [INFO] Episode 2298 COMPLETE | Reward 703.86 | Steps 319 | Terminated True | Truncated False
2026-03-03 15:06:58,600 [INFO] Step 0: reward=-0.213, dist=3.87
2026-03-03 15:07:07,016 [INFO] Step 200: reward=4.153, dist=1.79
2026-03-03 15:07:09,500 [INFO] Episode 2299 COMPLETE | Reward 619.82 | Steps 276 | Terminated True | Truncated False
2026-03-03 15:07:12,364 [INFO] Step 0: reward=0.082, dist=7.49
2026-03-03 15:07:19,888 [INFO] Step 200: reward=0.094, dist=9.35
2026-03-03 15:07:25,030 [INFO] Step 400: reward=-1.929, dist=10.25
2026-03-03 15:07:25,064 [INFO] Performing PPO update at global step 1828864
2026-03-03 15:07:25,354 [INFO] PPO losses — policy: 0.0196, value: 1268.8698, entropy: 4.2242
2026-03-03 15:07:25,361 [INFO] PPO update completed. Buffer cleared.
2026-03-03 15:07:33,286 [INFO] Step 600: reward=0.528, dist=8.97
2026-03-03 15:07:38,753 [INFO] Step 800: reward=0.157, dist=7.49
2026-03-03 15:07:44,284 [INFO] Episode 2300 COMPLETE | Reward -188.45 | Steps 1000 | Terminated False | Truncated True
2026-03-03 15:07:44,305 [INFO] Checkpoint saved: checkpoints/ppo_ep_02300.pt
2026-03-03 15:07:47,461 [INFO] Step 0: reward=0.088, dist=4.15
2026-03-03 15:07:55,583 [INFO] Step 200: reward=-0.138, dist=6.50
2026-03-03 15:08:03,577 [INFO] Step 400: reward=0.147, dist=5.74
2026-03-03 15:08:09,086 [INFO] Policy action (normalized): v = +0.819, w = -0.022 | Cmd_vel (scaled): v = +0.819 m/s, w = -0.022 rad/s
2026-03-03 15:08:11,960 [INFO] Step 600: reward=6.502, dist=2.47
2026-03-03 15:08:17,639 [INFO] Episode 2301 COMPLETE | Reward 1516.75 | Steps 740 | Terminated True | Truncated False
2026-03-03 15:08:20,870 [INFO] Step 0: reward=0.095, dist=7.79
2026-03-03 15:08:28,842 [INFO] Step 200: reward=-0.154, dist=8.97
2026-03-03 15:08:35,498 [INFO] Step 400: reward=-3.649, dist=10.29
2026-03-03 15:08:41,998 [INFO] Step 600: reward=0.727, dist=9.02
2026-03-03 15:08:45,100 [INFO] Performing PPO update at global step 1830912
2026-03-03 15:08:45,527 [INFO] PPO losses — policy: 0.0466, value: 823.6273, entropy: 4.2242
2026-03-03 15:08:45,537 [INFO] PPO update completed. Buffer cleared.
2026-03-03 15:08:47,506 [INFO] Step 800: reward=0.086, dist=8.43
2026-03-03 15:08:54,890 [INFO] Episode 2302 COMPLETE | Reward -304.00 | Steps 1000 | Terminated False | Truncated True
2026-03-03 15:08:57,970 [INFO] Step 0: reward=0.052, dist=7.39
2026-03-03 15:09:04,477 [INFO] Step 200: reward=-0.076, dist=8.66
2026-03-03 15:09:10,127 [INFO] Step 400: reward=0.095, dist=8.15
2026-03-03 15:09:17,192 [INFO] Step 600: reward=5.723, dist=5.85
2026-03-03 15:09:25,331 [INFO] Step 800: reward=6.168, dist=2.51
2026-03-03 15:09:29,840 [INFO] Episode 2303 COMPLETE | Reward 1754.13 | Steps 910 | Terminated True | Truncated False
2026-03-03 15:09:32,891 [INFO] Step 0: reward=0.095, dist=5.23
2026-03-03 15:09:40,242 [INFO] Step 200: reward=-1.884, dist=5.68
2026-03-03 15:09:49,666 [INFO] Step 400: reward=5.344, dist=3.15
2026-03-03 15:09:56,677 [INFO] Episode 2304 COMPLETE | Reward 1427.10 | Steps 595 | Terminated True | Truncated False
2026-03-03 15:10:00,694 [INFO] Step 0: reward=-0.246, dist=3.92
2026-03-03 15:10:07,764 [INFO] Step 200: reward=4.519, dist=1.55
2026-03-03 15:10:10,028 [INFO] Performing PPO update at global step 1832960
2026-03-03 15:10:10,342 [INFO] PPO losses — policy: 0.0159, value: 1894.1689, entropy: 4.2242
2026-03-03 15:10:10,346 [INFO] PPO update completed. Buffer cleared.
2026-03-03 15:10:10,681 [INFO] Episode 2305 COMPLETE | Reward 727.24 | Steps 263 | Terminated True | Truncated False
2026-03-03 15:10:15,700 [INFO] Step 0: reward=0.095, dist=5.69
2026-03-03 15:10:23,860 [INFO] Step 200: reward=0.081, dist=6.52
2026-03-03 15:10:29,972 [INFO] Step 400: reward=0.095, dist=7.56
2026-03-03 15:10:35,859 [INFO] Step 600: reward=6.291, dist=6.37
2026-03-03 15:10:44,312 [INFO] Step 800: reward=6.183, dist=3.11
2026-03-03 15:10:52,116 [INFO] Episode 2306 COMPLETE | Reward 1115.06 | Steps 1000 | Terminated False | Truncated True
2026-03-03 15:10:54,327 [INFO] Step 0: reward=-0.005, dist=6.59
2026-03-03 15:11:02,564 [INFO] Step 200: reward=0.157, dist=7.78
2026-03-03 15:11:11,046 [INFO] Step 400: reward=5.717, dist=5.76
2026-03-03 15:11:18,380 [INFO] Step 600: reward=-7.359, dist=3.21
2026-03-03 15:11:25,243 [INFO] Episode 2307 COMPLETE | Reward 2017.95 | Steps 773 | Terminated True | Truncated False
2026-03-03 15:11:25,267 [INFO] New BEST model saved! Reward = 2017.95 (episode 2307)
2026-03-03 15:11:27,479 [INFO] Step 0: reward=0.094, dist=7.98
2026-03-03 15:11:37,740 [INFO] Step 200: reward=5.708, dist=4.96
2026-03-03 15:11:39,758 [INFO] Performing PPO update at global step 1835008
2026-03-03 15:11:40,159 [INFO] PPO losses — policy: 0.0129, value: 2598.6926, entropy: 4.2242
2026-03-03 15:11:40,166 [INFO] PPO update completed. Buffer cleared.
2026-03-03 15:11:44,029 [INFO] Step 400: reward=5.829, dist=2.68
2026-03-03 15:11:50,033 [INFO] Step 600: reward=-7.922, dist=1.45
2026-03-03 15:11:52,809 [INFO] Episode 2308 COMPLETE | Reward 2352.56 | Steps 672 | Terminated True | Truncated False
2026-03-03 15:11:52,850 [INFO] New BEST model saved! Reward = 2352.56 (episode 2308)
2026-03-03 15:11:57,192 [INFO] Step 0: reward=-0.214, dist=3.11
2026-03-03 15:12:03,991 [INFO] Step 200: reward=-0.205, dist=3.03
2026-03-03 15:12:10,647 [INFO] Episode 2309 COMPLETE | Reward 368.85 | Steps 347 | Terminated True | Truncated False
2026-03-03 15:12:15,466 [INFO] Step 0: reward=0.095, dist=6.21
2026-03-03 15:12:23,373 [INFO] Step 200: reward=0.083, dist=6.27
2026-03-03 15:12:30,098 [INFO] Step 400: reward=5.833, dist=4.04
2026-03-03 15:12:36,236 [INFO] Step 600: reward=4.144, dist=1.65
2026-03-03 15:12:42,941 [INFO] Step 800: reward=-1.462, dist=1.41
2026-03-03 15:12:44,083 [INFO] Episode 2310 COMPLETE | Reward 1513.44 | Steps 863 | Terminated True | Truncated False
2026-03-03 15:12:44,106 [INFO] Checkpoint saved: checkpoints/ppo_ep_02310.pt
2026-03-03 15:12:46,485 [INFO] Step 0: reward=5.994, dist=6.72
2026-03-03 15:12:54,074 [INFO] Step 200: reward=4.331, dist=3.99
2026-03-03 15:13:02,293 [INFO] Step 400: reward=0.575, dist=1.63
2026-03-03 15:13:04,722 [INFO] Performing PPO update at global step 1837056
2026-03-03 15:13:05,003 [INFO] PPO losses — policy: 0.1173, value: 2060.3938, entropy: 4.2242
2026-03-03 15:13:05,009 [INFO] PPO update completed. Buffer cleared.
2026-03-03 15:13:06,855 [INFO] Episode 2311 COMPLETE | Reward 2025.51 | Steps 472 | Terminated True | Truncated False
2026-03-03 15:13:09,448 [INFO] Step 0: reward=-0.213, dist=2.61
2026-03-03 15:13:16,119 [INFO] Episode 2312 COMPLETE | Reward 686.22 | Steps 137 | Terminated True | Truncated False
2026-03-03 15:13:18,452 [INFO] Step 0: reward=5.866, dist=7.39
2026-03-03 15:13:26,518 [INFO] Step 200: reward=6.194, dist=4.63
2026-03-03 15:13:34,739 [INFO] Step 400: reward=6.507, dist=1.77
2026-03-03 15:13:40,893 [INFO] Episode 2313 COMPLETE | Reward 2058.10 | Steps 553 | Terminated True | Truncated False
2026-03-03 15:13:44,233 [INFO] Step 0: reward=-0.250, dist=2.92
2026-03-03 15:13:52,431 [INFO] Step 200: reward=0.428, dist=1.54
2026-03-03 15:13:53,965 [INFO] Episode 2314 COMPLETE | Reward 134.43 | Steps 235 | Terminated True | Truncated False
2026-03-03 15:13:57,754 [INFO] Step 0: reward=5.991, dist=5.55
2026-03-03 15:14:06,467 [INFO] Step 200: reward=6.173, dist=2.15
2026-03-03 15:14:10,524 [INFO] Episode 2315 COMPLETE | Reward 1803.42 | Steps 330 | Terminated True | Truncated False
2026-03-03 15:14:23,144 [INFO] Step 0: reward=0.094, dist=4.24
2026-03-03 15:14:30,570 [INFO] Step 200: reward=-2.021, dist=2.47
2026-03-03 15:14:39,908 [INFO] Step 400: reward=0.040, dist=4.10
2026-03-03 15:14:48,079 [INFO] Step 600: reward=0.064, dist=6.29
2026-03-03 15:14:52,739 [INFO] Performing PPO update at global step 1839104
2026-03-03 15:14:53,030 [INFO] PPO losses — policy: 0.0436, value: 1887.0644, entropy: 4.2242
2026-03-03 15:14:53,037 [INFO] PPO update completed. Buffer cleared.
2026-03-03 15:14:55,862 [INFO] Step 800: reward=0.306, dist=5.61
2026-03-03 15:15:02,991 [INFO] Episode 2316 COMPLETE | Reward 152.19 | Steps 1000 | Terminated False | Truncated True
2026-03-03 15:15:06,060 [INFO] Step 0: reward=-0.206, dist=2.10
2026-03-03 15:15:13,819 [INFO] Step 200: reward=-0.341, dist=4.29
2026-03-03 15:15:22,049 [INFO] Step 400: reward=0.083, dist=4.07
2026-03-03 15:15:28,940 [INFO] Step 600: reward=0.605, dist=1.46
2026-03-03 15:15:30,468 [INFO] Episode 2317 COMPLETE | Reward 966.87 | Steps 628 | Terminated True | Truncated False
2026-03-03 15:15:34,666 [INFO] Step 0: reward=5.995, dist=4.37
2026-03-03 15:15:35,194 [INFO] Policy action (normalized): v = +0.998, w = +0.987 | Cmd_vel (scaled): v = +0.998 m/s, w = +0.987 rad/s
2026-03-03 15:15:42,257 [INFO] Step 200: reward=6.081, dist=1.53
2026-03-03 15:15:44,265 [INFO] Episode 2318 COMPLETE | Reward 1301.70 | Steps 268 | Terminated True | Truncated False
2026-03-03 15:15:48,451 [INFO] Step 0: reward=0.092, dist=6.68
2026-03-03 15:15:57,257 [INFO] Step 200: reward=-0.005, dist=7.21
2026-03-03 15:16:06,244 [INFO] Step 400: reward=6.465, dist=4.07
2026-03-03 15:16:12,726 [INFO] Step 600: reward=0.933, dist=1.56
2026-03-03 15:16:17,483 [INFO] Episode 2319 COMPLETE | Reward 1803.50 | Steps 721 | Terminated True | Truncated False
2026-03-03 15:16:21,553 [INFO] Step 0: reward=-0.211, dist=3.62
2026-03-03 15:16:29,087 [INFO] Performing PPO update at global step 1841152
2026-03-03 15:16:29,537 [INFO] PPO losses — policy: 0.0153, value: 2048.0829, entropy: 4.2242
2026-03-03 15:16:29,543 [INFO] PPO update completed. Buffer cleared.
2026-03-03 15:16:30,008 [INFO] Step 200: reward=0.095, dist=5.53
2026-03-03 15:16:38,761 [INFO] Step 400: reward=0.639, dist=5.08
2026-03-03 15:16:48,479 [INFO] Step 600: reward=0.570, dist=1.63
2026-03-03 15:16:50,517 [INFO] Episode 2320 COMPLETE | Reward 1002.19 | Steps 661 | Terminated True | Truncated False
2026-03-03 15:16:50,538 [INFO] Checkpoint saved: checkpoints/ppo_ep_02320.pt
2026-03-03 15:16:53,810 [INFO] Step 0: reward=0.084, dist=4.10
2026-03-03 15:17:02,700 [INFO] Step 200: reward=0.156, dist=4.32
2026-03-03 15:17:12,239 [INFO] Step 400: reward=6.176, dist=1.08
2026-03-03 15:17:12,601 [INFO] Episode 2321 COMPLETE | Reward 883.48 | Steps 420 | Terminated True | Truncated False
2026-03-03 15:17:24,684 [INFO] Step 0: reward=-0.005, dist=4.22
2026-03-03 15:17:31,888 [INFO] Step 200: reward=-0.045, dist=2.17
2026-03-03 15:17:38,904 [INFO] Step 400: reward=-0.207, dist=1.96
2026-03-03 15:17:44,264 [INFO] Step 600: reward=-1.363, dist=3.40
2026-03-03 15:17:51,164 [INFO] Episode 2322 COMPLETE | Reward -241.81 | Steps 769 | Terminated True | Truncated False
2026-03-03 15:17:54,176 [INFO] Step 0: reward=0.093, dist=6.72
2026-03-03 15:18:03,044 [INFO] Step 200: reward=0.180, dist=7.57
2026-03-03 15:18:09,934 [INFO] Performing PPO update at global step 1843200
2026-03-03 15:18:10,219 [INFO] PPO losses — policy: 0.0385, value: 1772.7702, entropy: 4.2242
2026-03-03 15:18:10,225 [INFO] PPO update completed. Buffer cleared.
2026-03-03 15:18:10,927 [INFO] Step 400: reward=5.905, dist=5.07
2026-03-03 15:18:19,368 [INFO] Step 600: reward=6.487, dist=1.97
2026-03-03 15:18:21,860 [INFO] Episode 2323 COMPLETE | Reward 2098.08 | Steps 653 | Terminated True | Truncated False
2026-03-03 15:18:25,186 [INFO] Step 0: reward=0.095, dist=7.26
2026-03-03 15:18:33,257 [INFO] Step 200: reward=1.001, dist=5.16
2026-03-03 15:18:37,746 [INFO] Step 400: reward=6.037, dist=3.44
2026-03-03 15:18:44,417 [INFO] Episode 2324 COMPLETE | Reward 2619.19 | Steps 596 | Terminated True | Truncated False
2026-03-03 15:18:44,454 [INFO] New BEST model saved! Reward = 2619.19 (episode 2324)
2026-03-03 15:18:47,873 [INFO] Step 0: reward=0.092, dist=6.43
2026-03-03 15:18:55,436 [INFO] Step 200: reward=6.293, dist=3.78
2026-03-03 15:19:03,402 [INFO] Episode 2325 COMPLETE | Reward 1901.91 | Steps 373 | Terminated True | Truncated False
2026-03-03 15:19:06,563 [INFO] Step 0: reward=5.914, dist=2.43
2026-03-03 15:19:16,348 [INFO] Step 200: reward=6.187, dist=1.22
2026-03-03 15:19:17,073 [INFO] Episode 2326 COMPLETE | Reward 414.17 | Steps 221 | Terminated True | Truncated False
2026-03-03 15:19:21,410 [INFO] Step 0: reward=-0.909, dist=3.10
2026-03-03 15:19:28,632 [INFO] Step 200: reward=0.019, dist=4.34
2026-03-03 15:19:35,979 [INFO] Step 400: reward=6.133, dist=2.47
2026-03-03 15:19:39,848 [INFO] Episode 2327 COMPLETE | Reward 899.32 | Steps 501 | Terminated True | Truncated False
2026-03-03 15:19:42,656 [INFO] Step 0: reward=0.069, dist=6.94
2026-03-03 15:19:45,959 [INFO] Performing PPO update at global step 1845248
2026-03-03 15:19:46,260 [INFO] PPO losses — policy: 0.0215, value: 2275.1048, entropy: 4.2242
2026-03-03 15:19:46,265 [INFO] PPO update completed. Buffer cleared.
2026-03-03 15:19:50,062 [INFO] Step 200: reward=0.134, dist=7.85
2026-03-03 15:19:56,874 [INFO] Step 400: reward=-1.908, dist=7.82
2026-03-03 15:20:04,042 [INFO] Step 600: reward=0.095, dist=8.97
2026-03-03 15:20:13,305 [INFO] Step 800: reward=0.078, dist=9.61
2026-03-03 15:20:20,433 [INFO] Episode 2328 COMPLETE | Reward -1232.33 | Steps 1000 | Terminated False | Truncated True
2026-03-03 15:20:24,608 [INFO] Step 0: reward=0.094, dist=5.55
2026-03-03 15:20:31,454 [INFO] Step 200: reward=0.091, dist=6.31
2026-03-03 15:20:37,844 [INFO] Step 400: reward=-1.844, dist=6.94
2026-03-03 15:20:47,390 [INFO] Step 600: reward=-1.905, dist=7.84
2026-03-03 15:20:53,044 [INFO] Step 800: reward=-1.755, dist=7.94
2026-03-03 15:21:00,323 [INFO] Episode 2329 COMPLETE | Reward -1191.90 | Steps 1000 | Terminated False | Truncated True
2026-03-03 15:21:04,599 [INFO] Step 0: reward=-5.806, dist=7.70
2026-03-03 15:21:11,335 [INFO] Performing PPO update at global step 1847296
2026-03-03 15:21:11,762 [INFO] PPO losses — policy: 0.2714, value: 452.1651, entropy: 4.2242
2026-03-03 15:21:11,769 [INFO] PPO update completed. Buffer cleared.
2026-03-03 15:21:15,007 [INFO] Step 200: reward=-1.905, dist=7.76
2026-03-03 15:21:22,204 [INFO] Step 400: reward=-1.957, dist=6.03
2026-03-03 15:21:30,701 [INFO] Step 600: reward=-1.905, dist=7.67
2026-03-03 15:21:38,945 [INFO] Step 800: reward=-3.804, dist=6.51
2026-03-03 15:21:47,785 [INFO] Episode 2330 COMPLETE | Reward -2070.13 | Steps 1000 | Terminated False | Truncated True
2026-03-03 15:21:47,805 [INFO] Checkpoint saved: checkpoints/ppo_ep_02330.pt
2026-03-03 15:21:52,140 [INFO] Step 0: reward=-1.905, dist=7.23
2026-03-03 15:21:58,583 [INFO] Step 200: reward=-1.762, dist=8.67
2026-03-03 15:22:04,011 [INFO] Step 400: reward=-1.895, dist=7.06
2026-03-03 15:22:10,376 [INFO] Step 600: reward=-1.905, dist=8.90
2026-03-03 15:22:17,045 [INFO] Step 800: reward=-1.724, dist=7.13
2026-03-03 15:22:27,128 [INFO] Episode 2331 COMPLETE | Reward -2706.03 | Steps 1000 | Terminated False | Truncated True
2026-03-03 15:22:30,307 [INFO] Step 0: reward=-2.192, dist=3.02
2026-03-03 15:22:36,846 [INFO] Performing PPO update at global step 1849344
2026-03-03 15:22:37,142 [INFO] PPO losses — policy: 0.2593, value: 3915.0611, entropy: 4.2242
2026-03-03 15:22:37,149 [INFO] PPO update completed. Buffer cleared.
2026-03-03 15:22:37,946 [INFO] Step 200: reward=6.138, dist=2.87
2026-03-03 15:22:46,212 [INFO] Step 400: reward=0.427, dist=2.55
2026-03-03 15:22:54,397 [INFO] Step 600: reward=-4.303, dist=2.57
2026-03-03 15:23:04,565 [INFO] Step 800: reward=-2.278, dist=2.46
2026-03-03 15:23:05,687 [INFO] Policy action (normalized): v = -0.998, w = +1.000 | Cmd_vel (scaled): v = -0.998 m/s, w = +1.000 rad/s
2026-03-03 15:23:12,497 [INFO] Episode 2332 COMPLETE | Reward -1599.74 | Steps 1000 | Terminated False | Truncated True
2026-03-03 15:23:16,776 [INFO] Step 0: reward=-1.886, dist=6.54
2026-03-03 15:23:23,590 [INFO] Step 200: reward=-1.812, dist=5.25
2026-03-03 15:23:31,867 [INFO] Step 400: reward=0.476, dist=5.59
2026-03-03 15:23:40,527 [INFO] Step 600: reward=-1.905, dist=5.43
2026-03-03 15:23:45,578 [INFO] Step 800: reward=0.228, dist=5.53
