2026-02-25 10:22:52,762 [INFO] Starting RL Training
2026-02-25 10:22:52,763 [INFO] Using device: cuda
2026-02-25 10:22:52,776 [INFO] GPU name: NVIDIA GeForce RTX 4080
2026-02-25 10:22:52,776 [INFO] TensorBoard logging enabled (tensorboard/)
2026-02-25 10:22:53,422 [INFO] Resumed training from checkpoint: checkpoints/ppo_ep_01305.pt | episode = 1305, global_step = 1069756
2026-02-25 10:22:58,234 [INFO] Step 0: reward=-0.259, dist=2.19
2026-02-25 10:23:02,668 [INFO] Step 200: reward=-2.205, dist=3.37
2026-02-25 10:23:03,888 [INFO] Policy action (normalized): v = +0.682, w = -0.142 | Cmd_vel (scaled): v = +0.682 m/s, w = -0.142 rad/s
2026-02-25 10:23:08,401 [INFO] Step 400: reward=0.087, dist=4.49
2026-02-25 10:23:13,721 [INFO] Step 600: reward=-1.958, dist=4.09
2026-02-25 10:23:18,388 [INFO] Step 800: reward=6.160, dist=2.36
2026-02-25 10:23:21,583 [INFO] Episode 1305 COMPLETE | Reward 645.59 | Steps 929 | Terminated True | Truncated False
2026-02-25 10:23:21,623 [INFO] Checkpoint saved: checkpoints/ppo_ep_01305.pt
2026-02-25 10:23:21,651 [INFO] New BEST model saved! Reward = 645.59 (episode 1305)
2026-02-25 10:23:25,661 [INFO] Step 0: reward=-0.232, dist=2.65
2026-02-25 10:23:29,687 [INFO] Step 200: reward=-0.407, dist=3.57
2026-02-25 10:23:36,168 [INFO] Step 400: reward=-1.959, dist=4.85
2026-02-25 10:23:36,719 [INFO] Performing PPO update at global step 1071104
2026-02-25 10:23:37,085 [INFO] PPO losses — policy: 0.0301, value: 917.0610, entropy: 4.2242
2026-02-25 10:23:37,087 [INFO] PPO update completed. Buffer cleared.
2026-02-25 10:23:42,037 [INFO] Step 600: reward=0.053, dist=4.90
2026-02-25 10:23:46,684 [INFO] Step 800: reward=4.181, dist=3.65
2026-02-25 10:23:52,359 [INFO] Episode 1306 COMPLETE | Reward 891.62 | Steps 1000 | Terminated False | Truncated True
2026-02-25 10:23:54,762 [INFO] Step 0: reward=-0.244, dist=3.40
2026-02-25 10:24:00,775 [INFO] Step 200: reward=6.233, dist=1.08
2026-02-25 10:24:00,957 [INFO] Episode 1307 COMPLETE | Reward 811.71 | Steps 206 | Terminated True | Truncated False
2026-02-25 10:24:00,978 [INFO] New BEST model saved! Reward = 811.71 (episode 1307)
2026-02-25 10:24:03,956 [INFO] Step 0: reward=-0.208, dist=2.90
2026-02-25 10:24:10,695 [INFO] Step 200: reward=-0.367, dist=4.28
2026-02-25 10:24:18,222 [INFO] Step 400: reward=0.089, dist=6.38
2026-02-25 10:24:22,952 [INFO] Step 600: reward=0.095, dist=6.34
2026-02-25 10:24:28,302 [INFO] Step 800: reward=-7.921, dist=4.89
2026-02-25 10:24:34,430 [INFO] Episode 1308 COMPLETE | Reward 93.56 | Steps 1000 | Terminated False | Truncated True
2026-02-25 10:24:37,026 [INFO] Step 0: reward=-0.208, dist=2.79
2026-02-25 10:24:43,161 [INFO] Step 200: reward=-2.122, dist=2.55
2026-02-25 10:24:45,198 [INFO] Performing PPO update at global step 1073152
2026-02-25 10:24:45,465 [INFO] PPO losses — policy: 0.0066, value: 1832.8718, entropy: 4.2242
2026-02-25 10:24:45,469 [INFO] PPO update completed. Buffer cleared.
2026-02-25 10:24:49,196 [INFO] Step 400: reward=-2.208, dist=1.72
2026-02-25 10:24:53,934 [INFO] Episode 1309 COMPLETE | Reward -265.76 | Steps 577 | Terminated True | Truncated False
2026-02-25 10:24:57,030 [INFO] Step 0: reward=-0.206, dist=3.47
2026-02-25 10:25:00,939 [INFO] Step 200: reward=-1.905, dist=4.16
2026-02-25 10:25:06,357 [INFO] Step 400: reward=-0.309, dist=5.79
2026-02-25 10:25:13,290 [INFO] Step 600: reward=0.004, dist=7.62
2026-02-25 10:25:17,715 [INFO] Step 800: reward=-0.005, dist=7.74
2026-02-25 10:25:23,106 [INFO] Episode 1310 COMPLETE | Reward -702.26 | Steps 1000 | Terminated False | Truncated True
2026-02-25 10:25:23,129 [INFO] Checkpoint saved: checkpoints/ppo_ep_01310.pt
2026-02-25 10:25:27,904 [INFO] Step 0: reward=-0.209, dist=3.82
2026-02-25 10:25:33,565 [INFO] Step 200: reward=-1.702, dist=5.38
2026-02-25 10:25:39,450 [INFO] Step 400: reward=-0.118, dist=6.74
2026-02-25 10:25:47,116 [INFO] Step 600: reward=0.095, dist=6.70
2026-02-25 10:25:54,253 [INFO] Performing PPO update at global step 1075200
2026-02-25 10:25:54,557 [INFO] PPO losses — policy: 0.0056, value: 418.0734, entropy: 4.2242
2026-02-25 10:25:54,564 [INFO] PPO update completed. Buffer cleared.
2026-02-25 10:25:58,509 [INFO] Step 800: reward=6.225, dist=4.12
2026-02-25 10:26:06,854 [INFO] Episode 1311 COMPLETE | Reward 848.41 | Steps 1000 | Terminated False | Truncated True
2026-02-25 10:26:09,978 [INFO] Step 0: reward=-0.232, dist=2.87
2026-02-25 10:26:15,564 [INFO] Step 200: reward=-2.259, dist=2.92
2026-02-25 10:26:21,361 [INFO] Step 400: reward=-0.198, dist=3.01
2026-02-25 10:26:28,123 [INFO] Step 600: reward=-0.226, dist=2.74
2026-02-25 10:26:33,820 [INFO] Step 800: reward=-2.215, dist=2.03
2026-02-25 10:26:40,010 [INFO] Episode 1312 COMPLETE | Reward -771.41 | Steps 1000 | Terminated False | Truncated True
2026-02-25 10:26:43,109 [INFO] Step 0: reward=-0.205, dist=2.28
2026-02-25 10:26:49,582 [INFO] Step 200: reward=-0.432, dist=3.92
2026-02-25 10:26:56,157 [INFO] Step 400: reward=0.038, dist=5.35
2026-02-25 10:27:01,931 [INFO] Step 600: reward=0.068, dist=5.37
2026-02-25 10:27:07,833 [INFO] Performing PPO update at global step 1077248
2026-02-25 10:27:08,118 [INFO] PPO losses — policy: 0.0790, value: 760.6777, entropy: 4.2242
2026-02-25 10:27:08,123 [INFO] PPO update completed. Buffer cleared.
2026-02-25 10:27:08,634 [INFO] Step 800: reward=6.145, dist=3.52
2026-02-25 10:27:14,958 [INFO] Episode 1313 COMPLETE | Reward 585.86 | Steps 1000 | Terminated False | Truncated True
2026-02-25 10:27:19,053 [INFO] Step 0: reward=-0.216, dist=3.84
2026-02-25 10:27:26,040 [INFO] Step 200: reward=-0.245, dist=4.11
2026-02-25 10:27:31,766 [INFO] Step 400: reward=-1.557, dist=5.58
2026-02-25 10:27:37,250 [INFO] Step 600: reward=0.095, dist=6.81
2026-02-25 10:27:43,167 [INFO] Step 800: reward=-1.927, dist=7.87
2026-02-25 10:27:49,518 [INFO] Episode 1314 COMPLETE | Reward -811.29 | Steps 1000 | Terminated False | Truncated True
2026-02-25 10:27:52,522 [INFO] Step 0: reward=-0.205, dist=2.17
2026-02-25 10:27:56,268 [INFO] Step 200: reward=-0.006, dist=1.56
2026-02-25 10:27:58,256 [INFO] Episode 1315 COMPLETE | Reward -74.94 | Steps 244 | Terminated True | Truncated False
2026-02-25 10:27:58,277 [INFO] Checkpoint saved: checkpoints/ppo_ep_01315.pt
2026-02-25 10:28:01,437 [INFO] Step 0: reward=-0.249, dist=2.64
2026-02-25 10:28:08,256 [INFO] Step 200: reward=-0.546, dist=3.15
2026-02-25 10:28:13,482 [INFO] Step 400: reward=0.069, dist=4.42
2026-02-25 10:28:18,037 [INFO] Performing PPO update at global step 1079296
2026-02-25 10:28:18,373 [INFO] PPO losses — policy: 0.0053, value: 1106.5311, entropy: 4.2242
2026-02-25 10:28:18,379 [INFO] PPO update completed. Buffer cleared.
2026-02-25 10:28:19,001 [INFO] Step 600: reward=-0.240, dist=5.96
2026-02-25 10:28:24,216 [INFO] Step 800: reward=-2.918, dist=7.31
2026-02-25 10:28:30,845 [INFO] Episode 1316 COMPLETE | Reward -863.47 | Steps 1000 | Terminated False | Truncated True
2026-02-25 10:28:33,922 [INFO] Step 0: reward=-0.305, dist=3.67
2026-02-25 10:28:40,012 [INFO] Step 200: reward=0.025, dist=4.65
2026-02-25 10:28:42,107 [INFO] Policy action (normalized): v = -0.903, w = +0.990 | Cmd_vel (scaled): v = -0.903 m/s, w = +0.990 rad/s
2026-02-25 10:28:46,142 [INFO] Step 400: reward=0.058, dist=5.36
2026-02-25 10:28:53,094 [INFO] Step 600: reward=0.102, dist=5.57
2026-02-25 10:28:58,510 [INFO] Step 800: reward=0.090, dist=5.18
2026-02-25 10:29:05,044 [INFO] Episode 1317 COMPLETE | Reward -642.20 | Steps 1000 | Terminated False | Truncated True
2026-02-25 10:29:10,066 [INFO] Step 0: reward=-0.935, dist=2.17
2026-02-25 10:29:16,392 [INFO] Step 200: reward=-2.205, dist=1.15
2026-02-25 10:29:18,289 [INFO] Episode 1318 COMPLETE | Reward 10.26 | Steps 256 | Terminated True | Truncated False
2026-02-25 10:29:22,431 [INFO] Step 0: reward=-0.206, dist=2.60
2026-02-25 10:29:28,588 [INFO] Step 200: reward=-0.210, dist=3.75
2026-02-25 10:29:33,665 [INFO] Performing PPO update at global step 1081344
2026-02-25 10:29:33,943 [INFO] PPO losses — policy: 0.0060, value: 462.8019, entropy: 4.2242
2026-02-25 10:29:33,948 [INFO] PPO update completed. Buffer cleared.
2026-02-25 10:29:34,359 [INFO] Step 400: reward=-1.953, dist=4.15
2026-02-25 10:29:41,216 [INFO] Step 600: reward=0.054, dist=5.17
2026-02-25 10:29:44,753 [INFO] Step 800: reward=-2.124, dist=5.62
2026-02-25 10:29:50,772 [INFO] Episode 1319 COMPLETE | Reward -915.99 | Steps 1000 | Terminated False | Truncated True
2026-02-25 10:29:54,810 [INFO] Step 0: reward=-0.305, dist=3.54
2026-02-25 10:30:01,133 [INFO] Step 200: reward=-0.234, dist=2.79
2026-02-25 10:30:05,980 [INFO] Step 400: reward=-2.186, dist=2.62
2026-02-25 10:30:11,362 [INFO] Step 600: reward=-0.398, dist=3.02
2026-02-25 10:30:18,062 [INFO] Step 800: reward=-0.005, dist=4.88
2026-02-25 10:30:22,578 [INFO] Episode 1320 COMPLETE | Reward -1114.55 | Steps 1000 | Terminated False | Truncated True
2026-02-25 10:30:22,596 [INFO] Checkpoint saved: checkpoints/ppo_ep_01320.pt
2026-02-25 10:30:27,580 [INFO] Step 0: reward=-1.122, dist=2.72
2026-02-25 10:30:32,940 [INFO] Step 200: reward=-2.005, dist=4.16
2026-02-25 10:30:35,949 [INFO] Step 400: reward=-1.908, dist=5.14
2026-02-25 10:30:36,573 [INFO] Performing PPO update at global step 1083392
2026-02-25 10:30:36,854 [INFO] PPO losses — policy: -0.0019, value: 188.7437, entropy: 4.2242
2026-02-25 10:30:36,859 [INFO] PPO update completed. Buffer cleared.
2026-02-25 10:30:42,353 [INFO] Step 600: reward=0.074, dist=6.62
2026-02-25 10:30:49,679 [INFO] Step 800: reward=0.095, dist=8.53
2026-02-25 10:30:53,935 [INFO] Episode 1321 COMPLETE | Reward -1059.86 | Steps 1000 | Terminated False | Truncated True
2026-02-25 10:30:57,133 [INFO] Step 0: reward=-1.711, dist=2.77
2026-02-25 10:31:02,877 [INFO] Step 200: reward=-2.206, dist=3.91
2026-02-25 10:31:09,459 [INFO] Step 400: reward=-0.332, dist=5.97
2026-02-25 10:31:16,212 [INFO] Step 600: reward=-1.907, dist=7.86
2026-02-25 10:31:22,799 [INFO] Step 800: reward=0.039, dist=9.51
2026-02-25 10:31:28,131 [INFO] Episode 1322 COMPLETE | Reward -716.95 | Steps 1000 | Terminated False | Truncated True
2026-02-25 10:31:32,241 [INFO] Step 0: reward=-0.222, dist=4.00
2026-02-25 10:31:38,202 [INFO] Step 200: reward=-2.225, dist=3.27
2026-02-25 10:31:45,295 [INFO] Step 400: reward=-0.300, dist=3.73
2026-02-25 10:31:47,580 [INFO] Performing PPO update at global step 1085440
2026-02-25 10:31:47,870 [INFO] PPO losses — policy: -0.0010, value: 139.5873, entropy: 4.2242
2026-02-25 10:31:47,877 [INFO] PPO update completed. Buffer cleared.
2026-02-25 10:31:52,148 [INFO] Step 600: reward=0.065, dist=5.28
2026-02-25 10:32:01,049 [INFO] Step 800: reward=0.093, dist=7.60
2026-02-25 10:32:04,831 [INFO] Episode 1323 COMPLETE | Reward -782.34 | Steps 1000 | Terminated False | Truncated True
2026-02-25 10:32:09,737 [INFO] Step 0: reward=-0.207, dist=3.17
2026-02-25 10:32:14,034 [INFO] Step 200: reward=-2.269, dist=3.41
2026-02-25 10:32:19,661 [INFO] Step 400: reward=-0.046, dist=4.32
2026-02-25 10:32:24,671 [INFO] Step 600: reward=-2.016, dist=5.17
2026-02-25 10:32:30,831 [INFO] Step 800: reward=-1.960, dist=5.93
2026-02-25 10:32:36,611 [INFO] Episode 1324 COMPLETE | Reward -804.49 | Steps 1000 | Terminated False | Truncated True
2026-02-25 10:32:40,634 [INFO] Step 0: reward=-0.305, dist=3.62
2026-02-25 10:32:47,500 [INFO] Step 200: reward=-0.206, dist=4.34
2026-02-25 10:32:53,985 [INFO] Step 400: reward=0.094, dist=5.47
2026-02-25 10:32:56,866 [INFO] Performing PPO update at global step 1087488
2026-02-25 10:32:57,138 [INFO] PPO losses — policy: 0.0014, value: 119.1213, entropy: 4.2242
2026-02-25 10:32:57,143 [INFO] PPO update completed. Buffer cleared.
2026-02-25 10:33:00,035 [INFO] Step 600: reward=0.017, dist=6.96
2026-02-25 10:33:06,928 [INFO] Step 800: reward=0.095, dist=8.57
2026-02-25 10:33:11,763 [INFO] Episode 1325 COMPLETE | Reward -793.80 | Steps 1000 | Terminated False | Truncated True
2026-02-25 10:33:11,780 [INFO] Checkpoint saved: checkpoints/ppo_ep_01325.pt
2026-02-25 10:33:15,629 [INFO] Step 0: reward=-0.205, dist=3.98
2026-02-25 10:33:20,439 [INFO] Step 200: reward=-1.935, dist=5.18
2026-02-25 10:33:25,232 [INFO] Step 400: reward=-1.923, dist=6.48
2026-02-25 10:33:33,221 [INFO] Step 600: reward=-0.146, dist=9.25
2026-02-25 10:33:38,225 [INFO] Step 800: reward=0.076, dist=10.74
2026-02-25 10:33:45,233 [INFO] Episode 1326 COMPLETE | Reward -689.33 | Steps 1000 | Terminated False | Truncated True
2026-02-25 10:33:49,561 [INFO] Step 0: reward=-0.305, dist=2.14
2026-02-25 10:33:55,794 [INFO] Step 200: reward=-0.249, dist=3.47
2026-02-25 10:34:01,279 [INFO] Step 400: reward=-0.005, dist=4.45
2026-02-25 10:34:08,184 [INFO] Performing PPO update at global step 1089536
2026-02-25 10:34:08,473 [INFO] PPO losses — policy: 0.0691, value: 103.9106, entropy: 4.2242
2026-02-25 10:34:08,477 [INFO] PPO update completed. Buffer cleared.
2026-02-25 10:34:08,797 [INFO] Step 600: reward=-1.969, dist=5.95
2026-02-25 10:34:14,620 [INFO] Step 800: reward=0.020, dist=6.73
2026-02-25 10:34:18,156 [INFO] Episode 1327 COMPLETE | Reward -826.24 | Steps 1000 | Terminated False | Truncated True
2026-02-25 10:34:22,387 [INFO] Step 0: reward=-0.211, dist=3.25
2026-02-25 10:34:22,604 [INFO] Policy action (normalized): v = +0.963, w = -0.304 | Cmd_vel (scaled): v = +0.963 m/s, w = -0.304 rad/s
2026-02-25 10:34:25,808 [INFO] Step 200: reward=-4.156, dist=2.89
2026-02-25 10:34:32,824 [INFO] Step 400: reward=-0.213, dist=2.81
2026-02-25 10:34:39,998 [INFO] Step 600: reward=0.094, dist=4.07
2026-02-25 10:34:44,702 [INFO] Step 800: reward=-1.922, dist=5.13
2026-02-25 10:34:48,957 [INFO] Episode 1328 COMPLETE | Reward -1044.58 | Steps 1000 | Terminated False | Truncated True
2026-02-25 10:34:53,294 [INFO] Step 0: reward=5.308, dist=3.47
2026-02-25 10:34:58,229 [INFO] Step 200: reward=6.287, dist=1.40
2026-02-25 10:34:59,560 [INFO] Episode 1329 COMPLETE | Reward 1401.85 | Steps 231 | Terminated True | Truncated False
2026-02-25 10:34:59,600 [INFO] New BEST model saved! Reward = 1401.85 (episode 1329)
2026-02-25 10:35:03,834 [INFO] Step 0: reward=5.993, dist=2.89
2026-02-25 10:35:08,258 [INFO] Step 200: reward=4.169, dist=1.14
2026-02-25 10:35:08,670 [INFO] Episode 1330 COMPLETE | Reward 1099.24 | Steps 231 | Terminated True | Truncated False
2026-02-25 10:35:08,696 [INFO] Checkpoint saved: checkpoints/ppo_ep_01330.pt
2026-02-25 10:35:12,930 [INFO] Step 0: reward=-0.206, dist=2.79
2026-02-25 10:35:18,388 [INFO] Performing PPO update at global step 1091584
2026-02-25 10:35:18,669 [INFO] PPO losses — policy: 0.0098, value: 552.1652, entropy: 4.2242
2026-02-25 10:35:18,677 [INFO] PPO update completed. Buffer cleared.
2026-02-25 10:35:19,772 [INFO] Step 200: reward=-0.205, dist=1.86
2026-02-25 10:35:24,535 [INFO] Step 400: reward=-0.230, dist=2.28
2026-02-25 10:35:30,915 [INFO] Step 600: reward=-2.214, dist=3.20
2026-02-25 10:35:36,192 [INFO] Step 800: reward=0.095, dist=4.24
2026-02-25 10:35:40,821 [INFO] Episode 1331 COMPLETE | Reward -1011.78 | Steps 1000 | Terminated False | Truncated True
2026-02-25 10:35:44,996 [INFO] Step 0: reward=-0.254, dist=3.33
2026-02-25 10:35:49,014 [INFO] Step 200: reward=-2.088, dist=4.05
2026-02-25 10:35:56,380 [INFO] Step 400: reward=-0.035, dist=5.55
2026-02-25 10:36:02,601 [INFO] Step 600: reward=0.087, dist=6.83
2026-02-25 10:36:08,598 [INFO] Step 800: reward=-0.135, dist=7.86
2026-02-25 10:36:15,319 [INFO] Episode 1332 COMPLETE | Reward -754.47 | Steps 1000 | Terminated False | Truncated True
2026-02-25 10:36:19,399 [INFO] Step 0: reward=-0.210, dist=2.92
2026-02-25 10:36:26,486 [INFO] Step 200: reward=-0.213, dist=4.29
2026-02-25 10:36:26,512 [INFO] Performing PPO update at global step 1093632
2026-02-25 10:36:26,854 [INFO] PPO losses — policy: 0.0029, value: 150.8420, entropy: 4.2242
2026-02-25 10:36:26,860 [INFO] PPO update completed. Buffer cleared.
2026-02-25 10:36:34,309 [INFO] Step 400: reward=-0.005, dist=6.07
2026-02-25 10:36:38,917 [INFO] Step 600: reward=-1.506, dist=7.20
2026-02-25 10:36:44,544 [INFO] Step 800: reward=-0.095, dist=8.65
2026-02-25 10:36:50,365 [INFO] Episode 1333 COMPLETE | Reward -815.31 | Steps 1000 | Terminated False | Truncated True
2026-02-25 10:36:54,488 [INFO] Step 0: reward=-0.236, dist=3.73
2026-02-25 10:37:02,394 [INFO] Step 200: reward=-0.251, dist=2.73
2026-02-25 10:37:09,853 [INFO] Step 400: reward=-0.327, dist=3.90
2026-02-25 10:37:14,366 [INFO] Step 600: reward=0.095, dist=5.13
2026-02-25 10:37:19,135 [INFO] Step 800: reward=-2.098, dist=6.22
2026-02-25 10:37:24,445 [INFO] Episode 1334 COMPLETE | Reward -799.53 | Steps 1000 | Terminated False | Truncated True
2026-02-25 10:37:27,679 [INFO] Step 0: reward=-9.147, dist=3.93
2026-02-25 10:37:34,988 [INFO] Step 200: reward=-9.049, dist=3.60
2026-02-25 10:37:35,855 [INFO] Performing PPO update at global step 1095680
2026-02-25 10:37:36,162 [INFO] PPO losses — policy: 0.0260, value: 855.6476, entropy: 4.2242
2026-02-25 10:37:36,170 [INFO] PPO update completed. Buffer cleared.
2026-02-25 10:37:40,572 [INFO] Step 400: reward=5.624, dist=1.68
2026-02-25 10:37:42,158 [INFO] Episode 1335 COMPLETE | Reward 551.87 | Steps 446 | Terminated True | Truncated False
2026-02-25 10:37:42,182 [INFO] Checkpoint saved: checkpoints/ppo_ep_01335.pt
2026-02-25 10:37:46,204 [INFO] Step 0: reward=-0.212, dist=3.41
2026-02-25 10:37:50,668 [INFO] Step 200: reward=-0.097, dist=4.33
2026-02-25 10:37:56,408 [INFO] Step 400: reward=-2.005, dist=5.77
2026-02-25 10:38:01,208 [INFO] Step 600: reward=-2.005, dist=6.97
2026-02-25 10:38:06,194 [INFO] Step 800: reward=-0.138, dist=8.48
2026-02-25 10:38:13,819 [INFO] Episode 1336 COMPLETE | Reward -921.55 | Steps 1000 | Terminated False | Truncated True
2026-02-25 10:38:17,850 [INFO] Step 0: reward=-0.206, dist=3.78
2026-02-25 10:38:22,716 [INFO] Step 200: reward=-1.905, dist=4.09
2026-02-25 10:38:27,738 [INFO] Step 400: reward=0.027, dist=4.74
2026-02-25 10:38:32,993 [INFO] Step 600: reward=-1.915, dist=5.27
2026-02-25 10:38:38,699 [INFO] Step 800: reward=0.089, dist=6.17
2026-02-25 10:38:39,518 [INFO] Performing PPO update at global step 1097728
2026-02-25 10:38:39,809 [INFO] PPO losses — policy: -0.0147, value: 379.7851, entropy: 4.2242
2026-02-25 10:38:39,816 [INFO] PPO update completed. Buffer cleared.
2026-02-25 10:38:42,696 [INFO] Episode 1337 COMPLETE | Reward -904.71 | Steps 1000 | Terminated False | Truncated True
2026-02-25 10:38:45,880 [INFO] Step 0: reward=-0.205, dist=2.94
2026-02-25 10:38:50,643 [INFO] Step 200: reward=-2.210, dist=3.86
2026-02-25 10:38:54,010 [INFO] Step 400: reward=-1.948, dist=4.77
2026-02-25 10:38:59,561 [INFO] Step 600: reward=-0.041, dist=6.34
2026-02-25 10:39:05,084 [INFO] Step 800: reward=-1.895, dist=7.92
2026-02-25 10:39:10,014 [INFO] Episode 1338 COMPLETE | Reward -918.95 | Steps 1000 | Terminated False | Truncated True
2026-02-25 10:39:12,483 [INFO] Step 0: reward=-0.235, dist=3.33
2026-02-25 10:39:18,132 [INFO] Step 200: reward=0.095, dist=4.59
2026-02-25 10:39:23,854 [INFO] Step 400: reward=-0.387, dist=6.18
2026-02-25 10:39:28,352 [INFO] Step 600: reward=-0.323, dist=7.45
2026-02-25 10:39:33,224 [INFO] Step 800: reward=0.073, dist=8.86
2026-02-25 10:39:35,964 [INFO] Performing PPO update at global step 1099776
2026-02-25 10:39:36,263 [INFO] PPO losses — policy: 0.0072, value: 122.5453, entropy: 4.2242
2026-02-25 10:39:36,269 [INFO] PPO update completed. Buffer cleared.
2026-02-25 10:39:38,271 [INFO] Episode 1339 COMPLETE | Reward -857.74 | Steps 1000 | Terminated False | Truncated True
2026-02-25 10:39:41,307 [INFO] Step 0: reward=-0.207, dist=2.01
2026-02-25 10:39:45,073 [INFO] Policy action (normalized): v = +0.987, w = +0.997 | Cmd_vel (scaled): v = +0.987 m/s, w = +0.997 rad/s
2026-02-25 10:39:47,073 [INFO] Step 200: reward=-0.301, dist=1.79
2026-02-25 10:39:52,250 [INFO] Step 400: reward=-0.207, dist=2.94
2026-02-25 10:39:57,318 [INFO] Step 600: reward=-1.915, dist=4.41
2026-02-25 10:40:02,911 [INFO] Step 800: reward=-2.318, dist=5.97
2026-02-25 10:40:08,409 [INFO] Episode 1340 COMPLETE | Reward -780.93 | Steps 1000 | Terminated False | Truncated True
2026-02-25 10:40:08,432 [INFO] Checkpoint saved: checkpoints/ppo_ep_01340.pt
2026-02-25 10:40:11,512 [INFO] Step 0: reward=-0.230, dist=2.83
2026-02-25 10:40:16,619 [INFO] Step 200: reward=-0.207, dist=3.98
2026-02-25 10:40:21,557 [INFO] Step 400: reward=-1.907, dist=4.91
2026-02-25 10:40:27,199 [INFO] Step 600: reward=-1.970, dist=5.79
2026-02-25 10:40:32,026 [INFO] Step 800: reward=-0.402, dist=6.93
2026-02-25 10:40:36,414 [INFO] Performing PPO update at global step 1101824
2026-02-25 10:40:36,712 [INFO] PPO losses — policy: 0.0114, value: 99.0736, entropy: 4.2242
2026-02-25 10:40:36,717 [INFO] PPO update completed. Buffer cleared.
2026-02-25 10:40:38,220 [INFO] Episode 1341 COMPLETE | Reward -737.31 | Steps 1000 | Terminated False | Truncated True
2026-02-25 10:40:42,349 [INFO] Step 0: reward=-0.218, dist=3.87
2026-02-25 10:40:46,754 [INFO] Step 200: reward=-1.912, dist=4.95
2026-02-25 10:40:53,062 [INFO] Step 400: reward=0.088, dist=6.93
2026-02-25 10:40:58,586 [INFO] Step 600: reward=-1.930, dist=8.42
2026-02-25 10:41:02,931 [INFO] Step 800: reward=-1.925, dist=9.52
2026-02-25 10:41:07,533 [INFO] Episode 1342 COMPLETE | Reward -779.57 | Steps 1000 | Terminated False | Truncated True
2026-02-25 10:41:18,431 [INFO] Step 0: reward=-0.005, dist=4.24
2026-02-25 10:41:25,369 [INFO] Step 200: reward=-2.001, dist=2.52
2026-02-25 10:41:31,982 [INFO] Episode 1343 COMPLETE | Reward 104.26 | Steps 359 | Terminated True | Truncated False
2026-02-25 10:41:42,627 [INFO] Step 0: reward=-0.209, dist=3.19
2026-02-25 10:41:48,351 [INFO] Step 200: reward=-0.249, dist=2.50
2026-02-25 10:41:54,124 [INFO] Step 400: reward=-0.126, dist=1.08
2026-02-25 10:41:54,542 [INFO] Episode 1344 COMPLETE | Reward -160.20 | Steps 412 | Terminated True | Truncated False
2026-02-25 10:42:18,700 [INFO] Step 0: reward=-0.232, dist=2.92
2026-02-25 10:42:23,759 [INFO] Step 200: reward=-2.230, dist=2.87
2026-02-25 10:42:24,260 [INFO] Performing PPO update at global step 1103872
2026-02-25 10:42:24,539 [INFO] PPO losses — policy: 0.0034, value: 756.7463, entropy: 4.2242
2026-02-25 10:42:24,543 [INFO] PPO update completed. Buffer cleared.
2026-02-25 10:42:29,228 [INFO] Step 400: reward=-1.478, dist=1.11
2026-02-25 10:42:29,635 [INFO] Episode 1345 COMPLETE | Reward 180.05 | Steps 408 | Terminated True | Truncated False
2026-02-25 10:42:29,656 [INFO] Checkpoint saved: checkpoints/ppo_ep_01345.pt
2026-02-25 10:42:32,666 [INFO] Step 0: reward=-1.317, dist=3.35
2026-02-25 10:42:38,321 [INFO] Step 200: reward=-0.039, dist=4.44
2026-02-25 10:42:43,736 [INFO] Step 400: reward=-1.909, dist=4.85
2026-02-25 10:42:49,081 [INFO] Step 600: reward=0.087, dist=4.72
2026-02-25 10:42:53,935 [INFO] Step 800: reward=0.543, dist=3.89
2026-02-25 10:42:59,864 [INFO] Episode 1346 COMPLETE | Reward -100.77 | Steps 1000 | Terminated False | Truncated True
2026-02-25 10:43:03,878 [INFO] Step 0: reward=-0.254, dist=3.85
2026-02-25 10:43:08,981 [INFO] Step 200: reward=-0.348, dist=3.42
2026-02-25 10:43:14,240 [INFO] Step 400: reward=0.166, dist=4.16
2026-02-25 10:43:19,494 [INFO] Step 600: reward=-2.116, dist=5.46
2026-02-25 10:43:26,474 [INFO] Step 800: reward=-0.276, dist=7.25
2026-02-25 10:43:28,867 [INFO] Performing PPO update at global step 1105920
2026-02-25 10:43:29,162 [INFO] PPO losses — policy: 0.0589, value: 962.6517, entropy: 4.2242
2026-02-25 10:43:29,166 [INFO] PPO update completed. Buffer cleared.
2026-02-25 10:43:32,988 [INFO] Episode 1347 COMPLETE | Reward -862.30 | Steps 1000 | Terminated False | Truncated True
2026-02-25 10:43:36,986 [INFO] Step 0: reward=-0.206, dist=3.74
2026-02-25 10:43:40,841 [INFO] Step 200: reward=-2.305, dist=3.94
2026-02-25 10:43:45,937 [INFO] Step 400: reward=-2.084, dist=4.90
2026-02-25 10:43:52,145 [INFO] Step 600: reward=-0.782, dist=6.74
2026-02-25 10:43:58,289 [INFO] Step 800: reward=-1.905, dist=7.77
2026-02-25 10:44:05,256 [INFO] Episode 1348 COMPLETE | Reward -741.58 | Steps 1000 | Terminated False | Truncated True
2026-02-25 10:44:08,442 [INFO] Step 0: reward=-0.214, dist=3.50
2026-02-25 10:44:15,319 [INFO] Step 200: reward=-0.031, dist=4.52
2026-02-25 10:44:21,323 [INFO] Step 400: reward=-1.905, dist=6.40
2026-02-25 10:44:28,353 [INFO] Step 600: reward=-0.824, dist=7.23
2026-02-25 10:44:34,369 [INFO] Step 800: reward=-1.882, dist=6.32
2026-02-25 10:44:35,987 [INFO] Performing PPO update at global step 1107968
2026-02-25 10:44:36,264 [INFO] PPO losses — policy: 0.0583, value: 145.2986, entropy: 4.2242
2026-02-25 10:44:36,269 [INFO] PPO update completed. Buffer cleared.
2026-02-25 10:44:39,308 [INFO] Episode 1349 COMPLETE | Reward -387.21 | Steps 1000 | Terminated False | Truncated True
2026-02-25 10:44:43,454 [INFO] Step 0: reward=-0.206, dist=2.75
2026-02-25 10:44:49,301 [INFO] Step 200: reward=-0.104, dist=4.43
2026-02-25 10:44:56,801 [INFO] Step 400: reward=-0.316, dist=6.57
2026-02-25 10:45:02,393 [INFO] Step 600: reward=-2.005, dist=7.64
2026-02-25 10:45:07,284 [INFO] Step 800: reward=0.002, dist=8.39
2026-02-25 10:45:12,059 [INFO] Episode 1350 COMPLETE | Reward -619.42 | Steps 1000 | Terminated False | Truncated True
2026-02-25 10:45:12,087 [INFO] Checkpoint saved: checkpoints/ppo_ep_01350.pt
2026-02-25 10:45:23,612 [INFO] Step 0: reward=-1.032, dist=4.24
2026-02-25 10:45:29,051 [INFO] Step 200: reward=-0.262, dist=3.02
2026-02-25 10:45:35,914 [INFO] Step 400: reward=-0.297, dist=2.13
2026-02-25 10:45:40,856 [INFO] Step 600: reward=-0.583, dist=2.54
2026-02-25 10:45:45,764 [INFO] Step 800: reward=0.093, dist=4.24
2026-02-25 10:45:49,634 [INFO] Policy action (normalized): v = +0.766, w = -0.515 | Cmd_vel (scaled): v = +0.766 m/s, w = -0.515 rad/s
2026-02-25 10:45:49,771 [INFO] Performing PPO update at global step 1110016
2026-02-25 10:45:50,054 [INFO] PPO losses — policy: 0.0019, value: 196.6379, entropy: 4.2242
2026-02-25 10:45:50,060 [INFO] PPO update completed. Buffer cleared.
2026-02-25 10:45:50,303 [INFO] Episode 1351 COMPLETE | Reward -858.66 | Steps 1000 | Terminated False | Truncated True
2026-02-25 10:45:54,417 [INFO] Step 0: reward=5.995, dist=3.14
2026-02-25 10:45:59,250 [INFO] Episode 1352 COMPLETE | Reward 815.90 | Steps 95 | Terminated True | Truncated False
2026-02-25 10:46:03,540 [INFO] Step 0: reward=-1.841, dist=2.27
2026-02-25 10:46:08,589 [INFO] Step 200: reward=-2.198, dist=3.17
2026-02-25 10:46:13,252 [INFO] Step 400: reward=-2.005, dist=4.21
2026-02-25 10:46:18,936 [INFO] Step 600: reward=0.063, dist=5.84
2026-02-25 10:46:28,336 [INFO] Step 800: reward=0.012, dist=7.91
2026-02-25 10:46:32,972 [INFO] Episode 1353 COMPLETE | Reward -876.00 | Steps 1000 | Terminated False | Truncated True
2026-02-25 10:46:38,270 [INFO] Step 0: reward=-0.974, dist=2.12
2026-02-25 10:46:45,464 [INFO] Step 200: reward=-2.205, dist=1.87
2026-02-25 10:46:50,616 [INFO] Step 400: reward=-0.305, dist=3.19
2026-02-25 10:46:55,801 [INFO] Step 600: reward=-0.279, dist=4.77
2026-02-25 10:47:00,453 [INFO] Step 800: reward=0.037, dist=6.11
2026-02-25 10:47:03,149 [INFO] Performing PPO update at global step 1112064
2026-02-25 10:47:03,413 [INFO] PPO losses — policy: -0.0202, value: 253.8527, entropy: 4.2242
2026-02-25 10:47:03,418 [INFO] PPO update completed. Buffer cleared.
2026-02-25 10:47:04,492 [INFO] Episode 1354 COMPLETE | Reward -811.96 | Steps 1000 | Terminated False | Truncated True
2026-02-25 10:47:08,512 [INFO] Step 0: reward=5.993, dist=3.63
2026-02-25 10:47:14,257 [INFO] Episode 1355 COMPLETE | Reward 1365.61 | Steps 199 | Terminated True | Truncated False
2026-02-25 10:47:14,275 [INFO] Checkpoint saved: checkpoints/ppo_ep_01355.pt
2026-02-25 10:47:18,275 [INFO] Step 0: reward=-0.207, dist=3.55
2026-02-25 10:47:24,612 [INFO] Step 200: reward=-0.005, dist=5.15
2026-02-25 10:47:30,545 [INFO] Step 400: reward=0.092, dist=6.86
2026-02-25 10:47:37,583 [INFO] Step 600: reward=0.028, dist=8.39
2026-02-25 10:47:42,460 [INFO] Step 800: reward=-1.920, dist=8.95
2026-02-25 10:47:47,391 [INFO] Episode 1356 COMPLETE | Reward -557.23 | Steps 1000 | Terminated False | Truncated True
2026-02-25 10:47:51,537 [INFO] Step 0: reward=-0.305, dist=3.84
2026-02-25 10:47:55,840 [INFO] Step 200: reward=0.075, dist=4.70
2026-02-25 10:48:01,271 [INFO] Step 400: reward=-1.907, dist=6.41
2026-02-25 10:48:07,198 [INFO] Step 600: reward=-1.906, dist=7.97
2026-02-25 10:48:10,757 [INFO] Performing PPO update at global step 1114112
2026-02-25 10:48:11,035 [INFO] PPO losses — policy: 0.0850, value: 524.4061, entropy: 4.2242
2026-02-25 10:48:11,041 [INFO] PPO update completed. Buffer cleared.
2026-02-25 10:48:12,257 [INFO] Step 800: reward=-0.044, dist=9.05
2026-02-25 10:48:18,262 [INFO] Episode 1357 COMPLETE | Reward -727.65 | Steps 1000 | Terminated False | Truncated True
2026-02-25 10:48:21,565 [INFO] Step 0: reward=-0.305, dist=3.16
2026-02-25 10:48:27,211 [INFO] Step 200: reward=-2.240, dist=2.70
2026-02-25 10:48:32,957 [INFO] Step 400: reward=-0.528, dist=3.97
2026-02-25 10:48:38,903 [INFO] Step 600: reward=-0.005, dist=5.79
2026-02-25 10:48:44,622 [INFO] Step 800: reward=-1.976, dist=7.58
2026-02-25 10:48:50,523 [INFO] Episode 1358 COMPLETE | Reward -640.00 | Steps 1000 | Terminated False | Truncated True
2026-02-25 10:48:54,476 [INFO] Step 0: reward=-0.235, dist=3.33
2026-02-25 10:48:58,098 [INFO] Step 200: reward=-2.263, dist=3.42
2026-02-25 10:49:03,415 [INFO] Step 400: reward=-0.220, dist=3.80
2026-02-25 10:49:09,930 [INFO] Step 600: reward=-1.504, dist=4.04
2026-02-25 10:49:15,883 [INFO] Step 800: reward=-2.181, dist=3.96
2026-02-25 10:49:16,029 [INFO] Performing PPO update at global step 1116160
2026-02-25 10:49:16,298 [INFO] PPO losses — policy: 0.0205, value: 103.9393, entropy: 4.2242
2026-02-25 10:49:16,302 [INFO] PPO update completed. Buffer cleared.
2026-02-25 10:49:20,605 [INFO] Episode 1359 COMPLETE | Reward -911.76 | Steps 1000 | Terminated False | Truncated True
2026-02-25 10:49:24,612 [INFO] Step 0: reward=-0.205, dist=3.02
2026-02-25 10:49:28,218 [INFO] Step 200: reward=-2.228, dist=2.41
2026-02-25 10:49:32,895 [INFO] Step 400: reward=-2.276, dist=2.43
2026-02-25 10:49:37,069 [INFO] Step 600: reward=-0.714, dist=3.34
2026-02-25 10:49:44,097 [INFO] Step 800: reward=-2.005, dist=5.25
2026-02-25 10:49:51,433 [INFO] Episode 1360 COMPLETE | Reward -1058.55 | Steps 1000 | Terminated False | Truncated True
2026-02-25 10:49:51,453 [INFO] Checkpoint saved: checkpoints/ppo_ep_01360.pt
2026-02-25 10:49:54,510 [INFO] Step 0: reward=5.994, dist=3.00
2026-02-25 10:49:59,426 [INFO] Step 200: reward=-0.206, dist=1.51
2026-02-25 10:50:04,565 [INFO] Step 400: reward=-2.215, dist=2.17
2026-02-25 10:50:09,969 [INFO] Step 600: reward=-0.447, dist=3.85
2026-02-25 10:50:15,960 [INFO] Step 800: reward=-1.905, dist=5.12
2026-02-25 10:50:17,060 [INFO] Performing PPO update at global step 1118208
2026-02-25 10:50:17,337 [INFO] PPO losses — policy: 0.0198, value: 420.8760, entropy: 4.2242
2026-02-25 10:50:17,342 [INFO] PPO update completed. Buffer cleared.
2026-02-25 10:50:21,258 [INFO] Episode 1361 COMPLETE | Reward -527.80 | Steps 1000 | Terminated False | Truncated True
2026-02-25 10:50:24,471 [INFO] Step 0: reward=-2.170, dist=3.21
2026-02-25 10:50:30,311 [INFO] Step 200: reward=-0.205, dist=3.78
2026-02-25 10:50:35,978 [INFO] Step 400: reward=-2.438, dist=5.54
2026-02-25 10:50:41,860 [INFO] Step 600: reward=-2.079, dist=7.01
2026-02-25 10:50:46,777 [INFO] Step 800: reward=-0.197, dist=8.34
2026-02-25 10:50:51,368 [INFO] Episode 1362 COMPLETE | Reward -842.43 | Steps 1000 | Terminated False | Truncated True
2026-02-25 10:50:55,544 [INFO] Step 0: reward=-0.207, dist=2.94
2026-02-25 10:51:00,354 [INFO] Step 200: reward=-0.305, dist=2.29
2026-02-25 10:51:06,816 [INFO] Step 400: reward=-2.266, dist=3.50
2026-02-25 10:51:11,984 [INFO] Step 600: reward=-1.935, dist=4.76
2026-02-25 10:51:12,766 [INFO] Policy action (normalized): v = +0.997, w = +0.955 | Cmd_vel (scaled): v = +0.997 m/s, w = +0.955 rad/s
2026-02-25 10:51:16,768 [INFO] Step 800: reward=0.095, dist=6.24
2026-02-25 10:51:18,780 [INFO] Performing PPO update at global step 1120256
2026-02-25 10:51:19,164 [INFO] PPO losses — policy: 0.0036, value: 108.0316, entropy: 4.2242
2026-02-25 10:51:19,171 [INFO] PPO update completed. Buffer cleared.
2026-02-25 10:51:21,792 [INFO] Episode 1363 COMPLETE | Reward -881.13 | Steps 1000 | Terminated False | Truncated True
2026-02-25 10:51:25,887 [INFO] Step 0: reward=-0.677, dist=2.26
2026-02-25 10:51:32,249 [INFO] Step 200: reward=-1.732, dist=3.51
2026-02-25 10:51:38,381 [INFO] Step 400: reward=-1.307, dist=5.46
2026-02-25 10:51:43,476 [INFO] Step 600: reward=-2.005, dist=6.93
2026-02-25 10:51:48,600 [INFO] Step 800: reward=-0.067, dist=8.58
2026-02-25 10:51:54,190 [INFO] Episode 1364 COMPLETE | Reward -685.29 | Steps 1000 | Terminated False | Truncated True
2026-02-25 10:51:58,321 [INFO] Step 0: reward=-0.206, dist=2.83
2026-02-25 10:52:05,364 [INFO] Step 200: reward=-0.107, dist=1.39
2026-02-25 10:52:09,925 [INFO] Step 400: reward=-0.318, dist=1.49
2026-02-25 10:52:15,776 [INFO] Step 600: reward=-2.205, dist=2.44
2026-02-25 10:52:22,815 [INFO] Step 800: reward=-0.261, dist=3.34
2026-02-25 10:52:28,026 [INFO] Performing PPO update at global step 1122304
2026-02-25 10:52:28,304 [INFO] PPO losses — policy: 0.0480, value: 112.7610, entropy: 4.2242
2026-02-25 10:52:28,309 [INFO] PPO update completed. Buffer cleared.
2026-02-25 10:52:29,495 [INFO] Episode 1365 COMPLETE | Reward -793.33 | Steps 1000 | Terminated False | Truncated True
2026-02-25 10:52:29,514 [INFO] Checkpoint saved: checkpoints/ppo_ep_01365.pt
2026-02-25 10:52:33,679 [INFO] Step 0: reward=-0.207, dist=2.37
2026-02-25 10:52:40,633 [INFO] Step 200: reward=-0.546, dist=2.25
2026-02-25 10:52:45,464 [INFO] Step 400: reward=-0.483, dist=3.72
2026-02-25 10:52:49,811 [INFO] Step 600: reward=-1.240, dist=5.22
2026-02-25 10:52:54,177 [INFO] Step 800: reward=-0.095, dist=6.70
2026-02-25 10:52:59,194 [INFO] Episode 1366 COMPLETE | Reward -767.75 | Steps 1000 | Terminated False | Truncated True
2026-02-25 10:53:02,314 [INFO] Step 0: reward=-0.232, dist=3.00
2026-02-25 10:53:08,879 [INFO] Step 200: reward=-0.361, dist=4.43
2026-02-25 10:53:14,597 [INFO] Step 400: reward=-0.023, dist=6.20
2026-02-25 10:53:18,893 [INFO] Step 600: reward=-0.110, dist=7.62
2026-02-25 10:53:25,425 [INFO] Step 800: reward=0.092, dist=8.59
2026-02-25 10:53:30,777 [INFO] Episode 1367 COMPLETE | Reward -591.09 | Steps 1000 | Terminated False | Truncated True
2026-02-25 10:53:34,002 [INFO] Step 0: reward=-0.243, dist=3.62
2026-02-25 10:53:34,117 [INFO] Performing PPO update at global step 1124352
2026-02-25 10:53:34,402 [INFO] PPO losses — policy: 0.2117, value: 91.4421, entropy: 4.2242
2026-02-25 10:53:34,409 [INFO] PPO update completed. Buffer cleared.
2026-02-25 10:53:39,532 [INFO] Step 200: reward=0.495, dist=1.86
2026-02-25 10:53:42,314 [INFO] Episode 1368 COMPLETE | Reward 223.70 | Steps 301 | Terminated True | Truncated False
2026-02-25 10:53:53,769 [INFO] Step 0: reward=0.094, dist=4.24
2026-02-25 10:53:58,100 [INFO] Step 200: reward=-0.305, dist=3.87
2026-02-25 10:54:03,761 [INFO] Step 400: reward=0.053, dist=5.03
2026-02-25 10:54:08,541 [INFO] Step 600: reward=0.016, dist=6.42
2026-02-25 10:54:12,864 [INFO] Step 800: reward=-1.915, dist=6.14
2026-02-25 10:54:18,418 [INFO] Episode 1369 COMPLETE | Reward -624.95 | Steps 1000 | Terminated False | Truncated True
2026-02-25 10:54:21,505 [INFO] Step 0: reward=-0.208, dist=3.20
2026-02-25 10:54:27,604 [INFO] Step 200: reward=-0.205, dist=3.91
2026-02-25 10:54:31,421 [INFO] Step 400: reward=-1.337, dist=5.16
2026-02-25 10:54:37,516 [INFO] Step 600: reward=0.095, dist=6.29
2026-02-25 10:54:39,767 [INFO] Performing PPO update at global step 1126400
2026-02-25 10:54:40,046 [INFO] PPO losses — policy: 0.0140, value: 582.5165, entropy: 4.2242
2026-02-25 10:54:40,051 [INFO] PPO update completed. Buffer cleared.
2026-02-25 10:54:40,915 [INFO] Step 800: reward=0.091, dist=5.95
2026-02-25 10:54:46,427 [INFO] Episode 1370 COMPLETE | Reward -541.06 | Steps 1000 | Terminated False | Truncated True
2026-02-25 10:54:46,450 [INFO] Checkpoint saved: checkpoints/ppo_ep_01370.pt
2026-02-25 10:54:49,561 [INFO] Step 0: reward=-0.205, dist=3.96
2026-02-25 10:54:55,641 [INFO] Step 200: reward=-1.567, dist=1.91
2026-02-25 10:54:58,520 [INFO] Episode 1371 COMPLETE | Reward 266.17 | Steps 310 | Terminated True | Truncated False
2026-02-25 10:55:03,475 [INFO] Step 0: reward=-0.205, dist=2.26
2026-02-25 10:55:08,150 [INFO] Episode 1372 COMPLETE | Reward 232.73 | Steps 186 | Terminated True | Truncated False
2026-02-25 10:55:19,538 [INFO] Step 0: reward=0.086, dist=4.24
2026-02-25 10:55:24,954 [INFO] Step 200: reward=-0.230, dist=4.48
2026-02-25 10:55:29,013 [INFO] Step 400: reward=-0.041, dist=5.95
2026-02-25 10:55:33,251 [INFO] Step 600: reward=0.095, dist=6.69
2026-02-25 10:55:38,575 [INFO] Step 800: reward=0.232, dist=5.79
2026-02-25 10:55:44,209 [INFO] Episode 1373 COMPLETE | Reward -488.60 | Steps 1000 | Terminated False | Truncated True
2026-02-25 10:55:47,404 [INFO] Step 0: reward=-0.228, dist=3.49
2026-02-25 10:55:54,255 [INFO] Step 200: reward=-0.208, dist=3.80
2026-02-25 10:55:57,340 [INFO] Performing PPO update at global step 1128448
2026-02-25 10:55:57,618 [INFO] PPO losses — policy: 0.0124, value: 1079.6691, entropy: 4.2242
2026-02-25 10:55:57,623 [INFO] PPO update completed. Buffer cleared.
2026-02-25 10:56:00,093 [INFO] Step 400: reward=5.618, dist=1.95
2026-02-25 10:56:02,364 [INFO] Episode 1374 COMPLETE | Reward 662.27 | Steps 449 | Terminated True | Truncated False
2026-02-25 10:56:06,545 [INFO] Step 0: reward=-0.248, dist=3.03
2026-02-25 10:56:14,040 [INFO] Step 200: reward=-2.141, dist=5.22
2026-02-25 10:56:19,388 [INFO] Step 400: reward=0.149, dist=5.55
2026-02-25 10:56:24,835 [INFO] Step 600: reward=0.572, dist=3.92
2026-02-25 10:56:31,106 [INFO] Step 800: reward=0.751, dist=1.04
2026-02-25 10:56:31,252 [INFO] Episode 1375 COMPLETE | Reward 482.36 | Steps 805 | Terminated True | Truncated False
2026-02-25 10:56:31,278 [INFO] Checkpoint saved: checkpoints/ppo_ep_01375.pt
2026-02-25 10:56:34,473 [INFO] Step 0: reward=-0.205, dist=3.94
2026-02-25 10:56:39,355 [INFO] Step 200: reward=0.549, dist=2.21
2026-02-25 10:56:42,348 [INFO] Episode 1376 COMPLETE | Reward 570.98 | Steps 324 | Terminated True | Truncated False
2026-02-25 10:56:45,568 [INFO] Step 0: reward=-0.305, dist=3.41
2026-02-25 10:56:50,453 [INFO] Step 200: reward=-0.211, dist=3.81
2026-02-25 10:56:54,648 [INFO] Policy action (normalized): v = +1.000, w = +0.636 | Cmd_vel (scaled): v = +1.000 m/s, w = +0.636 rad/s
2026-02-25 10:56:58,032 [INFO] Step 400: reward=0.816, dist=2.22
2026-02-25 10:57:01,118 [INFO] Episode 1377 COMPLETE | Reward 101.67 | Steps 488 | Terminated True | Truncated False
2026-02-25 10:57:05,257 [INFO] Step 0: reward=-0.210, dist=3.62
2026-02-25 10:57:08,543 [INFO] Step 200: reward=-2.229, dist=3.43
2026-02-25 10:57:10,802 [INFO] Performing PPO update at global step 1130496
2026-02-25 10:57:11,073 [INFO] PPO losses — policy: 0.0425, value: 875.1666, entropy: 4.2242
2026-02-25 10:57:11,079 [INFO] PPO update completed. Buffer cleared.
2026-02-25 10:57:14,138 [INFO] Step 400: reward=0.522, dist=1.95
2026-02-25 10:57:16,495 [INFO] Episode 1378 COMPLETE | Reward 149.14 | Steps 463 | Terminated True | Truncated False
2026-02-25 10:57:28,106 [INFO] Step 0: reward=-1.396, dist=4.24
2026-02-25 10:57:34,274 [INFO] Step 200: reward=-1.905, dist=4.19
2026-02-25 10:57:39,124 [INFO] Step 400: reward=0.072, dist=5.74
2026-02-25 10:57:42,454 [INFO] Step 600: reward=-1.917, dist=6.12
2026-02-25 10:57:48,559 [INFO] Step 800: reward=0.053, dist=5.58
2026-02-25 10:57:55,750 [INFO] Episode 1379 COMPLETE | Reward -655.55 | Steps 1000 | Terminated False | Truncated True
2026-02-25 10:58:00,916 [INFO] Step 0: reward=-0.252, dist=2.86
2026-02-25 10:58:07,475 [INFO] Step 200: reward=0.093, dist=4.39
2026-02-25 10:58:11,031 [INFO] Step 400: reward=-1.912, dist=5.38
2026-02-25 10:58:17,214 [INFO] Step 600: reward=-1.907, dist=5.57
2026-02-25 10:58:23,252 [INFO] Step 800: reward=0.483, dist=3.96
2026-02-25 10:58:24,694 [INFO] Performing PPO update at global step 1132544
2026-02-25 10:58:24,970 [INFO] PPO losses — policy: 0.0022, value: 619.3930, entropy: 4.2242
2026-02-25 10:58:24,976 [INFO] PPO update completed. Buffer cleared.
2026-02-25 10:58:29,266 [INFO] Episode 1380 COMPLETE | Reward 292.00 | Steps 1000 | Terminated False | Truncated True
2026-02-25 10:58:29,284 [INFO] Checkpoint saved: checkpoints/ppo_ep_01380.pt
2026-02-25 10:58:32,395 [INFO] Step 0: reward=-0.205, dist=3.01
2026-02-25 10:58:37,493 [INFO] Step 200: reward=-0.129, dist=2.40
2026-02-25 10:58:41,412 [INFO] Episode 1381 COMPLETE | Reward 139.46 | Steps 332 | Terminated True | Truncated False
2026-02-25 10:58:45,742 [INFO] Step 0: reward=-0.231, dist=3.97
2026-02-25 10:58:50,816 [INFO] Step 200: reward=-2.419, dist=4.27
2026-02-25 10:58:56,494 [INFO] Step 400: reward=0.086, dist=5.89
2026-02-25 10:58:59,768 [INFO] Step 600: reward=-1.965, dist=6.23
2026-02-25 10:59:06,077 [INFO] Step 800: reward=0.819, dist=4.78
2026-02-25 10:59:11,401 [INFO] Episode 1382 COMPLETE | Reward -98.32 | Steps 1000 | Terminated False | Truncated True
2026-02-25 10:59:15,548 [INFO] Step 0: reward=-1.073, dist=3.62
2026-02-25 10:59:21,113 [INFO] Step 200: reward=0.081, dist=4.84
2026-02-25 10:59:24,651 [INFO] Step 400: reward=-1.905, dist=5.77
2026-02-25 10:59:30,148 [INFO] Performing PPO update at global step 1134592
2026-02-25 10:59:30,436 [INFO] PPO losses — policy: 0.0814, value: 865.8141, entropy: 4.2242
2026-02-25 10:59:30,442 [INFO] PPO update completed. Buffer cleared.
2026-02-25 10:59:31,219 [INFO] Step 600: reward=0.050, dist=5.65
2026-02-25 10:59:34,475 [INFO] Step 800: reward=-1.472, dist=4.44
2026-02-25 10:59:40,295 [INFO] Episode 1383 COMPLETE | Reward -511.81 | Steps 1000 | Terminated False | Truncated True
2026-02-25 10:59:43,615 [INFO] Step 0: reward=-0.237, dist=2.99
2026-02-25 10:59:49,812 [INFO] Step 200: reward=-1.905, dist=4.59
2026-02-25 10:59:53,913 [INFO] Step 400: reward=0.191, dist=4.22
2026-02-25 11:00:00,898 [INFO] Step 600: reward=0.791, dist=1.30
2026-02-25 11:00:01,841 [INFO] Episode 1384 COMPLETE | Reward 10.02 | Steps 641 | Terminated True | Truncated False
2026-02-25 11:00:05,874 [INFO] Step 0: reward=-0.305, dist=2.95
2026-02-25 11:00:10,994 [INFO] Step 200: reward=-2.221, dist=3.31
2026-02-25 11:00:15,708 [INFO] Step 400: reward=-2.100, dist=2.59
2026-02-25 11:00:20,960 [INFO] Episode 1385 COMPLETE | Reward -127.66 | Steps 563 | Terminated True | Truncated False
2026-02-25 11:00:20,978 [INFO] Checkpoint saved: checkpoints/ppo_ep_01385.pt
2026-02-25 11:00:24,105 [INFO] Step 0: reward=-0.230, dist=3.99
2026-02-25 11:00:30,293 [INFO] Step 200: reward=-3.886, dist=5.35
2026-02-25 11:00:35,694 [INFO] Step 400: reward=-1.908, dist=5.31
2026-02-25 11:00:36,318 [INFO] Performing PPO update at global step 1136640
2026-02-25 11:00:36,639 [INFO] PPO losses — policy: 0.0354, value: 824.1944, entropy: 4.2242
2026-02-25 11:00:36,644 [INFO] PPO update completed. Buffer cleared.
2026-02-25 11:00:43,201 [INFO] Step 600: reward=-1.904, dist=6.17
2026-02-25 11:00:48,188 [INFO] Step 800: reward=-2.005, dist=6.70
2026-02-25 11:00:53,943 [INFO] Episode 1386 COMPLETE | Reward -1356.90 | Steps 1000 | Terminated False | Truncated True
2026-02-25 11:00:57,728 [INFO] Step 0: reward=-0.205, dist=2.08
